Atmodeller initialized with double precision (float64)
[[93m[1m WARNING [21m[0m] The archive tar file does not exist: /data/rdc49-2/K218b_project/simulation_data/grid_H2_C2_N0_S0_fO22__from_batch12_case_000000__7_crash_atmos_chem_step_vulcan_chem_funs_race_missing_symjac/data/data.tar
[[32m[1m INFO  [21m[0m] Running atmospheric chemistry...
[[32m[1m INFO  [21m[0m]     Using vulcan module, offline
[[32m[1m INFO  [21m[0m] Elements conserved in the network.
[[32m[1m INFO  [21m[0m] No duplicates in the network.
[[32m[1m INFO  [21m[0m] Elements conserved in the network.
[[32m[1m INFO  [21m[0m] No duplicates in the network.
[[32m[1m INFO  [21m[0m] Running VULCAN
[[32m[1m INFO  [21m[0m] Initializing with compositions from ASCII file /data/rdc49-2/K218b_project/simulation_data/grid_H2_C2_N0_S0_fO22__from_batch12_case_000000__7_crash_atmos_chem_step_vulcan_chem_funs_race_missing_symjac/offchem/vmrs.dat
[[32m[1m INFO  [21m[0m] Input stellar spectrum from 2.0 to 700.0
[[32m[1m INFO  [21m[0m] Using wavelength bins from 2.0 to 655.5
[[32m[1m INFO  [21m[0m] Include molecular diffusion.
[[32m[1m INFO  [21m[0m] Starting VULCAN integration with 1 threads...
[[93m[1m WARNING [21m[0m] Keep producing negative values! Clipping negative solutions and moving on!
[[93m[1m WARNING [21m[0m] Keep producing negative values! Clipping negative solutions and moving on!
[[93m[1m WARNING [21m[0m] Keep producing negative values! Clipping negative solutions and moving on!
[[93m[1m WARNING [21m[0m] Keep producing negative values! Clipping negative solutions and moving on!
[[93m[1m WARNING [21m[0m] Keep producing negative values! Clipping negative solutions and moving on!
[[93m[1m WARNING [21m[0m] Keep producing negative values! Clipping negative solutions and moving on!
[[93m[1m WARNING [21m[0m] Keep producing negative values! Clipping negative solutions and moving on!
[[93m[1m WARNING [21m[0m] Keep producing negative values! Clipping negative solutions and moving on!
[[93m[1m WARNING [21m[0m] Keep producing negative values! Clipping negative solutions and moving on!
[[93m[1m WARNING [21m[0m] Keep producing negative values! Clipping negative solutions and moving on!
[[93m[1m WARNING [21m[0m] Keep producing negative values! Clipping negative solutions and moving on!
[[93m[1m WARNING [21m[0m] Keep producing negative values! Clipping negative solutions and moving on!
[[93m[1m WARNING [21m[0m] Keep producing negative values! Clipping negative solutions and moving on!
[[93m[1m WARNING [21m[0m] Keep producing negative values! Clipping negative solutions and moving on!
[[32m[1m INFO  [21m[0m] Elapsed time: 7.83e-06 || Step number: 100/30000
[[32m[1m INFO  [21m[0m] longdy = 1.00e+00      || longdy/dt = 1.00e+00  || dt = 2.12e-07
[[32m[1m INFO  [21m[0m] from nz = 0 and OH
[[32m[1m INFO  [21m[0m] -----------------------------------------------------------------
[[32m[1m INFO  [21m[0m] Elapsed time: 5.28e-05 || Step number: 200/30000
[[32m[1m INFO  [21m[0m] longdy = 1.00e+00      || longdy/dt = 1.00e+00  || dt = 1.01e-06
[[32m[1m INFO  [21m[0m] from nz = 0 and OH
[[32m[1m INFO  [21m[0m] -----------------------------------------------------------------
[[32m[1m INFO  [21m[0m] Elapsed time: 3.30e-04 || Step number: 300/30000
[[32m[1m INFO  [21m[0m] longdy = 1.00e+00      || longdy/dt = 1.00e+00  || dt = 5.78e-06
[[32m[1m INFO  [21m[0m] from nz = 0 and OH
[[32m[1m INFO  [21m[0m] -----------------------------------------------------------------
[[32m[1m INFO  [21m[0m] Elapsed time: 1.80e-03 || Step number: 400/30000
[[32m[1m INFO  [21m[0m] longdy = 1.00e+00      || longdy/dt = 1.00e+00  || dt = 2.23e-05
[[32m[1m INFO  [21m[0m] from nz = 0 and OH
[[32m[1m INFO  [21m[0m] -----------------------------------------------------------------
[[32m[1m INFO  [21m[0m] Elapsed time: 9.36e-03 || Step number: 500/30000
[[32m[1m INFO  [21m[0m] longdy = 1.00e+00      || longdy/dt = 1.00e+00  || dt = 1.01e-04
[[32m[1m INFO  [21m[0m] from nz = 0 and OH
[[32m[1m INFO  [21m[0m] -----------------------------------------------------------------
[[32m[1m INFO  [21m[0m] Elapsed time: 4.93e-02 || Step number: 600/30000
[[32m[1m INFO  [21m[0m] longdy = 1.00e+00      || longdy/dt = 1.00e+00  || dt = 4.94e-04
[[32m[1m INFO  [21m[0m] from nz = 0 and OH
[[32m[1m INFO  [21m[0m] -----------------------------------------------------------------
[[32m[1m INFO  [21m[0m] Elapsed time: 2.68e-01 || Step number: 700/30000
[[32m[1m INFO  [21m[0m] longdy = 1.00e+00      || longdy/dt = 1.00e+00  || dt = 2.56e-03
[[32m[1m INFO  [21m[0m] from nz = 0 and OH
[[32m[1m INFO  [21m[0m] -----------------------------------------------------------------
[[32m[1m INFO  [21m[0m] Elapsed time: 1.37e+00 || Step number: 800/30000
[[32m[1m INFO  [21m[0m] longdy = 1.00e+00      || longdy/dt = 1.00e+00  || dt = 1.43e-02
[[32m[1m INFO  [21m[0m] from nz = 0 and OH
[[32m[1m INFO  [21m[0m] -----------------------------------------------------------------
[[32m[1m INFO  [21m[0m] Elapsed time: 4.76e+00 || Step number: 900/30000
[[32m[1m INFO  [21m[0m] longdy = 1.00e+00      || longdy/dt = 1.00e+00  || dt = 5.35e-02
[[32m[1m INFO  [21m[0m] from nz = 0 and OH
[[32m[1m INFO  [21m[0m] -----------------------------------------------------------------
[[32m[1m INFO  [21m[0m] Elapsed time: 1.24e+01 || Step number: 1000/30000
[[32m[1m INFO  [21m[0m] longdy = 1.00e+00      || longdy/dt = 1.00e+00  || dt = 1.07e-01
[[32m[1m INFO  [21m[0m] from nz = 0 and OH
[[32m[1m INFO  [21m[0m] -----------------------------------------------------------------
[[32m[1m INFO  [21m[0m] Elapsed time: 2.80e+01 || Step number: 1100/30000
[[32m[1m INFO  [21m[0m] longdy = 1.00e+00      || longdy/dt = 1.00e+00  || dt = 2.09e-01
[[32m[1m INFO  [21m[0m] from nz = 0 and OH
[[32m[1m INFO  [21m[0m] -----------------------------------------------------------------
[[32m[1m INFO  [21m[0m] Elapsed time: 5.85e+01 || Step number: 1200/30000
[[32m[1m INFO  [21m[0m] longdy = 1.00e+00      || longdy/dt = 1.00e+00  || dt = 3.91e-01
[[32m[1m INFO  [21m[0m] from nz = 0 and OH
[[32m[1m INFO  [21m[0m] -----------------------------------------------------------------
[[32m[1m INFO  [21m[0m] Elapsed time: 1.15e+02 || Step number: 1300/30000
[[32m[1m INFO  [21m[0m] longdy = 3.05e+01      || longdy/dt = 5.51e-01  || dt = 7.50e-01
[[32m[1m INFO  [21m[0m] from nz = 17 and O2
[[32m[1m INFO  [21m[0m] -----------------------------------------------------------------
[[32m[1m INFO  [21m[0m] Elapsed time: 2.00e+02 || Step number: 1400/30000
[[32m[1m INFO  [21m[0m] longdy = 6.09e+00      || longdy/dt = 7.22e-02  || dt = 1.36e+00
[[32m[1m INFO  [21m[0m] from nz = 38 and HCS
[[32m[1m INFO  [21m[0m] -----------------------------------------------------------------
[[32m[1m INFO  [21m[0m] Elapsed time: 3.14e+02 || Step number: 1500/30000
[[32m[1m INFO  [21m[0m] longdy = 7.80e+00      || longdy/dt = 7.00e-02  || dt = 1.70e+00
[[32m[1m INFO  [21m[0m] from nz = 35 and HCS
[[32m[1m INFO  [21m[0m] -----------------------------------------------------------------
[[32m[1m INFO  [21m[0m] Elapsed time: 4.85e+02 || Step number: 1600/30000
[[32m[1m INFO  [21m[0m] longdy = 1.14e+01      || longdy/dt = 6.76e-02  || dt = 2.71e+00
[[32m[1m INFO  [21m[0m] from nz = 33 and HCS
[[32m[1m INFO  [21m[0m] -----------------------------------------------------------------
[[32m[1m INFO  [21m[0m] Elapsed time: 7.72e+02 || Step number: 1700/30000
[[32m[1m INFO  [21m[0m] longdy = 2.52e+01      || longdy/dt = 8.90e-02  || dt = 4.08e+00
[[32m[1m INFO  [21m[0m] from nz = 31 and HCS
[[32m[1m INFO  [21m[0m] -----------------------------------------------------------------
[[32m[1m INFO  [21m[0m] Elapsed time: 1.28e+03 || Step number: 1800/30000
[[32m[1m INFO  [21m[0m] longdy = 7.73e+01      || longdy/dt = 1.54e-01  || dt = 8.84e+00
[[32m[1m INFO  [21m[0m] from nz = 29 and HCS
[[32m[1m INFO  [21m[0m] -----------------------------------------------------------------
[[32m[1m INFO  [21m[0m] Elapsed time: 2.67e+03 || Step number: 1900/30000
[[32m[1m INFO  [21m[0m] longdy = 1.97e+02      || longdy/dt = 1.49e-01  || dt = 1.65e+01
[[32m[1m INFO  [21m[0m] from nz = 24 and CS
[[32m[1m INFO  [21m[0m] -----------------------------------------------------------------
[[93m[1m WARNING [21m[0m] Keep producing negative values! Clipping negative solutions and moving on!
[[93m[1m WARNING [21m[0m] Keep producing negative values! Clipping negative solutions and moving on!
[[93m[1m WARNING [21m[0m] Keep producing negative values! Clipping negative solutions and moving on!
[[32m[1m INFO  [21m[0m] Elapsed time: 5.35e+03 || Step number: 2000/30000
[[32m[1m INFO  [21m[0m] longdy = 5.70e+03      || longdy/dt = 2.13e+00  || dt = 1.00e-08
[[32m[1m INFO  [21m[0m] from nz = 26 and CS
[[32m[1m INFO  [21m[0m] -----------------------------------------------------------------
[[32m[1m INFO  [21m[0m] Elapsed time: 5.54e+03 || Step number: 2100/30000
[[32m[1m INFO  [21m[0m] longdy = 4.42e-01      || longdy/dt = 2.36e-03  || dt = 5.42e+00
[[32m[1m INFO  [21m[0m] from nz = 26 and CS
[[32m[1m INFO  [21m[0m] -----------------------------------------------------------------
[[32m[1m INFO  [21m[0m] Elapsed time: 5.66e+03 || Step number: 2200/30000
[[32m[1m INFO  [21m[0m] longdy = 2.00e-01      || longdy/dt = 1.58e-03  || dt = 5.79e-03
[[32m[1m INFO  [21m[0m] from nz = 26 and CS
[[32m[1m INFO  [21m[0m] -----------------------------------------------------------------
[[32m[1m INFO  [21m[0m] Elapsed time: 5.74e+03 || Step number: 2300/30000
[[32m[1m INFO  [21m[0m] longdy = 1.14e-01      || longdy/dt = 1.43e-03  || dt = 1.28e-02
[[32m[1m INFO  [21m[0m] from nz = 27 and CS
[[32m[1m INFO  [21m[0m] -----------------------------------------------------------------
[[32m[1m INFO  [21m[0m] Elapsed time: 5.79e+03 || Step number: 2400/30000
[[32m[1m INFO  [21m[0m] longdy = 6.51e-02      || longdy/dt = 1.39e-03  || dt = 3.61e+00
[[32m[1m INFO  [21m[0m] from nz = 27 and CS
[[32m[1m INFO  [21m[0m] -----------------------------------------------------------------
[[32m[1m INFO  [21m[0m] Elapsed time: 5.91e+03 || Step number: 2500/30000
[[32m[1m INFO  [21m[0m] longdy = 1.63e-01      || longdy/dt = 1.44e-03  || dt = 6.16e-05
[[32m[1m INFO  [21m[0m] from nz = 27 and CS
[[32m[1m INFO  [21m[0m] -----------------------------------------------------------------
[[32m[1m INFO  [21m[0m] Elapsed time: 6.01e+03 || Step number: 2600/30000
[[32m[1m INFO  [21m[0m] longdy = 1.40e-01      || longdy/dt = 1.41e-03  || dt = 3.19e+00
[[32m[1m INFO  [21m[0m] from nz = 27 and CS
[[32m[1m INFO  [21m[0m] -----------------------------------------------------------------
[[32m[1m INFO  [21m[0m] Elapsed time: 6.07e+03 || Step number: 2700/30000
[[32m[1m INFO  [21m[0m] longdy = 8.09e-02      || longdy/dt = 1.37e-03  || dt = 3.51e-01
[[32m[1m INFO  [21m[0m] from nz = 27 and CS
[[32m[1m INFO  [21m[0m] -----------------------------------------------------------------
[[32m[1m INFO  [21m[0m] Elapsed time: 6.18e+03 || Step number: 2800/30000
[[32m[1m INFO  [21m[0m] longdy = 1.63e-01      || longdy/dt = 1.40e-03  || dt = 5.74e-07
[[32m[1m INFO  [21m[0m] from nz = 27 and CS
[[32m[1m INFO  [21m[0m] -----------------------------------------------------------------
[[32m[1m INFO  [21m[0m] Elapsed time: 6.26e+03 || Step number: 2900/30000
[[32m[1m INFO  [21m[0m] longdy = 1.04e-01      || longdy/dt = 1.36e-03  || dt = 1.29e+00
[[32m[1m INFO  [21m[0m] from nz = 27 and CS
[[32m[1m INFO  [21m[0m] -----------------------------------------------------------------
[[32m[1m INFO  [21m[0m] Elapsed time: 6.38e+03 || Step number: 3000/30000
[[32m[1m INFO  [21m[0m] longdy = 1.71e-01      || longdy/dt = 1.38e-03  || dt = 4.21e-07
[[32m[1m INFO  [21m[0m] from nz = 27 and CS
[[32m[1m INFO  [21m[0m] -----------------------------------------------------------------
[[32m[1m INFO  [21m[0m] Elapsed time: 6.46e+03 || Step number: 3100/30000
[[32m[1m INFO  [21m[0m] longdy = 9.80e-02      || longdy/dt = 1.33e-03  || dt = 2.66e-07
[[32m[1m INFO  [21m[0m] from nz = 27 and CS
[[32m[1m INFO  [21m[0m] -----------------------------------------------------------------
[[32m[1m INFO  [21m[0m] Elapsed time: 6.56e+03 || Step number: 3200/30000
[[32m[1m INFO  [21m[0m] longdy = 1.42e-01      || longdy/dt = 1.34e-03  || dt = 7.72e-03
[[32m[1m INFO  [21m[0m] from nz = 27 and CS
[[32m[1m INFO  [21m[0m] -----------------------------------------------------------------
[[32m[1m INFO  [21m[0m] Elapsed time: 6.62e+03 || Step number: 3300/30000
[[32m[1m INFO  [21m[0m] longdy = 7.77e-02      || longdy/dt = 1.30e-03  || dt = 2.00e-01
[[32m[1m INFO  [21m[0m] from nz = 27 and CS
[[32m[1m INFO  [21m[0m] -----------------------------------------------------------------
[[32m[1m INFO  [21m[0m] Elapsed time: 6.71e+03 || Step number: 3400/30000
[[32m[1m INFO  [21m[0m] longdy = 1.09e-01      || longdy/dt = 1.30e-03  || dt = 1.20e-05
[[32m[1m INFO  [21m[0m] from nz = 27 and CS
[[32m[1m INFO  [21m[0m] -----------------------------------------------------------------
[[32m[1m INFO  [21m[0m] Elapsed time: 6.84e+03 || Step number: 3500/30000
[[32m[1m INFO  [21m[0m] longdy = 1.83e-01      || longdy/dt = 1.33e-03  || dt = 4.10e-08
[[32m[1m INFO  [21m[0m] from nz = 27 and CS
[[32m[1m INFO  [21m[0m] -----------------------------------------------------------------
[[32m[1m INFO  [21m[0m] Elapsed time: 6.92e+03 || Step number: 3600/30000
[[32m[1m INFO  [21m[0m] longdy = 9.11e-02      || longdy/dt = 1.27e-03  || dt = 1.46e+00
[[32m[1m INFO  [21m[0m] from nz = 27 and CS
[[32m[1m INFO  [21m[0m] -----------------------------------------------------------------
[[32m[1m INFO  [21m[0m] Elapsed time: 7.04e+03 || Step number: 3700/30000
[[32m[1m INFO  [21m[0m] longdy = 1.49e-01      || longdy/dt = 1.28e-03  || dt = 4.41e+00
[[32m[1m INFO  [21m[0m] from nz = 27 and CS
[[32m[1m INFO  [21m[0m] -----------------------------------------------------------------
[[32m[1m INFO  [21m[0m] Elapsed time: 7.10e+03 || Step number: 3800/30000
[[32m[1m INFO  [21m[0m] longdy = 7.67e-02      || longdy/dt = 1.23e-03  || dt = 4.11e-06
[[32m[1m INFO  [21m[0m] from nz = 27 and CS
[[32m[1m INFO  [21m[0m] -----------------------------------------------------------------
[[32m[1m INFO  [21m[0m] Elapsed time: 7.22e+03 || Step number: 3900/30000
[[32m[1m INFO  [21m[0m] longdy = 1.53e-01      || longdy/dt = 1.25e-03  || dt = 2.02e+00
[[32m[1m INFO  [21m[0m] from nz = 27 and CS
[[32m[1m INFO  [21m[0m] -----------------------------------------------------------------
[[32m[1m INFO  [21m[0m] Elapsed time: 7.31e+03 || Step number: 4000/30000
[[32m[1m INFO  [21m[0m] longdy = 1.05e-01      || longdy/dt = 1.21e-03  || dt = 2.03e-02
[[32m[1m INFO  [21m[0m] from nz = 27 and CS
[[32m[1m INFO  [21m[0m] -----------------------------------------------------------------
[[32m[1m INFO  [21m[0m] Elapsed time: 7.45e+03 || Step number: 4100/30000
[[32m[1m INFO  [21m[0m] longdy = 1.69e-01      || longdy/dt = 1.21e-03  || dt = 1.18e-06
[[32m[1m INFO  [21m[0m] from nz = 27 and CS
[[32m[1m INFO  [21m[0m] -----------------------------------------------------------------
[[32m[1m INFO  [21m[0m] Elapsed time: 7.53e+03 || Step number: 4200/30000
[[32m[1m INFO  [21m[0m] longdy = 9.47e-02      || longdy/dt = 1.16e-03  || dt = 4.41e+00
[[32m[1m INFO  [21m[0m] from nz = 27 and CS
[[32m[1m INFO  [21m[0m] -----------------------------------------------------------------
[[32m[1m INFO  [21m[0m] Elapsed time: 7.70e+03 || Step number: 4300/30000
[[32m[1m INFO  [21m[0m] longdy = 1.88e-01      || longdy/dt = 1.17e-03  || dt = 1.25e+01
[[32m[1m INFO  [21m[0m] from nz = 27 and CS
[[32m[1m INFO  [21m[0m] -----------------------------------------------------------------
[[32m[1m INFO  [21m[0m] Elapsed time: 7.88e+03 || Step number: 4400/30000
[[32m[1m INFO  [21m[0m] longdy = 2.02e-01      || longdy/dt = 1.14e-03  || dt = 1.60e+00
[[32m[1m INFO  [21m[0m] from nz = 27 and CS
[[32m[1m INFO  [21m[0m] -----------------------------------------------------------------
[[32m[1m INFO  [21m[0m] Elapsed time: 7.97e+03 || Step number: 4500/30000
[[32m[1m INFO  [21m[0m] longdy = 8.78e-02      || longdy/dt = 1.06e-03  || dt = 4.30e-06
[[32m[1m INFO  [21m[0m] from nz = 27 and CS
[[32m[1m INFO  [21m[0m] -----------------------------------------------------------------
[[32m[1m INFO  [21m[0m] Elapsed time: 8.12e+03 || Step number: 4600/30000
[[32m[1m INFO  [21m[0m] longdy = 1.61e-01      || longdy/dt = 1.05e-03  || dt = 7.09e-04
[[32m[1m INFO  [21m[0m] from nz = 28 and CS
[[32m[1m INFO  [21m[0m] -----------------------------------------------------------------
[[32m[1m INFO  [21m[0m] Elapsed time: 8.26e+03 || Step number: 4700/30000
[[32m[1m INFO  [21m[0m] longdy = 1.44e-01      || longdy/dt = 1.05e-03  || dt = 3.59e-05
[[32m[1m INFO  [21m[0m] from nz = 28 and CS
[[32m[1m INFO  [21m[0m] -----------------------------------------------------------------
[[32m[1m INFO  [21m[0m] Elapsed time: 8.41e+03 || Step number: 4800/30000
[[32m[1m INFO  [21m[0m] longdy = 1.63e-01      || longdy/dt = 1.06e-03  || dt = 4.62e+00
[[32m[1m INFO  [21m[0m] from nz = 28 and CS
[[32m[1m INFO  [21m[0m] -----------------------------------------------------------------
[[32m[1m INFO  [21m[0m] Elapsed time: 8.63e+03 || Step number: 4900/30000
[[32m[1m INFO  [21m[0m] longdy = 2.38e-01      || longdy/dt = 1.09e-03  || dt = 6.62e-08
[[32m[1m INFO  [21m[0m] from nz = 28 and CS
[[32m[1m INFO  [21m[0m] -----------------------------------------------------------------
[[32m[1m INFO  [21m[0m] Elapsed time: 8.82e+03 || Step number: 5000/30000
[[32m[1m INFO  [21m[0m] longdy = 1.95e-01      || longdy/dt = 1.07e-03  || dt = 7.05e+00
[[32m[1m INFO  [21m[0m] from nz = 28 and CS
[[32m[1m INFO  [21m[0m] -----------------------------------------------------------------
[[32m[1m INFO  [21m[0m] Elapsed time: 8.99e+03 || Step number: 5100/30000
[[32m[1m INFO  [21m[0m] longdy = 1.76e-01      || longdy/dt = 1.06e-03  || dt = 8.85e+00
[[32m[1m INFO  [21m[0m] from nz = 28 and CS
[[32m[1m INFO  [21m[0m] -----------------------------------------------------------------
[[32m[1m INFO  [21m[0m] Elapsed time: 9.20e+03 || Step number: 5200/30000
[[32m[1m INFO  [21m[0m] longdy = 2.30e-01      || longdy/dt = 1.08e-03  || dt = 2.36e-04
[[32m[1m INFO  [21m[0m] from nz = 28 and CS
[[32m[1m INFO  [21m[0m] -----------------------------------------------------------------
[[32m[1m INFO  [21m[0m] Elapsed time: 9.40e+03 || Step number: 5300/30000
[[32m[1m INFO  [21m[0m] longdy = 2.03e-01      || longdy/dt = 1.06e-03  || dt = 4.04e+00
[[32m[1m INFO  [21m[0m] from nz = 28 and CS
[[32m[1m INFO  [21m[0m] -----------------------------------------------------------------
[[32m[1m INFO  [21m[0m] Elapsed time: 9.72e+03 || Step number: 5400/30000
[[32m[1m INFO  [21m[0m] longdy = 3.62e-01      || longdy/dt = 1.12e-03  || dt = 3.31e-07
[[32m[1m INFO  [21m[0m] from nz = 28 and CS
[[32m[1m INFO  [21m[0m] -----------------------------------------------------------------
[[32m[1m INFO  [21m[0m] Elapsed time: 1.00e+04 || Step number: 5500/30000
[[32m[1m INFO  [21m[0m] longdy = 3.14e-01      || longdy/dt = 1.08e-03  || dt = 1.53e+01
[[32m[1m INFO  [21m[0m] from nz = 28 and CS
[[32m[1m INFO  [21m[0m] -----------------------------------------------------------------
[[32m[1m INFO  [21m[0m] Elapsed time: 1.03e+04 || Step number: 5600/30000
[[32m[1m INFO  [21m[0m] longdy = 2.57e-01      || longdy/dt = 1.04e-03  || dt = 2.16e-04
[[32m[1m INFO  [21m[0m] from nz = 28 and CS
[[32m[1m INFO  [21m[0m] -----------------------------------------------------------------
[[32m[1m INFO  [21m[0m] Elapsed time: 1.05e+04 || Step number: 5700/30000
[[32m[1m INFO  [21m[0m] longdy = 2.86e-01      || longdy/dt = 1.03e-03  || dt = 1.32e+01
[[32m[1m INFO  [21m[0m] from nz = 28 and CS
[[32m[1m INFO  [21m[0m] -----------------------------------------------------------------
[[32m[1m INFO  [21m[0m] Elapsed time: 1.11e+04 || Step number: 5800/30000
[[32m[1m INFO  [21m[0m] longdy = 6.33e-01      || longdy/dt = 1.11e-03  || dt = 7.75e+00
[[32m[1m INFO  [21m[0m] from nz = 28 and CS
[[32m[1m INFO  [21m[0m] -----------------------------------------------------------------
[[32m[1m INFO  [21m[0m] Elapsed time: 1.13e+04 || Step number: 5900/30000
[[32m[1m INFO  [21m[0m] longdy = 1.94e-01      || longdy/dt = 8.98e-04  || dt = 3.60e-07
[[32m[1m INFO  [21m[0m] from nz = 28 and CS
[[32m[1m INFO  [21m[0m] -----------------------------------------------------------------
[[32m[1m INFO  [21m[0m] Elapsed time: 1.15e+04 || Step number: 6000/30000
[[32m[1m INFO  [21m[0m] longdy = 1.70e-01      || longdy/dt = 8.55e-04  || dt = 7.56e+00
[[32m[1m INFO  [21m[0m] from nz = 28 and CS
[[32m[1m INFO  [21m[0m] -----------------------------------------------------------------
[[32m[1m INFO  [21m[0m] Elapsed time: 1.20e+04 || Step number: 6100/30000
[[32m[1m INFO  [21m[0m] longdy = 4.16e-01      || longdy/dt = 9.01e-04  || dt = 6.08e+00
[[32m[1m INFO  [21m[0m] from nz = 29 and CS
[[32m[1m INFO  [21m[0m] -----------------------------------------------------------------
[[32m[1m INFO  [21m[0m] Elapsed time: 1.23e+04 || Step number: 6200/30000
[[32m[1m INFO  [21m[0m] longdy = 2.53e-01      || longdy/dt = 8.35e-04  || dt = 5.19e-02
[[32m[1m INFO  [21m[0m] from nz = 29 and CS
[[32m[1m INFO  [21m[0m] -----------------------------------------------------------------
[[32m[1m INFO  [21m[0m] Elapsed time: 1.27e+04 || Step number: 6300/30000
[[32m[1m INFO  [21m[0m] longdy = 3.30e-01      || longdy/dt = 8.52e-04  || dt = 2.07e+01
[[32m[1m INFO  [21m[0m] from nz = 29 and CS
[[32m[1m INFO  [21m[0m] -----------------------------------------------------------------
[[32m[1m INFO  [21m[0m] Elapsed time: 1.31e+04 || Step number: 6400/30000
[[32m[1m INFO  [21m[0m] longdy = 2.98e-01      || longdy/dt = 8.27e-04  || dt = 1.03e-01
[[32m[1m INFO  [21m[0m] from nz = 29 and CS
[[32m[1m INFO  [21m[0m] -----------------------------------------------------------------
[[32m[1m INFO  [21m[0m] Elapsed time: 1.33e+04 || Step number: 6500/30000
[[32m[1m INFO  [21m[0m] longdy = 2.07e-01      || longdy/dt = 7.85e-04  || dt = 2.50e+00
[[32m[1m INFO  [21m[0m] from nz = 29 and CS
[[32m[1m INFO  [21m[0m] -----------------------------------------------------------------
[[32m[1m INFO  [21m[0m] Elapsed time: 1.39e+04 || Step number: 6600/30000
[[32m[1m INFO  [21m[0m] longdy = 5.19e-01      || longdy/dt = 8.65e-04  || dt = 8.48e+00
[[32m[1m INFO  [21m[0m] from nz = 29 and CS
[[32m[1m INFO  [21m[0m] -----------------------------------------------------------------
[[32m[1m INFO  [21m[0m] Elapsed time: 1.43e+04 || Step number: 6700/30000
[[32m[1m INFO  [21m[0m] longdy = 2.65e-01      || longdy/dt = 7.60e-04  || dt = 4.44e-01
[[32m[1m INFO  [21m[0m] from nz = 29 and CS
[[32m[1m INFO  [21m[0m] -----------------------------------------------------------------
[[32m[1m INFO  [21m[0m] Elapsed time: 1.48e+04 || Step number: 6800/30000
[[32m[1m INFO  [21m[0m] longdy = 4.10e-01      || longdy/dt = 7.80e-04  || dt = 3.47e-04
[[32m[1m INFO  [21m[0m] from nz = 29 and CS
[[32m[1m INFO  [21m[0m] -----------------------------------------------------------------
[[32m[1m INFO  [21m[0m] Elapsed time: 1.55e+04 || Step number: 6900/30000
[[32m[1m INFO  [21m[0m] longdy = 5.17e-01      || longdy/dt = 7.70e-04  || dt = 1.34e-03
[[32m[1m INFO  [21m[0m] from nz = 29 and CS
[[32m[1m INFO  [21m[0m] -----------------------------------------------------------------
[[32m[1m INFO  [21m[0m] Elapsed time: 1.66e+04 || Step number: 7000/30000
[[32m[1m INFO  [21m[0m] longdy = 8.35e-01      || longdy/dt = 7.76e-04  || dt = 4.76e-02
[[32m[1m INFO  [21m[0m] from nz = 29 and CS
[[32m[1m INFO  [21m[0m] -----------------------------------------------------------------
[[32m[1m INFO  [21m[0m] Elapsed time: 1.74e+04 || Step number: 7100/30000
[[32m[1m INFO  [21m[0m] longdy = 5.16e-01      || longdy/dt = 6.15e-04  || dt = 2.20e-07
[[32m[1m INFO  [21m[0m] from nz = 29 and CS
[[32m[1m INFO  [21m[0m] -----------------------------------------------------------------
[[32m[1m INFO  [21m[0m] Elapsed time: 1.80e+04 || Step number: 7200/30000
[[32m[1m INFO  [21m[0m] longdy = 3.09e-01      || longdy/dt = 5.37e-04  || dt = 1.16e-01
[[32m[1m INFO  [21m[0m] from nz = 30 and CS
[[32m[1m INFO  [21m[0m] -----------------------------------------------------------------
[[32m[1m INFO  [21m[0m] Elapsed time: 1.89e+04 || Step number: 7300/30000
[[32m[1m INFO  [21m[0m] longdy = 5.15e-01      || longdy/dt = 5.53e-04  || dt = 3.19e+01
[[32m[1m INFO  [21m[0m] from nz = 30 and CS
[[32m[1m INFO  [21m[0m] -----------------------------------------------------------------
[[32m[1m INFO  [21m[0m] Elapsed time: 2.01e+04 || Step number: 7400/30000
[[32m[1m INFO  [21m[0m] longdy = 5.86e-01      || longdy/dt = 5.28e-04  || dt = 4.14e+01
[[32m[1m INFO  [21m[0m] from nz = 30 and CS
[[32m[1m INFO  [21m[0m] -----------------------------------------------------------------
[[32m[1m INFO  [21m[0m] Elapsed time: 2.11e+04 || Step number: 7500/30000
[[32m[1m INFO  [21m[0m] longdy = 4.45e-01      || longdy/dt = 4.64e-04  || dt = 2.70e-03
[[32m[1m INFO  [21m[0m] from nz = 30 and CS
[[32m[1m INFO  [21m[0m] -----------------------------------------------------------------
[[32m[1m INFO  [21m[0m] Elapsed time: 2.31e+04 || Step number: 7600/30000
[[32m[1m INFO  [21m[0m] longdy = 9.72e-01      || longdy/dt = 4.92e-04  || dt = 1.11e+02
[[32m[1m INFO  [21m[0m] from nz = 30 and CS
[[32m[1m INFO  [21m[0m] -----------------------------------------------------------------
[[32m[1m INFO  [21m[0m] Elapsed time: 2.42e+04 || Step number: 7700/30000
[[32m[1m INFO  [21m[0m] longdy = 3.72e-01      || longdy/dt = 3.48e-04  || dt = 1.11e-04
[[32m[1m INFO  [21m[0m] from nz = 30 and CS
[[32m[1m INFO  [21m[0m] -----------------------------------------------------------------
[[32m[1m INFO  [21m[0m] Elapsed time: 2.66e+04 || Step number: 7800/30000
[[32m[1m INFO  [21m[0m] longdy = 8.14e-01      || longdy/dt = 3.51e-04  || dt = 5.76e+01
[[32m[1m INFO  [21m[0m] from nz = 30 and CS
[[32m[1m INFO  [21m[0m] -----------------------------------------------------------------
[[32m[1m INFO  [21m[0m] Elapsed time: 2.86e+04 || Step number: 7900/30000
[[32m[1m INFO  [21m[0m] longdy = 4.98e-01      || longdy/dt = 2.53e-04  || dt = 3.29e+01
[[32m[1m INFO  [21m[0m] from nz = 30 and CS
[[32m[1m INFO  [21m[0m] -----------------------------------------------------------------
[[32m[1m INFO  [21m[0m] Elapsed time: 2.89e+04 || Step number: 8000/30000
[[32m[1m INFO  [21m[0m] longdy = 9.43e-02      || longdy/dt = 2.59e-04  || dt = 1.37e+01
[[32m[1m INFO  [21m[0m] from nz = 5 and S4
[[32m[1m INFO  [21m[0m] -----------------------------------------------------------------
[[32m[1m INFO  [21m[0m] Elapsed time: 2.94e+04 || Step number: 8100/30000
[[32m[1m INFO  [21m[0m] longdy = 1.29e-01      || longdy/dt = 2.53e-04  || dt = 5.81e-02
[[32m[1m INFO  [21m[0m] from nz = 5 and S4
[[32m[1m INFO  [21m[0m] -----------------------------------------------------------------
[[32m[1m INFO  [21m[0m] Elapsed time: 3.01e+04 || Step number: 8200/30000
[[32m[1m INFO  [21m[0m] longdy = 1.72e-01      || longdy/dt = 2.46e-04  || dt = 2.45e-06
[[32m[1m INFO  [21m[0m] from nz = 5 and S4
[[32m[1m INFO  [21m[0m] -----------------------------------------------------------------
[[32m[1m INFO  [21m[0m] Elapsed time: 3.04e+04 || Step number: 8300/30000
[[32m[1m INFO  [21m[0m] longdy = 6.63e-02      || longdy/dt = 2.60e-04  || dt = 7.85e-04
[[32m[1m INFO  [21m[0m] from nz = 5 and S4
[[32m[1m INFO  [21m[0m] -----------------------------------------------------------------
[[32m[1m INFO  [21m[0m] Elapsed time: 3.09e+04 || Step number: 8400/30000
[[32m[1m INFO  [21m[0m] longdy = 1.24e-01      || longdy/dt = 2.50e-04  || dt = 8.51e+00
[[32m[1m INFO  [21m[0m] from nz = 5 and S4
[[32m[1m INFO  [21m[0m] -----------------------------------------------------------------
[[32m[1m INFO  [21m[0m] Elapsed time: 3.11e+04 || Step number: 8500/30000
[[32m[1m INFO  [21m[0m] longdy = 5.76e-02      || longdy/dt = 2.59e-04  || dt = 1.11e-04
[[32m[1m INFO  [21m[0m] from nz = 5 and S4
[[32m[1m INFO  [21m[0m] -----------------------------------------------------------------
[[32m[1m INFO  [21m[0m] Elapsed time: 3.15e+04 || Step number: 8600/30000
[[32m[1m INFO  [21m[0m] longdy = 8.47e-02      || longdy/dt = 2.54e-04  || dt = 2.00e-03
[[32m[1m INFO  [21m[0m] from nz = 5 and S4
[[32m[1m INFO  [21m[0m] -----------------------------------------------------------------
[[32m[1m INFO  [21m[0m] Elapsed time: 3.23e+04 || Step number: 8700/30000
[[32m[1m INFO  [21m[0m] longdy = 2.06e-01      || longdy/dt = 2.35e-04  || dt = 1.99e-04
[[32m[1m INFO  [21m[0m] from nz = 5 and S4
[[32m[1m INFO  [21m[0m] -----------------------------------------------------------------
[[32m[1m INFO  [21m[0m] Elapsed time: 3.30e+04 || Step number: 8800/30000
[[32m[1m INFO  [21m[0m] longdy = 1.49e-01      || longdy/dt = 2.40e-04  || dt = 7.39e-03
[[32m[1m INFO  [21m[0m] from nz = 5 and S4
[[32m[1m INFO  [21m[0m] -----------------------------------------------------------------
[[32m[1m INFO  [21m[0m] Elapsed time: 3.38e+04 || Step number: 8900/30000
[[32m[1m INFO  [21m[0m] longdy = 2.01e-01      || longdy/dt = 2.29e-04  || dt = 1.22e+01
[[32m[1m INFO  [21m[0m] from nz = 5 and S4
[[32m[1m INFO  [21m[0m] -----------------------------------------------------------------
[[32m[1m INFO  [21m[0m] Elapsed time: 3.44e+04 || Step number: 9000/30000
[[32m[1m INFO  [21m[0m] longdy = 1.34e-01      || longdy/dt = 2.36e-04  || dt = 1.39e-02
[[32m[1m INFO  [21m[0m] from nz = 5 and S4
[[32m[1m INFO  [21m[0m] -----------------------------------------------------------------
[[32m[1m INFO  [21m[0m] Elapsed time: 3.48e+04 || Step number: 9100/30000
[[32m[1m INFO  [21m[0m] longdy = 8.06e-02      || longdy/dt = 2.41e-04  || dt = 1.93e-01
[[32m[1m INFO  [21m[0m] from nz = 5 and S4
[[32m[1m INFO  [21m[0m] -----------------------------------------------------------------
[[32m[1m INFO  [21m[0m] Elapsed time: 3.58e+04 || Step number: 9200/30000
[[32m[1m INFO  [21m[0m] longdy = 2.27e-01      || longdy/dt = 2.17e-04  || dt = 1.55e+01
[[32m[1m INFO  [21m[0m] from nz = 5 and S4
[[32m[1m INFO  [21m[0m] -----------------------------------------------------------------
[[32m[1m INFO  [21m[0m] Elapsed time: 3.65e+04 || Step number: 9300/30000
[[32m[1m INFO  [21m[0m] longdy = 1.61e-01      || longdy/dt = 2.22e-04  || dt = 2.23e-03
[[32m[1m INFO  [21m[0m] from nz = 5 and S4
[[32m[1m INFO  [21m[0m] -----------------------------------------------------------------
[[32m[1m INFO  [21m[0m] Elapsed time: 3.73e+04 || Step number: 9400/30000
[[32m[1m INFO  [21m[0m] longdy = 1.57e-01      || longdy/dt = 2.19e-04  || dt = 2.68e-06
[[32m[1m INFO  [21m[0m] from nz = 5 and S4
[[32m[1m INFO  [21m[0m] -----------------------------------------------------------------
[[32m[1m INFO  [21m[0m] Elapsed time: 3.78e+04 || Step number: 9500/30000
[[32m[1m INFO  [21m[0m] longdy = 1.24e-01      || longdy/dt = 2.19e-04  || dt = 3.49e-03
[[32m[1m INFO  [21m[0m] from nz = 5 and S4
[[32m[1m INFO  [21m[0m] -----------------------------------------------------------------
[[32m[1m INFO  [21m[0m] Elapsed time: 3.85e+04 || Step number: 9600/30000
[[32m[1m INFO  [21m[0m] longdy = 1.37e-01      || longdy/dt = 2.14e-04  || dt = 2.26e-04
[[32m[1m INFO  [21m[0m] from nz = 5 and S4
[[32m[1m INFO  [21m[0m] -----------------------------------------------------------------
[[32m[1m INFO  [21m[0m] Elapsed time: 3.90e+04 || Step number: 9700/30000
[[32m[1m INFO  [21m[0m] longdy = 1.13e-01      || longdy/dt = 2.14e-04  || dt = 3.60e-04
[[32m[1m INFO  [21m[0m] from nz = 5 and S4
[[32m[1m INFO  [21m[0m] -----------------------------------------------------------------
[[32m[1m INFO  [21m[0m] Elapsed time: 3.98e+04 || Step number: 9800/30000
[[32m[1m INFO  [21m[0m] longdy = 1.50e-01      || longdy/dt = 2.06e-04  || dt = 5.01e+01
[[32m[1m INFO  [21m[0m] from nz = 5 and S4
[[32m[1m INFO  [21m[0m] -----------------------------------------------------------------
[[32m[1m INFO  [21m[0m] Elapsed time: 4.09e+04 || Step number: 9900/30000
[[32m[1m INFO  [21m[0m] longdy = 2.21e-01      || longdy/dt = 1.91e-04  || dt = 6.75e-06
[[32m[1m INFO  [21m[0m] from nz = 5 and S4
[[32m[1m INFO  [21m[0m] -----------------------------------------------------------------
[[32m[1m INFO  [21m[0m] Elapsed time: 4.16e+04 || Step number: 10000/30000
[[32m[1m INFO  [21m[0m] longdy = 1.32e-01      || longdy/dt = 1.97e-04  || dt = 4.04e+01
[[32m[1m INFO  [21m[0m] from nz = 5 and S4
[[32m[1m INFO  [21m[0m] -----------------------------------------------------------------
[[32m[1m INFO  [21m[0m] Elapsed time: 4.28e+04 || Step number: 10100/30000
[[32m[1m INFO  [21m[0m] longdy = 2.21e-01      || longdy/dt = 1.82e-04  || dt = 3.17e-07
[[32m[1m INFO  [21m[0m] from nz = 6 and S4
[[32m[1m INFO  [21m[0m] -----------------------------------------------------------------
[[32m[1m INFO  [21m[0m] Elapsed time: 4.34e+04 || Step number: 10200/30000
[[32m[1m INFO  [21m[0m] longdy = 1.04e-01      || longdy/dt = 1.95e-04  || dt = 2.81e+01
[[32m[1m INFO  [21m[0m] from nz = 6 and S4
[[32m[1m INFO  [21m[0m] -----------------------------------------------------------------
[[32m[1m INFO  [21m[0m] Elapsed time: 4.51e+04 || Step number: 10300/30000
[[32m[1m INFO  [21m[0m] longdy = 2.98e-01      || longdy/dt = 1.72e-04  || dt = 1.69e+00
[[32m[1m INFO  [21m[0m] from nz = 6 and S4
[[32m[1m INFO  [21m[0m] -----------------------------------------------------------------
[[32m[1m INFO  [21m[0m] Elapsed time: 4.66e+04 || Step number: 10400/30000
[[32m[1m INFO  [21m[0m] longdy = 2.52e-01      || longdy/dt = 1.75e-04  || dt = 2.05e-04
[[32m[1m INFO  [21m[0m] from nz = 6 and S4
[[32m[1m INFO  [21m[0m] -----------------------------------------------------------------
[[32m[1m INFO  [21m[0m] Elapsed time: 4.79e+04 || Step number: 10500/30000
[[32m[1m INFO  [21m[0m] longdy = 2.29e-01      || longdy/dt = 1.76e-04  || dt = 1.36e-05
[[32m[1m INFO  [21m[0m] from nz = 6 and S4
[[32m[1m INFO  [21m[0m] -----------------------------------------------------------------
[[32m[1m INFO  [21m[0m] Elapsed time: 4.86e+04 || Step number: 10600/30000
[[32m[1m INFO  [21m[0m] longdy = 1.28e-01      || longdy/dt = 1.85e-04  || dt = 1.94e+01
[[32m[1m INFO  [21m[0m] from nz = 6 and S4
[[32m[1m INFO  [21m[0m] -----------------------------------------------------------------
[[32m[1m INFO  [21m[0m] Elapsed time: 4.98e+04 || Step number: 10700/30000
[[32m[1m INFO  [21m[0m] longdy = 2.12e-01      || longdy/dt = 1.74e-04  || dt = 1.42e+01
[[32m[1m INFO  [21m[0m] from nz = 6 and S4
[[32m[1m INFO  [21m[0m] -----------------------------------------------------------------
[[32m[1m INFO  [21m[0m] Elapsed time: 5.14e+04 || Step number: 10800/30000
[[32m[1m INFO  [21m[0m] longdy = 2.64e-01      || longdy/dt = 1.65e-04  || dt = 1.19e-02
[[32m[1m INFO  [21m[0m] from nz = 6 and S4
[[32m[1m INFO  [21m[0m] -----------------------------------------------------------------
[[32m[1m INFO  [21m[0m] Elapsed time: 5.28e+04 || Step number: 10900/30000
[[32m[1m INFO  [21m[0m] longdy = 2.36e-01      || longdy/dt = 1.64e-04  || dt = 1.39e-04
[[32m[1m INFO  [21m[0m] from nz = 6 and S4
[[32m[1m INFO  [21m[0m] -----------------------------------------------------------------
[[32m[1m INFO  [21m[0m] Elapsed time: 5.44e+04 || Step number: 11000/30000
[[32m[1m INFO  [21m[0m] longdy = 2.44e-01      || longdy/dt = 1.59e-04  || dt = 7.08e-04
[[32m[1m INFO  [21m[0m] from nz = 6 and S4
[[32m[1m INFO  [21m[0m] -----------------------------------------------------------------
[[32m[1m INFO  [21m[0m] Elapsed time: 5.64e+04 || Step number: 11100/30000
[[32m[1m INFO  [21m[0m] longdy = 2.98e-01      || longdy/dt = 1.48e-04  || dt = 5.17e+01
[[32m[1m INFO  [21m[0m] from nz = 6 and S4
[[32m[1m INFO  [21m[0m] -----------------------------------------------------------------
[[32m[1m INFO  [21m[0m] Elapsed time: 5.83e+04 || Step number: 11200/30000
[[32m[1m INFO  [21m[0m] longdy = 2.77e-01      || longdy/dt = 1.44e-04  || dt = 9.09e-07
[[32m[1m INFO  [21m[0m] from nz = 6 and S4
[[32m[1m INFO  [21m[0m] -----------------------------------------------------------------
[[32m[1m INFO  [21m[0m] Elapsed time: 5.99e+04 || Step number: 11300/30000
[[32m[1m INFO  [21m[0m] longdy = 2.16e-01      || longdy/dt = 1.46e-04  || dt = 3.91e+01
[[32m[1m INFO  [21m[0m] from nz = 7 and S4
[[32m[1m INFO  [21m[0m] -----------------------------------------------------------------
[[32m[1m INFO  [21m[0m] Elapsed time: 6.11e+04 || Step number: 11400/30000
[[32m[1m INFO  [21m[0m] longdy = 1.81e-01      || longdy/dt = 1.49e-04  || dt = 1.73e-01
[[32m[1m INFO  [21m[0m] from nz = 7 and S4
[[32m[1m INFO  [21m[0m] -----------------------------------------------------------------
[[32m[1m INFO  [21m[0m] Elapsed time: 6.15e+04 || Step number: 11500/30000
[[32m[1m INFO  [21m[0m] longdy = 6.09e-02      || longdy/dt = 1.59e-04  || dt = 1.08e-02
[[32m[1m INFO  [21m[0m] from nz = 7 and S4
[[32m[1m INFO  [21m[0m] -----------------------------------------------------------------
[[32m[1m INFO  [21m[0m] Elapsed time: 6.20e+04 || Step number: 11600/30000
[[32m[1m INFO  [21m[0m] longdy = 7.87e-02      || longdy/dt = 1.57e-04  || dt = 4.78e+00
[[32m[1m INFO  [21m[0m] from nz = 7 and S4
[[32m[1m INFO  [21m[0m] -----------------------------------------------------------------
[[32m[1m INFO  [21m[0m] Elapsed time: 6.24e+04 || Step number: 11700/30000
[[32m[1m INFO  [21m[0m] longdy = 7.05e-02      || longdy/dt = 1.58e-04  || dt = 1.71e+01
[[32m[1m INFO  [21m[0m] from nz = 7 and S4
[[32m[1m INFO  [21m[0m] -----------------------------------------------------------------
[[32m[1m INFO  [21m[0m] Elapsed time: 6.28e+04 || Step number: 11800/30000
[[32m[1m INFO  [21m[0m] longdy = 6.62e-02      || longdy/dt = 1.58e-04  || dt = 2.46e+00
[[32m[1m INFO  [21m[0m] from nz = 7 and S4
[[32m[1m INFO  [21m[0m] -----------------------------------------------------------------
[[32m[1m INFO  [21m[0m] Elapsed time: 6.33e+04 || Step number: 11900/30000
[[32m[1m INFO  [21m[0m] longdy = 7.21e-02      || longdy/dt = 1.57e-04  || dt = 1.33e-01
[[32m[1m INFO  [21m[0m] from nz = 7 and S4
[[32m[1m INFO  [21m[0m] -----------------------------------------------------------------
[[32m[1m INFO  [21m[0m] Elapsed time: 6.39e+04 || Step number: 12000/30000
[[32m[1m INFO  [21m[0m] longdy = 9.22e-02      || longdy/dt = 1.54e-04  || dt = 1.23e+01
[[32m[1m INFO  [21m[0m] from nz = 7 and S4
[[32m[1m INFO  [21m[0m] -----------------------------------------------------------------
[[32m[1m INFO  [21m[0m] Elapsed time: 6.43e+04 || Step number: 12100/30000
[[32m[1m INFO  [21m[0m] longdy = 6.41e-02      || longdy/dt = 1.56e-04  || dt = 5.86e+00
[[32m[1m INFO  [21m[0m] from nz = 7 and S4
[[32m[1m INFO  [21m[0m] -----------------------------------------------------------------
[[32m[1m INFO  [21m[0m] Elapsed time: 6.50e+04 || Step number: 12200/30000
[[32m[1m INFO  [21m[0m] longdy = 9.75e-02      || longdy/dt = 1.53e-04  || dt = 1.44e-06
[[32m[1m INFO  [21m[0m] from nz = 7 and S4
[[32m[1m INFO  [21m[0m] -----------------------------------------------------------------
[[32m[1m INFO  [21m[0m] Elapsed time: 6.54e+04 || Step number: 12300/30000
[[32m[1m INFO  [21m[0m] longdy = 7.17e-02      || longdy/dt = 1.54e-04  || dt = 8.80e-03
[[32m[1m INFO  [21m[0m] from nz = 7 and S4
[[32m[1m INFO  [21m[0m] -----------------------------------------------------------------
[[32m[1m INFO  [21m[0m] Elapsed time: 6.60e+04 || Step number: 12400/30000
[[32m[1m INFO  [21m[0m] longdy = 8.72e-02      || longdy/dt = 1.52e-04  || dt = 1.98e-05
[[32m[1m INFO  [21m[0m] from nz = 7 and S4
[[32m[1m INFO  [21m[0m] -----------------------------------------------------------------
[[32m[1m INFO  [21m[0m] Elapsed time: 6.65e+04 || Step number: 12500/30000
[[32m[1m INFO  [21m[0m] longdy = 7.89e-02      || longdy/dt = 1.52e-04  || dt = 8.13e-02
[[32m[1m INFO  [21m[0m] from nz = 7 and S4
[[32m[1m INFO  [21m[0m] -----------------------------------------------------------------
[[32m[1m INFO  [21m[0m] Elapsed time: 6.69e+04 || Step number: 12600/30000
[[32m[1m INFO  [21m[0m] longdy = 5.26e-02      || longdy/dt = 1.54e-04  || dt = 5.65e-01
[[32m[1m INFO  [21m[0m] from nz = 7 and S4
[[32m[1m INFO  [21m[0m] -----------------------------------------------------------------
[[32m[1m INFO  [21m[0m] Elapsed time: 6.78e+04 || Step number: 12700/30000
[[32m[1m INFO  [21m[0m] longdy = 1.39e-01      || longdy/dt = 1.45e-04  || dt = 4.73e-02
[[32m[1m INFO  [21m[0m] from nz = 7 and S4
[[32m[1m INFO  [21m[0m] -----------------------------------------------------------------
[[32m[1m INFO  [21m[0m] Elapsed time: 6.84e+04 || Step number: 12800/30000
[[32m[1m INFO  [21m[0m] longdy = 8.19e-02      || longdy/dt = 1.49e-04  || dt = 1.49e+01
[[32m[1m INFO  [21m[0m] from nz = 7 and S4
[[32m[1m INFO  [21m[0m] -----------------------------------------------------------------
[[32m[1m INFO  [21m[0m] Elapsed time: 6.90e+04 || Step number: 12900/30000
[[32m[1m INFO  [21m[0m] longdy = 8.77e-02      || longdy/dt = 1.48e-04  || dt = 4.37e-05
[[32m[1m INFO  [21m[0m] from nz = 7 and S4
[[32m[1m INFO  [21m[0m] -----------------------------------------------------------------
[[32m[1m INFO  [21m[0m] Elapsed time: 6.93e+04 || Step number: 13000/30000
[[32m[1m INFO  [21m[0m] longdy = 4.34e-02      || longdy/dt = 1.50e-04  || dt = 1.61e-02
[[32m[1m INFO  [21m[0m] from nz = 7 and S4
[[32m[1m INFO  [21m[0m] -----------------------------------------------------------------
[[32m[1m INFO  [21m[0m] Elapsed time: 6.96e+04 || Step number: 13100/30000
[[32m[1m INFO  [21m[0m] longdy = 4.84e-02      || longdy/dt = 1.49e-04  || dt = 9.95e+00
[[32m[1m INFO  [21m[0m] from nz = 7 and S4
[[32m[1m INFO  [21m[0m] -----------------------------------------------------------------
[[32m[1m INFO  [21m[0m] Elapsed time: 6.97e+04 || Step number: 13200/30000
[[32m[1m INFO  [21m[0m] longdy = 2.12e-02      || longdy/dt = 1.51e-04  || dt = 4.08e-02
[[32m[1m INFO  [21m[0m] from nz = 7 and S4
[[32m[1m INFO  [21m[0m] -----------------------------------------------------------------
[[32m[1m INFO  [21m[0m] Elapsed time: 6.99e+04 || Step number: 13300/30000
[[32m[1m INFO  [21m[0m] longdy = 2.54e-02      || longdy/dt = 1.50e-04  || dt = 5.03e-05
[[32m[1m INFO  [21m[0m] from nz = 7 and S4
[[32m[1m INFO  [21m[0m] -----------------------------------------------------------------
[[32m[1m INFO  [21m[0m] Elapsed time: 7.00e+04 || Step number: 13400/30000
[[32m[1m INFO  [21m[0m] longdy = 2.01e-02      || longdy/dt = 1.51e-04  || dt = 1.43e-01
[[32m[1m INFO  [21m[0m] from nz = 7 and S4
[[32m[1m INFO  [21m[0m] -----------------------------------------------------------------
[[32m[1m INFO  [21m[0m] Elapsed time: 7.02e+04 || Step number: 13500/30000
[[32m[1m INFO  [21m[0m] longdy = 2.97e-02      || longdy/dt = 1.49e-04  || dt = 2.86e-01
[[32m[1m INFO  [21m[0m] from nz = 7 and S4
[[32m[1m INFO  [21m[0m] -----------------------------------------------------------------
[[32m[1m INFO  [21m[0m] Elapsed time: 7.04e+04 || Step number: 13600/30000
[[32m[1m INFO  [21m[0m] longdy = 2.05e-02      || longdy/dt = 1.50e-04  || dt = 4.88e-05
[[32m[1m INFO  [21m[0m] from nz = 7 and S4
[[32m[1m INFO  [21m[0m] -----------------------------------------------------------------
[[32m[1m INFO  [21m[0m] Elapsed time: 7.04e+04 || Step number: 13700/30000
[[32m[1m INFO  [21m[0m] longdy = 1.26e-02      || longdy/dt = 1.50e-04  || dt = 7.06e-05
[[32m[1m INFO  [21m[0m] from nz = 7 and S4
[[32m[1m INFO  [21m[0m] -----------------------------------------------------------------
[[32m[1m INFO  [21m[0m] Elapsed time: 7.06e+04 || Step number: 13800/30000
[[32m[1m INFO  [21m[0m] longdy = 1.96e-02      || longdy/dt = 1.50e-04  || dt = 2.72e+00
[[32m[1m INFO  [21m[0m] from nz = 7 and S4
[[32m[1m INFO  [21m[0m] -----------------------------------------------------------------
[[32m[1m INFO  [21m[0m] Elapsed time: 7.08e+04 || Step number: 13900/30000
[[32m[1m INFO  [21m[0m] longdy = 2.68e-02      || longdy/dt = 1.49e-04  || dt = 2.71e-03
[[32m[1m INFO  [21m[0m] from nz = 7 and S4
[[32m[1m INFO  [21m[0m] -----------------------------------------------------------------
[[32m[1m INFO  [21m[0m] Elapsed time: 7.09e+04 || Step number: 14000/30000
[[32m[1m INFO  [21m[0m] longdy = 2.18e-02      || longdy/dt = 1.49e-04  || dt = 5.95e-06
[[32m[1m INFO  [21m[0m] from nz = 7 and S4
[[32m[1m INFO  [21m[0m] -----------------------------------------------------------------
[[32m[1m INFO  [21m[0m] Elapsed time: 7.10e+04 || Step number: 14100/30000
[[32m[1m INFO  [21m[0m] longdy = 1.52e-02      || longdy/dt = 1.49e-04  || dt = 7.41e+00
[[32m[1m INFO  [21m[0m] from nz = 7 and S4
[[32m[1m INFO  [21m[0m] -----------------------------------------------------------------
[[32m[1m INFO  [21m[0m] Elapsed time: 7.12e+04 || Step number: 14200/30000
[[32m[1m INFO  [21m[0m] longdy = 3.13e-02      || longdy/dt = 1.47e-04  || dt = 1.41e-01
[[32m[1m INFO  [21m[0m] from nz = 7 and S4
[[32m[1m INFO  [21m[0m] -----------------------------------------------------------------
[[32m[1m INFO  [21m[0m] Elapsed time: 7.14e+04 || Step number: 14300/30000
[[32m[1m INFO  [21m[0m] longdy = 2.44e-02      || longdy/dt = 1.48e-04  || dt = 4.35e+00
[[32m[1m INFO  [21m[0m] from nz = 7 and S4
[[32m[1m INFO  [21m[0m] -----------------------------------------------------------------
[[32m[1m INFO  [21m[0m] Elapsed time: 7.17e+04 || Step number: 14400/30000
[[32m[1m INFO  [21m[0m] longdy = 4.02e-02      || longdy/dt = 1.46e-04  || dt = 1.00e+01
[[32m[1m INFO  [21m[0m] from nz = 7 and S4
[[32m[1m INFO  [21m[0m] -----------------------------------------------------------------
[[32m[1m INFO  [21m[0m] Elapsed time: 7.18e+04 || Step number: 14500/30000
[[32m[1m INFO  [21m[0m] longdy = 1.92e-02      || longdy/dt = 1.47e-04  || dt = 8.58e+00
[[32m[1m INFO  [21m[0m] from nz = 7 and S4
[[32m[1m INFO  [21m[0m] -----------------------------------------------------------------
[[32m[1m INFO  [21m[0m] Elapsed time: 7.21e+04 || Step number: 14600/30000
[[32m[1m INFO  [21m[0m] longdy = 3.58e-02      || longdy/dt = 1.45e-04  || dt = 3.02e+00
[[32m[1m INFO  [21m[0m] from nz = 7 and S4
[[32m[1m INFO  [21m[0m] -----------------------------------------------------------------
[[32m[1m INFO  [21m[0m] Elapsed time: 7.22e+04 || Step number: 14700/30000
[[32m[1m INFO  [21m[0m] longdy = 2.36e-02      || longdy/dt = 1.46e-04  || dt = 3.64e-03
[[32m[1m INFO  [21m[0m] from nz = 7 and S4
[[32m[1m INFO  [21m[0m] -----------------------------------------------------------------
[[32m[1m INFO  [21m[0m] Elapsed time: 7.25e+04 || Step number: 14800/30000
[[32m[1m INFO  [21m[0m] longdy = 3.51e-02      || longdy/dt = 1.45e-04  || dt = 5.86e+00
[[32m[1m INFO  [21m[0m] from nz = 7 and S4
[[32m[1m INFO  [21m[0m] -----------------------------------------------------------------
[[32m[1m INFO  [21m[0m] Elapsed time: 7.27e+04 || Step number: 14900/30000
[[32m[1m INFO  [21m[0m] longdy = 2.57e-02      || longdy/dt = 1.45e-04  || dt = 5.39e+00
[[32m[1m INFO  [21m[0m] from nz = 7 and S4
[[32m[1m INFO  [21m[0m] -----------------------------------------------------------------
[[32m[1m INFO  [21m[0m] Elapsed time: 7.29e+04 || Step number: 15000/30000
[[32m[1m INFO  [21m[0m] longdy = 2.86e-02      || longdy/dt = 1.44e-04  || dt = 6.94e+00
[[32m[1m INFO  [21m[0m] from nz = 7 and S4
[[32m[1m INFO  [21m[0m] -----------------------------------------------------------------
[[32m[1m INFO  [21m[0m] Elapsed time: 7.32e+04 || Step number: 15100/30000
[[32m[1m INFO  [21m[0m] longdy = 4.38e-02      || longdy/dt = 1.42e-04  || dt = 3.11e-02
[[32m[1m INFO  [21m[0m] from nz = 7 and S4
[[32m[1m INFO  [21m[0m] -----------------------------------------------------------------
[[32m[1m INFO  [21m[0m] Elapsed time: 7.34e+04 || Step number: 15200/30000
[[32m[1m INFO  [21m[0m] longdy = 2.87e-02      || longdy/dt = 1.43e-04  || dt = 3.30e-01
[[32m[1m INFO  [21m[0m] from nz = 7 and S4
[[32m[1m INFO  [21m[0m] -----------------------------------------------------------------
[[32m[1m INFO  [21m[0m] Elapsed time: 7.35e+04 || Step number: 15300/30000
[[32m[1m INFO  [21m[0m] longdy = 2.33e-02      || longdy/dt = 1.43e-04  || dt = 6.48e+00
[[32m[1m INFO  [21m[0m] from nz = 7 and S4
[[32m[1m INFO  [21m[0m] -----------------------------------------------------------------
[[32m[1m INFO  [21m[0m] Elapsed time: 7.38e+04 || Step number: 15400/30000
[[32m[1m INFO  [21m[0m] longdy = 4.14e-02      || longdy/dt = 1.41e-04  || dt = 9.58e+00
[[32m[1m INFO  [21m[0m] from nz = 7 and S4
[[32m[1m INFO  [21m[0m] -----------------------------------------------------------------
[[32m[1m INFO  [21m[0m] Elapsed time: 7.40e+04 || Step number: 15500/30000
[[32m[1m INFO  [21m[0m] longdy = 3.00e-02      || longdy/dt = 1.42e-04  || dt = 7.97e-06
[[32m[1m INFO  [21m[0m] from nz = 7 and S4
[[32m[1m INFO  [21m[0m] -----------------------------------------------------------------
[[32m[1m INFO  [21m[0m] Elapsed time: 7.43e+04 || Step number: 15600/30000
[[32m[1m INFO  [21m[0m] longdy = 2.92e-02      || longdy/dt = 1.41e-04  || dt = 6.12e+00
[[32m[1m INFO  [21m[0m] from nz = 7 and S4
[[32m[1m INFO  [21m[0m] -----------------------------------------------------------------
[[32m[1m INFO  [21m[0m] Elapsed time: 7.44e+04 || Step number: 15700/30000
[[32m[1m INFO  [21m[0m] longdy = 2.43e-02      || longdy/dt = 1.41e-04  || dt = 3.69e-06
[[32m[1m INFO  [21m[0m] from nz = 7 and S4
[[32m[1m INFO  [21m[0m] -----------------------------------------------------------------
[[32m[1m INFO  [21m[0m] Elapsed time: 7.46e+04 || Step number: 15800/30000
[[32m[1m INFO  [21m[0m] longdy = 2.18e-02      || longdy/dt = 1.41e-04  || dt = 3.42e-02
[[32m[1m INFO  [21m[0m] from nz = 7 and S4
[[32m[1m INFO  [21m[0m] -----------------------------------------------------------------
[[32m[1m INFO  [21m[0m] Elapsed time: 7.49e+04 || Step number: 15900/30000
[[32m[1m INFO  [21m[0m] longdy = 4.17e-02      || longdy/dt = 1.39e-04  || dt = 7.24e-06
[[32m[1m INFO  [21m[0m] from nz = 7 and S4
[[32m[1m INFO  [21m[0m] -----------------------------------------------------------------
[[32m[1m INFO  [21m[0m] Elapsed time: 7.51e+04 || Step number: 16000/30000
[[32m[1m INFO  [21m[0m] longdy = 2.75e-02      || longdy/dt = 1.39e-04  || dt = 1.43e+01
[[32m[1m INFO  [21m[0m] from nz = 7 and S4
[[32m[1m INFO  [21m[0m] -----------------------------------------------------------------
[[32m[1m INFO  [21m[0m] Elapsed time: 7.54e+04 || Step number: 16100/30000
[[32m[1m INFO  [21m[0m] longdy = 4.57e-02      || longdy/dt = 1.37e-04  || dt = 1.06e+01
[[32m[1m INFO  [21m[0m] from nz = 7 and S4
[[32m[1m INFO  [21m[0m] -----------------------------------------------------------------
[[32m[1m INFO  [21m[0m] Elapsed time: 7.58e+04 || Step number: 16200/30000
[[32m[1m INFO  [21m[0m] longdy = 4.67e-02      || longdy/dt = 1.37e-04  || dt = 3.38e-01
[[32m[1m INFO  [21m[0m] from nz = 7 and S4
[[32m[1m INFO  [21m[0m] -----------------------------------------------------------------
[[32m[1m INFO  [21m[0m] Elapsed time: 7.60e+04 || Step number: 16300/30000
[[32m[1m INFO  [21m[0m] longdy = 3.30e-02      || longdy/dt = 1.37e-04  || dt = 3.38e+00
[[32m[1m INFO  [21m[0m] from nz = 7 and S4
[[32m[1m INFO  [21m[0m] -----------------------------------------------------------------
[[32m[1m INFO  [21m[0m] Elapsed time: 7.62e+04 || Step number: 16400/30000
[[32m[1m INFO  [21m[0m] longdy = 2.96e-02      || longdy/dt = 1.37e-04  || dt = 1.04e-04
[[32m[1m INFO  [21m[0m] from nz = 7 and S4
[[32m[1m INFO  [21m[0m] -----------------------------------------------------------------
[[32m[1m INFO  [21m[0m] Elapsed time: 7.64e+04 || Step number: 16500/30000
[[32m[1m INFO  [21m[0m] longdy = 2.35e-02      || longdy/dt = 1.37e-04  || dt = 1.85e+01
[[32m[1m INFO  [21m[0m] from nz = 8 and S4
[[32m[1m INFO  [21m[0m] -----------------------------------------------------------------
[[32m[1m INFO  [21m[0m] Elapsed time: 7.68e+04 || Step number: 16600/30000
[[32m[1m INFO  [21m[0m] longdy = 5.68e-02      || longdy/dt = 1.34e-04  || dt = 6.25e+00
[[32m[1m INFO  [21m[0m] from nz = 8 and S4
[[32m[1m INFO  [21m[0m] -----------------------------------------------------------------
[[32m[1m INFO  [21m[0m] Elapsed time: 7.71e+04 || Step number: 16700/30000
[[32m[1m INFO  [21m[0m] longdy = 3.00e-02      || longdy/dt = 1.36e-04  || dt = 8.39e-01
[[32m[1m INFO  [21m[0m] from nz = 8 and S4
[[32m[1m INFO  [21m[0m] -----------------------------------------------------------------
[[32m[1m INFO  [21m[0m] Elapsed time: 7.73e+04 || Step number: 16800/30000
[[32m[1m INFO  [21m[0m] longdy = 2.49e-02      || longdy/dt = 1.37e-04  || dt = 1.13e+01
[[32m[1m INFO  [21m[0m] from nz = 8 and S4
[[32m[1m INFO  [21m[0m] -----------------------------------------------------------------
[[32m[1m INFO  [21m[0m] Elapsed time: 7.76e+04 || Step number: 16900/30000
[[32m[1m INFO  [21m[0m] longdy = 4.58e-02      || longdy/dt = 1.35e-04  || dt = 3.07e-06
[[32m[1m INFO  [21m[0m] from nz = 8 and S4
[[32m[1m INFO  [21m[0m] -----------------------------------------------------------------
[[32m[1m INFO  [21m[0m] Elapsed time: 7.79e+04 || Step number: 17000/30000
[[32m[1m INFO  [21m[0m] longdy = 3.36e-02      || longdy/dt = 1.36e-04  || dt = 9.27e+00
[[32m[1m INFO  [21m[0m] from nz = 8 and S4
[[32m[1m INFO  [21m[0m] -----------------------------------------------------------------
[[32m[1m INFO  [21m[0m] Elapsed time: 7.81e+04 || Step number: 17100/30000
[[32m[1m INFO  [21m[0m] longdy = 3.05e-02      || longdy/dt = 1.36e-04  || dt = 4.04e+00
[[32m[1m INFO  [21m[0m] from nz = 8 and S4
[[32m[1m INFO  [21m[0m] -----------------------------------------------------------------
[[32m[1m INFO  [21m[0m] Elapsed time: 7.85e+04 || Step number: 17200/30000
[[32m[1m INFO  [21m[0m] longdy = 5.10e-02      || longdy/dt = 1.34e-04  || dt = 1.00e+01
[[32m[1m INFO  [21m[0m] from nz = 8 and S4
[[32m[1m INFO  [21m[0m] -----------------------------------------------------------------
[[32m[1m INFO  [21m[0m] Elapsed time: 7.88e+04 || Step number: 17300/30000
[[32m[1m INFO  [21m[0m] longdy = 4.14e-02      || longdy/dt = 1.35e-04  || dt = 1.29e-02
[[32m[1m INFO  [21m[0m] from nz = 8 and S4
[[32m[1m INFO  [21m[0m] -----------------------------------------------------------------
[[32m[1m INFO  [21m[0m] Elapsed time: 7.90e+04 || Step number: 17400/30000
[[32m[1m INFO  [21m[0m] longdy = 2.65e-02      || longdy/dt = 1.36e-04  || dt = 1.21e+01
[[32m[1m INFO  [21m[0m] from nz = 8 and S4
[[32m[1m INFO  [21m[0m] -----------------------------------------------------------------
[[32m[1m INFO  [21m[0m] Elapsed time: 7.94e+04 || Step number: 17500/30000
[[32m[1m INFO  [21m[0m] longdy = 5.40e-02      || longdy/dt = 1.34e-04  || dt = 1.12e+01
[[32m[1m INFO  [21m[0m] from nz = 8 and S4
[[32m[1m INFO  [21m[0m] -----------------------------------------------------------------
[[32m[1m INFO  [21m[0m] Elapsed time: 7.96e+04 || Step number: 17600/30000
[[32m[1m INFO  [21m[0m] longdy = 2.44e-02      || longdy/dt = 1.36e-04  || dt = 1.52e-01
[[32m[1m INFO  [21m[0m] from nz = 8 and S4
[[32m[1m INFO  [21m[0m] -----------------------------------------------------------------
[[32m[1m INFO  [21m[0m] Elapsed time: 7.99e+04 || Step number: 17700/30000
[[32m[1m INFO  [21m[0m] longdy = 4.26e-02      || longdy/dt = 1.34e-04  || dt = 4.44e-05
[[32m[1m INFO  [21m[0m] from nz = 8 and S4
[[32m[1m INFO  [21m[0m] -----------------------------------------------------------------
[[32m[1m INFO  [21m[0m] Elapsed time: 8.03e+04 || Step number: 17800/30000
[[32m[1m INFO  [21m[0m] longdy = 5.01e-02      || longdy/dt = 1.34e-04  || dt = 5.12e-03
[[32m[1m INFO  [21m[0m] from nz = 8 and S4
[[32m[1m INFO  [21m[0m] -----------------------------------------------------------------
[[32m[1m INFO  [21m[0m] Elapsed time: 8.06e+04 || Step number: 17900/30000
[[32m[1m INFO  [21m[0m] longdy = 4.81e-02      || longdy/dt = 1.34e-04  || dt = 2.07e-01
[[32m[1m INFO  [21m[0m] from nz = 8 and S4
[[32m[1m INFO  [21m[0m] -----------------------------------------------------------------
[[32m[1m INFO  [21m[0m] Elapsed time: 8.09e+04 || Step number: 18000/30000
[[32m[1m INFO  [21m[0m] longdy = 3.28e-02      || longdy/dt = 1.34e-04  || dt = 6.93e+00
[[32m[1m INFO  [21m[0m] from nz = 8 and S4
[[32m[1m INFO  [21m[0m] -----------------------------------------------------------------
[[32m[1m INFO  [21m[0m] Elapsed time: 8.13e+04 || Step number: 18100/30000
[[32m[1m INFO  [21m[0m] longdy = 5.82e-02      || longdy/dt = 1.32e-04  || dt = 2.03e+01
[[32m[1m INFO  [21m[0m] from nz = 8 and S4
[[32m[1m INFO  [21m[0m] -----------------------------------------------------------------
[[32m[1m INFO  [21m[0m] Elapsed time: 8.16e+04 || Step number: 18200/30000
[[32m[1m INFO  [21m[0m] longdy = 3.08e-02      || longdy/dt = 1.34e-04  || dt = 8.07e-04
[[32m[1m INFO  [21m[0m] from nz = 8 and S4
[[32m[1m INFO  [21m[0m] -----------------------------------------------------------------
[[32m[1m INFO  [21m[0m] Elapsed time: 8.20e+04 || Step number: 18300/30000
[[32m[1m INFO  [21m[0m] longdy = 5.56e-02      || longdy/dt = 1.32e-04  || dt = 4.55e+00
[[32m[1m INFO  [21m[0m] from nz = 8 and S4
[[32m[1m INFO  [21m[0m] -----------------------------------------------------------------
[[32m[1m INFO  [21m[0m] Elapsed time: 8.23e+04 || Step number: 18400/30000
[[32m[1m INFO  [21m[0m] longdy = 3.66e-02      || longdy/dt = 1.33e-04  || dt = 2.07e+00
[[32m[1m INFO  [21m[0m] from nz = 8 and S4
[[32m[1m INFO  [21m[0m] -----------------------------------------------------------------
[[32m[1m INFO  [21m[0m] Elapsed time: 8.27e+04 || Step number: 18500/30000
[[32m[1m INFO  [21m[0m] longdy = 5.42e-02      || longdy/dt = 1.32e-04  || dt = 2.56e+01
[[32m[1m INFO  [21m[0m] from nz = 8 and S4
[[32m[1m INFO  [21m[0m] -----------------------------------------------------------------
[[32m[1m INFO  [21m[0m] Elapsed time: 8.30e+04 || Step number: 18600/30000
[[32m[1m INFO  [21m[0m] longdy = 3.64e-02      || longdy/dt = 1.33e-04  || dt = 9.47e+00
[[32m[1m INFO  [21m[0m] from nz = 8 and S4
[[32m[1m INFO  [21m[0m] -----------------------------------------------------------------
[[32m[1m INFO  [21m[0m] Elapsed time: 8.33e+04 || Step number: 18700/30000
[[32m[1m INFO  [21m[0m] longdy = 4.27e-02      || longdy/dt = 1.32e-04  || dt = 7.66e-06
[[32m[1m INFO  [21m[0m] from nz = 8 and S4
[[32m[1m INFO  [21m[0m] -----------------------------------------------------------------
[[32m[1m INFO  [21m[0m] Elapsed time: 8.36e+04 || Step number: 18800/30000
[[32m[1m INFO  [21m[0m] longdy = 4.43e-02      || longdy/dt = 1.31e-04  || dt = 8.96e-03
[[32m[1m INFO  [21m[0m] from nz = 8 and S4
[[32m[1m INFO  [21m[0m] -----------------------------------------------------------------
[[32m[1m INFO  [21m[0m] Elapsed time: 8.42e+04 || Step number: 18900/30000
[[32m[1m INFO  [21m[0m] longdy = 7.97e-02      || longdy/dt = 1.29e-04  || dt = 3.65e-01
[[32m[1m INFO  [21m[0m] from nz = 8 and S4
[[32m[1m INFO  [21m[0m] -----------------------------------------------------------------
[[32m[1m INFO  [21m[0m] Elapsed time: 8.45e+04 || Step number: 19000/30000
[[32m[1m INFO  [21m[0m] longdy = 3.65e-02      || longdy/dt = 1.31e-04  || dt = 3.55e+00
[[32m[1m INFO  [21m[0m] from nz = 8 and S4
[[32m[1m INFO  [21m[0m] -----------------------------------------------------------------
[[32m[1m INFO  [21m[0m] Elapsed time: 8.50e+04 || Step number: 19100/30000
[[32m[1m INFO  [21m[0m] longdy = 5.79e-02      || longdy/dt = 1.29e-04  || dt = 3.13e+00
[[32m[1m INFO  [21m[0m] from nz = 8 and S4
[[32m[1m INFO  [21m[0m] -----------------------------------------------------------------
[[32m[1m INFO  [21m[0m] Elapsed time: 8.54e+04 || Step number: 19200/30000
[[32m[1m INFO  [21m[0m] longdy = 5.91e-02      || longdy/dt = 1.29e-04  || dt = 1.09e-05
[[32m[1m INFO  [21m[0m] from nz = 8 and S4
[[32m[1m INFO  [21m[0m] -----------------------------------------------------------------
[[32m[1m INFO  [21m[0m] Elapsed time: 8.57e+04 || Step number: 19300/30000
[[32m[1m INFO  [21m[0m] longdy = 4.04e-02      || longdy/dt = 1.30e-04  || dt = 7.86e+00
[[32m[1m INFO  [21m[0m] from nz = 8 and S4
[[32m[1m INFO  [21m[0m] -----------------------------------------------------------------
[[32m[1m INFO  [21m[0m] Elapsed time: 8.61e+04 || Step number: 19400/30000
[[32m[1m INFO  [21m[0m] longdy = 4.40e-02      || longdy/dt = 1.29e-04  || dt = 9.11e+00
[[32m[1m INFO  [21m[0m] from nz = 8 and S4
[[32m[1m INFO  [21m[0m] -----------------------------------------------------------------
[[32m[1m INFO  [21m[0m] Elapsed time: 8.65e+04 || Step number: 19500/30000
[[32m[1m INFO  [21m[0m] longdy = 5.07e-02      || longdy/dt = 1.28e-04  || dt = 5.33e-04
[[32m[1m INFO  [21m[0m] from nz = 8 and S4
[[32m[1m INFO  [21m[0m] -----------------------------------------------------------------
[[32m[1m INFO  [21m[0m] Elapsed time: 8.71e+04 || Step number: 19600/30000
[[32m[1m INFO  [21m[0m] longdy = 7.25e-02      || longdy/dt = 1.26e-04  || dt = 2.16e-03
[[32m[1m INFO  [21m[0m] from nz = 8 and S4
[[32m[1m INFO  [21m[0m] -----------------------------------------------------------------
[[32m[1m INFO  [21m[0m] Elapsed time: 8.75e+04 || Step number: 19700/30000
[[32m[1m INFO  [21m[0m] longdy = 5.40e-02      || longdy/dt = 1.27e-04  || dt = 6.75e+00
[[32m[1m INFO  [21m[0m] from nz = 8 and S4
[[32m[1m INFO  [21m[0m] -----------------------------------------------------------------
[[32m[1m INFO  [21m[0m] Elapsed time: 8.79e+04 || Step number: 19800/30000
[[32m[1m INFO  [21m[0m] longdy = 5.21e-02      || longdy/dt = 1.26e-04  || dt = 1.42e-02
[[32m[1m INFO  [21m[0m] from nz = 8 and S4
[[32m[1m INFO  [21m[0m] -----------------------------------------------------------------
[[32m[1m INFO  [21m[0m] Elapsed time: 8.83e+04 || Step number: 19900/30000
[[32m[1m INFO  [21m[0m] longdy = 5.35e-02      || longdy/dt = 1.26e-04  || dt = 9.99e+00
[[32m[1m INFO  [21m[0m] from nz = 8 and S4
[[32m[1m INFO  [21m[0m] -----------------------------------------------------------------
[[32m[1m INFO  [21m[0m] Elapsed time: 8.87e+04 || Step number: 20000/30000
[[32m[1m INFO  [21m[0m] longdy = 4.89e-02      || longdy/dt = 1.25e-04  || dt = 2.94e+00
[[32m[1m INFO  [21m[0m] from nz = 8 and S4
[[32m[1m INFO  [21m[0m] -----------------------------------------------------------------
[[32m[1m INFO  [21m[0m] Elapsed time: 8.94e+04 || Step number: 20100/30000
[[32m[1m INFO  [21m[0m] longdy = 7.85e-02      || longdy/dt = 1.23e-04  || dt = 6.07e-03
[[32m[1m INFO  [21m[0m] from nz = 8 and S4
[[32m[1m INFO  [21m[0m] -----------------------------------------------------------------
[[32m[1m INFO  [21m[0m] Elapsed time: 8.99e+04 || Step number: 20200/30000
[[32m[1m INFO  [21m[0m] longdy = 6.78e-02      || longdy/dt = 1.23e-04  || dt = 1.50e-03
[[32m[1m INFO  [21m[0m] from nz = 8 and S4
[[32m[1m INFO  [21m[0m] -----------------------------------------------------------------
[[32m[1m INFO  [21m[0m] Elapsed time: 9.03e+04 || Step number: 20300/30000
[[32m[1m INFO  [21m[0m] longdy = 5.02e-02      || longdy/dt = 1.23e-04  || dt = 1.51e-04
[[32m[1m INFO  [21m[0m] from nz = 8 and S4
[[32m[1m INFO  [21m[0m] -----------------------------------------------------------------
[[32m[1m INFO  [21m[0m] Elapsed time: 9.08e+04 || Step number: 20400/30000
[[32m[1m INFO  [21m[0m] longdy = 5.60e-02      || longdy/dt = 1.22e-04  || dt = 3.22e-01
[[32m[1m INFO  [21m[0m] from nz = 8 and S4
[[32m[1m INFO  [21m[0m] -----------------------------------------------------------------
[[32m[1m INFO  [21m[0m] Elapsed time: 9.11e+04 || Step number: 20500/30000
[[32m[1m INFO  [21m[0m] longdy = 3.99e-02      || longdy/dt = 1.23e-04  || dt = 1.08e+01
[[32m[1m INFO  [21m[0m] from nz = 8 and S4
[[32m[1m INFO  [21m[0m] -----------------------------------------------------------------
[[32m[1m INFO  [21m[0m] Elapsed time: 9.15e+04 || Step number: 20600/30000
[[32m[1m INFO  [21m[0m] longdy = 5.08e-02      || longdy/dt = 1.21e-04  || dt = 6.49e-02
[[32m[1m INFO  [21m[0m] from nz = 8 and S4
[[32m[1m INFO  [21m[0m] -----------------------------------------------------------------
[[32m[1m INFO  [21m[0m] Elapsed time: 9.22e+04 || Step number: 20700/30000
[[32m[1m INFO  [21m[0m] longdy = 8.21e-02      || longdy/dt = 1.19e-04  || dt = 1.05e+01
[[32m[1m INFO  [21m[0m] from nz = 8 and S4
[[32m[1m INFO  [21m[0m] -----------------------------------------------------------------
[[32m[1m INFO  [21m[0m] Elapsed time: 9.28e+04 || Step number: 20800/30000
[[32m[1m INFO  [21m[0m] longdy = 6.57e-02      || longdy/dt = 1.19e-04  || dt = 5.64e-05
[[32m[1m INFO  [21m[0m] from nz = 8 and S4
[[32m[1m INFO  [21m[0m] -----------------------------------------------------------------
[[32m[1m INFO  [21m[0m] Elapsed time: 9.32e+04 || Step number: 20900/30000
[[32m[1m INFO  [21m[0m] longdy = 4.94e-02      || longdy/dt = 1.19e-04  || dt = 1.03e+01
[[32m[1m INFO  [21m[0m] from nz = 8 and S4
[[32m[1m INFO  [21m[0m] -----------------------------------------------------------------
[[32m[1m INFO  [21m[0m] Elapsed time: 9.36e+04 || Step number: 21000/30000
[[32m[1m INFO  [21m[0m] longdy = 4.55e-02      || longdy/dt = 1.19e-04  || dt = 8.08e+00
[[32m[1m INFO  [21m[0m] from nz = 8 and S4
[[32m[1m INFO  [21m[0m] -----------------------------------------------------------------
[[32m[1m INFO  [21m[0m] Elapsed time: 9.40e+04 || Step number: 21100/30000
[[32m[1m INFO  [21m[0m] longdy = 4.46e-02      || longdy/dt = 1.18e-04  || dt = 3.30e+01
[[32m[1m INFO  [21m[0m] from nz = 8 and S4
[[32m[1m INFO  [21m[0m] -----------------------------------------------------------------
[[32m[1m INFO  [21m[0m] Elapsed time: 9.45e+04 || Step number: 21200/30000
[[32m[1m INFO  [21m[0m] longdy = 6.17e-02      || longdy/dt = 1.16e-04  || dt = 4.31e+00
[[32m[1m INFO  [21m[0m] from nz = 8 and S4
[[32m[1m INFO  [21m[0m] -----------------------------------------------------------------
[[32m[1m INFO  [21m[0m] Elapsed time: 9.50e+04 || Step number: 21300/30000
[[32m[1m INFO  [21m[0m] longdy = 5.27e-02      || longdy/dt = 1.17e-04  || dt = 2.81e-06
[[32m[1m INFO  [21m[0m] from nz = 9 and S4
[[32m[1m INFO  [21m[0m] -----------------------------------------------------------------
[[32m[1m INFO  [21m[0m] Elapsed time: 9.55e+04 || Step number: 21400/30000
[[32m[1m INFO  [21m[0m] longdy = 6.26e-02      || longdy/dt = 1.16e-04  || dt = 3.03e+01
[[32m[1m INFO  [21m[0m] from nz = 9 and S4
[[32m[1m INFO  [21m[0m] -----------------------------------------------------------------
[[32m[1m INFO  [21m[0m] Elapsed time: 9.61e+04 || Step number: 21500/30000
[[32m[1m INFO  [21m[0m] longdy = 6.07e-02      || longdy/dt = 1.16e-04  || dt = 9.55e+00
[[32m[1m INFO  [21m[0m] from nz = 9 and S4
[[32m[1m INFO  [21m[0m] -----------------------------------------------------------------
[[32m[1m INFO  [21m[0m] Elapsed time: 9.76e+04 || Step number: 21600/30000
[[32m[1m INFO  [21m[0m] longdy = 1.65e-01      || longdy/dt = 1.09e-04  || dt = 5.70e-03
[[32m[1m INFO  [21m[0m] from nz = 9 and S4
[[32m[1m INFO  [21m[0m] -----------------------------------------------------------------
[[32m[1m INFO  [21m[0m] Elapsed time: 9.90e+04 || Step number: 21700/30000
[[32m[1m INFO  [21m[0m] longdy = 1.58e-01      || longdy/dt = 1.09e-04  || dt = 3.06e+00
[[32m[1m INFO  [21m[0m] from nz = 9 and S4
[[32m[1m INFO  [21m[0m] -----------------------------------------------------------------
[[32m[1m INFO  [21m[0m] Elapsed time: 1.00e+05 || Step number: 21800/30000
[[32m[1m INFO  [21m[0m] longdy = 1.42e-01      || longdy/dt = 1.09e-04  || dt = 1.20e-05
[[32m[1m INFO  [21m[0m] from nz = 9 and S4
[[32m[1m INFO  [21m[0m] -----------------------------------------------------------------
[[32m[1m INFO  [21m[0m] Elapsed time: 1.01e+05 || Step number: 21900/30000
[[32m[1m INFO  [21m[0m] longdy = 1.07e-01      || longdy/dt = 1.11e-04  || dt = 1.47e+02
[[32m[1m INFO  [21m[0m] from nz = 9 and S4
[[32m[1m INFO  [21m[0m] -----------------------------------------------------------------
[[32m[1m INFO  [21m[0m] Elapsed time: 1.02e+05 || Step number: 22000/30000
[[32m[1m INFO  [21m[0m] longdy = 1.00e-01      || longdy/dt = 1.11e-04  || dt = 1.37e-01
[[32m[1m INFO  [21m[0m] from nz = 9 and S4
[[32m[1m INFO  [21m[0m] -----------------------------------------------------------------
[[32m[1m INFO  [21m[0m] Elapsed time: 1.04e+05 || Step number: 22100/30000
[[32m[1m INFO  [21m[0m] longdy = 1.51e-01      || longdy/dt = 1.07e-04  || dt = 4.82e+01
[[32m[1m INFO  [21m[0m] from nz = 9 and S4
[[32m[1m INFO  [21m[0m] -----------------------------------------------------------------
[[32m[1m INFO  [21m[0m] Elapsed time: 1.05e+05 || Step number: 22200/30000
[[32m[1m INFO  [21m[0m] longdy = 1.61e-01      || longdy/dt = 1.05e-04  || dt = 3.48e+01
[[32m[1m INFO  [21m[0m] from nz = 9 and S4
[[32m[1m INFO  [21m[0m] -----------------------------------------------------------------
[[32m[1m INFO  [21m[0m] Elapsed time: 1.06e+05 || Step number: 22300/30000
[[32m[1m INFO  [21m[0m] longdy = 1.15e-01      || longdy/dt = 1.07e-04  || dt = 5.13e+01
[[32m[1m INFO  [21m[0m] from nz = 9 and S4
[[32m[1m INFO  [21m[0m] -----------------------------------------------------------------
[[32m[1m INFO  [21m[0m] Elapsed time: 1.08e+05 || Step number: 22400/30000
[[32m[1m INFO  [21m[0m] longdy = 1.80e-01      || longdy/dt = 1.02e-04  || dt = 1.95e+01
[[32m[1m INFO  [21m[0m] from nz = 9 and S4
[[32m[1m INFO  [21m[0m] -----------------------------------------------------------------
[[32m[1m INFO  [21m[0m] Elapsed time: 1.09e+05 || Step number: 22500/30000
[[32m[1m INFO  [21m[0m] longdy = 9.43e-02      || longdy/dt = 1.06e-04  || dt = 9.90e+01
[[32m[1m INFO  [21m[0m] from nz = 9 and S4
[[32m[1m INFO  [21m[0m] -----------------------------------------------------------------
[[32m[1m INFO  [21m[0m] Elapsed time: 1.11e+05 || Step number: 22600/30000
[[32m[1m INFO  [21m[0m] longdy = 1.96e-01      || longdy/dt = 9.83e-05  || dt = 5.29e+01
[[32m[1m INFO  [21m[0m] from nz = 9 and S4
[[32m[1m INFO  [21m[0m] -----------------------------------------------------------------
[[32m[1m INFO  [21m[0m] Elapsed time: 1.13e+05 || Step number: 22700/30000
[[32m[1m INFO  [21m[0m] longdy = 1.54e-01      || longdy/dt = 9.91e-05  || dt = 1.90e-03
[[32m[1m INFO  [21m[0m] from nz = 9 and S4
[[32m[1m INFO  [21m[0m] -----------------------------------------------------------------
[[32m[1m INFO  [21m[0m] Elapsed time: 1.15e+05 || Step number: 22800/30000
[[32m[1m INFO  [21m[0m] longdy = 2.45e-01      || longdy/dt = 9.23e-05  || dt = 8.98e-06
[[32m[1m INFO  [21m[0m] from nz = 10 and S4
[[32m[1m INFO  [21m[0m] -----------------------------------------------------------------
[[32m[1m INFO  [21m[0m] Elapsed time: 1.17e+05 || Step number: 22900/30000
[[32m[1m INFO  [21m[0m] longdy = 1.98e-01      || longdy/dt = 9.48e-05  || dt = 9.23e-05
[[32m[1m INFO  [21m[0m] from nz = 10 and S4
[[32m[1m INFO  [21m[0m] -----------------------------------------------------------------
[[32m[1m INFO  [21m[0m] Elapsed time: 1.20e+05 || Step number: 23000/30000
[[32m[1m INFO  [21m[0m] longdy = 2.01e-01      || longdy/dt = 9.40e-05  || dt = 1.06e-04
[[32m[1m INFO  [21m[0m] from nz = 10 and S4
[[32m[1m INFO  [21m[0m] -----------------------------------------------------------------
[[32m[1m INFO  [21m[0m] Elapsed time: 1.21e+05 || Step number: 23100/30000
[[32m[1m INFO  [21m[0m] longdy = 1.38e-01      || longdy/dt = 9.70e-05  || dt = 3.55e-05
[[32m[1m INFO  [21m[0m] from nz = 10 and S4
[[32m[1m INFO  [21m[0m] -----------------------------------------------------------------
[[32m[1m INFO  [21m[0m] Elapsed time: 1.22e+05 || Step number: 23200/30000
[[32m[1m INFO  [21m[0m] longdy = 1.31e-01      || longdy/dt = 9.67e-05  || dt = 1.18e+00
[[32m[1m INFO  [21m[0m] from nz = 10 and S4
[[32m[1m INFO  [21m[0m] -----------------------------------------------------------------
[[32m[1m INFO  [21m[0m] Elapsed time: 1.24e+05 || Step number: 23300/30000
[[32m[1m INFO  [21m[0m] longdy = 1.81e-01      || longdy/dt = 9.31e-05  || dt = 3.05e+01
[[32m[1m INFO  [21m[0m] from nz = 10 and S4
[[32m[1m INFO  [21m[0m] -----------------------------------------------------------------
[[32m[1m INFO  [21m[0m] Elapsed time: 1.27e+05 || Step number: 23400/30000
[[32m[1m INFO  [21m[0m] longdy = 2.04e-01      || longdy/dt = 9.06e-05  || dt = 1.01e-04
[[32m[1m INFO  [21m[0m] from nz = 10 and S4
[[32m[1m INFO  [21m[0m] -----------------------------------------------------------------
[[32m[1m INFO  [21m[0m] Elapsed time: 1.29e+05 || Step number: 23500/30000
[[32m[1m INFO  [21m[0m] longdy = 1.94e-01      || longdy/dt = 8.98e-05  || dt = 3.43e+01
[[32m[1m INFO  [21m[0m] from nz = 10 and S4
[[32m[1m INFO  [21m[0m] -----------------------------------------------------------------
[[32m[1m INFO  [21m[0m] Elapsed time: 1.31e+05 || Step number: 23600/30000
[[32m[1m INFO  [21m[0m] longdy = 1.90e-01      || longdy/dt = 8.85e-05  || dt = 6.77e-04
[[32m[1m INFO  [21m[0m] from nz = 10 and S4
[[32m[1m INFO  [21m[0m] -----------------------------------------------------------------
[[32m[1m INFO  [21m[0m] Elapsed time: 1.32e+05 || Step number: 23700/30000
[[32m[1m INFO  [21m[0m] longdy = 9.38e-02      || longdy/dt = 9.25e-05  || dt = 7.17e-02
[[32m[1m INFO  [21m[0m] from nz = 10 and S4
[[32m[1m INFO  [21m[0m] -----------------------------------------------------------------
[[32m[1m INFO  [21m[0m] Elapsed time: 1.34e+05 || Step number: 23800/30000
[[32m[1m INFO  [21m[0m] longdy = 1.57e-01      || longdy/dt = 8.86e-05  || dt = 5.78e+01
[[32m[1m INFO  [21m[0m] from nz = 11 and S4
[[32m[1m INFO  [21m[0m] -----------------------------------------------------------------
[[32m[1m INFO  [21m[0m] Elapsed time: 1.37e+05 || Step number: 23900/30000
[[32m[1m INFO  [21m[0m] longdy = 2.31e-01      || longdy/dt = 8.44e-05  || dt = 1.63e+01
[[32m[1m INFO  [21m[0m] from nz = 11 and S4
[[32m[1m INFO  [21m[0m] -----------------------------------------------------------------
[[32m[1m INFO  [21m[0m] Elapsed time: 1.39e+05 || Step number: 24000/30000
[[32m[1m INFO  [21m[0m] longdy = 2.06e-01      || longdy/dt = 8.52e-05  || dt = 1.67e-02
[[32m[1m INFO  [21m[0m] from nz = 11 and S4
[[32m[1m INFO  [21m[0m] -----------------------------------------------------------------
[[32m[1m INFO  [21m[0m] Elapsed time: 1.42e+05 || Step number: 24100/30000
[[32m[1m INFO  [21m[0m] longdy = 2.29e-01      || longdy/dt = 8.33e-05  || dt = 1.24e+01
[[32m[1m INFO  [21m[0m] from nz = 11 and S4
[[32m[1m INFO  [21m[0m] -----------------------------------------------------------------
[[32m[1m INFO  [21m[0m] Elapsed time: 1.44e+05 || Step number: 24200/30000
[[32m[1m INFO  [21m[0m] longdy = 1.97e-01      || longdy/dt = 8.40e-05  || dt = 2.76e-03
[[32m[1m INFO  [21m[0m] from nz = 11 and S4
[[32m[1m INFO  [21m[0m] -----------------------------------------------------------------
[[32m[1m INFO  [21m[0m] Elapsed time: 1.46e+05 || Step number: 24300/30000
[[32m[1m INFO  [21m[0m] longdy = 1.82e-01      || longdy/dt = 8.36e-05  || dt = 7.45e+01
[[32m[1m INFO  [21m[0m] from nz = 11 and S4
[[32m[1m INFO  [21m[0m] -----------------------------------------------------------------
[[32m[1m INFO  [21m[0m] Elapsed time: 1.49e+05 || Step number: 24400/30000
[[32m[1m INFO  [21m[0m] longdy = 2.42e-01      || longdy/dt = 7.93e-05  || dt = 1.10e-04
[[32m[1m INFO  [21m[0m] from nz = 11 and S4
[[32m[1m INFO  [21m[0m] -----------------------------------------------------------------
[[32m[1m INFO  [21m[0m] Elapsed time: 1.53e+05 || Step number: 24500/30000
[[32m[1m INFO  [21m[0m] longdy = 2.79e-01      || longdy/dt = 7.59e-05  || dt = 3.63e+01
[[32m[1m INFO  [21m[0m] from nz = 12 and S4
[[32m[1m INFO  [21m[0m] -----------------------------------------------------------------
[[32m[1m INFO  [21m[0m] Elapsed time: 1.57e+05 || Step number: 24600/30000
[[32m[1m INFO  [21m[0m] longdy = 2.60e-01      || longdy/dt = 7.66e-05  || dt = 9.54e+01
[[32m[1m INFO  [21m[0m] from nz = 12 and S4
[[32m[1m INFO  [21m[0m] -----------------------------------------------------------------
[[32m[1m INFO  [21m[0m] Elapsed time: 1.61e+05 || Step number: 24700/30000
[[32m[1m INFO  [21m[0m] longdy = 3.41e-01      || longdy/dt = 7.16e-05  || dt = 1.36e+01
[[32m[1m INFO  [21m[0m] from nz = 12 and S4
[[32m[1m INFO  [21m[0m] -----------------------------------------------------------------
[[32m[1m INFO  [21m[0m] Elapsed time: 1.64e+05 || Step number: 24800/30000
[[32m[1m INFO  [21m[0m] longdy = 2.31e-01      || longdy/dt = 7.61e-05  || dt = 2.66e+02
[[32m[1m INFO  [21m[0m] from nz = 12 and S4
[[32m[1m INFO  [21m[0m] -----------------------------------------------------------------
[[32m[1m INFO  [21m[0m] Elapsed time: 1.69e+05 || Step number: 24900/30000
[[32m[1m INFO  [21m[0m] longdy = 3.15e-01      || longdy/dt = 7.05e-05  || dt = 1.34e-06
[[32m[1m INFO  [21m[0m] from nz = 12 and S4
[[32m[1m INFO  [21m[0m] -----------------------------------------------------------------
[[32m[1m INFO  [21m[0m] Elapsed time: 1.72e+05 || Step number: 25000/30000
[[32m[1m INFO  [21m[0m] longdy = 2.03e-01      || longdy/dt = 7.44e-05  || dt = 4.68e+01
[[32m[1m INFO  [21m[0m] from nz = 12 and S4
[[32m[1m INFO  [21m[0m] -----------------------------------------------------------------
[[32m[1m INFO  [21m[0m] Elapsed time: 1.76e+05 || Step number: 25100/30000
[[32m[1m INFO  [21m[0m] longdy = 2.80e-01      || longdy/dt = 7.11e-05  || dt = 1.67e+02
[[32m[1m INFO  [21m[0m] from nz = 13 and S4
[[32m[1m INFO  [21m[0m] -----------------------------------------------------------------
[[32m[1m INFO  [21m[0m] Elapsed time: 1.79e+05 || Step number: 25200/30000
[[32m[1m INFO  [21m[0m] longdy = 2.28e-01      || longdy/dt = 7.30e-05  || dt = 3.84e-03
[[32m[1m INFO  [21m[0m] from nz = 13 and S4
[[32m[1m INFO  [21m[0m] -----------------------------------------------------------------
[[32m[1m INFO  [21m[0m] Elapsed time: 1.82e+05 || Step number: 25300/30000
[[32m[1m INFO  [21m[0m] longdy = 2.21e-01      || longdy/dt = 7.27e-05  || dt = 6.62e+01
[[32m[1m INFO  [21m[0m] from nz = 13 and S4
[[32m[1m INFO  [21m[0m] -----------------------------------------------------------------
[[32m[1m INFO  [21m[0m] Elapsed time: 1.84e+05 || Step number: 25400/30000
[[32m[1m INFO  [21m[0m] longdy = 1.31e-01      || longdy/dt = 7.60e-05  || dt = 1.08e+02
[[32m[1m INFO  [21m[0m] from nz = 13 and S4
[[32m[1m INFO  [21m[0m] -----------------------------------------------------------------
[[32m[1m INFO  [21m[0m] Elapsed time: 1.94e+05 || Step number: 25500/30000
[[32m[1m INFO  [21m[0m] longdy = 5.46e-01      || longdy/dt = 5.38e-05  || dt = 5.25e+02
[[32m[1m INFO  [21m[0m] from nz = 13 and S4
[[32m[1m INFO  [21m[0m] -----------------------------------------------------------------
[[32m[1m INFO  [21m[0m] Elapsed time: 2.18e+05 || Step number: 25600/30000
[[32m[1m INFO  [21m[0m] longdy = 1.47e+00      || longdy/dt = 6.33e-05  || dt = 3.58e+02
[[32m[1m INFO  [21m[0m] from nz = 34 and CS
[[32m[1m INFO  [21m[0m] -----------------------------------------------------------------
[[32m[1m INFO  [21m[0m] Elapsed time: 2.43e+05 || Step number: 25700/30000
[[32m[1m INFO  [21m[0m] longdy = 2.68e+00      || longdy/dt = 1.08e-04  || dt = 4.42e+02
[[32m[1m INFO  [21m[0m] from nz = 35 and CS
[[32m[1m INFO  [21m[0m] -----------------------------------------------------------------
[[32m[1m INFO  [21m[0m] Elapsed time: 2.54e+05 || Step number: 25800/30000
[[32m[1m INFO  [21m[0m] longdy = 1.18e+00      || longdy/dt = 1.05e-04  || dt = 7.93e+02
[[32m[1m INFO  [21m[0m] from nz = 35 and CS
[[32m[1m INFO  [21m[0m] -----------------------------------------------------------------
[[32m[1m INFO  [21m[0m] Elapsed time: 2.78e+05 || Step number: 25900/30000
[[32m[1m INFO  [21m[0m] longdy = 5.58e+00      || longdy/dt = 2.38e-04  || dt = 6.22e+02
[[32m[1m INFO  [21m[0m] from nz = 36 and CS
[[32m[1m INFO  [21m[0m] -----------------------------------------------------------------
[[32m[1m INFO  [21m[0m] Elapsed time: 3.06e+05 || Step number: 26000/30000
[[32m[1m INFO  [21m[0m] longdy = 1.27e+01      || longdy/dt = 4.70e-04  || dt = 4.71e+02
[[32m[1m INFO  [21m[0m] from nz = 37 and CS
[[32m[1m INFO  [21m[0m] -----------------------------------------------------------------
[[32m[1m INFO  [21m[0m] Elapsed time: 3.26e+05 || Step number: 26100/30000
[[32m[1m INFO  [21m[0m] longdy = 4.02e+00      || longdy/dt = 2.08e-04  || dt = 5.54e+02
[[32m[1m INFO  [21m[0m] from nz = 38 and CS
[[32m[1m INFO  [21m[0m] -----------------------------------------------------------------
[[32m[1m INFO  [21m[0m] Elapsed time: 3.46e+05 || Step number: 26200/30000
[[32m[1m INFO  [21m[0m] longdy = 2.88e+00      || longdy/dt = 1.49e-04  || dt = 1.54e+03
[[32m[1m INFO  [21m[0m] from nz = 39 and CS
[[32m[1m INFO  [21m[0m] -----------------------------------------------------------------
[[32m[1m INFO  [21m[0m] Elapsed time: 3.59e+05 || Step number: 26300/30000
[[32m[1m INFO  [21m[0m] longdy = 9.17e-01      || longdy/dt = 7.01e-05  || dt = 1.16e-02
[[32m[1m INFO  [21m[0m] from nz = 40 and CS
[[32m[1m INFO  [21m[0m] -----------------------------------------------------------------
[[32m[1m INFO  [21m[0m] Elapsed time: 3.77e+05 || Step number: 26400/30000
[[32m[1m INFO  [21m[0m] longdy = 1.13e+00      || longdy/dt = 6.50e-05  || dt = 6.52e+02
[[32m[1m INFO  [21m[0m] from nz = 41 and CS
[[32m[1m INFO  [21m[0m] -----------------------------------------------------------------
[[32m[1m INFO  [21m[0m] Elapsed time: 3.97e+05 || Step number: 26500/30000
[[32m[1m INFO  [21m[0m] longdy = 1.06e+00      || longdy/dt = 5.22e-05  || dt = 7.09e+00
[[32m[1m INFO  [21m[0m] from nz = 41 and CS
[[32m[1m INFO  [21m[0m] -----------------------------------------------------------------
[[32m[1m INFO  [21m[0m] Elapsed time: 4.13e+05 || Step number: 26600/30000
[[32m[1m INFO  [21m[0m] longdy = 4.67e-01      || longdy/dt = 3.09e-05  || dt = 4.41e-04
[[32m[1m INFO  [21m[0m] from nz = 42 and C6H5
[[32m[1m INFO  [21m[0m] -----------------------------------------------------------------
[[32m[1m INFO  [21m[0m] Elapsed time: 4.35e+05 || Step number: 26700/30000
[[32m[1m INFO  [21m[0m] longdy = 6.17e-01      || longdy/dt = 2.78e-05  || dt = 4.34e+02
[[32m[1m INFO  [21m[0m] from nz = 42 and CS
[[32m[1m INFO  [21m[0m] -----------------------------------------------------------------
[[32m[1m INFO  [21m[0m] Elapsed time: 4.52e+05 || Step number: 26800/30000
[[32m[1m INFO  [21m[0m] longdy = 4.25e-01      || longdy/dt = 2.51e-05  || dt = 4.35e+02
[[32m[1m INFO  [21m[0m] from nz = 41 and C6H5
[[32m[1m INFO  [21m[0m] -----------------------------------------------------------------
[[32m[1m INFO  [21m[0m] Elapsed time: 4.74e+05 || Step number: 26900/30000
[[32m[1m INFO  [21m[0m] longdy = 4.11e-01      || longdy/dt = 2.00e-05  || dt = 7.93e+02
[[32m[1m INFO  [21m[0m] from nz = 41 and C6H5
[[32m[1m INFO  [21m[0m] -----------------------------------------------------------------
[[32m[1m INFO  [21m[0m] Elapsed time: 4.99e+05 || Step number: 27000/30000
[[32m[1m INFO  [21m[0m] longdy = 4.18e-01      || longdy/dt = 1.68e-05  || dt = 1.04e-05
[[32m[1m INFO  [21m[0m] from nz = 40 and C6H5
[[32m[1m INFO  [21m[0m] -----------------------------------------------------------------
[[32m[1m INFO  [21m[0m] Elapsed time: 5.19e+05 || Step number: 27100/30000
[[32m[1m INFO  [21m[0m] longdy = 2.99e-01      || longdy/dt = 1.54e-05  || dt = 6.52e+02
[[32m[1m INFO  [21m[0m] from nz = 40 and C6H5
[[32m[1m INFO  [21m[0m] -----------------------------------------------------------------
[[32m[1m INFO  [21m[0m] Elapsed time: 5.30e+05 || Step number: 27200/30000
[[32m[1m INFO  [21m[0m] longdy = 1.81e-01      || longdy/dt = 1.69e-05  || dt = 1.11e+03
[[32m[1m INFO  [21m[0m] from nz = 40 and C6H5
[[32m[1m INFO  [21m[0m] -----------------------------------------------------------------
[[32m[1m INFO  [21m[0m] Elapsed time: 5.66e+05 || Step number: 27300/30000
[[32m[1m INFO  [21m[0m] longdy = 3.11e-01      || longdy/dt = 8.74e-06  || dt = 1.24e+00
[[32m[1m INFO  [21m[0m] from nz = 40 and C6H5
[[32m[1m INFO  [21m[0m] -----------------------------------------------------------------
[[32m[1m INFO  [21m[0m] Elapsed time: 6.10e+05 || Step number: 27400/30000
[[32m[1m INFO  [21m[0m] longdy = 2.86e-01      || longdy/dt = 6.44e-06  || dt = 6.33e+02
[[32m[1m INFO  [21m[0m] from nz = 40 and C6H5
[[32m[1m INFO  [21m[0m] -----------------------------------------------------------------
[[32m[1m INFO  [21m[0m] Elapsed time: 6.34e+05 || Step number: 27500/30000
[[32m[1m INFO  [21m[0m] longdy = 1.32e-01      || longdy/dt = 5.73e-06  || dt = 5.74e-02
[[32m[1m INFO  [21m[0m] from nz = 40 and C6H5
[[32m[1m INFO  [21m[0m] -----------------------------------------------------------------
[[32m[1m INFO  [21m[0m] Elapsed time: 6.54e+05 || Step number: 27600/30000
[[32m[1m INFO  [21m[0m] longdy = 8.58e-02      || longdy/dt = 4.11e-06  || dt = 1.58e+02
[[32m[1m INFO  [21m[0m] from nz = 40 and C6H5
[[32m[1m INFO  [21m[0m] -----------------------------------------------------------------
[[32m[1m INFO  [21m[0m] Elapsed time: 7.04e+05 || Step number: 27700/30000
[[32m[1m INFO  [21m[0m] longdy = 1.21e-01      || longdy/dt = 2.46e-06  || dt = 3.97e-02
[[32m[1m INFO  [21m[0m] from nz = 40 and C6H5
[[32m[1m INFO  [21m[0m] -----------------------------------------------------------------
[[32m[1m INFO  [21m[0m] Elapsed time: 7.39e+05 || Step number: 27800/30000
[[32m[1m INFO  [21m[0m] longdy = 1.05e-01      || longdy/dt = 2.95e-06  || dt = 9.51e-08
[[32m[1m INFO  [21m[0m] from nz = 2 and N2O
[[32m[1m INFO  [21m[0m] -----------------------------------------------------------------
[[32m[1m INFO  [21m[0m] Elapsed time: 7.48e+05 || Step number: 27900/30000
[[32m[1m INFO  [21m[0m] longdy = 5.04e-02      || longdy/dt = 5.74e-06  || dt = 2.47e-03
[[32m[1m INFO  [21m[0m] from nz = 2 and N2O
[[32m[1m INFO  [21m[0m] -----------------------------------------------------------------
[[32m[1m INFO  [21m[0m] Integration successful with 27901 steps
[[32m[1m INFO  [21m[0m] long dy, long dydt = 0.016967234889692304, 1.9320795941916878e-06
[[32m[1m INFO  [21m[0m] Total atom loss:
[[32m[1m INFO  [21m[0m] H: 0.14980088340545328 
[[32m[1m INFO  [21m[0m] O: 0.48775802622513487 
[[32m[1m INFO  [21m[0m] C: 1.9639453312471544 
[[32m[1m INFO  [21m[0m] N: 9.1074752844627 
[[32m[1m INFO  [21m[0m] S: 19.412102938510706 
[[32m[1m INFO  [21m[0m] ------ Live long and prosper \V/ ------
[[32m[1m INFO  [21m[0m]     done
Atmodeller initialized with double precision (float64)
[[93m[1m WARNING [21m[0m] The archive tar file does not exist: /data/rdc49-2/K218b_project/simulation_data/grid_H2_C2_N0_S0_fO22__from_batch12_case_000000__7_crash_atmos_chem_step_vulcan_chem_funs_race_missing_symjac/data/data.tar
[[32m[1m INFO  [21m[0m] Observing the planet...
Loading PHOENIX star table in file '/data/rdc49-2/FWL_DATA/prt/input_data/stellar_spectra/phoenix/phoenix.startable.petitRADTRANS.h5'... Done.
