Atmodeller initialized with double precision (float64)
[[93m[1m WARNING [21m[0m] The archive tar file does not exist: /data/rdc49-2/K218b_project/simulation_data/grid_H3_C0_N0_S1_fO20__from_batch03_case_000033__7_crash_atmos_chem_step_vulcan_chem_funs_race_syntax_error/data/data.tar
[[32m[1m INFO  [21m[0m] Running atmospheric chemistry...
[[32m[1m INFO  [21m[0m]     Using vulcan module, offline
[[32m[1m INFO  [21m[0m] Elements conserved in the network.
[[32m[1m INFO  [21m[0m] No duplicates in the network.
[[32m[1m INFO  [21m[0m] Elements conserved in the network.
[[32m[1m INFO  [21m[0m] No duplicates in the network.
[[32m[1m INFO  [21m[0m] Running VULCAN
[[32m[1m INFO  [21m[0m] Initializing with compositions from ASCII file /data/rdc49-2/K218b_project/simulation_data/grid_H3_C0_N0_S1_fO20__from_batch03_case_000033__7_crash_atmos_chem_step_vulcan_chem_funs_race_syntax_error/offchem/vmrs.dat
[[32m[1m INFO  [21m[0m] Input stellar spectrum from 2.0 to 700.0
[[32m[1m INFO  [21m[0m] Using wavelength bins from 2.0 to 655.5
[[32m[1m INFO  [21m[0m] Include molecular diffusion.
[[32m[1m INFO  [21m[0m] Starting VULCAN integration with 1 threads...
[[93m[1m WARNING [21m[0m] Keep producing negative values! Clipping negative solutions and moving on!
[[93m[1m WARNING [21m[0m] Keep producing negative values! Clipping negative solutions and moving on!
[[93m[1m WARNING [21m[0m] Keep producing negative values! Clipping negative solutions and moving on!
[[93m[1m WARNING [21m[0m] Keep producing negative values! Clipping negative solutions and moving on!
[[93m[1m WARNING [21m[0m] Keep producing negative values! Clipping negative solutions and moving on!
[[93m[1m WARNING [21m[0m] Keep producing negative values! Clipping negative solutions and moving on!
[[93m[1m WARNING [21m[0m] Keep producing negative values! Clipping negative solutions and moving on!
[[93m[1m WARNING [21m[0m] Keep producing negative values! Clipping negative solutions and moving on!
[[32m[1m INFO  [21m[0m] Elapsed time: 2.22e-05 || Step number: 100/30000
[[32m[1m INFO  [21m[0m] longdy = 1.00e+00      || longdy/dt = 1.00e+00  || dt = 5.90e-07
[[32m[1m INFO  [21m[0m] from nz = 0 and OH
[[32m[1m INFO  [21m[0m] -----------------------------------------------------------------
[[32m[1m INFO  [21m[0m] Elapsed time: 1.35e-04 || Step number: 200/30000
[[32m[1m INFO  [21m[0m] longdy = 1.00e+00      || longdy/dt = 1.00e+00  || dt = 2.15e-06
[[32m[1m INFO  [21m[0m] from nz = 0 and OH
[[32m[1m INFO  [21m[0m] -----------------------------------------------------------------
[[32m[1m INFO  [21m[0m] Elapsed time: 6.82e-04 || Step number: 300/30000
[[32m[1m INFO  [21m[0m] longdy = 1.00e+00      || longdy/dt = 1.00e+00  || dt = 1.77e-05
[[32m[1m INFO  [21m[0m] from nz = 0 and OH
[[32m[1m INFO  [21m[0m] -----------------------------------------------------------------
[[32m[1m INFO  [21m[0m] Elapsed time: 2.52e-03 || Step number: 400/30000
[[32m[1m INFO  [21m[0m] longdy = 1.00e+00      || longdy/dt = 1.00e+00  || dt = 2.72e-05
[[32m[1m INFO  [21m[0m] from nz = 0 and OH
[[32m[1m INFO  [21m[0m] -----------------------------------------------------------------
[[32m[1m INFO  [21m[0m] Elapsed time: 1.75e-02 || Step number: 500/30000
[[32m[1m INFO  [21m[0m] longdy = 1.00e+00      || longdy/dt = 1.00e+00  || dt = 1.84e-04
[[32m[1m INFO  [21m[0m] from nz = 0 and OH
[[32m[1m INFO  [21m[0m] -----------------------------------------------------------------
[[32m[1m INFO  [21m[0m] Elapsed time: 9.72e-02 || Step number: 600/30000
[[32m[1m INFO  [21m[0m] longdy = 1.00e+00      || longdy/dt = 1.00e+00  || dt = 2.14e-03
[[32m[1m INFO  [21m[0m] from nz = 0 and OH
[[32m[1m INFO  [21m[0m] -----------------------------------------------------------------
[[32m[1m INFO  [21m[0m] Elapsed time: 4.20e-01 || Step number: 700/30000
[[32m[1m INFO  [21m[0m] longdy = 1.00e+00      || longdy/dt = 1.00e+00  || dt = 1.32e-02
[[32m[1m INFO  [21m[0m] from nz = 0 and OH
[[32m[1m INFO  [21m[0m] -----------------------------------------------------------------
[[32m[1m INFO  [21m[0m] Elapsed time: 2.74e+00 || Step number: 800/30000
[[32m[1m INFO  [21m[0m] longdy = 1.00e+00      || longdy/dt = 1.00e+00  || dt = 4.27e-02
[[32m[1m INFO  [21m[0m] from nz = 0 and OH
[[32m[1m INFO  [21m[0m] -----------------------------------------------------------------
[[32m[1m INFO  [21m[0m] Elapsed time: 1.23e+01 || Step number: 900/30000
[[32m[1m INFO  [21m[0m] longdy = 1.00e+00      || longdy/dt = 1.00e+00  || dt = 1.75e-01
[[32m[1m INFO  [21m[0m] from nz = 0 and OH
[[32m[1m INFO  [21m[0m] -----------------------------------------------------------------
[[32m[1m INFO  [21m[0m] Elapsed time: 3.81e+01 || Step number: 1000/30000
[[32m[1m INFO  [21m[0m] longdy = 1.00e+00      || longdy/dt = 1.00e+00  || dt = 4.38e-01
[[32m[1m INFO  [21m[0m] from nz = 0 and OH
[[32m[1m INFO  [21m[0m] -----------------------------------------------------------------
[[32m[1m INFO  [21m[0m] Elapsed time: 1.05e+02 || Step number: 1100/30000
[[32m[1m INFO  [21m[0m] longdy = 9.72e+01      || longdy/dt = 1.87e+00  || dt = 1.07e+00
[[32m[1m INFO  [21m[0m] from nz = 11 and O2
[[32m[1m INFO  [21m[0m] -----------------------------------------------------------------
[[32m[1m INFO  [21m[0m] Elapsed time: 2.01e+02 || Step number: 1200/30000
[[32m[1m INFO  [21m[0m] longdy = 1.61e+02      || longdy/dt = 1.72e+00  || dt = 2.02e+00
[[32m[1m INFO  [21m[0m] from nz = 46 and N
[[32m[1m INFO  [21m[0m] -----------------------------------------------------------------
[[32m[1m INFO  [21m[0m] Elapsed time: 3.48e+02 || Step number: 1300/30000
[[32m[1m INFO  [21m[0m] longdy = 8.98e+01      || longdy/dt = 6.23e-01  || dt = 3.33e+00
[[32m[1m INFO  [21m[0m] from nz = 43 and N
[[32m[1m INFO  [21m[0m] -----------------------------------------------------------------
[[32m[1m INFO  [21m[0m] Elapsed time: 6.41e+02 || Step number: 1400/30000
[[32m[1m INFO  [21m[0m] longdy = 3.17e+01      || longdy/dt = 1.10e-01  || dt = 5.45e+00
[[32m[1m INFO  [21m[0m] from nz = 12 and O2
[[32m[1m INFO  [21m[0m] -----------------------------------------------------------------
[[32m[1m INFO  [21m[0m] Elapsed time: 1.17e+03 || Step number: 1500/30000
[[32m[1m INFO  [21m[0m] longdy = 2.98e+01      || longdy/dt = 5.74e-02  || dt = 9.21e+00
[[32m[1m INFO  [21m[0m] from nz = 40 and HCS
[[32m[1m INFO  [21m[0m] -----------------------------------------------------------------
[[32m[1m INFO  [21m[0m] Elapsed time: 2.13e+03 || Step number: 1600/30000
[[32m[1m INFO  [21m[0m] longdy = 3.87e+02      || longdy/dt = 4.09e-01  || dt = 1.73e+01
[[32m[1m INFO  [21m[0m] from nz = 42 and CS
[[32m[1m INFO  [21m[0m] -----------------------------------------------------------------
[[32m[1m INFO  [21m[0m] Elapsed time: 3.67e+03 || Step number: 1700/30000
[[32m[1m INFO  [21m[0m] longdy = 6.81e+03      || longdy/dt = 4.48e+00  || dt = 2.15e+01
[[32m[1m INFO  [21m[0m] from nz = 38 and CS
[[32m[1m INFO  [21m[0m] -----------------------------------------------------------------
[[32m[1m INFO  [21m[0m] Elapsed time: 6.12e+03 || Step number: 1800/30000
[[32m[1m INFO  [21m[0m] longdy = 8.83e+02      || longdy/dt = 3.67e-01  || dt = 4.15e+01
[[32m[1m INFO  [21m[0m] from nz = 32 and CS
[[32m[1m INFO  [21m[0m] -----------------------------------------------------------------
[[32m[1m INFO  [21m[0m] Elapsed time: 1.11e+04 || Step number: 1900/30000
[[32m[1m INFO  [21m[0m] longdy = 3.35e+01      || longdy/dt = 6.87e-03  || dt = 7.16e+01
[[32m[1m INFO  [21m[0m] from nz = 27 and CS
[[32m[1m INFO  [21m[0m] -----------------------------------------------------------------
[[32m[1m INFO  [21m[0m] Elapsed time: 2.24e+04 || Step number: 2000/30000
[[32m[1m INFO  [21m[0m] longdy = 4.25e+00      || longdy/dt = 3.82e-04  || dt = 1.94e+02
[[32m[1m INFO  [21m[0m] from nz = 11 and HSO
[[32m[1m INFO  [21m[0m] -----------------------------------------------------------------
[[32m[1m INFO  [21m[0m] Elapsed time: 5.20e+04 || Step number: 2100/30000
[[32m[1m INFO  [21m[0m] longdy = 3.95e+00      || longdy/dt = 1.53e-04  || dt = 5.94e+02
[[32m[1m INFO  [21m[0m] from nz = 12 and HSO
[[32m[1m INFO  [21m[0m] -----------------------------------------------------------------
[[32m[1m INFO  [21m[0m] Elapsed time: 1.65e+05 || Step number: 2200/30000
[[32m[1m INFO  [21m[0m] longdy = 5.43e+00      || longdy/dt = 6.70e-05  || dt = 2.61e+03
[[32m[1m INFO  [21m[0m] from nz = 18 and O2
[[32m[1m INFO  [21m[0m] -----------------------------------------------------------------
[[32m[1m INFO  [21m[0m] Elapsed time: 3.53e+05 || Step number: 2300/30000
[[32m[1m INFO  [21m[0m] longdy = 5.58e+00      || longdy/dt = 3.17e-05  || dt = 1.05e+02
[[32m[1m INFO  [21m[0m] from nz = 16 and O2
[[32m[1m INFO  [21m[0m] -----------------------------------------------------------------
[[32m[1m INFO  [21m[0m] Elapsed time: 4.99e+05 || Step number: 2400/30000
[[32m[1m INFO  [21m[0m] longdy = 2.67e+00      || longdy/dt = 1.83e-05  || dt = 2.38e-03
[[32m[1m INFO  [21m[0m] from nz = 15 and O2
[[32m[1m INFO  [21m[0m] -----------------------------------------------------------------
[[32m[1m INFO  [21m[0m] Elapsed time: 6.42e+05 || Step number: 2500/30000
[[32m[1m INFO  [21m[0m] longdy = 2.49e+00      || longdy/dt = 1.74e-05  || dt = 1.02e-02
[[32m[1m INFO  [21m[0m] from nz = 15 and O2
[[32m[1m INFO  [21m[0m] -----------------------------------------------------------------
[[32m[1m INFO  [21m[0m] Elapsed time: 8.11e+05 || Step number: 2600/30000
[[32m[1m INFO  [21m[0m] longdy = 3.09e+00      || longdy/dt = 1.90e-05  || dt = 1.24e+04
[[32m[1m INFO  [21m[0m] from nz = 16 and O2
[[32m[1m INFO  [21m[0m] -----------------------------------------------------------------
[[32m[1m INFO  [21m[0m] Elapsed time: 1.06e+06 || Step number: 2700/30000
[[32m[1m INFO  [21m[0m] longdy = 6.86e+00      || longdy/dt = 2.80e-05  || dt = 1.42e+03
[[32m[1m INFO  [21m[0m] from nz = 16 and O2
[[32m[1m INFO  [21m[0m] -----------------------------------------------------------------
[[32m[1m INFO  [21m[0m] Elapsed time: 1.15e+06 || Step number: 2800/30000
[[32m[1m INFO  [21m[0m] longdy = 9.22e-01      || longdy/dt = 1.09e-05  || dt = 1.17e+04
[[32m[1m INFO  [21m[0m] from nz = 16 and O2
[[32m[1m INFO  [21m[0m] -----------------------------------------------------------------
[[32m[1m INFO  [21m[0m] Elapsed time: 1.26e+06 || Step number: 2900/30000
[[32m[1m INFO  [21m[0m] longdy = 1.08e+00      || longdy/dt = 9.81e-06  || dt = 3.38e+00
[[32m[1m INFO  [21m[0m] from nz = 16 and O2
[[32m[1m INFO  [21m[0m] -----------------------------------------------------------------
[[32m[1m INFO  [21m[0m] Elapsed time: 1.44e+06 || Step number: 3000/30000
[[32m[1m INFO  [21m[0m] longdy = 1.16e+00      || longdy/dt = 6.21e-06  || dt = 2.85e+00
[[32m[1m INFO  [21m[0m] from nz = 16 and O2
[[32m[1m INFO  [21m[0m] -----------------------------------------------------------------
[[32m[1m INFO  [21m[0m] Elapsed time: 1.59e+06 || Step number: 3100/30000
[[32m[1m INFO  [21m[0m] longdy = 3.72e-01      || longdy/dt = 2.66e-06  || dt = 1.68e+03
[[32m[1m INFO  [21m[0m] from nz = 15 and CH3OH
[[32m[1m INFO  [21m[0m] -----------------------------------------------------------------
[[32m[1m INFO  [21m[0m] Elapsed time: 1.74e+06 || Step number: 3200/30000
[[32m[1m INFO  [21m[0m] longdy = 4.05e-01      || longdy/dt = 2.63e-06  || dt = 3.36e-02
[[32m[1m INFO  [21m[0m] from nz = 16 and CH2OH
[[32m[1m INFO  [21m[0m] -----------------------------------------------------------------
[[32m[1m INFO  [21m[0m] Elapsed time: 1.88e+06 || Step number: 3300/30000
[[32m[1m INFO  [21m[0m] longdy = 3.82e-01      || longdy/dt = 2.63e-06  || dt = 1.74e+00
[[32m[1m INFO  [21m[0m] from nz = 24 and CH2OH
[[32m[1m INFO  [21m[0m] -----------------------------------------------------------------
[[32m[1m INFO  [21m[0m] Elapsed time: 2.08e+06 || Step number: 3400/30000
[[32m[1m INFO  [21m[0m] longdy = 5.48e-01      || longdy/dt = 2.81e-06  || dt = 2.19e-02
[[32m[1m INFO  [21m[0m] from nz = 24 and CH2OH
[[32m[1m INFO  [21m[0m] -----------------------------------------------------------------
[[32m[1m INFO  [21m[0m] Elapsed time: 2.30e+06 || Step number: 3500/30000
[[32m[1m INFO  [21m[0m] longdy = 6.36e-01      || longdy/dt = 2.89e-06  || dt = 5.38e+00
[[32m[1m INFO  [21m[0m] from nz = 24 and CH2OH
[[32m[1m INFO  [21m[0m] -----------------------------------------------------------------
[[32m[1m INFO  [21m[0m] Elapsed time: 2.52e+06 || Step number: 3600/30000
[[32m[1m INFO  [21m[0m] longdy = 6.32e-01      || longdy/dt = 2.84e-06  || dt = 4.56e+01
[[32m[1m INFO  [21m[0m] from nz = 24 and CH2OH
[[32m[1m INFO  [21m[0m] -----------------------------------------------------------------
[[32m[1m INFO  [21m[0m] Elapsed time: 2.94e+06 || Step number: 3700/30000
[[32m[1m INFO  [21m[0m] longdy = 1.41e+00      || longdy/dt = 3.37e-06  || dt = 2.89e+02
[[32m[1m INFO  [21m[0m] from nz = 29 and COS
[[32m[1m INFO  [21m[0m] -----------------------------------------------------------------
[[32m[1m INFO  [21m[0m] Elapsed time: 3.31e+06 || Step number: 3800/30000
[[32m[1m INFO  [21m[0m] longdy = 1.07e+00      || longdy/dt = 2.93e-06  || dt = 4.03e+01
[[32m[1m INFO  [21m[0m] from nz = 29 and COS
[[32m[1m INFO  [21m[0m] -----------------------------------------------------------------
[[32m[1m INFO  [21m[0m] Elapsed time: 3.72e+06 || Step number: 3900/30000
[[32m[1m INFO  [21m[0m] longdy = 1.03e+00      || longdy/dt = 2.56e-06  || dt = 1.25e+04
[[32m[1m INFO  [21m[0m] from nz = 30 and CO
[[32m[1m INFO  [21m[0m] -----------------------------------------------------------------
[[32m[1m INFO  [21m[0m] Elapsed time: 4.90e+06 || Step number: 4000/30000
[[32m[1m INFO  [21m[0m] longdy = 2.01e+00      || longdy/dt = 1.70e-06  || dt = 4.27e+02
[[32m[1m INFO  [21m[0m] from nz = 30 and CO
[[32m[1m INFO  [21m[0m] -----------------------------------------------------------------
[[32m[1m INFO  [21m[0m] Elapsed time: 6.17e+06 || Step number: 4100/30000
[[32m[1m INFO  [21m[0m] longdy = 1.81e-01      || longdy/dt = 1.43e-07  || dt = 1.86e+03
[[32m[1m INFO  [21m[0m] from nz = 30 and CO
[[32m[1m INFO  [21m[0m] -----------------------------------------------------------------
[[32m[1m INFO  [21m[0m] Elapsed time: 8.97e+06 || Step number: 4200/30000
[[32m[1m INFO  [21m[0m] longdy = 1.27e-02      || longdy/dt = 5.05e-09  || dt = 3.61e+05
[[32m[1m INFO  [21m[0m] from nz = 28 and COS
[[32m[1m INFO  [21m[0m] -----------------------------------------------------------------
[[32m[1m INFO  [21m[0m] Elapsed time: 4.71e+07 || Step number: 4300/30000
[[32m[1m INFO  [21m[0m] longdy = 1.18e-03      || longdy/dt = 5.01e-11  || dt = 3.45e+05
[[32m[1m INFO  [21m[0m] from nz = 44 and HCO
[[32m[1m INFO  [21m[0m] -----------------------------------------------------------------
[[32m[1m INFO  [21m[0m] Integration successful with 4346 steps
[[32m[1m INFO  [21m[0m] long dy, long dydt = 0.0018853065872597163, 5.4010265301841715e-11
[[32m[1m INFO  [21m[0m] Total atom loss:
[[32m[1m INFO  [21m[0m] H: 6.165951026247412e-05 
[[32m[1m INFO  [21m[0m] O: -0.00025882514540253866 
[[32m[1m INFO  [21m[0m] C: 0.07130586153006621 
[[32m[1m INFO  [21m[0m] N: 0.004780075010407487 
[[32m[1m INFO  [21m[0m] S: 0.1320934973705146 
[[32m[1m INFO  [21m[0m] ------ Live long and prosper \V/ ------
[[32m[1m INFO  [21m[0m]     done
Atmodeller initialized with double precision (float64)
[[93m[1m WARNING [21m[0m] The archive tar file does not exist: /data/rdc49-2/K218b_project/simulation_data/grid_H3_C0_N0_S1_fO20__from_batch03_case_000033__7_crash_atmos_chem_step_vulcan_chem_funs_race_syntax_error/data/data.tar
[[32m[1m INFO  [21m[0m] Observing the planet...
