Atmodeller initialized with double precision (float64)
[[93m[1m WARNING [21m[0m] The archive tar file does not exist: /data/rdc49-2/K218b_project/simulation_data/grid_H1_C0_N3_S0_fO22__from_batch09_case_000044__7_crash_atmos_chem_step_vulcan_chem_funs_race_missing_symjac/data/data.tar
[[32m[1m INFO  [21m[0m] Running atmospheric chemistry...
[[32m[1m INFO  [21m[0m]     Using vulcan module, offline
[[32m[1m INFO  [21m[0m] Elements conserved in the network.
[[32m[1m INFO  [21m[0m] No duplicates in the network.
[[32m[1m INFO  [21m[0m] Elements conserved in the network.
[[32m[1m INFO  [21m[0m] No duplicates in the network.
[[32m[1m INFO  [21m[0m] Running VULCAN
[[93m[1m WARNING [21m[0m] P_b and P_t assgined in vulcan.cfg are out of range of the input. Constant extension is used.
[[32m[1m INFO  [21m[0m] Initializing with compositions from ASCII file /data/rdc49-2/K218b_project/simulation_data/grid_H1_C0_N3_S0_fO22__from_batch09_case_000044__7_crash_atmos_chem_step_vulcan_chem_funs_race_missing_symjac/offchem/vmrs.dat
[[32m[1m INFO  [21m[0m] Input stellar spectrum from 2.0 to 700.0
[[32m[1m INFO  [21m[0m] Using wavelength bins from 2.0 to 655.5
[[32m[1m INFO  [21m[0m] Include molecular diffusion.
[[32m[1m INFO  [21m[0m] Starting VULCAN integration with 1 threads...
[[93m[1m WARNING [21m[0m] Keep producing negative values! Clipping negative solutions and moving on!
[[93m[1m WARNING [21m[0m] Keep producing negative values! Clipping negative solutions and moving on!
[[93m[1m WARNING [21m[0m] Keep producing negative values! Clipping negative solutions and moving on!
[[93m[1m WARNING [21m[0m] Keep producing negative values! Clipping negative solutions and moving on!
[[93m[1m WARNING [21m[0m] Keep producing negative values! Clipping negative solutions and moving on!
[[93m[1m WARNING [21m[0m] Keep producing negative values! Clipping negative solutions and moving on!
[[93m[1m WARNING [21m[0m] Keep producing negative values! Clipping negative solutions and moving on!
[[93m[1m WARNING [21m[0m] Keep producing negative values! Clipping negative solutions and moving on!
[[93m[1m WARNING [21m[0m] Keep producing negative values! Clipping negative solutions and moving on!
[[93m[1m WARNING [21m[0m] Keep producing negative values! Clipping negative solutions and moving on!
[[93m[1m WARNING [21m[0m] Keep producing negative values! Clipping negative solutions and moving on!
[[32m[1m INFO  [21m[0m] Elapsed time: 6.60e-06 || Step number: 100/30000
[[32m[1m INFO  [21m[0m] longdy = 1.00e+00      || longdy/dt = 1.00e+00  || dt = 2.64e-07
[[32m[1m INFO  [21m[0m] from nz = 0 and OH
[[32m[1m INFO  [21m[0m] -----------------------------------------------------------------
[[32m[1m INFO  [21m[0m] Elapsed time: 6.87e-05 || Step number: 200/30000
[[32m[1m INFO  [21m[0m] longdy = 1.00e+00      || longdy/dt = 1.00e+00  || dt = 1.75e-06
[[32m[1m INFO  [21m[0m] from nz = 0 and OH
[[32m[1m INFO  [21m[0m] -----------------------------------------------------------------
[[32m[1m INFO  [21m[0m] Elapsed time: 6.25e-04 || Step number: 300/30000
[[32m[1m INFO  [21m[0m] longdy = 1.00e+00      || longdy/dt = 1.00e+00  || dt = 1.80e-05
[[32m[1m INFO  [21m[0m] from nz = 0 and OH
[[32m[1m INFO  [21m[0m] -----------------------------------------------------------------
[[32m[1m INFO  [21m[0m] Elapsed time: 4.76e-03 || Step number: 400/30000
[[32m[1m INFO  [21m[0m] longdy = 1.00e+00      || longdy/dt = 1.00e+00  || dt = 1.45e-04
[[32m[1m INFO  [21m[0m] from nz = 0 and OH
[[32m[1m INFO  [21m[0m] -----------------------------------------------------------------
[[32m[1m INFO  [21m[0m] Elapsed time: 2.83e-02 || Step number: 500/30000
[[32m[1m INFO  [21m[0m] longdy = 1.00e+00      || longdy/dt = 1.00e+00  || dt = 9.83e-04
[[32m[1m INFO  [21m[0m] from nz = 0 and OH
[[32m[1m INFO  [21m[0m] -----------------------------------------------------------------
[[32m[1m INFO  [21m[0m] Elapsed time: 1.88e-01 || Step number: 600/30000
[[32m[1m INFO  [21m[0m] longdy = 1.00e+00      || longdy/dt = 1.00e+00  || dt = 2.71e-03
[[32m[1m INFO  [21m[0m] from nz = 0 and OH
[[32m[1m INFO  [21m[0m] -----------------------------------------------------------------
[[32m[1m INFO  [21m[0m] Elapsed time: 1.35e+00 || Step number: 700/30000
[[32m[1m INFO  [21m[0m] longdy = 1.00e+00      || longdy/dt = 1.00e+00  || dt = 1.84e-02
[[32m[1m INFO  [21m[0m] from nz = 0 and OH
[[32m[1m INFO  [21m[0m] -----------------------------------------------------------------
[[32m[1m INFO  [21m[0m] Elapsed time: 4.85e+00 || Step number: 800/30000
[[32m[1m INFO  [21m[0m] longdy = 1.00e+00      || longdy/dt = 1.00e+00  || dt = 5.67e-02
[[32m[1m INFO  [21m[0m] from nz = 0 and OH
[[32m[1m INFO  [21m[0m] -----------------------------------------------------------------
[[32m[1m INFO  [21m[0m] Elapsed time: 1.30e+01 || Step number: 900/30000
[[32m[1m INFO  [21m[0m] longdy = 1.00e+00      || longdy/dt = 1.00e+00  || dt = 1.13e-01
[[32m[1m INFO  [21m[0m] from nz = 0 and OH
[[32m[1m INFO  [21m[0m] -----------------------------------------------------------------
[[32m[1m INFO  [21m[0m] Elapsed time: 2.92e+01 || Step number: 1000/30000
[[32m[1m INFO  [21m[0m] longdy = 1.00e+00      || longdy/dt = 1.00e+00  || dt = 2.24e-01
[[32m[1m INFO  [21m[0m] from nz = 0 and OH
[[32m[1m INFO  [21m[0m] -----------------------------------------------------------------
[[32m[1m INFO  [21m[0m] Elapsed time: 5.89e+01 || Step number: 1100/30000
[[32m[1m INFO  [21m[0m] longdy = 1.00e+00      || longdy/dt = 1.00e+00  || dt = 3.94e-01
[[32m[1m INFO  [21m[0m] from nz = 0 and OH
[[32m[1m INFO  [21m[0m] -----------------------------------------------------------------
[[32m[1m INFO  [21m[0m] Elapsed time: 1.14e+02 || Step number: 1200/30000
[[32m[1m INFO  [21m[0m] longdy = 1.10e+01      || longdy/dt = 2.02e-01  || dt = 7.16e-01
[[32m[1m INFO  [21m[0m] from nz = 14 and O2
[[32m[1m INFO  [21m[0m] -----------------------------------------------------------------
[[32m[1m INFO  [21m[0m] Elapsed time: 1.90e+02 || Step number: 1300/30000
[[32m[1m INFO  [21m[0m] longdy = 6.43e+00      || longdy/dt = 8.53e-02  || dt = 1.23e+00
[[32m[1m INFO  [21m[0m] from nz = 37 and CH2
[[32m[1m INFO  [21m[0m] -----------------------------------------------------------------
[[32m[1m INFO  [21m[0m] Elapsed time: 2.77e+02 || Step number: 1400/30000
[[32m[1m INFO  [21m[0m] longdy = 3.87e+00      || longdy/dt = 4.53e-02  || dt = 1.31e+00
[[32m[1m INFO  [21m[0m] from nz = 14 and O2
[[32m[1m INFO  [21m[0m] -----------------------------------------------------------------
[[32m[1m INFO  [21m[0m] Elapsed time: 4.03e+02 || Step number: 1500/30000
[[32m[1m INFO  [21m[0m] longdy = 1.06e+01      || longdy/dt = 8.59e-02  || dt = 1.97e+00
[[32m[1m INFO  [21m[0m] from nz = 34 and N
[[32m[1m INFO  [21m[0m] -----------------------------------------------------------------
[[32m[1m INFO  [21m[0m] Elapsed time: 5.91e+02 || Step number: 1600/30000
[[32m[1m INFO  [21m[0m] longdy = 2.05e+01      || longdy/dt = 1.11e-01  || dt = 2.80e+00
[[32m[1m INFO  [21m[0m] from nz = 31 and N
[[32m[1m INFO  [21m[0m] -----------------------------------------------------------------
[[32m[1m INFO  [21m[0m] Elapsed time: 8.89e+02 || Step number: 1700/30000
[[32m[1m INFO  [21m[0m] longdy = 6.22e+00      || longdy/dt = 2.12e-02  || dt = 4.91e+00
[[32m[1m INFO  [21m[0m] from nz = 32 and N
[[32m[1m INFO  [21m[0m] -----------------------------------------------------------------
[[32m[1m INFO  [21m[0m] Elapsed time: 1.60e+03 || Step number: 1800/30000
[[32m[1m INFO  [21m[0m] longdy = 5.07e+00      || longdy/dt = 7.30e-03  || dt = 1.35e+01
[[32m[1m INFO  [21m[0m] from nz = 33 and N
[[32m[1m INFO  [21m[0m] -----------------------------------------------------------------
[[32m[1m INFO  [21m[0m] Elapsed time: 3.15e+03 || Step number: 1900/30000
[[32m[1m INFO  [21m[0m] longdy = 3.00e+00      || longdy/dt = 1.96e-03  || dt = 2.48e+01
[[32m[1m INFO  [21m[0m] from nz = 15 and O2
[[32m[1m INFO  [21m[0m] -----------------------------------------------------------------
[[32m[1m INFO  [21m[0m] Elapsed time: 6.17e+03 || Step number: 2000/30000
[[32m[1m INFO  [21m[0m] longdy = 3.24e+00      || longdy/dt = 1.09e-03  || dt = 4.93e+01
[[32m[1m INFO  [21m[0m] from nz = 25 and NH
[[32m[1m INFO  [21m[0m] -----------------------------------------------------------------
[[32m[1m INFO  [21m[0m] Elapsed time: 1.41e+04 || Step number: 2100/30000
[[32m[1m INFO  [21m[0m] longdy = 2.48e+00      || longdy/dt = 3.57e-04  || dt = 1.82e+02
[[32m[1m INFO  [21m[0m] from nz = 26 and NH
[[32m[1m INFO  [21m[0m] -----------------------------------------------------------------
[[32m[1m INFO  [21m[0m] Elapsed time: 2.34e+04 || Step number: 2200/30000
[[32m[1m INFO  [21m[0m] longdy = 2.13e+00      || longdy/dt = 2.39e-04  || dt = 3.07e+02
[[32m[1m INFO  [21m[0m] from nz = 15 and O2
[[32m[1m INFO  [21m[0m] -----------------------------------------------------------------
[[32m[1m INFO  [21m[0m] Elapsed time: 3.51e+04 || Step number: 2300/30000
[[32m[1m INFO  [21m[0m] longdy = 1.05e+00      || longdy/dt = 8.90e-05  || dt = 8.72e-03
[[32m[1m INFO  [21m[0m] from nz = 15 and O2
[[32m[1m INFO  [21m[0m] -----------------------------------------------------------------
[[32m[1m INFO  [21m[0m] Elapsed time: 4.34e+04 || Step number: 2400/30000
[[32m[1m INFO  [21m[0m] longdy = 7.57e-01      || longdy/dt = 9.17e-05  || dt = 4.01e-02
[[32m[1m INFO  [21m[0m] from nz = 37 and CH3CN
[[32m[1m INFO  [21m[0m] -----------------------------------------------------------------
[[32m[1m INFO  [21m[0m] Elapsed time: 5.55e+04 || Step number: 2500/30000
[[32m[1m INFO  [21m[0m] longdy = 7.42e-01      || longdy/dt = 6.10e-05  || dt = 3.21e+00
[[32m[1m INFO  [21m[0m] from nz = 39 and CH3CN
[[32m[1m INFO  [21m[0m] -----------------------------------------------------------------
[[32m[1m INFO  [21m[0m] Elapsed time: 7.44e+04 || Step number: 2600/30000
[[32m[1m INFO  [21m[0m] longdy = 7.69e-01      || longdy/dt = 4.37e-05  || dt = 2.31e+03
[[32m[1m INFO  [21m[0m] from nz = 6 and S4
[[32m[1m INFO  [21m[0m] -----------------------------------------------------------------
[[32m[1m INFO  [21m[0m] Elapsed time: 9.50e+04 || Step number: 2700/30000
[[32m[1m INFO  [21m[0m] longdy = 7.50e-01      || longdy/dt = 3.64e-05  || dt = 6.42e+00
[[32m[1m INFO  [21m[0m] from nz = 7 and S4
[[32m[1m INFO  [21m[0m] -----------------------------------------------------------------
[[32m[1m INFO  [21m[0m] Elapsed time: 1.05e+05 || Step number: 2800/30000
[[32m[1m INFO  [21m[0m] longdy = 4.39e-01      || longdy/dt = 4.29e-05  || dt = 4.40e+00
[[32m[1m INFO  [21m[0m] from nz = 7 and S4
[[32m[1m INFO  [21m[0m] -----------------------------------------------------------------
[[32m[1m INFO  [21m[0m] Elapsed time: 1.06e+05 || Step number: 2900/30000
[[32m[1m INFO  [21m[0m] longdy = 5.40e-02      || longdy/dt = 5.11e-05  || dt = 9.81e+00
[[32m[1m INFO  [21m[0m] from nz = 7 and S4
[[32m[1m INFO  [21m[0m] -----------------------------------------------------------------
[[32m[1m INFO  [21m[0m] Elapsed time: 1.07e+05 || Step number: 3000/30000
[[32m[1m INFO  [21m[0m] longdy = 3.46e-02      || longdy/dt = 5.11e-05  || dt = 3.78e+01
[[32m[1m INFO  [21m[0m] from nz = 7 and S4
[[32m[1m INFO  [21m[0m] -----------------------------------------------------------------
[[32m[1m INFO  [21m[0m] Elapsed time: 1.08e+05 || Step number: 3100/30000
[[32m[1m INFO  [21m[0m] longdy = 6.48e-02      || longdy/dt = 4.96e-05  || dt = 8.60e+00
[[32m[1m INFO  [21m[0m] from nz = 7 and S4
[[32m[1m INFO  [21m[0m] -----------------------------------------------------------------
[[32m[1m INFO  [21m[0m] Elapsed time: 1.10e+05 || Step number: 3200/30000
[[32m[1m INFO  [21m[0m] longdy = 6.06e-02      || longdy/dt = 4.88e-05  || dt = 8.89e+00
[[32m[1m INFO  [21m[0m] from nz = 7 and S4
[[32m[1m INFO  [21m[0m] -----------------------------------------------------------------
[[32m[1m INFO  [21m[0m] Elapsed time: 1.10e+05 || Step number: 3300/30000
[[32m[1m INFO  [21m[0m] longdy = 4.15e-02      || longdy/dt = 4.86e-05  || dt = 3.90e+00
[[32m[1m INFO  [21m[0m] from nz = 7 and S4
[[32m[1m INFO  [21m[0m] -----------------------------------------------------------------
[[32m[1m INFO  [21m[0m] Elapsed time: 1.11e+05 || Step number: 3400/30000
[[32m[1m INFO  [21m[0m] longdy = 3.27e-02      || longdy/dt = 4.83e-05  || dt = 2.96e+01
[[32m[1m INFO  [21m[0m] from nz = 7 and S4
[[32m[1m INFO  [21m[0m] -----------------------------------------------------------------
[[32m[1m INFO  [21m[0m] Elapsed time: 1.13e+05 || Step number: 3500/30000
[[32m[1m INFO  [21m[0m] longdy = 9.18e-02      || longdy/dt = 4.60e-05  || dt = 6.36e+00
[[32m[1m INFO  [21m[0m] from nz = 7 and S4
[[32m[1m INFO  [21m[0m] -----------------------------------------------------------------
[[32m[1m INFO  [21m[0m] Elapsed time: 1.15e+05 || Step number: 3600/30000
[[32m[1m INFO  [21m[0m] longdy = 6.97e-02      || longdy/dt = 4.54e-05  || dt = 1.26e-01
[[32m[1m INFO  [21m[0m] from nz = 7 and S4
[[32m[1m INFO  [21m[0m] -----------------------------------------------------------------
[[32m[1m INFO  [21m[0m] Elapsed time: 1.18e+05 || Step number: 3700/30000
[[32m[1m INFO  [21m[0m] longdy = 1.57e-01      || longdy/dt = 4.72e-05  || dt = 1.64e+02
[[32m[1m INFO  [21m[0m] from nz = 8 and S4
[[32m[1m INFO  [21m[0m] -----------------------------------------------------------------
[[32m[1m INFO  [21m[0m] Elapsed time: 1.22e+05 || Step number: 3800/30000
[[32m[1m INFO  [21m[0m] longdy = 1.68e-01      || longdy/dt = 4.51e-05  || dt = 1.48e+02
[[32m[1m INFO  [21m[0m] from nz = 8 and S4
[[32m[1m INFO  [21m[0m] -----------------------------------------------------------------
[[32m[1m INFO  [21m[0m] Elapsed time: 1.27e+05 || Step number: 3900/30000
[[32m[1m INFO  [21m[0m] longdy = 1.97e-01      || longdy/dt = 4.24e-05  || dt = 2.94e+02
[[32m[1m INFO  [21m[0m] from nz = 8 and S4
[[32m[1m INFO  [21m[0m] -----------------------------------------------------------------
[[32m[1m INFO  [21m[0m] Elapsed time: 1.45e+05 || Step number: 4000/30000
[[32m[1m INFO  [21m[0m] longdy = 1.00e+00      || longdy/dt = 5.36e-05  || dt = 7.48e-02
[[32m[1m INFO  [21m[0m] from nz = 12 and C4H2
[[32m[1m INFO  [21m[0m] -----------------------------------------------------------------
[[32m[1m INFO  [21m[0m] Elapsed time: 1.59e+05 || Step number: 4100/30000
[[32m[1m INFO  [21m[0m] longdy = 3.91e-01      || longdy/dt = 2.91e-05  || dt = 5.78e-04
[[32m[1m INFO  [21m[0m] from nz = 12 and C4H2
[[32m[1m INFO  [21m[0m] -----------------------------------------------------------------
[[32m[1m INFO  [21m[0m] Elapsed time: 1.65e+05 || Step number: 4200/30000
[[32m[1m INFO  [21m[0m] longdy = 9.89e-01      || longdy/dt = 1.69e-04  || dt = 1.59e-01
[[32m[1m INFO  [21m[0m] from nz = 11 and C4H2
[[32m[1m INFO  [21m[0m] -----------------------------------------------------------------
[[32m[1m INFO  [21m[0m] Elapsed time: 1.76e+05 || Step number: 4300/30000
[[32m[1m INFO  [21m[0m] longdy = 9.79e-01      || longdy/dt = 8.91e-05  || dt = 3.19e+00
[[32m[1m INFO  [21m[0m] from nz = 12 and C4H2
[[32m[1m INFO  [21m[0m] -----------------------------------------------------------------
[[32m[1m INFO  [21m[0m] Elapsed time: 1.83e+05 || Step number: 4400/30000
[[32m[1m INFO  [21m[0m] longdy = 2.02e-01      || longdy/dt = 2.90e-05  || dt = 3.18e+00
[[32m[1m INFO  [21m[0m] from nz = 17 and CS2
[[32m[1m INFO  [21m[0m] -----------------------------------------------------------------
[[32m[1m INFO  [21m[0m] Elapsed time: 1.96e+05 || Step number: 4500/30000
[[32m[1m INFO  [21m[0m] longdy = 8.56e-01      || longdy/dt = 6.27e-05  || dt = 3.96e-02
[[32m[1m INFO  [21m[0m] from nz = 12 and C4H2
[[32m[1m INFO  [21m[0m] -----------------------------------------------------------------
[[32m[1m INFO  [21m[0m] Elapsed time: 2.24e+05 || Step number: 4600/30000
[[32m[1m INFO  [21m[0m] longdy = 1.05e+00      || longdy/dt = 3.92e-05  || dt = 2.23e+03
[[32m[1m INFO  [21m[0m] from nz = 35 and CH3
[[32m[1m INFO  [21m[0m] -----------------------------------------------------------------
[[32m[1m INFO  [21m[0m] Elapsed time: 2.35e+05 || Step number: 4700/30000
[[32m[1m INFO  [21m[0m] longdy = 1.00e+00      || longdy/dt = 8.94e-05  || dt = 3.19e+00
[[32m[1m INFO  [21m[0m] from nz = 12 and C4H2
[[32m[1m INFO  [21m[0m] -----------------------------------------------------------------
[[32m[1m INFO  [21m[0m] Elapsed time: 2.42e+05 || Step number: 4800/30000
[[32m[1m INFO  [21m[0m] longdy = 2.06e-01      || longdy/dt = 3.60e-05  || dt = 2.18e+03
[[32m[1m INFO  [21m[0m] from nz = 36 and CH3
[[32m[1m INFO  [21m[0m] -----------------------------------------------------------------
[[32m[1m INFO  [21m[0m] Elapsed time: 2.68e+05 || Step number: 4900/30000
[[32m[1m INFO  [21m[0m] longdy = 1.30e+00      || longdy/dt = 5.30e-05  || dt = 3.27e+03
[[32m[1m INFO  [21m[0m] from nz = 36 and CH3
[[32m[1m INFO  [21m[0m] -----------------------------------------------------------------
[[32m[1m INFO  [21m[0m] Elapsed time: 3.22e+05 || Step number: 5000/30000
[[32m[1m INFO  [21m[0m] longdy = 3.82e+00      || longdy/dt = 7.19e-05  || dt = 8.70e-03
[[32m[1m INFO  [21m[0m] from nz = 36 and CH3
[[32m[1m INFO  [21m[0m] -----------------------------------------------------------------
[[32m[1m INFO  [21m[0m] Elapsed time: 3.23e+05 || Step number: 5100/30000
[[32m[1m INFO  [21m[0m] longdy = 2.16e-01      || longdy/dt = 1.50e-04  || dt = 2.50e+02
[[32m[1m INFO  [21m[0m] from nz = 43 and NH2
[[32m[1m INFO  [21m[0m] -----------------------------------------------------------------
[[32m[1m INFO  [21m[0m] Elapsed time: 3.32e+05 || Step number: 5200/30000
[[32m[1m INFO  [21m[0m] longdy = 2.31e-01      || longdy/dt = 3.03e-05  || dt = 2.02e+03
[[32m[1m INFO  [21m[0m] from nz = 33 and C2H3
[[32m[1m INFO  [21m[0m] -----------------------------------------------------------------
[[32m[1m INFO  [21m[0m] Elapsed time: 3.34e+05 || Step number: 5300/30000
[[32m[1m INFO  [21m[0m] longdy = 7.26e-02      || longdy/dt = 3.32e-05  || dt = 3.28e+00
[[32m[1m INFO  [21m[0m] from nz = 33 and C2H3
[[32m[1m INFO  [21m[0m] -----------------------------------------------------------------
[[32m[1m INFO  [21m[0m] Elapsed time: 3.48e+05 || Step number: 5400/30000
[[32m[1m INFO  [21m[0m] longdy = 3.72e-01      || longdy/dt = 2.68e-05  || dt = 3.22e+00
[[32m[1m INFO  [21m[0m] from nz = 46 and N2H3
[[32m[1m INFO  [21m[0m] -----------------------------------------------------------------
[[32m[1m INFO  [21m[0m] Elapsed time: 3.58e+05 || Step number: 5500/30000
[[32m[1m INFO  [21m[0m] longdy = 2.59e-01      || longdy/dt = 2.63e-05  || dt = 3.20e+00
[[32m[1m INFO  [21m[0m] from nz = 32 and C2H3
[[32m[1m INFO  [21m[0m] -----------------------------------------------------------------
[[32m[1m INFO  [21m[0m] Elapsed time: 3.73e+05 || Step number: 5600/30000
[[32m[1m INFO  [21m[0m] longdy = 8.75e-01      || longdy/dt = 5.60e-05  || dt = 3.19e+00
[[32m[1m INFO  [21m[0m] from nz = 12 and C4H2
[[32m[1m INFO  [21m[0m] -----------------------------------------------------------------
[[32m[1m INFO  [21m[0m] Elapsed time: 3.82e+05 || Step number: 5700/30000
[[32m[1m INFO  [21m[0m] longdy = 1.94e-01      || longdy/dt = 2.41e-05  || dt = 2.41e+02
[[32m[1m INFO  [21m[0m] from nz = 18 and HC3N
[[32m[1m INFO  [21m[0m] -----------------------------------------------------------------
[[32m[1m INFO  [21m[0m] Elapsed time: 4.12e+05 || Step number: 5800/30000
[[32m[1m INFO  [21m[0m] longdy = 7.12e-01      || longdy/dt = 2.41e-05  || dt = 1.90e+03
[[32m[1m INFO  [21m[0m] from nz = 47 and N2H3
[[32m[1m INFO  [21m[0m] -----------------------------------------------------------------
[[32m[1m INFO  [21m[0m] Elapsed time: 4.78e+05 || Step number: 5900/30000
[[32m[1m INFO  [21m[0m] longdy = 1.42e+00      || longdy/dt = 2.14e-05  || dt = 3.20e+00
[[32m[1m INFO  [21m[0m] from nz = 44 and N2H3
[[32m[1m INFO  [21m[0m] -----------------------------------------------------------------
[[32m[1m INFO  [21m[0m] Elapsed time: 4.88e+05 || Step number: 6000/30000
[[32m[1m INFO  [21m[0m] longdy = 1.36e-01      || longdy/dt = 1.50e-05  || dt = 4.52e+01
[[32m[1m INFO  [21m[0m] from nz = 16 and HC3N
[[32m[1m INFO  [21m[0m] -----------------------------------------------------------------
[[32m[1m INFO  [21m[0m] Elapsed time: 5.61e+05 || Step number: 6100/30000
[[32m[1m INFO  [21m[0m] longdy = 6.85e-01      || longdy/dt = 9.46e-06  || dt = 2.58e+03
[[32m[1m INFO  [21m[0m] from nz = 42 and N2H3
[[32m[1m INFO  [21m[0m] -----------------------------------------------------------------
[[32m[1m INFO  [21m[0m] Elapsed time: 5.95e+05 || Step number: 6200/30000
[[32m[1m INFO  [21m[0m] longdy = 1.00e+00      || longdy/dt = 2.98e-05  || dt = 2.99e-01
[[32m[1m INFO  [21m[0m] from nz = 12 and C4H2
[[32m[1m INFO  [21m[0m] -----------------------------------------------------------------
[[32m[1m INFO  [21m[0m] Elapsed time: 6.08e+05 || Step number: 6300/30000
[[32m[1m INFO  [21m[0m] longdy = 2.36e-01      || longdy/dt = 1.80e-05  || dt = 3.08e+00
[[32m[1m INFO  [21m[0m] from nz = 12 and C4H2
[[32m[1m INFO  [21m[0m] -----------------------------------------------------------------
[[32m[1m INFO  [21m[0m] Elapsed time: 6.24e+05 || Step number: 6400/30000
[[32m[1m INFO  [21m[0m] longdy = 9.65e-02      || longdy/dt = 6.13e-06  || dt = 1.55e+01
[[32m[1m INFO  [21m[0m] from nz = 16 and C3H4
[[32m[1m INFO  [21m[0m] -----------------------------------------------------------------
[[32m[1m INFO  [21m[0m] Elapsed time: 6.34e+05 || Step number: 6500/30000
[[32m[1m INFO  [21m[0m] longdy = 5.96e-02      || longdy/dt = 5.71e-06  || dt = 3.24e+00
[[32m[1m INFO  [21m[0m] from nz = 16 and C3H4
[[32m[1m INFO  [21m[0m] -----------------------------------------------------------------
[[32m[1m INFO  [21m[0m] Elapsed time: 6.56e+05 || Step number: 6600/30000
[[32m[1m INFO  [21m[0m] longdy = 1.08e-01      || longdy/dt = 4.99e-06  || dt = 1.20e+03
[[32m[1m INFO  [21m[0m] from nz = 16 and C3H4
[[32m[1m INFO  [21m[0m] -----------------------------------------------------------------
[[32m[1m INFO  [21m[0m] Elapsed time: 6.77e+05 || Step number: 6700/30000
[[32m[1m INFO  [21m[0m] longdy = 9.05e-02      || longdy/dt = 4.33e-06  || dt = 1.02e+02
[[32m[1m INFO  [21m[0m] from nz = 16 and C3H4
[[32m[1m INFO  [21m[0m] -----------------------------------------------------------------
[[32m[1m INFO  [21m[0m] Elapsed time: 7.52e+05 || Step number: 6800/30000
[[32m[1m INFO  [21m[0m] longdy = 2.18e-01      || longdy/dt = 2.91e-06  || dt = 3.68e+02
[[32m[1m INFO  [21m[0m] from nz = 16 and C3H4
[[32m[1m INFO  [21m[0m] -----------------------------------------------------------------
[[32m[1m INFO  [21m[0m] Elapsed time: 8.14e+05 || Step number: 6900/30000
[[32m[1m INFO  [21m[0m] longdy = 1.15e-01      || longdy/dt = 1.91e-06  || dt = 2.64e+03
[[32m[1m INFO  [21m[0m] from nz = 16 and C3H4
[[32m[1m INFO  [21m[0m] -----------------------------------------------------------------
[[32m[1m INFO  [21m[0m] Elapsed time: 8.58e+05 || Step number: 7000/30000
[[32m[1m INFO  [21m[0m] longdy = 6.05e-02      || longdy/dt = 1.36e-06  || dt = 3.20e+00
[[32m[1m INFO  [21m[0m] from nz = 16 and C3H4
[[32m[1m INFO  [21m[0m] -----------------------------------------------------------------
[[32m[1m INFO  [21m[0m] Elapsed time: 8.88e+05 || Step number: 7100/30000
[[32m[1m INFO  [21m[0m] longdy = 3.09e-02      || longdy/dt = 1.05e-06  || dt = 6.43e+00
[[32m[1m INFO  [21m[0m] from nz = 16 and C3H4
[[32m[1m INFO  [21m[0m] -----------------------------------------------------------------
[[32m[1m INFO  [21m[0m] Elapsed time: 9.42e+05 || Step number: 7200/30000
[[32m[1m INFO  [21m[0m] longdy = 4.25e-02      || longdy/dt = 7.85e-07  || dt = 1.62e+00
[[32m[1m INFO  [21m[0m] from nz = 16 and C3H4
[[32m[1m INFO  [21m[0m] -----------------------------------------------------------------
[[32m[1m INFO  [21m[0m] Integration successful with 7286 steps
[[32m[1m INFO  [21m[0m] long dy, long dydt = 0.01478860564256796, 6.445156434699785e-07
[[32m[1m INFO  [21m[0m] Total atom loss:
[[32m[1m INFO  [21m[0m] H: 0.0010672439183521127 
[[32m[1m INFO  [21m[0m] O: -0.05960296614210114 
[[32m[1m INFO  [21m[0m] C: 5.1481111323251465 
[[32m[1m INFO  [21m[0m] N: 0.4425048315787477 
[[32m[1m INFO  [21m[0m] S: 8.99855453761935 
[[32m[1m INFO  [21m[0m] ------ Live long and prosper \V/ ------
[[32m[1m INFO  [21m[0m]     done
Atmodeller initialized with double precision (float64)
[[93m[1m WARNING [21m[0m] The archive tar file does not exist: /data/rdc49-2/K218b_project/simulation_data/grid_H1_C0_N3_S0_fO22__from_batch09_case_000044__7_crash_atmos_chem_step_vulcan_chem_funs_race_missing_symjac/data/data.tar
[[32m[1m INFO  [21m[0m] Observing the planet...
Loading PHOENIX star table in file '/data/rdc49-2/FWL_DATA/prt/input_data/stellar_spectra/phoenix/phoenix.startable.petitRADTRANS.h5'... Done.
