Atmodeller initialized with double precision (float64)
[[93m[1m WARNING [21m[0m] The archive tar file does not exist: /data/rdc49-2/K218b_project/simulation_data/grid_H2_C0_N3_S3_fO21__from_batch07_case_000015__7_crash_atmos_chem_step_vulcan_chem_funs_race_missing_symjac/data/data.tar
[[32m[1m INFO  [21m[0m] Running atmospheric chemistry...
[[32m[1m INFO  [21m[0m]     Using vulcan module, offline
[[32m[1m INFO  [21m[0m] Elements conserved in the network.
[[32m[1m INFO  [21m[0m] No duplicates in the network.
[[32m[1m INFO  [21m[0m] Elements conserved in the network.
[[32m[1m INFO  [21m[0m] No duplicates in the network.
[[32m[1m INFO  [21m[0m] Running VULCAN
[[93m[1m WARNING [21m[0m] P_b and P_t assgined in vulcan.cfg are out of range of the input. Constant extension is used.
[[32m[1m INFO  [21m[0m] Initializing with compositions from ASCII file /data/rdc49-2/K218b_project/simulation_data/grid_H2_C0_N3_S3_fO21__from_batch07_case_000015__7_crash_atmos_chem_step_vulcan_chem_funs_race_missing_symjac/offchem/vmrs.dat
[[32m[1m INFO  [21m[0m] Input stellar spectrum from 2.0 to 700.0
[[32m[1m INFO  [21m[0m] Using wavelength bins from 2.0 to 655.5
[[32m[1m INFO  [21m[0m] Include molecular diffusion.
[[32m[1m INFO  [21m[0m] Starting VULCAN integration with 1 threads...
[[93m[1m WARNING [21m[0m] Keep producing negative values! Clipping negative solutions and moving on!
[[93m[1m WARNING [21m[0m] Keep producing negative values! Clipping negative solutions and moving on!
[[93m[1m WARNING [21m[0m] Keep producing negative values! Clipping negative solutions and moving on!
[[93m[1m WARNING [21m[0m] Keep producing negative values! Clipping negative solutions and moving on!
[[93m[1m WARNING [21m[0m] Keep producing negative values! Clipping negative solutions and moving on!
[[32m[1m INFO  [21m[0m] Elapsed time: 3.44e-02 || Step number: 100/30000
[[32m[1m INFO  [21m[0m] longdy = 1.00e+00      || longdy/dt = 1.00e+00  || dt = 4.24e-03
[[32m[1m INFO  [21m[0m] from nz = 0 and OH
[[32m[1m INFO  [21m[0m] -----------------------------------------------------------------
[[32m[1m INFO  [21m[0m] Elapsed time: 1.04e+01 || Step number: 200/30000
[[32m[1m INFO  [21m[0m] longdy = 1.00e+00      || longdy/dt = 1.00e+00  || dt = 3.22e-01
[[32m[1m INFO  [21m[0m] from nz = 0 and OH
[[32m[1m INFO  [21m[0m] -----------------------------------------------------------------
[[32m[1m INFO  [21m[0m] Elapsed time: 1.24e+02 || Step number: 300/30000
[[32m[1m INFO  [21m[0m] longdy = 5.90e+00      || longdy/dt = 9.69e-02  || dt = 3.99e+00
[[32m[1m INFO  [21m[0m] from nz = 19 and O2
[[32m[1m INFO  [21m[0m] -----------------------------------------------------------------
[[32m[1m INFO  [21m[0m] Elapsed time: 6.80e+03 || Step number: 400/30000
[[32m[1m INFO  [21m[0m] longdy = 1.26e+01      || longdy/dt = 3.76e-03  || dt = 2.77e+02
[[32m[1m INFO  [21m[0m] from nz = 27 and CS
[[32m[1m INFO  [21m[0m] -----------------------------------------------------------------
[[32m[1m INFO  [21m[0m] Elapsed time: 1.87e+04 || Step number: 500/30000
[[32m[1m INFO  [21m[0m] longdy = 7.17e+01      || longdy/dt = 7.54e-03  || dt = 4.79e+01
[[32m[1m INFO  [21m[0m] from nz = 23 and S8
[[32m[1m INFO  [21m[0m] -----------------------------------------------------------------
[[32m[1m INFO  [21m[0m] Elapsed time: 2.05e+04 || Step number: 600/30000
[[32m[1m INFO  [21m[0m] longdy = 9.90e-01      || longdy/dt = 5.39e-04  || dt = 1.33e+01
[[32m[1m INFO  [21m[0m] from nz = 22 and S8
[[32m[1m INFO  [21m[0m] -----------------------------------------------------------------
[[32m[1m INFO  [21m[0m] Elapsed time: 2.23e+04 || Step number: 700/30000
[[32m[1m INFO  [21m[0m] longdy = 8.14e-01      || longdy/dt = 4.79e-04  || dt = 2.10e+01
[[32m[1m INFO  [21m[0m] from nz = 22 and S8
[[32m[1m INFO  [21m[0m] -----------------------------------------------------------------
[[32m[1m INFO  [21m[0m] Elapsed time: 2.39e+04 || Step number: 800/30000
[[32m[1m INFO  [21m[0m] longdy = 7.22e-01      || longdy/dt = 4.33e-04  || dt = 1.86e+01
[[32m[1m INFO  [21m[0m] from nz = 22 and S8
[[32m[1m INFO  [21m[0m] -----------------------------------------------------------------
[[32m[1m INFO  [21m[0m] Elapsed time: 2.58e+04 || Step number: 900/30000
[[32m[1m INFO  [21m[0m] longdy = 7.29e-01      || longdy/dt = 3.97e-04  || dt = 1.56e+01
[[32m[1m INFO  [21m[0m] from nz = 22 and S8
[[32m[1m INFO  [21m[0m] -----------------------------------------------------------------
[[32m[1m INFO  [21m[0m] Elapsed time: 2.76e+04 || Step number: 1000/30000
[[32m[1m INFO  [21m[0m] longdy = 6.22e-01      || longdy/dt = 3.46e-04  || dt = 4.44e+01
[[32m[1m INFO  [21m[0m] from nz = 22 and S8
[[32m[1m INFO  [21m[0m] -----------------------------------------------------------------
[[32m[1m INFO  [21m[0m] Elapsed time: 2.96e+04 || Step number: 1100/30000
[[32m[1m INFO  [21m[0m] longdy = 5.42e-01      || longdy/dt = 2.72e-04  || dt = 3.04e+01
[[32m[1m INFO  [21m[0m] from nz = 23 and S8
[[32m[1m INFO  [21m[0m] -----------------------------------------------------------------
[[32m[1m INFO  [21m[0m] Elapsed time: 3.15e+04 || Step number: 1200/30000
[[32m[1m INFO  [21m[0m] longdy = 4.25e-01      || longdy/dt = 2.27e-04  || dt = 2.09e+01
[[32m[1m INFO  [21m[0m] from nz = 23 and S8
[[32m[1m INFO  [21m[0m] -----------------------------------------------------------------
[[32m[1m INFO  [21m[0m] Elapsed time: 3.37e+04 || Step number: 1300/30000
[[32m[1m INFO  [21m[0m] longdy = 4.21e-01      || longdy/dt = 1.91e-04  || dt = 3.30e+01
[[32m[1m INFO  [21m[0m] from nz = 23 and S8
[[32m[1m INFO  [21m[0m] -----------------------------------------------------------------
[[32m[1m INFO  [21m[0m] Elapsed time: 3.57e+04 || Step number: 1400/30000
[[32m[1m INFO  [21m[0m] longdy = 2.88e-01      || longdy/dt = 1.50e-04  || dt = 2.36e+01
[[32m[1m INFO  [21m[0m] from nz = 23 and S8
[[32m[1m INFO  [21m[0m] -----------------------------------------------------------------
[[32m[1m INFO  [21m[0m] Elapsed time: 3.77e+04 || Step number: 1500/30000
[[32m[1m INFO  [21m[0m] longdy = 2.92e-01      || longdy/dt = 1.45e-04  || dt = 3.66e+01
[[32m[1m INFO  [21m[0m] from nz = 31 and SO2
[[32m[1m INFO  [21m[0m] -----------------------------------------------------------------
[[32m[1m INFO  [21m[0m] Elapsed time: 3.97e+04 || Step number: 1600/30000
[[32m[1m INFO  [21m[0m] longdy = 2.84e-01      || longdy/dt = 1.44e-04  || dt = 2.20e+01
[[32m[1m INFO  [21m[0m] from nz = 31 and SO2
[[32m[1m INFO  [21m[0m] -----------------------------------------------------------------
[[32m[1m INFO  [21m[0m] Elapsed time: 4.17e+04 || Step number: 1700/30000
[[32m[1m INFO  [21m[0m] longdy = 2.81e-01      || longdy/dt = 1.42e-04  || dt = 5.25e+01
[[32m[1m INFO  [21m[0m] from nz = 31 and SO2
[[32m[1m INFO  [21m[0m] -----------------------------------------------------------------
[[32m[1m INFO  [21m[0m] Elapsed time: 4.37e+04 || Step number: 1800/30000
[[32m[1m INFO  [21m[0m] longdy = 2.82e-01      || longdy/dt = 1.41e-04  || dt = 3.68e+01
[[32m[1m INFO  [21m[0m] from nz = 31 and SO2
[[32m[1m INFO  [21m[0m] -----------------------------------------------------------------
[[32m[1m INFO  [21m[0m] Elapsed time: 4.58e+04 || Step number: 1900/30000
[[32m[1m INFO  [21m[0m] longdy = 2.86e-01      || longdy/dt = 1.39e-04  || dt = 2.09e+01
[[32m[1m INFO  [21m[0m] from nz = 31 and SO2
[[32m[1m INFO  [21m[0m] -----------------------------------------------------------------
[[32m[1m INFO  [21m[0m] Elapsed time: 4.79e+04 || Step number: 2000/30000
[[32m[1m INFO  [21m[0m] longdy = 2.83e-01      || longdy/dt = 1.37e-04  || dt = 2.03e+01
[[32m[1m INFO  [21m[0m] from nz = 31 and SO2
[[32m[1m INFO  [21m[0m] -----------------------------------------------------------------
[[32m[1m INFO  [21m[0m] Elapsed time: 4.98e+04 || Step number: 2100/30000
[[32m[1m INFO  [21m[0m] longdy = 2.58e-01      || longdy/dt = 1.32e-04  || dt = 5.06e+00
[[32m[1m INFO  [21m[0m] from nz = 31 and SO2
[[32m[1m INFO  [21m[0m] -----------------------------------------------------------------
[[32m[1m INFO  [21m[0m] Elapsed time: 5.19e+04 || Step number: 2200/30000
[[32m[1m INFO  [21m[0m] longdy = 2.72e-01      || longdy/dt = 1.30e-04  || dt = 1.67e+01
[[32m[1m INFO  [21m[0m] from nz = 31 and SO2
[[32m[1m INFO  [21m[0m] -----------------------------------------------------------------
[[32m[1m INFO  [21m[0m] Elapsed time: 5.40e+04 || Step number: 2300/30000
[[32m[1m INFO  [21m[0m] longdy = 2.50e-01      || longdy/dt = 1.24e-04  || dt = 2.30e+01
[[32m[1m INFO  [21m[0m] from nz = 31 and SO2
[[32m[1m INFO  [21m[0m] -----------------------------------------------------------------
[[32m[1m INFO  [21m[0m] Elapsed time: 5.61e+04 || Step number: 2400/30000
[[32m[1m INFO  [21m[0m] longdy = 2.49e-01      || longdy/dt = 1.18e-04  || dt = 4.62e+01
[[32m[1m INFO  [21m[0m] from nz = 31 and SO2
[[32m[1m INFO  [21m[0m] -----------------------------------------------------------------
[[32m[1m INFO  [21m[0m] Elapsed time: 5.80e+04 || Step number: 2500/30000
[[32m[1m INFO  [21m[0m] longdy = 2.08e-01      || longdy/dt = 1.10e-04  || dt = 2.91e+01
[[32m[1m INFO  [21m[0m] from nz = 31 and SO2
[[32m[1m INFO  [21m[0m] -----------------------------------------------------------------
[[32m[1m INFO  [21m[0m] Elapsed time: 6.00e+04 || Step number: 2600/30000
[[32m[1m INFO  [21m[0m] longdy = 2.02e-01      || longdy/dt = 1.03e-04  || dt = 2.68e+01
[[32m[1m INFO  [21m[0m] from nz = 31 and SO2
[[32m[1m INFO  [21m[0m] -----------------------------------------------------------------
[[32m[1m INFO  [21m[0m] Elapsed time: 6.19e+04 || Step number: 2700/30000
[[32m[1m INFO  [21m[0m] longdy = 1.79e-01      || longdy/dt = 9.47e-05  || dt = 3.49e+00
[[32m[1m INFO  [21m[0m] from nz = 31 and SO2
[[32m[1m INFO  [21m[0m] -----------------------------------------------------------------
[[32m[1m INFO  [21m[0m] Elapsed time: 6.38e+04 || Step number: 2800/30000
[[32m[1m INFO  [21m[0m] longdy = 1.65e-01      || longdy/dt = 8.61e-05  || dt = 2.47e+01
[[32m[1m INFO  [21m[0m] from nz = 31 and SO2
[[32m[1m INFO  [21m[0m] -----------------------------------------------------------------
[[32m[1m INFO  [21m[0m] Elapsed time: 6.55e+04 || Step number: 2900/30000
[[32m[1m INFO  [21m[0m] longdy = 1.28e-01      || longdy/dt = 7.68e-05  || dt = 3.31e+01
[[32m[1m INFO  [21m[0m] from nz = 31 and SO2
[[32m[1m INFO  [21m[0m] -----------------------------------------------------------------
[[32m[1m INFO  [21m[0m] Elapsed time: 6.74e+04 || Step number: 3000/30000
[[32m[1m INFO  [21m[0m] longdy = 1.31e-01      || longdy/dt = 6.88e-05  || dt = 1.58e+01
[[32m[1m INFO  [21m[0m] from nz = 31 and SO2
[[32m[1m INFO  [21m[0m] -----------------------------------------------------------------
[[32m[1m INFO  [21m[0m] Elapsed time: 6.94e+04 || Step number: 3100/30000
[[32m[1m INFO  [21m[0m] longdy = 1.15e-01      || longdy/dt = 5.98e-05  || dt = 3.18e+01
[[32m[1m INFO  [21m[0m] from nz = 31 and SO2
[[32m[1m INFO  [21m[0m] -----------------------------------------------------------------
[[32m[1m INFO  [21m[0m] Elapsed time: 7.13e+04 || Step number: 3200/30000
[[32m[1m INFO  [21m[0m] longdy = 9.22e-02      || longdy/dt = 5.11e-05  || dt = 4.16e+01
[[32m[1m INFO  [21m[0m] from nz = 31 and SO2
[[32m[1m INFO  [21m[0m] -----------------------------------------------------------------
[[32m[1m INFO  [21m[0m] Elapsed time: 7.30e+04 || Step number: 3300/30000
[[32m[1m INFO  [21m[0m] longdy = 7.36e-02      || longdy/dt = 4.36e-05  || dt = 2.30e+01
[[32m[1m INFO  [21m[0m] from nz = 31 and SO2
[[32m[1m INFO  [21m[0m] -----------------------------------------------------------------
[[32m[1m INFO  [21m[0m] Elapsed time: 7.49e+04 || Step number: 3400/30000
[[32m[1m INFO  [21m[0m] longdy = 7.01e-02      || longdy/dt = 3.69e-05  || dt = 1.89e+01
[[32m[1m INFO  [21m[0m] from nz = 31 and SO2
[[32m[1m INFO  [21m[0m] -----------------------------------------------------------------
[[32m[1m INFO  [21m[0m] Elapsed time: 7.67e+04 || Step number: 3500/30000
[[32m[1m INFO  [21m[0m] longdy = 5.47e-02      || longdy/dt = 3.06e-05  || dt = 2.66e+01
[[32m[1m INFO  [21m[0m] from nz = 31 and SO2
[[32m[1m INFO  [21m[0m] -----------------------------------------------------------------
[[32m[1m INFO  [21m[0m] Elapsed time: 7.84e+04 || Step number: 3600/30000
[[32m[1m INFO  [21m[0m] longdy = 4.27e-02      || longdy/dt = 2.54e-05  || dt = 2.24e+01
[[32m[1m INFO  [21m[0m] from nz = 31 and SO2
[[32m[1m INFO  [21m[0m] -----------------------------------------------------------------
[[32m[1m INFO  [21m[0m] Elapsed time: 8.02e+04 || Step number: 3700/30000
[[32m[1m INFO  [21m[0m] longdy = 3.85e-02      || longdy/dt = 2.09e-05  || dt = 1.39e+01
[[32m[1m INFO  [21m[0m] from nz = 31 and SO2
[[32m[1m INFO  [21m[0m] -----------------------------------------------------------------
[[32m[1m INFO  [21m[0m] Elapsed time: 8.21e+04 || Step number: 3800/30000
[[32m[1m INFO  [21m[0m] longdy = 3.32e-02      || longdy/dt = 1.85e-05  || dt = 3.06e+01
[[32m[1m INFO  [21m[0m] from nz = 29 and CS
[[32m[1m INFO  [21m[0m] -----------------------------------------------------------------
[[32m[1m INFO  [21m[0m] Elapsed time: 8.38e+04 || Step number: 3900/30000
[[32m[1m INFO  [21m[0m] longdy = 3.05e-02      || longdy/dt = 1.73e-05  || dt = 1.36e+01
[[32m[1m INFO  [21m[0m] from nz = 29 and CS
[[32m[1m INFO  [21m[0m] -----------------------------------------------------------------
[[32m[1m INFO  [21m[0m] Elapsed time: 8.56e+04 || Step number: 4000/30000
[[32m[1m INFO  [21m[0m] longdy = 2.80e-02      || longdy/dt = 1.62e-05  || dt = 4.03e+01
[[32m[1m INFO  [21m[0m] from nz = 29 and CS
[[32m[1m INFO  [21m[0m] -----------------------------------------------------------------
[[32m[1m INFO  [21m[0m] Elapsed time: 8.74e+04 || Step number: 4100/30000
[[32m[1m INFO  [21m[0m] longdy = 2.64e-02      || longdy/dt = 1.52e-05  || dt = 3.34e+01
[[32m[1m INFO  [21m[0m] from nz = 29 and CS
[[32m[1m INFO  [21m[0m] -----------------------------------------------------------------
[[32m[1m INFO  [21m[0m] Elapsed time: 8.92e+04 || Step number: 4200/30000
[[32m[1m INFO  [21m[0m] longdy = 2.62e-02      || longdy/dt = 1.42e-05  || dt = 1.16e+01
[[32m[1m INFO  [21m[0m] from nz = 29 and CS
[[32m[1m INFO  [21m[0m] -----------------------------------------------------------------
[[32m[1m INFO  [21m[0m] Elapsed time: 9.10e+04 || Step number: 4300/30000
[[32m[1m INFO  [21m[0m] longdy = 2.36e-02      || longdy/dt = 1.32e-05  || dt = 1.16e+01
[[32m[1m INFO  [21m[0m] from nz = 29 and CS
[[32m[1m INFO  [21m[0m] -----------------------------------------------------------------
[[32m[1m INFO  [21m[0m] Elapsed time: 9.28e+04 || Step number: 4400/30000
[[32m[1m INFO  [21m[0m] longdy = 2.14e-02      || longdy/dt = 1.24e-05  || dt = 2.05e+01
[[32m[1m INFO  [21m[0m] from nz = 29 and CS
[[32m[1m INFO  [21m[0m] -----------------------------------------------------------------
[[32m[1m INFO  [21m[0m] Elapsed time: 9.46e+04 || Step number: 4500/30000
[[32m[1m INFO  [21m[0m] longdy = 2.07e-02      || longdy/dt = 1.16e-05  || dt = 1.13e+01
[[32m[1m INFO  [21m[0m] from nz = 29 and CS
[[32m[1m INFO  [21m[0m] -----------------------------------------------------------------
[[32m[1m INFO  [21m[0m] Elapsed time: 9.64e+04 || Step number: 4600/30000
[[32m[1m INFO  [21m[0m] longdy = 1.94e-02      || longdy/dt = 1.08e-05  || dt = 1.85e+01
[[32m[1m INFO  [21m[0m] from nz = 29 and CS
[[32m[1m INFO  [21m[0m] -----------------------------------------------------------------
[[32m[1m INFO  [21m[0m] Elapsed time: 9.82e+04 || Step number: 4700/30000
[[32m[1m INFO  [21m[0m] longdy = 1.82e-02      || longdy/dt = 1.01e-05  || dt = 4.67e+00
[[32m[1m INFO  [21m[0m] from nz = 29 and CS
[[32m[1m INFO  [21m[0m] -----------------------------------------------------------------
[[32m[1m INFO  [21m[0m] Elapsed time: 9.99e+04 || Step number: 4800/30000
[[32m[1m INFO  [21m[0m] longdy = 1.64e-02      || longdy/dt = 9.41e-06  || dt = 2.25e+01
[[32m[1m INFO  [21m[0m] from nz = 29 and CS
[[32m[1m INFO  [21m[0m] -----------------------------------------------------------------
[[32m[1m INFO  [21m[0m] Elapsed time: 1.02e+05 || Step number: 4900/30000
[[32m[1m INFO  [21m[0m] longdy = 1.56e-02      || longdy/dt = 8.80e-06  || dt = 3.57e+01
[[32m[1m INFO  [21m[0m] from nz = 29 and CS
[[32m[1m INFO  [21m[0m] -----------------------------------------------------------------
[[32m[1m INFO  [21m[0m] Elapsed time: 1.03e+05 || Step number: 5000/30000
[[32m[1m INFO  [21m[0m] longdy = 1.37e-02      || longdy/dt = 8.24e-06  || dt = 1.50e+01
[[32m[1m INFO  [21m[0m] from nz = 29 and CS
[[32m[1m INFO  [21m[0m] -----------------------------------------------------------------
[[32m[1m INFO  [21m[0m] Elapsed time: 1.05e+05 || Step number: 5100/30000
[[32m[1m INFO  [21m[0m] longdy = 1.39e-02      || longdy/dt = 7.70e-06  || dt = 2.09e+01
[[32m[1m INFO  [21m[0m] from nz = 29 and CS
[[32m[1m INFO  [21m[0m] -----------------------------------------------------------------
[[32m[1m INFO  [21m[0m] Elapsed time: 1.07e+05 || Step number: 5200/30000
[[32m[1m INFO  [21m[0m] longdy = 1.28e-02      || longdy/dt = 7.20e-06  || dt = 1.91e+01
[[32m[1m INFO  [21m[0m] from nz = 29 and CS
[[32m[1m INFO  [21m[0m] -----------------------------------------------------------------
[[32m[1m INFO  [21m[0m] Elapsed time: 1.09e+05 || Step number: 5300/30000
[[32m[1m INFO  [21m[0m] longdy = 1.07e-02      || longdy/dt = 6.73e-06  || dt = 2.68e+01
[[32m[1m INFO  [21m[0m] from nz = 29 and CS
[[32m[1m INFO  [21m[0m] -----------------------------------------------------------------
[[32m[1m INFO  [21m[0m] Elapsed time: 1.10e+05 || Step number: 5400/30000
[[32m[1m INFO  [21m[0m] longdy = 1.11e-02      || longdy/dt = 6.32e-06  || dt = 4.80e+01
[[32m[1m INFO  [21m[0m] from nz = 29 and CS
[[32m[1m INFO  [21m[0m] -----------------------------------------------------------------
[[32m[1m INFO  [21m[0m] Elapsed time: 1.12e+05 || Step number: 5500/30000
[[32m[1m INFO  [21m[0m] longdy = 1.02e-02      || longdy/dt = 5.89e-06  || dt = 1.87e+01
[[32m[1m INFO  [21m[0m] from nz = 29 and CS
[[32m[1m INFO  [21m[0m] -----------------------------------------------------------------
[[32m[1m INFO  [21m[0m] Elapsed time: 1.14e+05 || Step number: 5600/30000
[[32m[1m INFO  [21m[0m] longdy = 9.32e-03      || longdy/dt = 5.52e-06  || dt = 7.12e+00
[[32m[1m INFO  [21m[0m] from nz = 29 and CS
[[32m[1m INFO  [21m[0m] -----------------------------------------------------------------
[[32m[1m INFO  [21m[0m] Elapsed time: 1.16e+05 || Step number: 5700/30000
[[32m[1m INFO  [21m[0m] longdy = 8.85e-03      || longdy/dt = 5.17e-06  || dt = 2.73e+01
[[32m[1m INFO  [21m[0m] from nz = 29 and CS
[[32m[1m INFO  [21m[0m] -----------------------------------------------------------------
[[32m[1m INFO  [21m[0m] Elapsed time: 1.17e+05 || Step number: 5800/30000
[[32m[1m INFO  [21m[0m] longdy = 7.57e-03      || longdy/dt = 4.85e-06  || dt = 2.52e+01
[[32m[1m INFO  [21m[0m] from nz = 29 and CS
[[32m[1m INFO  [21m[0m] -----------------------------------------------------------------
[[32m[1m INFO  [21m[0m] Elapsed time: 1.19e+05 || Step number: 5900/30000
[[32m[1m INFO  [21m[0m] longdy = 7.76e-03      || longdy/dt = 4.54e-06  || dt = 4.22e+01
[[32m[1m INFO  [21m[0m] from nz = 29 and CS
[[32m[1m INFO  [21m[0m] -----------------------------------------------------------------
[[32m[1m INFO  [21m[0m] Elapsed time: 1.21e+05 || Step number: 6000/30000
[[32m[1m INFO  [21m[0m] longdy = 7.44e-03      || longdy/dt = 4.25e-06  || dt = 2.94e+00
[[32m[1m INFO  [21m[0m] from nz = 29 and CS
[[32m[1m INFO  [21m[0m] -----------------------------------------------------------------
[[32m[1m INFO  [21m[0m] Elapsed time: 1.22e+05 || Step number: 6100/30000
[[32m[1m INFO  [21m[0m] longdy = 6.47e-03      || longdy/dt = 3.98e-06  || dt = 2.67e+01
[[32m[1m INFO  [21m[0m] from nz = 29 and CS
[[32m[1m INFO  [21m[0m] -----------------------------------------------------------------
[[32m[1m INFO  [21m[0m] Elapsed time: 1.24e+05 || Step number: 6200/30000
[[32m[1m INFO  [21m[0m] longdy = 6.54e-03      || longdy/dt = 3.73e-06  || dt = 2.33e+01
[[32m[1m INFO  [21m[0m] from nz = 29 and CS
[[32m[1m INFO  [21m[0m] -----------------------------------------------------------------
[[32m[1m INFO  [21m[0m] Elapsed time: 1.26e+05 || Step number: 6300/30000
[[32m[1m INFO  [21m[0m] longdy = 5.74e-03      || longdy/dt = 3.50e-06  || dt = 2.77e+01
[[32m[1m INFO  [21m[0m] from nz = 29 and CS
[[32m[1m INFO  [21m[0m] -----------------------------------------------------------------
[[32m[1m INFO  [21m[0m] Elapsed time: 1.27e+05 || Step number: 6400/30000
[[32m[1m INFO  [21m[0m] longdy = 5.37e-03      || longdy/dt = 3.27e-06  || dt = 4.63e+00
[[32m[1m INFO  [21m[0m] from nz = 29 and CS
[[32m[1m INFO  [21m[0m] -----------------------------------------------------------------
[[32m[1m INFO  [21m[0m] Elapsed time: 1.29e+05 || Step number: 6500/30000
[[32m[1m INFO  [21m[0m] longdy = 4.88e-03      || longdy/dt = 3.08e-06  || dt = 9.87e+00
[[32m[1m INFO  [21m[0m] from nz = 29 and CS
[[32m[1m INFO  [21m[0m] -----------------------------------------------------------------
[[32m[1m INFO  [21m[0m] Elapsed time: 1.31e+05 || Step number: 6600/30000
[[32m[1m INFO  [21m[0m] longdy = 4.66e-03      || longdy/dt = 2.89e-06  || dt = 1.79e+01
[[32m[1m INFO  [21m[0m] from nz = 29 and CS
[[32m[1m INFO  [21m[0m] -----------------------------------------------------------------
[[32m[1m INFO  [21m[0m] Elapsed time: 1.32e+05 || Step number: 6700/30000
[[32m[1m INFO  [21m[0m] longdy = 4.36e-03      || longdy/dt = 2.72e-06  || dt = 2.57e+01
[[32m[1m INFO  [21m[0m] from nz = 29 and CS
[[32m[1m INFO  [21m[0m] -----------------------------------------------------------------
[[32m[1m INFO  [21m[0m] Elapsed time: 1.34e+05 || Step number: 6800/30000
[[32m[1m INFO  [21m[0m] longdy = 4.40e-03      || longdy/dt = 2.55e-06  || dt = 4.70e+01
[[32m[1m INFO  [21m[0m] from nz = 29 and CS
[[32m[1m INFO  [21m[0m] -----------------------------------------------------------------
[[32m[1m INFO  [21m[0m] Elapsed time: 1.36e+05 || Step number: 6900/30000
[[32m[1m INFO  [21m[0m] longdy = 3.95e-03      || longdy/dt = 2.38e-06  || dt = 2.28e+01
[[32m[1m INFO  [21m[0m] from nz = 29 and CS
[[32m[1m INFO  [21m[0m] -----------------------------------------------------------------
[[32m[1m INFO  [21m[0m] Elapsed time: 1.37e+05 || Step number: 7000/30000
[[32m[1m INFO  [21m[0m] longdy = 3.92e-03      || longdy/dt = 2.22e-06  || dt = 5.17e+00
[[32m[1m INFO  [21m[0m] from nz = 29 and CS
[[32m[1m INFO  [21m[0m] -----------------------------------------------------------------
[[32m[1m INFO  [21m[0m] Elapsed time: 1.39e+05 || Step number: 7100/30000
[[32m[1m INFO  [21m[0m] longdy = 3.53e-03      || longdy/dt = 2.10e-06  || dt = 1.92e+01
[[32m[1m INFO  [21m[0m] from nz = 29 and CS
[[32m[1m INFO  [21m[0m] -----------------------------------------------------------------
[[32m[1m INFO  [21m[0m] Elapsed time: 1.41e+05 || Step number: 7200/30000
[[32m[1m INFO  [21m[0m] longdy = 3.43e-03      || longdy/dt = 1.95e-06  || dt = 5.71e+01
[[32m[1m INFO  [21m[0m] from nz = 29 and CS
[[32m[1m INFO  [21m[0m] -----------------------------------------------------------------
[[32m[1m INFO  [21m[0m] Elapsed time: 1.43e+05 || Step number: 7300/30000
[[32m[1m INFO  [21m[0m] longdy = 3.11e-03      || longdy/dt = 1.81e-06  || dt = 4.12e+01
[[32m[1m INFO  [21m[0m] from nz = 29 and CS
[[32m[1m INFO  [21m[0m] -----------------------------------------------------------------
[[32m[1m INFO  [21m[0m] Elapsed time: 1.44e+05 || Step number: 7400/30000
[[32m[1m INFO  [21m[0m] longdy = 2.74e-03      || longdy/dt = 1.73e-06  || dt = 2.58e+01
[[32m[1m INFO  [21m[0m] from nz = 29 and CS
[[32m[1m INFO  [21m[0m] -----------------------------------------------------------------
[[32m[1m INFO  [21m[0m] Elapsed time: 1.46e+05 || Step number: 7500/30000
[[32m[1m INFO  [21m[0m] longdy = 2.61e-03      || longdy/dt = 1.59e-06  || dt = 1.30e+01
[[32m[1m INFO  [21m[0m] from nz = 29 and CS
[[32m[1m INFO  [21m[0m] -----------------------------------------------------------------
[[32m[1m INFO  [21m[0m] Elapsed time: 1.48e+05 || Step number: 7600/30000
[[32m[1m INFO  [21m[0m] longdy = 2.43e-03      || longdy/dt = 1.52e-06  || dt = 2.15e+01
[[32m[1m INFO  [21m[0m] from nz = 29 and CS
[[32m[1m INFO  [21m[0m] -----------------------------------------------------------------
[[32m[1m INFO  [21m[0m] Elapsed time: 1.49e+05 || Step number: 7700/30000
[[32m[1m INFO  [21m[0m] longdy = 2.34e-03      || longdy/dt = 1.43e-06  || dt = 1.07e+01
[[32m[1m INFO  [21m[0m] from nz = 29 and CS
[[32m[1m INFO  [21m[0m] -----------------------------------------------------------------
[[32m[1m INFO  [21m[0m] Elapsed time: 1.51e+05 || Step number: 7800/30000
[[32m[1m INFO  [21m[0m] longdy = 2.19e-03      || longdy/dt = 1.33e-06  || dt = 4.40e+01
[[32m[1m INFO  [21m[0m] from nz = 29 and CS
[[32m[1m INFO  [21m[0m] -----------------------------------------------------------------
[[32m[1m INFO  [21m[0m] Elapsed time: 1.53e+05 || Step number: 7900/30000
[[32m[1m INFO  [21m[0m] longdy = 2.21e-03      || longdy/dt = 1.24e-06  || dt = 2.00e+01
[[32m[1m INFO  [21m[0m] from nz = 29 and CS
[[32m[1m INFO  [21m[0m] -----------------------------------------------------------------
[[32m[1m INFO  [21m[0m] Elapsed time: 1.54e+05 || Step number: 8000/30000
[[32m[1m INFO  [21m[0m] longdy = 1.77e-03      || longdy/dt = 1.17e-06  || dt = 2.72e+01
[[32m[1m INFO  [21m[0m] from nz = 29 and CS
[[32m[1m INFO  [21m[0m] -----------------------------------------------------------------
[[32m[1m INFO  [21m[0m] Elapsed time: 1.56e+05 || Step number: 8100/30000
[[32m[1m INFO  [21m[0m] longdy = 2.07e-03      || longdy/dt = 1.09e-06  || dt = 7.84e+00
[[32m[1m INFO  [21m[0m] from nz = 29 and CS
[[32m[1m INFO  [21m[0m] -----------------------------------------------------------------
[[32m[1m INFO  [21m[0m] Elapsed time: 1.58e+05 || Step number: 8200/30000
[[32m[1m INFO  [21m[0m] longdy = 1.70e-03      || longdy/dt = 1.03e-06  || dt = 3.47e+01
[[32m[1m INFO  [21m[0m] from nz = 29 and CS
[[32m[1m INFO  [21m[0m] -----------------------------------------------------------------
[[32m[1m INFO  [21m[0m] Elapsed time: 1.60e+05 || Step number: 8300/30000
[[32m[1m INFO  [21m[0m] longdy = 1.67e-03      || longdy/dt = 9.44e-07  || dt = 4.40e+01
[[32m[1m INFO  [21m[0m] from nz = 29 and CS
[[32m[1m INFO  [21m[0m] -----------------------------------------------------------------
[[32m[1m INFO  [21m[0m] Integration successful with 8311 steps
[[32m[1m INFO  [21m[0m] long dy, long dydt = 0.0016616519519846362, 9.423593094743438e-07
[[32m[1m INFO  [21m[0m] Total atom loss:
[[32m[1m INFO  [21m[0m] H: -8.572493528149091e-05 
[[32m[1m INFO  [21m[0m] O: -8.62892673502462e-05 
[[32m[1m INFO  [21m[0m] C: -8.447246082299725e-05 
[[32m[1m INFO  [21m[0m] N: -0.002681055368059445 
[[32m[1m INFO  [21m[0m] S: -4.5230287822359044e-05 
[[32m[1m INFO  [21m[0m] ------ Live long and prosper \V/ ------
[[32m[1m INFO  [21m[0m]     done
Atmodeller initialized with double precision (float64)
[[93m[1m WARNING [21m[0m] The archive tar file does not exist: /data/rdc49-2/K218b_project/simulation_data/grid_H2_C0_N3_S3_fO21__from_batch07_case_000015__7_crash_atmos_chem_step_vulcan_chem_funs_race_missing_symjac/data/data.tar
[[32m[1m INFO  [21m[0m] Observing the planet...
Loading PHOENIX star table in file '/data/rdc49-2/FWL_DATA/prt/input_data/stellar_spectra/phoenix/phoenix.startable.petitRADTRANS.h5'... Done.
