Atmodeller initialized with double precision (float64)
[[93m[1m WARNING [21m[0m] The archive tar file does not exist: /data/rdc49-2/K218b_project/simulation_data/grid_H1_C1_N3_S2_fO22__from_batch09_case_000062__7_crash_atmos_chem_step_vulcan_chem_funs_race_syntax_error/data/data.tar
[[32m[1m INFO  [21m[0m] Running atmospheric chemistry...
[[32m[1m INFO  [21m[0m]     Using vulcan module, offline
[[32m[1m INFO  [21m[0m] Elements conserved in the network.
[[32m[1m INFO  [21m[0m] No duplicates in the network.
[[32m[1m INFO  [21m[0m] Elements conserved in the network.
[[32m[1m INFO  [21m[0m] No duplicates in the network.
[[32m[1m INFO  [21m[0m] Running VULCAN
[[32m[1m INFO  [21m[0m] Initializing with compositions from ASCII file /data/rdc49-2/K218b_project/simulation_data/grid_H1_C1_N3_S2_fO22__from_batch09_case_000062__7_crash_atmos_chem_step_vulcan_chem_funs_race_syntax_error/offchem/vmrs.dat
[[32m[1m INFO  [21m[0m] Input stellar spectrum from 2.0 to 700.0
[[32m[1m INFO  [21m[0m] Using wavelength bins from 2.0 to 655.5
[[32m[1m INFO  [21m[0m] Include molecular diffusion.
[[32m[1m INFO  [21m[0m] Starting VULCAN integration with 1 threads...
[[93m[1m WARNING [21m[0m] Keep producing negative values! Clipping negative solutions and moving on!
[[93m[1m WARNING [21m[0m] Keep producing negative values! Clipping negative solutions and moving on!
[[93m[1m WARNING [21m[0m] Keep producing negative values! Clipping negative solutions and moving on!
[[93m[1m WARNING [21m[0m] Keep producing negative values! Clipping negative solutions and moving on!
[[93m[1m WARNING [21m[0m] Keep producing negative values! Clipping negative solutions and moving on!
[[93m[1m WARNING [21m[0m] Keep producing negative values! Clipping negative solutions and moving on!
[[93m[1m WARNING [21m[0m] Keep producing negative values! Clipping negative solutions and moving on!
[[93m[1m WARNING [21m[0m] Keep producing negative values! Clipping negative solutions and moving on!
[[93m[1m WARNING [21m[0m] Keep producing negative values! Clipping negative solutions and moving on!
[[93m[1m WARNING [21m[0m] Keep producing negative values! Clipping negative solutions and moving on!
[[93m[1m WARNING [21m[0m] Keep producing negative values! Clipping negative solutions and moving on!
[[93m[1m WARNING [21m[0m] Keep producing negative values! Clipping negative solutions and moving on!
[[93m[1m WARNING [21m[0m] Keep producing negative values! Clipping negative solutions and moving on!
[[93m[1m WARNING [21m[0m] Keep producing negative values! Clipping negative solutions and moving on!
[[93m[1m WARNING [21m[0m] Keep producing negative values! Clipping negative solutions and moving on!
[[93m[1m WARNING [21m[0m] Element conservation is violated too large
[[93m[1m WARNING [21m[0m] at step: 15
[[93m[1m WARNING [21m[0m] -----------------------------------------------------------------
[[93m[1m WARNING [21m[0m] Keep producing negative values! Clipping negative solutions and moving on!
[[93m[1m WARNING [21m[0m] Keep producing negative values! Clipping negative solutions and moving on!
[[93m[1m WARNING [21m[0m] Keep producing negative values! Clipping negative solutions and moving on!
[[93m[1m WARNING [21m[0m] Keep producing negative values! Clipping negative solutions and moving on!
[[93m[1m WARNING [21m[0m] Keep producing negative values! Clipping negative solutions and moving on!
[[93m[1m WARNING [21m[0m] Keep producing negative values! Clipping negative solutions and moving on!
[[32m[1m INFO  [21m[0m] Elapsed time: 1.16e-05 || Step number: 100/30000
[[32m[1m INFO  [21m[0m] longdy = 1.00e+00      || longdy/dt = 1.00e+00  || dt = 3.98e-07
[[32m[1m INFO  [21m[0m] from nz = 0 and OH
[[32m[1m INFO  [21m[0m] -----------------------------------------------------------------
[[32m[1m INFO  [21m[0m] Elapsed time: 1.02e-04 || Step number: 200/30000
[[32m[1m INFO  [21m[0m] longdy = 1.00e+00      || longdy/dt = 1.00e+00  || dt = 2.90e-06
[[32m[1m INFO  [21m[0m] from nz = 0 and OH
[[32m[1m INFO  [21m[0m] -----------------------------------------------------------------
[[32m[1m INFO  [21m[0m] Elapsed time: 7.84e-04 || Step number: 300/30000
[[32m[1m INFO  [21m[0m] longdy = 1.00e+00      || longdy/dt = 1.00e+00  || dt = 1.31e-05
[[32m[1m INFO  [21m[0m] from nz = 0 and OH
[[32m[1m INFO  [21m[0m] -----------------------------------------------------------------
[[93m[1m WARNING [21m[0m] Keep producing negative values! Clipping negative solutions and moving on!
[[93m[1m WARNING [21m[0m] Keep producing negative values! Clipping negative solutions and moving on!
[[32m[1m INFO  [21m[0m] Elapsed time: 2.58e-03 || Step number: 400/30000
[[32m[1m INFO  [21m[0m] longdy = 1.00e+00      || longdy/dt = 1.00e+00  || dt = 5.01e-05
[[32m[1m INFO  [21m[0m] from nz = 0 and OH
[[32m[1m INFO  [21m[0m] -----------------------------------------------------------------
[[93m[1m WARNING [21m[0m] Keep producing negative values! Clipping negative solutions and moving on!
[[93m[1m WARNING [21m[0m] Keep producing negative values! Clipping negative solutions and moving on!
[[93m[1m WARNING [21m[0m] Keep producing negative values! Clipping negative solutions and moving on!
[[93m[1m WARNING [21m[0m] Keep producing negative values! Clipping negative solutions and moving on!
[[93m[1m WARNING [21m[0m] Keep producing negative values! Clipping negative solutions and moving on!
[[93m[1m WARNING [21m[0m] Keep producing negative values! Clipping negative solutions and moving on!
[[32m[1m INFO  [21m[0m] Elapsed time: 3.88e-03 || Step number: 500/30000
[[32m[1m INFO  [21m[0m] longdy = 1.00e+00      || longdy/dt = 1.00e+00  || dt = 1.28e-06
[[32m[1m INFO  [21m[0m] from nz = 0 and OH
[[32m[1m INFO  [21m[0m] -----------------------------------------------------------------
[[93m[1m WARNING [21m[0m] Keep producing negative values! Clipping negative solutions and moving on!
[[32m[1m INFO  [21m[0m] Elapsed time: 1.47e-02 || Step number: 600/30000
[[32m[1m INFO  [21m[0m] longdy = 1.00e+00      || longdy/dt = 1.00e+00  || dt = 2.03e-04
[[32m[1m INFO  [21m[0m] from nz = 0 and OH
[[32m[1m INFO  [21m[0m] -----------------------------------------------------------------
[[32m[1m INFO  [21m[0m] Elapsed time: 5.67e-02 || Step number: 700/30000
[[32m[1m INFO  [21m[0m] longdy = 1.00e+00      || longdy/dt = 1.00e+00  || dt = 7.02e-04
[[32m[1m INFO  [21m[0m] from nz = 0 and OH
[[32m[1m INFO  [21m[0m] -----------------------------------------------------------------
[[32m[1m INFO  [21m[0m] Elapsed time: 1.79e-01 || Step number: 800/30000
[[32m[1m INFO  [21m[0m] longdy = 1.00e+00      || longdy/dt = 1.00e+00  || dt = 2.13e-03
[[32m[1m INFO  [21m[0m] from nz = 0 and OH
[[32m[1m INFO  [21m[0m] -----------------------------------------------------------------
[[32m[1m INFO  [21m[0m] Elapsed time: 4.94e-01 || Step number: 900/30000
[[32m[1m INFO  [21m[0m] longdy = 1.00e+00      || longdy/dt = 1.00e+00  || dt = 5.74e-03
[[32m[1m INFO  [21m[0m] from nz = 0 and OH
[[32m[1m INFO  [21m[0m] -----------------------------------------------------------------
[[32m[1m INFO  [21m[0m] Elapsed time: 1.27e+00 || Step number: 1000/30000
[[32m[1m INFO  [21m[0m] longdy = 1.00e+00      || longdy/dt = 1.00e+00  || dt = 1.48e-02
[[32m[1m INFO  [21m[0m] from nz = 0 and OH
[[32m[1m INFO  [21m[0m] -----------------------------------------------------------------
[[32m[1m INFO  [21m[0m] Elapsed time: 3.10e+00 || Step number: 1100/30000
[[32m[1m INFO  [21m[0m] longdy = 1.00e+00      || longdy/dt = 1.00e+00  || dt = 3.71e-02
[[32m[1m INFO  [21m[0m] from nz = 0 and OH
[[32m[1m INFO  [21m[0m] -----------------------------------------------------------------
[[32m[1m INFO  [21m[0m] Elapsed time: 7.11e+00 || Step number: 1200/30000
[[32m[1m INFO  [21m[0m] longdy = 1.00e+00      || longdy/dt = 1.00e+00  || dt = 6.95e-02
[[32m[1m INFO  [21m[0m] from nz = 0 and OH
[[32m[1m INFO  [21m[0m] -----------------------------------------------------------------
[[32m[1m INFO  [21m[0m] Elapsed time: 1.43e+01 || Step number: 1300/30000
[[32m[1m INFO  [21m[0m] longdy = 1.00e+00      || longdy/dt = 1.00e+00  || dt = 1.31e-01
[[32m[1m INFO  [21m[0m] from nz = 0 and OH
[[32m[1m INFO  [21m[0m] -----------------------------------------------------------------
[[32m[1m INFO  [21m[0m] Elapsed time: 2.53e+01 || Step number: 1400/30000
[[32m[1m INFO  [21m[0m] longdy = 1.00e+00      || longdy/dt = 1.00e+00  || dt = 1.38e-01
[[32m[1m INFO  [21m[0m] from nz = 0 and OH
[[32m[1m INFO  [21m[0m] -----------------------------------------------------------------
[[32m[1m INFO  [21m[0m] Elapsed time: 3.74e+01 || Step number: 1500/30000
[[32m[1m INFO  [21m[0m] longdy = 1.00e+00      || longdy/dt = 1.00e+00  || dt = 1.69e-01
[[32m[1m INFO  [21m[0m] from nz = 0 and OH
[[32m[1m INFO  [21m[0m] -----------------------------------------------------------------
[[32m[1m INFO  [21m[0m] Elapsed time: 5.45e+01 || Step number: 1600/30000
[[32m[1m INFO  [21m[0m] longdy = 1.00e+00      || longdy/dt = 1.00e+00  || dt = 2.38e-01
[[32m[1m INFO  [21m[0m] from nz = 0 and OH
[[32m[1m INFO  [21m[0m] -----------------------------------------------------------------
[[32m[1m INFO  [21m[0m] Elapsed time: 7.85e+01 || Step number: 1700/30000
[[32m[1m INFO  [21m[0m] longdy = 1.00e+00      || longdy/dt = 1.00e+00  || dt = 3.70e-01
[[32m[1m INFO  [21m[0m] from nz = 0 and OH
[[32m[1m INFO  [21m[0m] -----------------------------------------------------------------
[[32m[1m INFO  [21m[0m] Elapsed time: 1.22e+02 || Step number: 1800/30000
[[32m[1m INFO  [21m[0m] longdy = 1.08e+01      || longdy/dt = 2.53e-01  || dt = 8.16e-01
[[32m[1m INFO  [21m[0m] from nz = 34 and N
[[32m[1m INFO  [21m[0m] -----------------------------------------------------------------
[[32m[1m INFO  [21m[0m] Elapsed time: 2.17e+02 || Step number: 1900/30000
[[32m[1m INFO  [21m[0m] longdy = 3.84e+00      || longdy/dt = 4.11e-02  || dt = 1.55e+00
[[32m[1m INFO  [21m[0m] from nz = 19 and O2
[[32m[1m INFO  [21m[0m] -----------------------------------------------------------------
[[32m[1m INFO  [21m[0m] Elapsed time: 3.84e+02 || Step number: 2000/30000
[[32m[1m INFO  [21m[0m] longdy = 3.45e+00      || longdy/dt = 2.10e-02  || dt = 2.75e+00
[[32m[1m INFO  [21m[0m] from nz = 18 and SO2
[[32m[1m INFO  [21m[0m] -----------------------------------------------------------------
[[32m[1m INFO  [21m[0m] Elapsed time: 6.14e+02 || Step number: 2100/30000
[[32m[1m INFO  [21m[0m] longdy = 3.43e+00      || longdy/dt = 1.52e-02  || dt = 4.99e+00
[[32m[1m INFO  [21m[0m] from nz = 29 and HCS
[[32m[1m INFO  [21m[0m] -----------------------------------------------------------------
[[32m[1m INFO  [21m[0m] Elapsed time: 9.65e+02 || Step number: 2200/30000
[[32m[1m INFO  [21m[0m] longdy = 7.77e+00      || longdy/dt = 2.26e-02  || dt = 7.80e+00
[[32m[1m INFO  [21m[0m] from nz = 25 and CS
[[32m[1m INFO  [21m[0m] -----------------------------------------------------------------
[[32m[1m INFO  [21m[0m] Elapsed time: 2.28e+03 || Step number: 2300/30000
[[32m[1m INFO  [21m[0m] longdy = 1.50e+05      || longdy/dt = 1.34e+02  || dt = 2.21e+01
[[32m[1m INFO  [21m[0m] from nz = 27 and CS
[[32m[1m INFO  [21m[0m] -----------------------------------------------------------------
[[32m[1m INFO  [21m[0m] Elapsed time: 5.20e+03 || Step number: 2400/30000
[[32m[1m INFO  [21m[0m] longdy = 4.19e+04      || longdy/dt = 1.63e+01  || dt = 7.41e+01
[[32m[1m INFO  [21m[0m] from nz = 30 and CS
[[32m[1m INFO  [21m[0m] -----------------------------------------------------------------
[[32m[1m INFO  [21m[0m] Elapsed time: 2.64e+04 || Step number: 2500/30000
[[32m[1m INFO  [21m[0m] longdy = 2.53e+01      || longdy/dt = 1.95e-03  || dt = 4.63e+02
[[32m[1m INFO  [21m[0m] from nz = 0 and C6H5
[[32m[1m INFO  [21m[0m] -----------------------------------------------------------------
[[32m[1m INFO  [21m[0m] Elapsed time: 6.52e+04 || Step number: 2600/30000
[[32m[1m INFO  [21m[0m] longdy = 1.28e+01      || longdy/dt = 3.97e-04  || dt = 1.08e+03
[[32m[1m INFO  [21m[0m] from nz = 0 and C6H5
[[32m[1m INFO  [21m[0m] -----------------------------------------------------------------
[[32m[1m INFO  [21m[0m] Elapsed time: 8.42e+04 || Step number: 2700/30000
[[32m[1m INFO  [21m[0m] longdy = 1.49e+00      || longdy/dt = 7.82e-05  || dt = 9.75e+01
[[32m[1m INFO  [21m[0m] from nz = 35 and CS
[[32m[1m INFO  [21m[0m] -----------------------------------------------------------------
[[32m[1m INFO  [21m[0m] Elapsed time: 9.92e+04 || Step number: 2800/30000
[[32m[1m INFO  [21m[0m] longdy = 1.64e+00      || longdy/dt = 1.11e-04  || dt = 3.55e+02
[[32m[1m INFO  [21m[0m] from nz = 35 and CS
[[32m[1m INFO  [21m[0m] -----------------------------------------------------------------
[[32m[1m INFO  [21m[0m] Elapsed time: 1.06e+05 || Step number: 2900/30000
[[32m[1m INFO  [21m[0m] longdy = 8.70e-01      || longdy/dt = 1.30e-04  || dt = 2.52e+00
[[32m[1m INFO  [21m[0m] from nz = 14 and C6H6
[[32m[1m INFO  [21m[0m] -----------------------------------------------------------------
[[32m[1m INFO  [21m[0m] Elapsed time: 1.22e+05 || Step number: 3000/30000
[[32m[1m INFO  [21m[0m] longdy = 2.04e+00      || longdy/dt = 1.26e-04  || dt = 4.21e-03
[[32m[1m INFO  [21m[0m] from nz = 36 and CS
[[32m[1m INFO  [21m[0m] -----------------------------------------------------------------
[[32m[1m INFO  [21m[0m] Elapsed time: 1.30e+05 || Step number: 3100/30000
[[32m[1m INFO  [21m[0m] longdy = 8.85e-01      || longdy/dt = 1.20e-04  || dt = 3.16e+01
[[32m[1m INFO  [21m[0m] from nz = 23 and C6H6
[[32m[1m INFO  [21m[0m] -----------------------------------------------------------------
[[32m[1m INFO  [21m[0m] Elapsed time: 1.36e+05 || Step number: 3200/30000
[[32m[1m INFO  [21m[0m] longdy = 8.54e-01      || longdy/dt = 1.26e-04  || dt = 1.41e-05
[[32m[1m INFO  [21m[0m] from nz = 29 and C6H6
[[32m[1m INFO  [21m[0m] -----------------------------------------------------------------
[[32m[1m INFO  [21m[0m] Elapsed time: 1.42e+05 || Step number: 3300/30000
[[32m[1m INFO  [21m[0m] longdy = 7.81e-01      || longdy/dt = 1.41e-04  || dt = 3.11e-03
[[32m[1m INFO  [21m[0m] from nz = 33 and C6H6
[[32m[1m INFO  [21m[0m] -----------------------------------------------------------------
[[32m[1m INFO  [21m[0m] Elapsed time: 1.44e+05 || Step number: 3400/30000
[[32m[1m INFO  [21m[0m] longdy = 4.89e-01      || longdy/dt = 1.95e-04  || dt = 8.34e+00
[[32m[1m INFO  [21m[0m] from nz = 43 and C6H6
[[32m[1m INFO  [21m[0m] -----------------------------------------------------------------
[[32m[1m INFO  [21m[0m] Elapsed time: 1.59e+05 || Step number: 3500/30000
[[32m[1m INFO  [21m[0m] longdy = 4.22e+00      || longdy/dt = 2.95e-04  || dt = 1.07e-01
[[32m[1m INFO  [21m[0m] from nz = 38 and CS
[[32m[1m INFO  [21m[0m] -----------------------------------------------------------------
[[32m[1m INFO  [21m[0m] Elapsed time: 1.62e+05 || Step number: 3600/30000
[[32m[1m INFO  [21m[0m] longdy = 5.98e-01      || longdy/dt = 1.82e-04  || dt = 2.84e+01
[[32m[1m INFO  [21m[0m] from nz = 38 and CS
[[32m[1m INFO  [21m[0m] -----------------------------------------------------------------
[[32m[1m INFO  [21m[0m] Elapsed time: 1.69e+05 || Step number: 3700/30000
[[32m[1m INFO  [21m[0m] longdy = 2.08e+00      || longdy/dt = 2.90e-04  || dt = 4.77e+00
[[32m[1m INFO  [21m[0m] from nz = 39 and CS
[[32m[1m INFO  [21m[0m] -----------------------------------------------------------------
[[32m[1m INFO  [21m[0m] Elapsed time: 1.72e+05 || Step number: 3800/30000
[[32m[1m INFO  [21m[0m] longdy = 3.76e-01      || longdy/dt = 1.63e-04  || dt = 9.13e-01
[[32m[1m INFO  [21m[0m] from nz = 50 and C6H6
[[32m[1m INFO  [21m[0m] -----------------------------------------------------------------
[[32m[1m INFO  [21m[0m] Elapsed time: 1.74e+05 || Step number: 3900/30000
[[32m[1m INFO  [21m[0m] longdy = 5.58e-01      || longdy/dt = 1.97e-04  || dt = 5.84e+01
[[32m[1m INFO  [21m[0m] from nz = 39 and CS
[[32m[1m INFO  [21m[0m] -----------------------------------------------------------------
[[32m[1m INFO  [21m[0m] Elapsed time: 1.86e+05 || Step number: 4000/30000
[[32m[1m INFO  [21m[0m] longdy = 9.93e+00      || longdy/dt = 8.51e-04  || dt = 3.44e-04
[[32m[1m INFO  [21m[0m] from nz = 36 and CH2
[[32m[1m INFO  [21m[0m] -----------------------------------------------------------------
[[32m[1m INFO  [21m[0m] Elapsed time: 1.88e+05 || Step number: 4100/30000
[[32m[1m INFO  [21m[0m] longdy = 6.43e-01      || longdy/dt = 2.93e-04  || dt = 7.47e-06
[[32m[1m INFO  [21m[0m] from nz = 21 and HNO
[[32m[1m INFO  [21m[0m] -----------------------------------------------------------------
[[32m[1m INFO  [21m[0m] Elapsed time: 1.93e+05 || Step number: 4200/30000
[[32m[1m INFO  [21m[0m] longdy = 1.08e+00      || longdy/dt = 2.55e-04  || dt = 4.76e+02
[[32m[1m INFO  [21m[0m] from nz = 37 and CH2
[[32m[1m INFO  [21m[0m] -----------------------------------------------------------------
[[32m[1m INFO  [21m[0m] Elapsed time: 2.19e+05 || Step number: 4300/30000
[[32m[1m INFO  [21m[0m] longdy = 3.98e+01      || longdy/dt = 1.56e-03  || dt = 1.47e+03
[[32m[1m INFO  [21m[0m] from nz = 38 and CH2
[[32m[1m INFO  [21m[0m] -----------------------------------------------------------------
[[32m[1m INFO  [21m[0m] Elapsed time: 2.19e+05 || Step number: 4400/30000
[[32m[1m INFO  [21m[0m] longdy = 3.94e+00      || longdy/dt = 1.11e-01  || dt = 6.28e+00
[[32m[1m INFO  [21m[0m] from nz = 34 and NCO
[[32m[1m INFO  [21m[0m] -----------------------------------------------------------------
[[32m[1m INFO  [21m[0m] Elapsed time: 2.36e+05 || Step number: 4500/30000
[[32m[1m INFO  [21m[0m] longdy = 4.40e+00      || longdy/dt = 2.64e-04  || dt = 7.31e+00
[[32m[1m INFO  [21m[0m] from nz = 38 and CH2
[[32m[1m INFO  [21m[0m] -----------------------------------------------------------------
[[32m[1m INFO  [21m[0m] Elapsed time: 2.37e+05 || Step number: 4600/30000
[[32m[1m INFO  [21m[0m] longdy = 2.37e+00      || longdy/dt = 2.32e-03  || dt = 1.73e+02
[[32m[1m INFO  [21m[0m] from nz = 30 and CS
[[32m[1m INFO  [21m[0m] -----------------------------------------------------------------
[[32m[1m INFO  [21m[0m] Elapsed time: 2.47e+05 || Step number: 4700/30000
[[32m[1m INFO  [21m[0m] longdy = 1.35e+00      || longdy/dt = 1.37e-04  || dt = 2.77e+02
[[32m[1m INFO  [21m[0m] from nz = 26 and N2H2
[[32m[1m INFO  [21m[0m] -----------------------------------------------------------------
[[32m[1m INFO  [21m[0m] Elapsed time: 2.73e+05 || Step number: 4800/30000
[[32m[1m INFO  [21m[0m] longdy = 3.16e+00      || longdy/dt = 1.29e-04  || dt = 1.28e+03
[[32m[1m INFO  [21m[0m] from nz = 21 and N2H2
[[32m[1m INFO  [21m[0m] -----------------------------------------------------------------
[[32m[1m INFO  [21m[0m] Elapsed time: 2.79e+05 || Step number: 4900/30000
[[32m[1m INFO  [21m[0m] longdy = 2.74e+00      || longdy/dt = 5.26e-04  || dt = 7.64e+02
[[32m[1m INFO  [21m[0m] from nz = 21 and NH
[[32m[1m INFO  [21m[0m] -----------------------------------------------------------------
[[32m[1m INFO  [21m[0m] Elapsed time: 3.28e+05 || Step number: 5000/30000
[[32m[1m INFO  [21m[0m] longdy = 1.64e+00      || longdy/dt = 3.35e-05  || dt = 3.60e+02
[[32m[1m INFO  [21m[0m] from nz = 22 and N2H2
[[32m[1m INFO  [21m[0m] -----------------------------------------------------------------
[[32m[1m INFO  [21m[0m] Elapsed time: 6.13e+05 || Step number: 5100/30000
[[32m[1m INFO  [21m[0m] longdy = 1.89e+00      || longdy/dt = 6.96e-06  || dt = 1.32e+04
[[32m[1m INFO  [21m[0m] from nz = 22 and HNO
[[32m[1m INFO  [21m[0m] -----------------------------------------------------------------
[[32m[1m INFO  [21m[0m] Elapsed time: 9.74e+05 || Step number: 5200/30000
[[32m[1m INFO  [21m[0m] longdy = 9.97e-01      || longdy/dt = 2.81e-06  || dt = 7.74e+03
[[32m[1m INFO  [21m[0m] from nz = 22 and NH
[[32m[1m INFO  [21m[0m] -----------------------------------------------------------------
[[32m[1m INFO  [21m[0m] Elapsed time: 1.79e+06 || Step number: 5300/30000
[[32m[1m INFO  [21m[0m] longdy = 4.62e-02      || longdy/dt = 5.75e-08  || dt = 1.00e+04
[[32m[1m INFO  [21m[0m] from nz = 22 and NH
[[32m[1m INFO  [21m[0m] -----------------------------------------------------------------
[[32m[1m INFO  [21m[0m] Elapsed time: 2.59e+06 || Step number: 5400/30000
[[32m[1m INFO  [21m[0m] longdy = 1.60e-02      || longdy/dt = 2.00e-08  || dt = 5.90e+03
[[32m[1m INFO  [21m[0m] from nz = 5 and S8
[[32m[1m INFO  [21m[0m] -----------------------------------------------------------------
[[32m[1m INFO  [21m[0m] Integration successful with 5431 steps
[[32m[1m INFO  [21m[0m] long dy, long dydt = 0.019542746213901906, 2.4600441588749914e-08
[[32m[1m INFO  [21m[0m] Total atom loss:
[[32m[1m INFO  [21m[0m] H: 0.27275323852530753 
[[32m[1m INFO  [21m[0m] O: -0.16211282831017768 
[[32m[1m INFO  [21m[0m] C: 16.961101049096833 
[[32m[1m INFO  [21m[0m] N: 0.8157469555878228 
[[32m[1m INFO  [21m[0m] S: 1.8337964379757292 
[[32m[1m INFO  [21m[0m] ------ Live long and prosper \V/ ------
[[32m[1m INFO  [21m[0m]     done
Atmodeller initialized with double precision (float64)
[[93m[1m WARNING [21m[0m] The archive tar file does not exist: /data/rdc49-2/K218b_project/simulation_data/grid_H1_C1_N3_S2_fO22__from_batch09_case_000062__7_crash_atmos_chem_step_vulcan_chem_funs_race_syntax_error/data/data.tar
[[32m[1m INFO  [21m[0m] Observing the planet...
Loading PHOENIX star table in file '/data/rdc49-2/FWL_DATA/prt/input_data/stellar_spectra/phoenix/phoenix.startable.petitRADTRANS.h5'... Done.
