Atmodeller initialized with double precision (float64)
[[93m[1m WARNING [21m[0m] The archive tar file does not exist: /data/rdc49-2/K218b_project/simulation_data/grid_H0_C3_N1_S0_fO22__from_batch10_case_000020__7_crash_atmos_chem_step_vulcan_chem_funs_race_syntax_error/data/data.tar
[[32m[1m INFO  [21m[0m] Running atmospheric chemistry...
[[32m[1m INFO  [21m[0m]     Using vulcan module, offline
[[32m[1m INFO  [21m[0m] Elements conserved in the network.
[[32m[1m INFO  [21m[0m] No duplicates in the network.
[[32m[1m INFO  [21m[0m] Elements conserved in the network.
[[32m[1m INFO  [21m[0m] No duplicates in the network.
[[32m[1m INFO  [21m[0m] Running VULCAN
[[93m[1m WARNING [21m[0m] P_b and P_t assgined in vulcan.cfg are out of range of the input. Constant extension is used.
[[32m[1m INFO  [21m[0m] Initializing with compositions from ASCII file /data/rdc49-2/K218b_project/simulation_data/grid_H0_C3_N1_S0_fO22__from_batch10_case_000020__7_crash_atmos_chem_step_vulcan_chem_funs_race_syntax_error/offchem/vmrs.dat
[[32m[1m INFO  [21m[0m] Input stellar spectrum from 2.0 to 700.0
[[32m[1m INFO  [21m[0m] Using wavelength bins from 2.0 to 655.5
[[32m[1m INFO  [21m[0m] Include molecular diffusion.
[[32m[1m INFO  [21m[0m] Starting VULCAN integration with 1 threads...
[[93m[1m WARNING [21m[0m] Keep producing negative values! Clipping negative solutions and moving on!
[[93m[1m WARNING [21m[0m] Keep producing negative values! Clipping negative solutions and moving on!
[[93m[1m WARNING [21m[0m] Keep producing negative values! Clipping negative solutions and moving on!
[[93m[1m WARNING [21m[0m] Keep producing negative values! Clipping negative solutions and moving on!
[[93m[1m WARNING [21m[0m] Keep producing negative values! Clipping negative solutions and moving on!
[[93m[1m WARNING [21m[0m] Keep producing negative values! Clipping negative solutions and moving on!
[[93m[1m WARNING [21m[0m] Keep producing negative values! Clipping negative solutions and moving on!
[[93m[1m WARNING [21m[0m] Keep producing negative values! Clipping negative solutions and moving on!
[[93m[1m WARNING [21m[0m] Keep producing negative values! Clipping negative solutions and moving on!
[[93m[1m WARNING [21m[0m] Keep producing negative values! Clipping negative solutions and moving on!
[[93m[1m WARNING [21m[0m] Keep producing negative values! Clipping negative solutions and moving on!
[[93m[1m WARNING [21m[0m] Keep producing negative values! Clipping negative solutions and moving on!
[[93m[1m WARNING [21m[0m] Keep producing negative values! Clipping negative solutions and moving on!
[[93m[1m WARNING [21m[0m] Keep producing negative values! Clipping negative solutions and moving on!
[[93m[1m WARNING [21m[0m] Keep producing negative values! Clipping negative solutions and moving on!
[[93m[1m WARNING [21m[0m] Keep producing negative values! Clipping negative solutions and moving on!
[[93m[1m WARNING [21m[0m] Keep producing negative values! Clipping negative solutions and moving on!
[[32m[1m INFO  [21m[0m] Elapsed time: 7.81e-06 || Step number: 100/30000
[[32m[1m INFO  [21m[0m] longdy = 1.00e+00      || longdy/dt = 1.00e+00  || dt = 2.02e-07
[[32m[1m INFO  [21m[0m] from nz = 0 and OH
[[32m[1m INFO  [21m[0m] -----------------------------------------------------------------
[[32m[1m INFO  [21m[0m] Elapsed time: 4.15e-05 || Step number: 200/30000
[[32m[1m INFO  [21m[0m] longdy = 1.00e+00      || longdy/dt = 1.00e+00  || dt = 7.37e-07
[[32m[1m INFO  [21m[0m] from nz = 0 and OH
[[32m[1m INFO  [21m[0m] -----------------------------------------------------------------
[[32m[1m INFO  [21m[0m] Elapsed time: 2.56e-04 || Step number: 300/30000
[[32m[1m INFO  [21m[0m] longdy = 1.00e+00      || longdy/dt = 1.00e+00  || dt = 4.84e-06
[[32m[1m INFO  [21m[0m] from nz = 0 and OH
[[32m[1m INFO  [21m[0m] -----------------------------------------------------------------
[[32m[1m INFO  [21m[0m] Elapsed time: 1.64e-03 || Step number: 400/30000
[[32m[1m INFO  [21m[0m] longdy = 1.00e+00      || longdy/dt = 1.00e+00  || dt = 2.55e-05
[[32m[1m INFO  [21m[0m] from nz = 0 and OH
[[32m[1m INFO  [21m[0m] -----------------------------------------------------------------
[[32m[1m INFO  [21m[0m] Elapsed time: 9.23e-03 || Step number: 500/30000
[[32m[1m INFO  [21m[0m] longdy = 1.00e+00      || longdy/dt = 1.00e+00  || dt = 1.88e-04
[[32m[1m INFO  [21m[0m] from nz = 0 and OH
[[32m[1m INFO  [21m[0m] -----------------------------------------------------------------
[[32m[1m INFO  [21m[0m] Elapsed time: 5.53e-02 || Step number: 600/30000
[[32m[1m INFO  [21m[0m] longdy = 1.00e+00      || longdy/dt = 1.00e+00  || dt = 1.18e-03
[[32m[1m INFO  [21m[0m] from nz = 0 and OH
[[32m[1m INFO  [21m[0m] -----------------------------------------------------------------
[[32m[1m INFO  [21m[0m] Elapsed time: 3.13e-01 || Step number: 700/30000
[[32m[1m INFO  [21m[0m] longdy = 1.00e+00      || longdy/dt = 1.00e+00  || dt = 6.56e-03
[[32m[1m INFO  [21m[0m] from nz = 0 and OH
[[32m[1m INFO  [21m[0m] -----------------------------------------------------------------
[[32m[1m INFO  [21m[0m] Elapsed time: 1.46e+00 || Step number: 800/30000
[[32m[1m INFO  [21m[0m] longdy = 1.00e+00      || longdy/dt = 1.00e+00  || dt = 2.17e-02
[[32m[1m INFO  [21m[0m] from nz = 0 and OH
[[32m[1m INFO  [21m[0m] -----------------------------------------------------------------
[[32m[1m INFO  [21m[0m] Elapsed time: 5.01e+00 || Step number: 900/30000
[[32m[1m INFO  [21m[0m] longdy = 1.00e+00      || longdy/dt = 1.00e+00  || dt = 5.20e-02
[[32m[1m INFO  [21m[0m] from nz = 0 and OH
[[32m[1m INFO  [21m[0m] -----------------------------------------------------------------
[[32m[1m INFO  [21m[0m] Elapsed time: 1.28e+01 || Step number: 1000/30000
[[32m[1m INFO  [21m[0m] longdy = 1.00e+00      || longdy/dt = 1.00e+00  || dt = 1.05e-01
[[32m[1m INFO  [21m[0m] from nz = 0 and OH
[[32m[1m INFO  [21m[0m] -----------------------------------------------------------------
[[32m[1m INFO  [21m[0m] Elapsed time: 2.90e+01 || Step number: 1100/30000
[[32m[1m INFO  [21m[0m] longdy = 1.00e+00      || longdy/dt = 1.00e+00  || dt = 2.31e-01
[[32m[1m INFO  [21m[0m] from nz = 0 and OH
[[32m[1m INFO  [21m[0m] -----------------------------------------------------------------
[[32m[1m INFO  [21m[0m] Elapsed time: 5.38e+01 || Step number: 1200/30000
[[32m[1m INFO  [21m[0m] longdy = 1.00e+00      || longdy/dt = 1.00e+00  || dt = 3.32e-01
[[32m[1m INFO  [21m[0m] from nz = 0 and OH
[[32m[1m INFO  [21m[0m] -----------------------------------------------------------------
[[32m[1m INFO  [21m[0m] Elapsed time: 9.78e+01 || Step number: 1300/30000
[[32m[1m INFO  [21m[0m] longdy = 1.00e+00      || longdy/dt = 1.00e+00  || dt = 6.11e-01
[[32m[1m INFO  [21m[0m] from nz = 0 and OH
[[32m[1m INFO  [21m[0m] -----------------------------------------------------------------
[[32m[1m INFO  [21m[0m] Elapsed time: 1.67e+02 || Step number: 1400/30000
[[32m[1m INFO  [21m[0m] longdy = 1.66e+01      || longdy/dt = 2.43e-01  || dt = 9.93e-01
[[32m[1m INFO  [21m[0m] from nz = 38 and HCS
[[32m[1m INFO  [21m[0m] -----------------------------------------------------------------
[[32m[1m INFO  [21m[0m] Elapsed time: 2.61e+02 || Step number: 1500/30000
[[32m[1m INFO  [21m[0m] longdy = 2.34e+01      || longdy/dt = 2.52e-01  || dt = 1.35e+00
[[32m[1m INFO  [21m[0m] from nz = 36 and HCS
[[32m[1m INFO  [21m[0m] -----------------------------------------------------------------
[[32m[1m INFO  [21m[0m] Elapsed time: 3.72e+02 || Step number: 1600/30000
[[32m[1m INFO  [21m[0m] longdy = 1.45e+01      || longdy/dt = 1.34e-01  || dt = 1.73e+00
[[32m[1m INFO  [21m[0m] from nz = 34 and HCS
[[32m[1m INFO  [21m[0m] -----------------------------------------------------------------
[[32m[1m INFO  [21m[0m] Elapsed time: 5.30e+02 || Step number: 1700/30000
[[32m[1m INFO  [21m[0m] longdy = 1.36e+01      || longdy/dt = 8.76e-02  || dt = 2.47e+00
[[32m[1m INFO  [21m[0m] from nz = 32 and HCS
[[32m[1m INFO  [21m[0m] -----------------------------------------------------------------
[[32m[1m INFO  [21m[0m] Elapsed time: 7.58e+02 || Step number: 1800/30000
[[32m[1m INFO  [21m[0m] longdy = 1.14e+01      || longdy/dt = 5.08e-02  || dt = 3.34e+00
[[32m[1m INFO  [21m[0m] from nz = 30 and HCS
[[32m[1m INFO  [21m[0m] -----------------------------------------------------------------
[[32m[1m INFO  [21m[0m] Elapsed time: 1.11e+03 || Step number: 1900/30000
[[32m[1m INFO  [21m[0m] longdy = 4.01e+00      || longdy/dt = 1.17e-02  || dt = 6.18e+00
[[32m[1m INFO  [21m[0m] from nz = 28 and HCS
[[32m[1m INFO  [21m[0m] -----------------------------------------------------------------
[[32m[1m INFO  [21m[0m] Elapsed time: 1.76e+03 || Step number: 2000/30000
[[32m[1m INFO  [21m[0m] longdy = 2.36e+00      || longdy/dt = 3.65e-03  || dt = 1.37e+01
[[32m[1m INFO  [21m[0m] from nz = 13 and SO
[[32m[1m INFO  [21m[0m] -----------------------------------------------------------------
[[93m[1m WARNING [21m[0m] Keep producing negative values! Clipping negative solutions and moving on!
[[93m[1m WARNING [21m[0m] Keep producing negative values! Clipping negative solutions and moving on!
[[93m[1m WARNING [21m[0m] Keep producing negative values! Clipping negative solutions and moving on!
[[32m[1m INFO  [21m[0m] Elapsed time: 1.93e+03 || Step number: 2100/30000
[[32m[1m INFO  [21m[0m] longdy = 7.02e-01      || longdy/dt = 3.98e-03  || dt = 8.00e-08
[[32m[1m INFO  [21m[0m] from nz = 22 and C6H6
[[32m[1m INFO  [21m[0m] -----------------------------------------------------------------
[[93m[1m WARNING [21m[0m] Keep producing negative values! Clipping negative solutions and moving on!
[[93m[1m WARNING [21m[0m] Keep producing negative values! Clipping negative solutions and moving on!
[[32m[1m INFO  [21m[0m] Elapsed time: 2.21e+03 || Step number: 2200/30000
[[32m[1m INFO  [21m[0m] longdy = 1.14e+00      || longdy/dt = 4.15e-03  || dt = 6.55e-04
[[32m[1m INFO  [21m[0m] from nz = 22 and CS
[[32m[1m INFO  [21m[0m] -----------------------------------------------------------------
[[93m[1m WARNING [21m[0m] Keep producing negative values! Clipping negative solutions and moving on!
[[32m[1m INFO  [21m[0m] Elapsed time: 2.68e+03 || Step number: 2300/30000
[[32m[1m INFO  [21m[0m] longdy = 4.25e+00      || longdy/dt = 9.26e-03  || dt = 1.66e+01
[[32m[1m INFO  [21m[0m] from nz = 23 and CS
[[32m[1m INFO  [21m[0m] -----------------------------------------------------------------
[[93m[1m WARNING [21m[0m] Keep producing negative values! Clipping negative solutions and moving on!
[[93m[1m WARNING [21m[0m] Keep producing negative values! Clipping negative solutions and moving on!
[[32m[1m INFO  [21m[0m] Elapsed time: 2.91e+03 || Step number: 2400/30000
[[32m[1m INFO  [21m[0m] longdy = 1.60e+00      || longdy/dt = 6.77e-03  || dt = 8.39e-02
[[32m[1m INFO  [21m[0m] from nz = 23 and CS
[[32m[1m INFO  [21m[0m] -----------------------------------------------------------------
[[93m[1m WARNING [21m[0m] Keep producing negative values! Clipping negative solutions and moving on!
[[93m[1m WARNING [21m[0m] Keep producing negative values! Clipping negative solutions and moving on!
[[32m[1m INFO  [21m[0m] Elapsed time: 3.20e+03 || Step number: 2500/30000
[[32m[1m INFO  [21m[0m] longdy = 2.04e+00      || longdy/dt = 7.21e-03  || dt = 4.97e+00
[[32m[1m INFO  [21m[0m] from nz = 23 and CS
[[32m[1m INFO  [21m[0m] -----------------------------------------------------------------
[[93m[1m WARNING [21m[0m] Keep producing negative values! Clipping negative solutions and moving on!
[[93m[1m WARNING [21m[0m] Keep producing negative values! Clipping negative solutions and moving on!
[[32m[1m INFO  [21m[0m] Elapsed time: 3.58e+03 || Step number: 2600/30000
[[32m[1m INFO  [21m[0m] longdy = 2.96e+00      || longdy/dt = 8.08e-03  || dt = 1.94e+01
[[32m[1m INFO  [21m[0m] from nz = 24 and CS
[[32m[1m INFO  [21m[0m] -----------------------------------------------------------------
[[93m[1m WARNING [21m[0m] Keep producing negative values! Clipping negative solutions and moving on!
[[93m[1m WARNING [21m[0m] Keep producing negative values! Clipping negative solutions and moving on!
[[32m[1m INFO  [21m[0m] Elapsed time: 3.90e+03 || Step number: 2700/30000
[[32m[1m INFO  [21m[0m] longdy = 2.42e+00      || longdy/dt = 7.48e-03  || dt = 2.05e-05
[[32m[1m INFO  [21m[0m] from nz = 24 and CS
[[32m[1m INFO  [21m[0m] -----------------------------------------------------------------
[[93m[1m WARNING [21m[0m] Keep producing negative values! Clipping negative solutions and moving on!
[[93m[1m WARNING [21m[0m] Keep producing negative values! Clipping negative solutions and moving on!
[[32m[1m INFO  [21m[0m] Elapsed time: 4.25e+03 || Step number: 2800/30000
[[32m[1m INFO  [21m[0m] longdy = 2.74e+00      || longdy/dt = 7.78e-03  || dt = 1.68e-01
[[32m[1m INFO  [21m[0m] from nz = 24 and CS
[[32m[1m INFO  [21m[0m] -----------------------------------------------------------------
[[93m[1m WARNING [21m[0m] Keep producing negative values! Clipping negative solutions and moving on!
[[93m[1m WARNING [21m[0m] Keep producing negative values! Clipping negative solutions and moving on!
[[32m[1m INFO  [21m[0m] Elapsed time: 4.60e+03 || Step number: 2900/30000
[[32m[1m INFO  [21m[0m] longdy = 2.43e+00      || longdy/dt = 7.07e-03  || dt = 9.69e+00
[[32m[1m INFO  [21m[0m] from nz = 24 and CS
[[32m[1m INFO  [21m[0m] -----------------------------------------------------------------
[[93m[1m WARNING [21m[0m] Keep producing negative values! Clipping negative solutions and moving on!
[[93m[1m WARNING [21m[0m] Keep producing negative values! Clipping negative solutions and moving on!
[[93m[1m WARNING [21m[0m] Keep producing negative values! Clipping negative solutions and moving on!
[[32m[1m INFO  [21m[0m] Elapsed time: 4.76e+03 || Step number: 3000/30000
[[32m[1m INFO  [21m[0m] longdy = 7.15e-01      || longdy/dt = 4.44e-03  || dt = 6.71e-01
[[32m[1m INFO  [21m[0m] from nz = 24 and CS
[[32m[1m INFO  [21m[0m] -----------------------------------------------------------------
[[93m[1m WARNING [21m[0m] Keep producing negative values! Clipping negative solutions and moving on!
[[93m[1m WARNING [21m[0m] Keep producing negative values! Clipping negative solutions and moving on!
[[32m[1m INFO  [21m[0m] Elapsed time: 5.22e+03 || Step number: 3100/30000
[[32m[1m INFO  [21m[0m] longdy = 2.94e+00      || longdy/dt = 6.57e-03  || dt = 1.24e+01
[[32m[1m INFO  [21m[0m] from nz = 25 and CS
[[32m[1m INFO  [21m[0m] -----------------------------------------------------------------
[[93m[1m WARNING [21m[0m] Keep producing negative values! Clipping negative solutions and moving on!
[[93m[1m WARNING [21m[0m] Keep producing negative values! Clipping negative solutions and moving on!
[[93m[1m WARNING [21m[0m] Keep producing negative values! Clipping negative solutions and moving on!
[[32m[1m INFO  [21m[0m] Elapsed time: 5.58e+03 || Step number: 3200/30000
[[32m[1m INFO  [21m[0m] longdy = 2.10e+00      || longdy/dt = 5.76e-03  || dt = 8.00e-08
[[32m[1m INFO  [21m[0m] from nz = 25 and CS
[[32m[1m INFO  [21m[0m] -----------------------------------------------------------------
[[93m[1m WARNING [21m[0m] Keep producing negative values! Clipping negative solutions and moving on!
[[93m[1m WARNING [21m[0m] Keep producing negative values! Clipping negative solutions and moving on!
[[32m[1m INFO  [21m[0m] Elapsed time: 6.08e+03 || Step number: 3300/30000
[[32m[1m INFO  [21m[0m] longdy = 3.72e+00      || longdy/dt = 7.46e-03  || dt = 6.40e-07
[[32m[1m INFO  [21m[0m] from nz = 25 and CS
[[32m[1m INFO  [21m[0m] -----------------------------------------------------------------
[[93m[1m WARNING [21m[0m] Keep producing negative values! Clipping negative solutions and moving on!
[[32m[1m INFO  [21m[0m] Elapsed time: 6.73e+03 || Step number: 3400/30000
[[32m[1m INFO  [21m[0m] longdy = 5.42e+00      || longdy/dt = 8.48e-03  || dt = 1.13e+01
[[32m[1m INFO  [21m[0m] from nz = 25 and CS
[[32m[1m INFO  [21m[0m] -----------------------------------------------------------------
[[93m[1m WARNING [21m[0m] Keep producing negative values! Clipping negative solutions and moving on!
[[93m[1m WARNING [21m[0m] Keep producing negative values! Clipping negative solutions and moving on!
[[93m[1m WARNING [21m[0m] Keep producing negative values! Clipping negative solutions and moving on!
[[32m[1m INFO  [21m[0m] Elapsed time: 7.03e+03 || Step number: 3500/30000
[[32m[1m INFO  [21m[0m] longdy = 1.30e+00      || longdy/dt = 4.26e-03  || dt = 6.55e-04
[[32m[1m INFO  [21m[0m] from nz = 26 and CS
[[32m[1m INFO  [21m[0m] -----------------------------------------------------------------
[[93m[1m WARNING [21m[0m] Keep producing negative values! Clipping negative solutions and moving on!
[[93m[1m WARNING [21m[0m] Keep producing negative values! Clipping negative solutions and moving on!
[[93m[1m WARNING [21m[0m] Keep producing negative values! Clipping negative solutions and moving on!
[[32m[1m INFO  [21m[0m] Elapsed time: 7.51e+03 || Step number: 3600/30000
[[32m[1m INFO  [21m[0m] longdy = 2.74e+00      || longdy/dt = 5.75e-03  || dt = 1.00e-08
[[32m[1m INFO  [21m[0m] from nz = 26 and CS
[[32m[1m INFO  [21m[0m] -----------------------------------------------------------------
[[93m[1m WARNING [21m[0m] Keep producing negative values! Clipping negative solutions and moving on!
[[93m[1m WARNING [21m[0m] Keep producing negative values! Clipping negative solutions and moving on!
[[32m[1m INFO  [21m[0m] Elapsed time: 7.74e+03 || Step number: 3700/30000
[[32m[1m INFO  [21m[0m] longdy = 8.90e-01      || longdy/dt = 3.83e-03  || dt = 6.71e-01
[[32m[1m INFO  [21m[0m] from nz = 26 and CS
[[32m[1m INFO  [21m[0m] -----------------------------------------------------------------
[[93m[1m WARNING [21m[0m] Keep producing negative values! Clipping negative solutions and moving on!
[[93m[1m WARNING [21m[0m] Keep producing negative values! Clipping negative solutions and moving on!
[[93m[1m WARNING [21m[0m] Keep producing negative values! Clipping negative solutions and moving on!
[[32m[1m INFO  [21m[0m] Elapsed time: 8.25e+03 || Step number: 3800/30000
[[32m[1m INFO  [21m[0m] longdy = 2.74e+00      || longdy/dt = 5.39e-03  || dt = 1.60e-07
[[32m[1m INFO  [21m[0m] from nz = 26 and CS
[[32m[1m INFO  [21m[0m] -----------------------------------------------------------------
[[93m[1m WARNING [21m[0m] Keep producing negative values! Clipping negative solutions and moving on!
[[93m[1m WARNING [21m[0m] Keep producing negative values! Clipping negative solutions and moving on!
[[32m[1m INFO  [21m[0m] Elapsed time: 8.80e+03 || Step number: 3900/30000
[[32m[1m INFO  [21m[0m] longdy = 2.86e+00      || longdy/dt = 5.17e-03  || dt = 3.28e-04
[[32m[1m INFO  [21m[0m] from nz = 27 and CS
[[32m[1m INFO  [21m[0m] -----------------------------------------------------------------
[[93m[1m WARNING [21m[0m] Keep producing negative values! Clipping negative solutions and moving on!
[[93m[1m WARNING [21m[0m] Keep producing negative values! Clipping negative solutions and moving on!
[[32m[1m INFO  [21m[0m] Elapsed time: 9.41e+03 || Step number: 4000/30000
[[32m[1m INFO  [21m[0m] longdy = 3.41e+00      || longdy/dt = 5.60e-03  || dt = 3.36e-01
[[32m[1m INFO  [21m[0m] from nz = 27 and CS
[[32m[1m INFO  [21m[0m] -----------------------------------------------------------------
[[93m[1m WARNING [21m[0m] Keep producing negative values! Clipping negative solutions and moving on!
[[93m[1m WARNING [21m[0m] Keep producing negative values! Clipping negative solutions and moving on!
[[93m[1m WARNING [21m[0m] Keep producing negative values! Clipping negative solutions and moving on!
[[32m[1m INFO  [21m[0m] Elapsed time: 9.75e+03 || Step number: 4100/30000
[[32m[1m INFO  [21m[0m] longdy = 1.25e+00      || longdy/dt = 3.62e-03  || dt = 1.64e-04
[[32m[1m INFO  [21m[0m] from nz = 27 and CS
[[32m[1m INFO  [21m[0m] -----------------------------------------------------------------
[[93m[1m WARNING [21m[0m] Keep producing negative values! Clipping negative solutions and moving on!
[[93m[1m WARNING [21m[0m] Keep producing negative values! Clipping negative solutions and moving on!
[[93m[1m WARNING [21m[0m] Keep producing negative values! Clipping negative solutions and moving on!
[[32m[1m INFO  [21m[0m] Elapsed time: 1.01e+04 || Step number: 4200/30000
[[32m[1m INFO  [21m[0m] longdy = 1.26e+00      || longdy/dt = 3.36e-03  || dt = 1.00e-08
[[32m[1m INFO  [21m[0m] from nz = 27 and CS
[[32m[1m INFO  [21m[0m] -----------------------------------------------------------------
[[93m[1m WARNING [21m[0m] Keep producing negative values! Clipping negative solutions and moving on!
[[93m[1m WARNING [21m[0m] Keep producing negative values! Clipping negative solutions and moving on!
[[32m[1m INFO  [21m[0m] Elapsed time: 1.06e+04 || Step number: 4300/30000
[[32m[1m INFO  [21m[0m] longdy = 1.79e+00      || longdy/dt = 3.72e-03  || dt = 3.28e-04
[[32m[1m INFO  [21m[0m] from nz = 28 and CS
[[32m[1m INFO  [21m[0m] -----------------------------------------------------------------
[[93m[1m WARNING [21m[0m] Keep producing negative values! Clipping negative solutions and moving on!
[[93m[1m WARNING [21m[0m] Keep producing negative values! Clipping negative solutions and moving on!
[[32m[1m INFO  [21m[0m] Elapsed time: 1.16e+04 || Step number: 4400/30000
[[32m[1m INFO  [21m[0m] longdy = 6.25e+00      || longdy/dt = 6.56e-03  || dt = 1.28e-06
[[32m[1m INFO  [21m[0m] from nz = 28 and CS
[[32m[1m INFO  [21m[0m] -----------------------------------------------------------------
[[93m[1m WARNING [21m[0m] Keep producing negative values! Clipping negative solutions and moving on!
[[93m[1m WARNING [21m[0m] Keep producing negative values! Clipping negative solutions and moving on!
[[32m[1m INFO  [21m[0m] Elapsed time: 1.21e+04 || Step number: 4500/30000
[[32m[1m INFO  [21m[0m] longdy = 1.60e+00      || longdy/dt = 3.19e-03  || dt = 8.39e-02
[[32m[1m INFO  [21m[0m] from nz = 28 and CS
[[32m[1m INFO  [21m[0m] -----------------------------------------------------------------
[[93m[1m WARNING [21m[0m] Keep producing negative values! Clipping negative solutions and moving on!
[[93m[1m WARNING [21m[0m] Keep producing negative values! Clipping negative solutions and moving on!
[[32m[1m INFO  [21m[0m] Elapsed time: 1.30e+04 || Step number: 4600/30000
[[32m[1m INFO  [21m[0m] longdy = 4.25e+00      || longdy/dt = 4.54e-03  || dt = 1.33e+01
[[32m[1m INFO  [21m[0m] from nz = 29 and CS
[[32m[1m INFO  [21m[0m] -----------------------------------------------------------------
[[93m[1m WARNING [21m[0m] Keep producing negative values! Clipping negative solutions and moving on!
[[93m[1m WARNING [21m[0m] Keep producing negative values! Clipping negative solutions and moving on!
[[32m[1m INFO  [21m[0m] Elapsed time: 1.41e+04 || Step number: 4700/30000
[[32m[1m INFO  [21m[0m] longdy = 4.66e+00      || longdy/dt = 4.53e-03  || dt = 6.61e+01
[[32m[1m INFO  [21m[0m] from nz = 29 and CS
[[32m[1m INFO  [21m[0m] -----------------------------------------------------------------
[[93m[1m WARNING [21m[0m] Keep producing negative values! Clipping negative solutions and moving on!
[[32m[1m INFO  [21m[0m] Elapsed time: 1.67e+04 || Step number: 4800/30000
[[32m[1m INFO  [21m[0m] longdy = 3.49e+01      || longdy/dt = 1.35e-02  || dt = 6.03e+01
[[32m[1m INFO  [21m[0m] from nz = 30 and CS
[[32m[1m INFO  [21m[0m] -----------------------------------------------------------------
[[93m[1m WARNING [21m[0m] Keep producing negative values! Clipping negative solutions and moving on!
[[93m[1m WARNING [21m[0m] Keep producing negative values! Clipping negative solutions and moving on!
[[93m[1m WARNING [21m[0m] Keep producing negative values! Clipping negative solutions and moving on!
[[32m[1m INFO  [21m[0m] Elapsed time: 1.79e+04 || Step number: 4900/30000
[[32m[1m INFO  [21m[0m] longdy = 3.07e+00      || longdy/dt = 2.55e-03  || dt = 1.28e-06
[[32m[1m INFO  [21m[0m] from nz = 30 and CS
[[32m[1m INFO  [21m[0m] -----------------------------------------------------------------
[[93m[1m WARNING [21m[0m] Keep producing negative values! Clipping negative solutions and moving on!
[[93m[1m WARNING [21m[0m] Keep producing negative values! Clipping negative solutions and moving on!
[[32m[1m INFO  [21m[0m] Elapsed time: 1.91e+04 || Step number: 5000/30000
[[32m[1m INFO  [21m[0m] longdy = 2.53e+00      || longdy/dt = 2.10e-03  || dt = 1.64e-04
[[32m[1m INFO  [21m[0m] from nz = 31 and CS
[[32m[1m INFO  [21m[0m] -----------------------------------------------------------------
[[93m[1m WARNING [21m[0m] Keep producing negative values! Clipping negative solutions and moving on!
[[93m[1m WARNING [21m[0m] Keep producing negative values! Clipping negative solutions and moving on!
[[32m[1m INFO  [21m[0m] Elapsed time: 2.07e+04 || Step number: 5100/30000
[[32m[1m INFO  [21m[0m] longdy = 3.53e+00      || longdy/dt = 2.21e-03  || dt = 3.36e-01
[[32m[1m INFO  [21m[0m] from nz = 31 and CS
[[32m[1m INFO  [21m[0m] -----------------------------------------------------------------
[[93m[1m WARNING [21m[0m] Keep producing negative values! Clipping negative solutions and moving on!
[[93m[1m WARNING [21m[0m] Keep producing negative values! Clipping negative solutions and moving on!
[[32m[1m INFO  [21m[0m] Elapsed time: 2.26e+04 || Step number: 5200/30000
[[32m[1m INFO  [21m[0m] longdy = 3.27e+00      || longdy/dt = 1.80e-03  || dt = 2.15e+01
[[32m[1m INFO  [21m[0m] from nz = 31 and CS
[[32m[1m INFO  [21m[0m] -----------------------------------------------------------------
[[93m[1m WARNING [21m[0m] Keep producing negative values! Clipping negative solutions and moving on!
[[32m[1m INFO  [21m[0m] Elapsed time: 2.69e+04 || Step number: 5300/30000
[[32m[1m INFO  [21m[0m] longdy = 1.33e+01      || longdy/dt = 3.18e-03  || dt = 1.29e+02
[[32m[1m INFO  [21m[0m] from nz = 32 and CS
[[32m[1m INFO  [21m[0m] -----------------------------------------------------------------
[[93m[1m WARNING [21m[0m] Keep producing negative values! Clipping negative solutions and moving on!
[[93m[1m WARNING [21m[0m] Keep producing negative values! Clipping negative solutions and moving on!
[[32m[1m INFO  [21m[0m] Elapsed time: 3.04e+04 || Step number: 5400/30000
[[32m[1m INFO  [21m[0m] longdy = 3.87e+00      || longdy/dt = 1.11e-03  || dt = 4.29e+01
[[32m[1m INFO  [21m[0m] from nz = 32 and CS
[[32m[1m INFO  [21m[0m] -----------------------------------------------------------------
[[93m[1m WARNING [21m[0m] Keep producing negative values! Clipping negative solutions and moving on!
[[93m[1m WARNING [21m[0m] Keep producing negative values! Clipping negative solutions and moving on!
[[32m[1m INFO  [21m[0m] Elapsed time: 3.34e+04 || Step number: 5500/30000
[[32m[1m INFO  [21m[0m] longdy = 1.88e+00      || longdy/dt = 6.52e-04  || dt = 1.73e+02
[[32m[1m INFO  [21m[0m] from nz = 33 and CS
[[32m[1m INFO  [21m[0m] -----------------------------------------------------------------
[[93m[1m WARNING [21m[0m] Keep producing negative values! Clipping negative solutions and moving on!
[[93m[1m WARNING [21m[0m] Keep producing negative values! Clipping negative solutions and moving on!
[[32m[1m INFO  [21m[0m] Elapsed time: 3.61e+04 || Step number: 5600/30000
[[32m[1m INFO  [21m[0m] longdy = 1.24e+00      || longdy/dt = 4.73e-04  || dt = 1.70e+02
[[32m[1m INFO  [21m[0m] from nz = 33 and CS
[[32m[1m INFO  [21m[0m] -----------------------------------------------------------------
[[93m[1m WARNING [21m[0m] Keep producing negative values! Clipping negative solutions and moving on!
[[32m[1m INFO  [21m[0m] Elapsed time: 4.28e+04 || Step number: 5700/30000
[[32m[1m INFO  [21m[0m] longdy = 3.39e+00      || longdy/dt = 5.17e-04  || dt = 1.96e+02
[[32m[1m INFO  [21m[0m] from nz = 33 and CS
[[32m[1m INFO  [21m[0m] -----------------------------------------------------------------
[[93m[1m WARNING [21m[0m] Keep producing negative values! Clipping negative solutions and moving on!
[[32m[1m INFO  [21m[0m] Elapsed time: 4.98e+04 || Step number: 5800/30000
[[32m[1m INFO  [21m[0m] longdy = 1.68e+00      || longdy/dt = 2.42e-04  || dt = 3.36e-01
[[32m[1m INFO  [21m[0m] from nz = 34 and CS
[[32m[1m INFO  [21m[0m] -----------------------------------------------------------------
[[93m[1m WARNING [21m[0m] Keep producing negative values! Clipping negative solutions and moving on!
[[93m[1m WARNING [21m[0m] Keep producing negative values! Clipping negative solutions and moving on!
[[32m[1m INFO  [21m[0m] Elapsed time: 6.05e+04 || Step number: 5900/30000
[[32m[1m INFO  [21m[0m] longdy = 1.58e+00      || longdy/dt = 1.47e-04  || dt = 3.20e-07
[[32m[1m INFO  [21m[0m] from nz = 34 and CS
[[32m[1m INFO  [21m[0m] -----------------------------------------------------------------
[[93m[1m WARNING [21m[0m] Keep producing negative values! Clipping negative solutions and moving on!
[[32m[1m INFO  [21m[0m] Elapsed time: 7.26e+04 || Step number: 6000/30000
[[32m[1m INFO  [21m[0m] longdy = 7.72e-01      || longdy/dt = 6.41e-05  || dt = 8.00e-08
[[32m[1m INFO  [21m[0m] from nz = 34 and CS
[[32m[1m INFO  [21m[0m] -----------------------------------------------------------------
[[32m[1m INFO  [21m[0m] Elapsed time: 9.73e+04 || Step number: 6100/30000
[[32m[1m INFO  [21m[0m] longdy = 8.90e-01      || longdy/dt = 3.65e-05  || dt = 4.68e+02
[[32m[1m INFO  [21m[0m] from nz = 4 and S4
[[32m[1m INFO  [21m[0m] -----------------------------------------------------------------
[[93m[1m WARNING [21m[0m] Keep producing negative values! Clipping negative solutions and moving on!
[[93m[1m WARNING [21m[0m] Keep producing negative values! Clipping negative solutions and moving on!
[[32m[1m INFO  [21m[0m] Elapsed time: 1.07e+05 || Step number: 6200/30000
[[32m[1m INFO  [21m[0m] longdy = 4.94e-01      || longdy/dt = 5.54e-05  || dt = 7.79e+02
[[32m[1m INFO  [21m[0m] from nz = 4 and S4
[[32m[1m INFO  [21m[0m] -----------------------------------------------------------------
[[93m[1m WARNING [21m[0m] Keep producing negative values! Clipping negative solutions and moving on!
[[93m[1m WARNING [21m[0m] Keep producing negative values! Clipping negative solutions and moving on!
[[32m[1m INFO  [21m[0m] Elapsed time: 1.27e+05 || Step number: 6300/30000
[[32m[1m INFO  [21m[0m] longdy = 7.59e-01      || longdy/dt = 3.78e-05  || dt = 4.05e-02
[[32m[1m INFO  [21m[0m] from nz = 5 and S4
[[32m[1m INFO  [21m[0m] -----------------------------------------------------------------
[[93m[1m WARNING [21m[0m] Keep producing negative values! Clipping negative solutions and moving on!
[[93m[1m WARNING [21m[0m] Keep producing negative values! Clipping negative solutions and moving on!
[[32m[1m INFO  [21m[0m] Elapsed time: 1.50e+05 || Step number: 6400/30000
[[32m[1m INFO  [21m[0m] longdy = 7.58e-01      || longdy/dt = 3.25e-05  || dt = 4.10e-05
[[32m[1m INFO  [21m[0m] from nz = 5 and S4
[[32m[1m INFO  [21m[0m] -----------------------------------------------------------------
[[93m[1m WARNING [21m[0m] Keep producing negative values! Clipping negative solutions and moving on!
[[93m[1m WARNING [21m[0m] Keep producing negative values! Clipping negative solutions and moving on!
[[32m[1m INFO  [21m[0m] Elapsed time: 1.67e+05 || Step number: 6500/30000
[[32m[1m INFO  [21m[0m] longdy = 6.22e-01      || longdy/dt = 3.59e-05  || dt = 6.55e-04
[[32m[1m INFO  [21m[0m] from nz = 6 and S4
[[32m[1m INFO  [21m[0m] -----------------------------------------------------------------
[[32m[1m INFO  [21m[0m] Elapsed time: 1.81e+05 || Step number: 6600/30000
[[32m[1m INFO  [21m[0m] longdy = 5.07e-01      || longdy/dt = 3.73e-05  || dt = 1.99e-01
[[32m[1m INFO  [21m[0m] from nz = 6 and S4
[[32m[1m INFO  [21m[0m] -----------------------------------------------------------------
[[93m[1m WARNING [21m[0m] Keep producing negative values! Clipping negative solutions and moving on!
[[32m[1m INFO  [21m[0m] Elapsed time: 2.67e+05 || Step number: 6700/30000
[[32m[1m INFO  [21m[0m] longdy = 1.89e+00      || longdy/dt = 2.25e-05  || dt = 2.07e+03
[[32m[1m INFO  [21m[0m] from nz = 5 and H2O2
[[32m[1m INFO  [21m[0m] -----------------------------------------------------------------
[[93m[1m WARNING [21m[0m] Keep producing negative values! Clipping negative solutions and moving on!
[[93m[1m WARNING [21m[0m] Keep producing negative values! Clipping negative solutions and moving on!
[[32m[1m INFO  [21m[0m] Elapsed time: 3.38e+05 || Step number: 6800/30000
[[32m[1m INFO  [21m[0m] longdy = 1.30e+00      || longdy/dt = 1.84e-05  || dt = 3.28e-04
[[32m[1m INFO  [21m[0m] from nz = 6 and H2O2
[[32m[1m INFO  [21m[0m] -----------------------------------------------------------------
[[93m[1m WARNING [21m[0m] Keep producing negative values! Clipping negative solutions and moving on!
[[32m[1m INFO  [21m[0m] Elapsed time: 4.89e+05 || Step number: 6900/30000
[[32m[1m INFO  [21m[0m] longdy = 2.13e+01      || longdy/dt = 1.45e-04  || dt = 4.46e+03
[[32m[1m INFO  [21m[0m] from nz = 35 and CS
[[32m[1m INFO  [21m[0m] -----------------------------------------------------------------
[[32m[1m INFO  [21m[0m] Elapsed time: 5.54e+05 || Step number: 7000/30000
[[32m[1m INFO  [21m[0m] longdy = 6.64e+00      || longdy/dt = 1.09e-04  || dt = 4.25e+03
[[32m[1m INFO  [21m[0m] from nz = 36 and CS
[[32m[1m INFO  [21m[0m] -----------------------------------------------------------------
[[32m[1m INFO  [21m[0m] Elapsed time: 6.23e+05 || Step number: 7100/30000
[[32m[1m INFO  [21m[0m] longdy = 8.58e+00      || longdy/dt = 1.25e-04  || dt = 6.46e+00
[[32m[1m INFO  [21m[0m] from nz = 37 and CS
[[32m[1m INFO  [21m[0m] -----------------------------------------------------------------
[[32m[1m INFO  [21m[0m] Elapsed time: 7.22e+05 || Step number: 7200/30000
[[32m[1m INFO  [21m[0m] longdy = 1.50e+01      || longdy/dt = 1.60e-04  || dt = 5.00e+03
[[32m[1m INFO  [21m[0m] from nz = 38 and CS
[[32m[1m INFO  [21m[0m] -----------------------------------------------------------------
[[32m[1m INFO  [21m[0m] Elapsed time: 7.58e+05 || Step number: 7300/30000
[[32m[1m INFO  [21m[0m] longdy = 4.65e+00      || longdy/dt = 1.40e-04  || dt = 4.64e+03
[[32m[1m INFO  [21m[0m] from nz = 42 and NH2
[[32m[1m INFO  [21m[0m] -----------------------------------------------------------------
[[32m[1m INFO  [21m[0m] Elapsed time: 8.01e+05 || Step number: 7400/30000
[[32m[1m INFO  [21m[0m] longdy = 1.39e+00      || longdy/dt = 3.42e-05  || dt = 2.37e+03
[[32m[1m INFO  [21m[0m] from nz = 39 and CS
[[32m[1m INFO  [21m[0m] -----------------------------------------------------------------
[[32m[1m INFO  [21m[0m] Elapsed time: 8.34e+05 || Step number: 7500/30000
[[32m[1m INFO  [21m[0m] longdy = 1.45e+00      || longdy/dt = 4.45e-05  || dt = 1.16e+02
[[32m[1m INFO  [21m[0m] from nz = 44 and NH2
[[32m[1m INFO  [21m[0m] -----------------------------------------------------------------
[[32m[1m INFO  [21m[0m] Elapsed time: 8.74e+05 || Step number: 7600/30000
[[32m[1m INFO  [21m[0m] longdy = 1.09e+00      || longdy/dt = 2.68e-05  || dt = 1.18e+02
[[32m[1m INFO  [21m[0m] from nz = 44 and NH2
[[32m[1m INFO  [21m[0m] -----------------------------------------------------------------
[[32m[1m INFO  [21m[0m] Elapsed time: 9.07e+05 || Step number: 7700/30000
[[32m[1m INFO  [21m[0m] longdy = 1.18e+00      || longdy/dt = 3.68e-05  || dt = 5.88e+01
[[32m[1m INFO  [21m[0m] from nz = 45 and NH2
[[32m[1m INFO  [21m[0m] -----------------------------------------------------------------
[[32m[1m INFO  [21m[0m] Elapsed time: 9.37e+05 || Step number: 7800/30000
[[32m[1m INFO  [21m[0m] longdy = 7.50e-01      || longdy/dt = 2.47e-05  || dt = 5.39e+02
[[32m[1m INFO  [21m[0m] from nz = 46 and NH2
[[32m[1m INFO  [21m[0m] -----------------------------------------------------------------
[[32m[1m INFO  [21m[0m] Elapsed time: 9.62e+05 || Step number: 7900/30000
[[32m[1m INFO  [21m[0m] longdy = 5.86e-01      || longdy/dt = 2.37e-05  || dt = 1.83e+01
[[32m[1m INFO  [21m[0m] from nz = 46 and NH2
[[32m[1m INFO  [21m[0m] -----------------------------------------------------------------
[[32m[1m INFO  [21m[0m] Elapsed time: 9.86e+05 || Step number: 8000/30000
[[32m[1m INFO  [21m[0m] longdy = 3.85e-01      || longdy/dt = 1.63e-05  || dt = 1.88e+01
[[32m[1m INFO  [21m[0m] from nz = 47 and NH2
[[32m[1m INFO  [21m[0m] -----------------------------------------------------------------
[[32m[1m INFO  [21m[0m] Elapsed time: 1.01e+06 || Step number: 8100/30000
[[32m[1m INFO  [21m[0m] longdy = 3.91e-01      || longdy/dt = 1.47e-05  || dt = 9.36e+02
[[32m[1m INFO  [21m[0m] from nz = 35 and C6H5
[[32m[1m INFO  [21m[0m] -----------------------------------------------------------------
[[32m[1m INFO  [21m[0m] Elapsed time: 1.03e+06 || Step number: 8200/30000
[[32m[1m INFO  [21m[0m] longdy = 3.16e-01      || longdy/dt = 1.46e-05  || dt = 2.75e+02
[[32m[1m INFO  [21m[0m] from nz = 35 and C6H5
[[32m[1m INFO  [21m[0m] -----------------------------------------------------------------
[[32m[1m INFO  [21m[0m] Elapsed time: 1.06e+06 || Step number: 8300/30000
[[32m[1m INFO  [21m[0m] longdy = 2.79e-01      || longdy/dt = 1.43e-05  || dt = 1.39e+03
[[32m[1m INFO  [21m[0m] from nz = 35 and C6H5
[[32m[1m INFO  [21m[0m] -----------------------------------------------------------------
[[32m[1m INFO  [21m[0m] Elapsed time: 1.08e+06 || Step number: 8400/30000
[[32m[1m INFO  [21m[0m] longdy = 2.74e-01      || longdy/dt = 1.37e-05  || dt = 5.62e+01
[[32m[1m INFO  [21m[0m] from nz = 35 and C6H5
[[32m[1m INFO  [21m[0m] -----------------------------------------------------------------
[[32m[1m INFO  [21m[0m] Elapsed time: 1.10e+06 || Step number: 8500/30000
[[32m[1m INFO  [21m[0m] longdy = 2.75e-01      || longdy/dt = 1.26e-05  || dt = 1.21e+03
[[32m[1m INFO  [21m[0m] from nz = 35 and C6H5
[[32m[1m INFO  [21m[0m] -----------------------------------------------------------------
[[32m[1m INFO  [21m[0m] Elapsed time: 1.12e+06 || Step number: 8600/30000
[[32m[1m INFO  [21m[0m] longdy = 2.47e-01      || longdy/dt = 1.22e-05  || dt = 4.28e+02
[[32m[1m INFO  [21m[0m] from nz = 37 and CH2
[[32m[1m INFO  [21m[0m] -----------------------------------------------------------------
[[32m[1m INFO  [21m[0m] Elapsed time: 1.14e+06 || Step number: 8700/30000
[[32m[1m INFO  [21m[0m] longdy = 2.57e-01      || longdy/dt = 1.14e-05  || dt = 2.94e+02
[[32m[1m INFO  [21m[0m] from nz = 36 and CH2
[[32m[1m INFO  [21m[0m] -----------------------------------------------------------------
[[32m[1m INFO  [21m[0m] Elapsed time: 1.17e+06 || Step number: 8800/30000
[[32m[1m INFO  [21m[0m] longdy = 2.70e-01      || longdy/dt = 1.06e-05  || dt = 5.80e+02
[[32m[1m INFO  [21m[0m] from nz = 36 and CH2
[[32m[1m INFO  [21m[0m] -----------------------------------------------------------------
[[32m[1m INFO  [21m[0m] Elapsed time: 1.19e+06 || Step number: 8900/30000
[[32m[1m INFO  [21m[0m] longdy = 2.36e-01      || longdy/dt = 1.13e-05  || dt = 2.74e+02
[[32m[1m INFO  [21m[0m] from nz = 36 and CH2
[[32m[1m INFO  [21m[0m] -----------------------------------------------------------------
[[32m[1m INFO  [21m[0m] Elapsed time: 1.21e+06 || Step number: 9000/30000
[[32m[1m INFO  [21m[0m] longdy = 1.96e-01      || longdy/dt = 1.04e-05  || dt = 3.68e+02
[[32m[1m INFO  [21m[0m] from nz = 36 and CH2
[[32m[1m INFO  [21m[0m] -----------------------------------------------------------------
[[32m[1m INFO  [21m[0m] Elapsed time: 1.23e+06 || Step number: 9100/30000
[[32m[1m INFO  [21m[0m] longdy = 2.27e-01      || longdy/dt = 9.33e-06  || dt = 3.65e+02
[[32m[1m INFO  [21m[0m] from nz = 36 and CH2
[[32m[1m INFO  [21m[0m] -----------------------------------------------------------------
[[32m[1m INFO  [21m[0m] Elapsed time: 1.25e+06 || Step number: 9200/30000
[[32m[1m INFO  [21m[0m] longdy = 1.92e-01      || longdy/dt = 9.09e-06  || dt = 3.08e+02
[[32m[1m INFO  [21m[0m] from nz = 36 and CH2
[[32m[1m INFO  [21m[0m] -----------------------------------------------------------------
[[32m[1m INFO  [21m[0m] Elapsed time: 1.29e+06 || Step number: 9300/30000
[[32m[1m INFO  [21m[0m] longdy = 2.52e-01      || longdy/dt = 7.83e-06  || dt = 5.19e+01
[[32m[1m INFO  [21m[0m] from nz = 36 and CH2
[[32m[1m INFO  [21m[0m] -----------------------------------------------------------------
[[32m[1m INFO  [21m[0m] Elapsed time: 1.31e+06 || Step number: 9400/30000
[[32m[1m INFO  [21m[0m] longdy = 1.70e-01      || longdy/dt = 7.34e-06  || dt = 1.18e+03
[[32m[1m INFO  [21m[0m] from nz = 36 and CH2
[[32m[1m INFO  [21m[0m] -----------------------------------------------------------------
[[32m[1m INFO  [21m[0m] Elapsed time: 1.33e+06 || Step number: 9500/30000
[[32m[1m INFO  [21m[0m] longdy = 1.50e-01      || longdy/dt = 7.62e-06  || dt = 2.04e+02
[[32m[1m INFO  [21m[0m] from nz = 36 and CH2
[[32m[1m INFO  [21m[0m] -----------------------------------------------------------------
[[32m[1m INFO  [21m[0m] Elapsed time: 1.36e+06 || Step number: 9600/30000
[[32m[1m INFO  [21m[0m] longdy = 1.78e-01      || longdy/dt = 5.75e-06  || dt = 4.94e+02
[[32m[1m INFO  [21m[0m] from nz = 36 and CH2
[[32m[1m INFO  [21m[0m] -----------------------------------------------------------------
[[32m[1m INFO  [21m[0m] Elapsed time: 1.39e+06 || Step number: 9700/30000
[[32m[1m INFO  [21m[0m] longdy = 1.51e-01      || longdy/dt = 5.75e-06  || dt = 6.03e+02
[[32m[1m INFO  [21m[0m] from nz = 36 and CH2
[[32m[1m INFO  [21m[0m] -----------------------------------------------------------------
[[32m[1m INFO  [21m[0m] Elapsed time: 1.42e+06 || Step number: 9800/30000
[[32m[1m INFO  [21m[0m] longdy = 1.47e-01      || longdy/dt = 4.77e-06  || dt = 1.98e+01
[[32m[1m INFO  [21m[0m] from nz = 36 and CH2
[[32m[1m INFO  [21m[0m] -----------------------------------------------------------------
[[32m[1m INFO  [21m[0m] Elapsed time: 1.46e+06 || Step number: 9900/30000
[[32m[1m INFO  [21m[0m] longdy = 1.70e-01      || longdy/dt = 4.07e-06  || dt = 6.19e+02
[[32m[1m INFO  [21m[0m] from nz = 36 and CH2
[[32m[1m INFO  [21m[0m] -----------------------------------------------------------------
[[32m[1m INFO  [21m[0m] Elapsed time: 1.49e+06 || Step number: 10000/30000
[[32m[1m INFO  [21m[0m] longdy = 1.18e-01      || longdy/dt = 3.91e-06  || dt = 8.72e+00
[[32m[1m INFO  [21m[0m] from nz = 36 and CH2
[[32m[1m INFO  [21m[0m] -----------------------------------------------------------------
[[32m[1m INFO  [21m[0m] Elapsed time: 1.52e+06 || Step number: 10100/30000
[[32m[1m INFO  [21m[0m] longdy = 8.28e-02      || longdy/dt = 3.32e-06  || dt = 8.98e+00
[[32m[1m INFO  [21m[0m] from nz = 36 and CH2
[[32m[1m INFO  [21m[0m] -----------------------------------------------------------------
[[32m[1m INFO  [21m[0m] Elapsed time: 1.56e+06 || Step number: 10200/30000
[[32m[1m INFO  [21m[0m] longdy = 1.27e-01      || longdy/dt = 2.72e-06  || dt = 7.27e+01
[[32m[1m INFO  [21m[0m] from nz = 36 and CH2
[[32m[1m INFO  [21m[0m] -----------------------------------------------------------------
[[32m[1m INFO  [21m[0m] Elapsed time: 1.62e+06 || Step number: 10300/30000
[[32m[1m INFO  [21m[0m] longdy = 1.31e-01      || longdy/dt = 2.22e-06  || dt = 2.38e+02
[[32m[1m INFO  [21m[0m] from nz = 36 and CH2
[[32m[1m INFO  [21m[0m] -----------------------------------------------------------------
[[32m[1m INFO  [21m[0m] Elapsed time: 1.69e+06 || Step number: 10400/30000
[[32m[1m INFO  [21m[0m] longdy = 1.27e-01      || longdy/dt = 1.81e-06  || dt = 9.66e+02
[[32m[1m INFO  [21m[0m] from nz = 36 and CH2
[[32m[1m INFO  [21m[0m] -----------------------------------------------------------------
[[32m[1m INFO  [21m[0m] Elapsed time: 1.78e+06 || Step number: 10500/30000
[[32m[1m INFO  [21m[0m] longdy = 1.10e-01      || longdy/dt = 1.27e-06  || dt = 4.11e+03
[[32m[1m INFO  [21m[0m] from nz = 36 and CH2
[[32m[1m INFO  [21m[0m] -----------------------------------------------------------------
[[32m[1m INFO  [21m[0m] Elapsed time: 1.84e+06 || Step number: 10600/30000
[[32m[1m INFO  [21m[0m] longdy = 7.62e-02      || longdy/dt = 1.32e-06  || dt = 9.88e+02
[[32m[1m INFO  [21m[0m] from nz = 36 and CH2
[[32m[1m INFO  [21m[0m] -----------------------------------------------------------------
[[32m[1m INFO  [21m[0m] Elapsed time: 1.95e+06 || Step number: 10700/30000
[[32m[1m INFO  [21m[0m] longdy = 8.02e-02      || longdy/dt = 7.06e-07  || dt = 9.46e+00
[[32m[1m INFO  [21m[0m] from nz = 34 and C6H5
[[32m[1m INFO  [21m[0m] -----------------------------------------------------------------
[[32m[1m INFO  [21m[0m] Elapsed time: 2.12e+06 || Step number: 10800/30000
[[32m[1m INFO  [21m[0m] longdy = 8.13e-02      || longdy/dt = 5.10e-07  || dt = 3.54e+03
[[32m[1m INFO  [21m[0m] from nz = 36 and CH2
[[32m[1m INFO  [21m[0m] -----------------------------------------------------------------
[[32m[1m INFO  [21m[0m] Elapsed time: 2.50e+06 || Step number: 10900/30000
[[32m[1m INFO  [21m[0m] longdy = 8.79e-02      || longdy/dt = 2.29e-07  || dt = 3.12e+03
[[32m[1m INFO  [21m[0m] from nz = 36 and CH2
[[32m[1m INFO  [21m[0m] -----------------------------------------------------------------
[[32m[1m INFO  [21m[0m] Integration successful with 10972 steps
[[32m[1m INFO  [21m[0m] long dy, long dydt = 0.04964633102566871, 1.0182390237834373e-07
[[32m[1m INFO  [21m[0m] Total atom loss:
[[32m[1m INFO  [21m[0m] H: 0.07756664903721279 
[[32m[1m INFO  [21m[0m] O: -0.22442723724944375 
[[32m[1m INFO  [21m[0m] C: 0.26509653027121377 
[[32m[1m INFO  [21m[0m] N: -0.21372603956371192 
[[32m[1m INFO  [21m[0m] S: 20.112685457340305 
[[32m[1m INFO  [21m[0m] ------ Live long and prosper \V/ ------
[[32m[1m INFO  [21m[0m]     done
Atmodeller initialized with double precision (float64)
[[93m[1m WARNING [21m[0m] The archive tar file does not exist: /data/rdc49-2/K218b_project/simulation_data/grid_H0_C3_N1_S0_fO22__from_batch10_case_000020__7_crash_atmos_chem_step_vulcan_chem_funs_race_syntax_error/data/data.tar
[[32m[1m INFO  [21m[0m] Observing the planet...
Loading PHOENIX star table in file '/data/rdc49-2/FWL_DATA/prt/input_data/stellar_spectra/phoenix/phoenix.startable.petitRADTRANS.h5'... Done.
