Atmodeller initialized with double precision (float64)
[[93m[1m WARNING [21m[0m] The archive tar file does not exist: /data/rdc49-2/K218b_project/simulation_data/grid_H1_C2_N1_S2_fO22__from_batch10_case_000038__7_crash_atmos_chem_step_vulcan_chem_funs_race_syntax_error/data/data.tar
[[32m[1m INFO  [21m[0m] Running atmospheric chemistry...
[[32m[1m INFO  [21m[0m]     Using vulcan module, offline
[[32m[1m INFO  [21m[0m] Elements conserved in the network.
[[32m[1m INFO  [21m[0m] No duplicates in the network.
[[32m[1m INFO  [21m[0m] Elements conserved in the network.
[[32m[1m INFO  [21m[0m] No duplicates in the network.
[[32m[1m INFO  [21m[0m] Running VULCAN
[[93m[1m WARNING [21m[0m] P_b and P_t assgined in vulcan.cfg are out of range of the input. Constant extension is used.
[[32m[1m INFO  [21m[0m] Initializing with compositions from ASCII file /data/rdc49-2/K218b_project/simulation_data/grid_H1_C2_N1_S2_fO22__from_batch10_case_000038__7_crash_atmos_chem_step_vulcan_chem_funs_race_syntax_error/offchem/vmrs.dat
[[32m[1m INFO  [21m[0m] Input stellar spectrum from 2.0 to 700.0
[[32m[1m INFO  [21m[0m] Using wavelength bins from 2.0 to 655.5
[[32m[1m INFO  [21m[0m] Include molecular diffusion.
[[32m[1m INFO  [21m[0m] Starting VULCAN integration with 1 threads...
[[93m[1m WARNING [21m[0m] Keep producing negative values! Clipping negative solutions and moving on!
[[93m[1m WARNING [21m[0m] Keep producing negative values! Clipping negative solutions and moving on!
[[93m[1m WARNING [21m[0m] Keep producing negative values! Clipping negative solutions and moving on!
[[93m[1m WARNING [21m[0m] Keep producing negative values! Clipping negative solutions and moving on!
[[93m[1m WARNING [21m[0m] Keep producing negative values! Clipping negative solutions and moving on!
[[93m[1m WARNING [21m[0m] Keep producing negative values! Clipping negative solutions and moving on!
[[93m[1m WARNING [21m[0m] Keep producing negative values! Clipping negative solutions and moving on!
[[93m[1m WARNING [21m[0m] Keep producing negative values! Clipping negative solutions and moving on!
[[93m[1m WARNING [21m[0m] Keep producing negative values! Clipping negative solutions and moving on!
[[93m[1m WARNING [21m[0m] Keep producing negative values! Clipping negative solutions and moving on!
[[93m[1m WARNING [21m[0m] Keep producing negative values! Clipping negative solutions and moving on!
[[93m[1m WARNING [21m[0m] Keep producing negative values! Clipping negative solutions and moving on!
[[93m[1m WARNING [21m[0m] Keep producing negative values! Clipping negative solutions and moving on!
[[93m[1m WARNING [21m[0m] Keep producing negative values! Clipping negative solutions and moving on!
[[93m[1m WARNING [21m[0m] Keep producing negative values! Clipping negative solutions and moving on!
[[32m[1m INFO  [21m[0m] Elapsed time: 5.40e-06 || Step number: 100/30000
[[32m[1m INFO  [21m[0m] longdy = 1.00e+00      || longdy/dt = 1.00e+00  || dt = 1.38e-07
[[32m[1m INFO  [21m[0m] from nz = 0 and OH
[[32m[1m INFO  [21m[0m] -----------------------------------------------------------------
[[32m[1m INFO  [21m[0m] Elapsed time: 2.70e-05 || Step number: 200/30000
[[32m[1m INFO  [21m[0m] longdy = 1.00e+00      || longdy/dt = 1.00e+00  || dt = 3.70e-07
[[32m[1m INFO  [21m[0m] from nz = 0 and OH
[[32m[1m INFO  [21m[0m] -----------------------------------------------------------------
[[32m[1m INFO  [21m[0m] Elapsed time: 1.22e-04 || Step number: 300/30000
[[32m[1m INFO  [21m[0m] longdy = 1.00e+00      || longdy/dt = 1.00e+00  || dt = 1.80e-06
[[32m[1m INFO  [21m[0m] from nz = 0 and OH
[[32m[1m INFO  [21m[0m] -----------------------------------------------------------------
[[32m[1m INFO  [21m[0m] Elapsed time: 5.61e-04 || Step number: 400/30000
[[32m[1m INFO  [21m[0m] longdy = 1.00e+00      || longdy/dt = 1.00e+00  || dt = 7.47e-06
[[32m[1m INFO  [21m[0m] from nz = 0 and OH
[[32m[1m INFO  [21m[0m] -----------------------------------------------------------------
[[32m[1m INFO  [21m[0m] Elapsed time: 2.49e-03 || Step number: 500/30000
[[32m[1m INFO  [21m[0m] longdy = 1.00e+00      || longdy/dt = 1.00e+00  || dt = 3.00e-05
[[32m[1m INFO  [21m[0m] from nz = 0 and OH
[[32m[1m INFO  [21m[0m] -----------------------------------------------------------------
[[32m[1m INFO  [21m[0m] Elapsed time: 1.09e-02 || Step number: 600/30000
[[32m[1m INFO  [21m[0m] longdy = 1.00e+00      || longdy/dt = 1.00e+00  || dt = 1.85e-04
[[32m[1m INFO  [21m[0m] from nz = 0 and OH
[[32m[1m INFO  [21m[0m] -----------------------------------------------------------------
[[32m[1m INFO  [21m[0m] Elapsed time: 4.08e-02 || Step number: 700/30000
[[32m[1m INFO  [21m[0m] longdy = 1.00e+00      || longdy/dt = 1.00e+00  || dt = 4.74e-04
[[32m[1m INFO  [21m[0m] from nz = 0 and OH
[[32m[1m INFO  [21m[0m] -----------------------------------------------------------------
[[32m[1m INFO  [21m[0m] Elapsed time: 1.39e-01 || Step number: 800/30000
[[32m[1m INFO  [21m[0m] longdy = 1.00e+00      || longdy/dt = 1.00e+00  || dt = 1.29e-03
[[32m[1m INFO  [21m[0m] from nz = 0 and OH
[[32m[1m INFO  [21m[0m] -----------------------------------------------------------------
[[32m[1m INFO  [21m[0m] Elapsed time: 4.32e-01 || Step number: 900/30000
[[32m[1m INFO  [21m[0m] longdy = 1.00e+00      || longdy/dt = 1.00e+00  || dt = 4.57e-03
[[32m[1m INFO  [21m[0m] from nz = 0 and OH
[[32m[1m INFO  [21m[0m] -----------------------------------------------------------------
[[32m[1m INFO  [21m[0m] Elapsed time: 1.11e+00 || Step number: 1000/30000
[[32m[1m INFO  [21m[0m] longdy = 1.00e+00      || longdy/dt = 1.00e+00  || dt = 1.71e-02
[[32m[1m INFO  [21m[0m] from nz = 0 and OH
[[32m[1m INFO  [21m[0m] -----------------------------------------------------------------
[[32m[1m INFO  [21m[0m] Elapsed time: 2.72e+00 || Step number: 1100/30000
[[32m[1m INFO  [21m[0m] longdy = 1.00e+00      || longdy/dt = 1.00e+00  || dt = 3.12e-02
[[32m[1m INFO  [21m[0m] from nz = 0 and OH
[[32m[1m INFO  [21m[0m] -----------------------------------------------------------------
[[32m[1m INFO  [21m[0m] Elapsed time: 5.97e+00 || Step number: 1200/30000
[[32m[1m INFO  [21m[0m] longdy = 1.00e+00      || longdy/dt = 1.00e+00  || dt = 6.07e-02
[[32m[1m INFO  [21m[0m] from nz = 0 and OH
[[32m[1m INFO  [21m[0m] -----------------------------------------------------------------
[[32m[1m INFO  [21m[0m] Elapsed time: 1.17e+01 || Step number: 1300/30000
[[32m[1m INFO  [21m[0m] longdy = 1.00e+00      || longdy/dt = 1.00e+00  || dt = 1.00e-01
[[32m[1m INFO  [21m[0m] from nz = 0 and OH
[[32m[1m INFO  [21m[0m] -----------------------------------------------------------------
[[32m[1m INFO  [21m[0m] Elapsed time: 2.21e+01 || Step number: 1400/30000
[[32m[1m INFO  [21m[0m] longdy = 1.00e+00      || longdy/dt = 1.00e+00  || dt = 1.92e-01
[[32m[1m INFO  [21m[0m] from nz = 0 and OH
[[32m[1m INFO  [21m[0m] -----------------------------------------------------------------
[[32m[1m INFO  [21m[0m] Elapsed time: 4.18e+01 || Step number: 1500/30000
[[32m[1m INFO  [21m[0m] longdy = 1.00e+00      || longdy/dt = 1.00e+00  || dt = 3.31e-01
[[32m[1m INFO  [21m[0m] from nz = 0 and OH
[[32m[1m INFO  [21m[0m] -----------------------------------------------------------------
[[32m[1m INFO  [21m[0m] Elapsed time: 7.55e+01 || Step number: 1600/30000
[[32m[1m INFO  [21m[0m] longdy = 1.00e+00      || longdy/dt = 1.00e+00  || dt = 5.33e-01
[[32m[1m INFO  [21m[0m] from nz = 0 and OH
[[32m[1m INFO  [21m[0m] -----------------------------------------------------------------
[[32m[1m INFO  [21m[0m] Elapsed time: 1.34e+02 || Step number: 1700/30000
[[32m[1m INFO  [21m[0m] longdy = 4.52e+00      || longdy/dt = 7.90e-02  || dt = 9.51e-01
[[32m[1m INFO  [21m[0m] from nz = 20 and S4
[[32m[1m INFO  [21m[0m] -----------------------------------------------------------------
[[32m[1m INFO  [21m[0m] Elapsed time: 2.38e+02 || Step number: 1800/30000
[[32m[1m INFO  [21m[0m] longdy = 7.07e+00      || longdy/dt = 6.90e-02  || dt = 1.65e+00
[[32m[1m INFO  [21m[0m] from nz = 20 and S4
[[32m[1m INFO  [21m[0m] -----------------------------------------------------------------
[[32m[1m INFO  [21m[0m] Elapsed time: 4.26e+02 || Step number: 1900/30000
[[32m[1m INFO  [21m[0m] longdy = 6.36e+00      || longdy/dt = 3.44e-02  || dt = 2.70e+00
[[32m[1m INFO  [21m[0m] from nz = 33 and HCS
[[32m[1m INFO  [21m[0m] -----------------------------------------------------------------
[[32m[1m INFO  [21m[0m] Elapsed time: 8.97e+02 || Step number: 2000/30000
[[32m[1m INFO  [21m[0m] longdy = 8.72e+00      || longdy/dt = 1.96e-02  || dt = 8.07e+00
[[32m[1m INFO  [21m[0m] from nz = 29 and HCS
[[32m[1m INFO  [21m[0m] -----------------------------------------------------------------
[[32m[1m INFO  [21m[0m] Elapsed time: 2.29e+03 || Step number: 2100/30000
[[32m[1m INFO  [21m[0m] longdy = 1.08e+05      || longdy/dt = 9.46e+01  || dt = 1.99e+01
[[32m[1m INFO  [21m[0m] from nz = 27 and CS
[[32m[1m INFO  [21m[0m] -----------------------------------------------------------------
[[32m[1m INFO  [21m[0m] Elapsed time: 5.03e+03 || Step number: 2200/30000
[[32m[1m INFO  [21m[0m] longdy = 4.76e+06      || longdy/dt = 1.90e+03  || dt = 7.89e-07
[[32m[1m INFO  [21m[0m] from nz = 31 and CS
[[32m[1m INFO  [21m[0m] -----------------------------------------------------------------
[[32m[1m INFO  [21m[0m] Elapsed time: 5.47e+03 || Step number: 2300/30000
[[32m[1m INFO  [21m[0m] longdy = 7.27e+00      || longdy/dt = 1.68e-02  || dt = 1.11e-02
[[32m[1m INFO  [21m[0m] from nz = 32 and CS
[[32m[1m INFO  [21m[0m] -----------------------------------------------------------------
[[32m[1m INFO  [21m[0m] Elapsed time: 6.16e+03 || Step number: 2400/30000
[[32m[1m INFO  [21m[0m] longdy = 1.49e+01      || longdy/dt = 2.15e-02  || dt = 1.83e-06
[[32m[1m INFO  [21m[0m] from nz = 32 and CS
[[32m[1m INFO  [21m[0m] -----------------------------------------------------------------
[[32m[1m INFO  [21m[0m] Elapsed time: 6.64e+03 || Step number: 2500/30000
[[32m[1m INFO  [21m[0m] longdy = 4.51e+00      || longdy/dt = 9.47e-03  || dt = 7.10e-03
[[32m[1m INFO  [21m[0m] from nz = 33 and CS
[[32m[1m INFO  [21m[0m] -----------------------------------------------------------------
[[32m[1m INFO  [21m[0m] Elapsed time: 7.36e+03 || Step number: 2600/30000
[[32m[1m INFO  [21m[0m] longdy = 7.37e+00      || longdy/dt = 1.03e-02  || dt = 1.09e-01
[[32m[1m INFO  [21m[0m] from nz = 33 and CS
[[32m[1m INFO  [21m[0m] -----------------------------------------------------------------
[[32m[1m INFO  [21m[0m] Elapsed time: 1.06e+04 || Step number: 2700/30000
[[32m[1m INFO  [21m[0m] longdy = 3.72e+02      || longdy/dt = 1.17e-01  || dt = 6.42e+00
[[32m[1m INFO  [21m[0m] from nz = 35 and CS
[[32m[1m INFO  [21m[0m] -----------------------------------------------------------------
[[32m[1m INFO  [21m[0m] Elapsed time: 1.12e+04 || Step number: 2800/30000
[[32m[1m INFO  [21m[0m] longdy = 1.16e+00      || longdy/dt = 1.89e-03  || dt = 2.06e-01
[[32m[1m INFO  [21m[0m] from nz = 36 and CS
[[32m[1m INFO  [21m[0m] -----------------------------------------------------------------
[[32m[1m INFO  [21m[0m] Elapsed time: 1.22e+04 || Step number: 2900/30000
[[32m[1m INFO  [21m[0m] longdy = 2.03e+00      || longdy/dt = 2.02e-03  || dt = 3.01e+00
[[32m[1m INFO  [21m[0m] from nz = 36 and CS
[[32m[1m INFO  [21m[0m] -----------------------------------------------------------------
[[32m[1m INFO  [21m[0m] Elapsed time: 1.25e+04 || Step number: 3000/30000
[[32m[1m INFO  [21m[0m] longdy = 3.71e-01      || longdy/dt = 1.14e-03  || dt = 1.00e+01
[[32m[1m INFO  [21m[0m] from nz = 36 and CS
[[32m[1m INFO  [21m[0m] -----------------------------------------------------------------
[[32m[1m INFO  [21m[0m] Elapsed time: 1.31e+04 || Step number: 3100/30000
[[32m[1m INFO  [21m[0m] longdy = 6.48e-01      || longdy/dt = 1.13e-03  || dt = 1.25e-05
[[32m[1m INFO  [21m[0m] from nz = 36 and CS
[[32m[1m INFO  [21m[0m] -----------------------------------------------------------------
[[32m[1m INFO  [21m[0m] Elapsed time: 1.33e+04 || Step number: 3200/30000
[[32m[1m INFO  [21m[0m] longdy = 1.90e-01      || longdy/dt = 8.87e-04  || dt = 1.02e-02
[[32m[1m INFO  [21m[0m] from nz = 37 and CS
[[32m[1m INFO  [21m[0m] -----------------------------------------------------------------
[[32m[1m INFO  [21m[0m] Elapsed time: 2.13e+04 || Step number: 3300/30000
[[32m[1m INFO  [21m[0m] longdy = 3.34e+01      || longdy/dt = 4.27e-03  || dt = 2.91e+02
[[32m[1m INFO  [21m[0m] from nz = 38 and CS
[[32m[1m INFO  [21m[0m] -----------------------------------------------------------------
[[32m[1m INFO  [21m[0m] Elapsed time: 2.62e+04 || Step number: 3400/30000
[[32m[1m INFO  [21m[0m] longdy = 2.33e+00      || longdy/dt = 4.77e-04  || dt = 3.93e+00
[[32m[1m INFO  [21m[0m] from nz = 2 and S8
[[32m[1m INFO  [21m[0m] -----------------------------------------------------------------
[[32m[1m INFO  [21m[0m] Elapsed time: 3.27e+04 || Step number: 3500/30000
[[32m[1m INFO  [21m[0m] longdy = 2.12e+00      || longdy/dt = 3.40e-04  || dt = 5.96e+02
[[32m[1m INFO  [21m[0m] from nz = 2 and S8
[[32m[1m INFO  [21m[0m] -----------------------------------------------------------------
[[32m[1m INFO  [21m[0m] Elapsed time: 4.29e+04 || Step number: 3600/30000
[[32m[1m INFO  [21m[0m] longdy = 2.52e+00      || longdy/dt = 2.49e-04  || dt = 6.44e+01
[[32m[1m INFO  [21m[0m] from nz = 2 and S8
[[32m[1m INFO  [21m[0m] -----------------------------------------------------------------
[[32m[1m INFO  [21m[0m] Elapsed time: 6.38e+04 || Step number: 3700/30000
[[32m[1m INFO  [21m[0m] longdy = 3.15e+00      || longdy/dt = 1.69e-04  || dt = 2.36e+03
[[32m[1m INFO  [21m[0m] from nz = 2 and S8
[[32m[1m INFO  [21m[0m] -----------------------------------------------------------------
[[32m[1m INFO  [21m[0m] Elapsed time: 8.17e+04 || Step number: 3800/30000
[[32m[1m INFO  [21m[0m] longdy = 1.60e+00      || longdy/dt = 8.94e-05  || dt = 6.29e-05
[[32m[1m INFO  [21m[0m] from nz = 32 and S2O
[[32m[1m INFO  [21m[0m] -----------------------------------------------------------------
[[32m[1m INFO  [21m[0m] Elapsed time: 1.02e+05 || Step number: 3900/30000
[[32m[1m INFO  [21m[0m] longdy = 1.87e+00      || longdy/dt = 9.17e-05  || dt = 1.01e+00
[[32m[1m INFO  [21m[0m] from nz = 50 and S2O
[[32m[1m INFO  [21m[0m] -----------------------------------------------------------------
[[32m[1m INFO  [21m[0m] Elapsed time: 1.17e+05 || Step number: 4000/30000
[[32m[1m INFO  [21m[0m] longdy = 1.10e+00      || longdy/dt = 7.47e-05  || dt = 5.43e-02
[[32m[1m INFO  [21m[0m] from nz = 37 and CH2
[[32m[1m INFO  [21m[0m] -----------------------------------------------------------------
[[32m[1m INFO  [21m[0m] Elapsed time: 1.35e+05 || Step number: 4100/30000
[[32m[1m INFO  [21m[0m] longdy = 1.40e+00      || longdy/dt = 7.67e-05  || dt = 4.88e+01
[[32m[1m INFO  [21m[0m] from nz = 37 and CH2
[[32m[1m INFO  [21m[0m] -----------------------------------------------------------------
[[32m[1m INFO  [21m[0m] Elapsed time: 1.76e+05 || Step number: 4200/30000
[[32m[1m INFO  [21m[0m] longdy = 3.12e+00      || longdy/dt = 8.17e-05  || dt = 2.46e+03
[[32m[1m INFO  [21m[0m] from nz = 38 and CH2
[[32m[1m INFO  [21m[0m] -----------------------------------------------------------------
[[32m[1m INFO  [21m[0m] Elapsed time: 1.89e+05 || Step number: 4300/30000
[[32m[1m INFO  [21m[0m] longdy = 6.45e-01      || longdy/dt = 4.80e-05  || dt = 3.35e+01
[[32m[1m INFO  [21m[0m] from nz = 38 and CH2
[[32m[1m INFO  [21m[0m] -----------------------------------------------------------------
[[32m[1m INFO  [21m[0m] Elapsed time: 2.76e+05 || Step number: 4400/30000
[[32m[1m INFO  [21m[0m] longdy = 4.79e+00      || longdy/dt = 5.86e-05  || dt = 5.13e+03
[[32m[1m INFO  [21m[0m] from nz = 38 and CH2
[[32m[1m INFO  [21m[0m] -----------------------------------------------------------------
[[32m[1m INFO  [21m[0m] Elapsed time: 4.33e+05 || Step number: 4500/30000
[[32m[1m INFO  [21m[0m] longdy = 3.80e+00      || longdy/dt = 2.46e-05  || dt = 4.05e+03
[[32m[1m INFO  [21m[0m] from nz = 38 and CH2
[[32m[1m INFO  [21m[0m] -----------------------------------------------------------------
[[32m[1m INFO  [21m[0m] Elapsed time: 5.12e+05 || Step number: 4600/30000
[[32m[1m INFO  [21m[0m] longdy = 4.04e-01      || longdy/dt = 5.21e-06  || dt = 2.81e+03
[[32m[1m INFO  [21m[0m] from nz = 43 and CS
[[32m[1m INFO  [21m[0m] -----------------------------------------------------------------
[[32m[1m INFO  [21m[0m] Elapsed time: 5.74e+05 || Step number: 4700/30000
[[32m[1m INFO  [21m[0m] longdy = 2.39e-01      || longdy/dt = 3.92e-06  || dt = 2.08e+03
[[32m[1m INFO  [21m[0m] from nz = 50 and N2
[[32m[1m INFO  [21m[0m] -----------------------------------------------------------------
[[32m[1m INFO  [21m[0m] Elapsed time: 6.36e+05 || Step number: 4800/30000
[[32m[1m INFO  [21m[0m] longdy = 2.18e-01      || longdy/dt = 3.57e-06  || dt = 8.72e+02
[[32m[1m INFO  [21m[0m] from nz = 44 and CS
[[32m[1m INFO  [21m[0m] -----------------------------------------------------------------
[[32m[1m INFO  [21m[0m] Elapsed time: 7.15e+05 || Step number: 4900/30000
[[32m[1m INFO  [21m[0m] longdy = 2.47e-01      || longdy/dt = 3.17e-06  || dt = 2.13e+03
[[32m[1m INFO  [21m[0m] from nz = 27 and HCS
[[32m[1m INFO  [21m[0m] -----------------------------------------------------------------
[[32m[1m INFO  [21m[0m] Elapsed time: 8.09e+05 || Step number: 5000/30000
[[32m[1m INFO  [21m[0m] longdy = 3.16e-01      || longdy/dt = 3.40e-06  || dt = 2.83e+03
[[32m[1m INFO  [21m[0m] from nz = 27 and HCS
[[32m[1m INFO  [21m[0m] -----------------------------------------------------------------
[[32m[1m INFO  [21m[0m] Elapsed time: 9.05e+05 || Step number: 5100/30000
[[32m[1m INFO  [21m[0m] longdy = 2.69e-01      || longdy/dt = 2.89e-06  || dt = 4.83e+03
[[32m[1m INFO  [21m[0m] from nz = 27 and HCS
[[32m[1m INFO  [21m[0m] -----------------------------------------------------------------
[[32m[1m INFO  [21m[0m] Elapsed time: 1.08e+06 || Step number: 5200/30000
[[32m[1m INFO  [21m[0m] longdy = 2.93e-01      || longdy/dt = 1.72e-06  || dt = 4.99e+03
[[32m[1m INFO  [21m[0m] from nz = 27 and HCS
[[32m[1m INFO  [21m[0m] -----------------------------------------------------------------
[[32m[1m INFO  [21m[0m] Elapsed time: 1.27e+06 || Step number: 5300/30000
[[32m[1m INFO  [21m[0m] longdy = 2.87e-01      || longdy/dt = 1.55e-06  || dt = 5.49e+03
[[32m[1m INFO  [21m[0m] from nz = 26 and HCS
[[32m[1m INFO  [21m[0m] -----------------------------------------------------------------
[[32m[1m INFO  [21m[0m] Elapsed time: 1.47e+06 || Step number: 5400/30000
[[32m[1m INFO  [21m[0m] longdy = 1.95e-01      || longdy/dt = 9.69e-07  || dt = 3.11e-01
[[32m[1m INFO  [21m[0m] from nz = 26 and HCS
[[32m[1m INFO  [21m[0m] -----------------------------------------------------------------
[[32m[1m INFO  [21m[0m] Elapsed time: 1.68e+06 || Step number: 5500/30000
[[32m[1m INFO  [21m[0m] longdy = 1.09e-01      || longdy/dt = 5.10e-07  || dt = 1.22e+02
[[32m[1m INFO  [21m[0m] from nz = 26 and HCS
[[32m[1m INFO  [21m[0m] -----------------------------------------------------------------
[[32m[1m INFO  [21m[0m] Integration successful with 5555 steps
[[32m[1m INFO  [21m[0m] long dy, long dydt = 0.046089989827003845, 3.211117340706021e-07
[[32m[1m INFO  [21m[0m] Total atom loss:
[[32m[1m INFO  [21m[0m] H: 0.01682740128848048 
[[32m[1m INFO  [21m[0m] O: -0.0403164363972272 
[[32m[1m INFO  [21m[0m] C: 0.12528168290657338 
[[32m[1m INFO  [21m[0m] N: -0.009718197601756347 
[[32m[1m INFO  [21m[0m] S: 0.7643312502934498 
[[32m[1m INFO  [21m[0m] ------ Live long and prosper \V/ ------
[[32m[1m INFO  [21m[0m]     done
Atmodeller initialized with double precision (float64)
[[93m[1m WARNING [21m[0m] The archive tar file does not exist: /data/rdc49-2/K218b_project/simulation_data/grid_H1_C2_N1_S2_fO22__from_batch10_case_000038__7_crash_atmos_chem_step_vulcan_chem_funs_race_syntax_error/data/data.tar
[[32m[1m INFO  [21m[0m] Observing the planet...
Loading PHOENIX star table in file '/data/rdc49-2/FWL_DATA/prt/input_data/stellar_spectra/phoenix/phoenix.startable.petitRADTRANS.h5'... Done.
