Atmodeller initialized with double precision (float64)
[[93m[1m WARNING [21m[0m] The archive tar file does not exist: /data/rdc49-2/K218b_project/simulation_data/grid_H1_C1_N2_S2_fO23__from_batch13_case_000058__7_crash_atmos_chem_step_vulcan_chem_funs_race_missing_symjac/data/data.tar
[[32m[1m INFO  [21m[0m] Running atmospheric chemistry...
[[32m[1m INFO  [21m[0m]     Using vulcan module, offline
[[32m[1m INFO  [21m[0m] Elements conserved in the network.
[[32m[1m INFO  [21m[0m] No duplicates in the network.
[[32m[1m INFO  [21m[0m] Elements conserved in the network.
[[32m[1m INFO  [21m[0m] No duplicates in the network.
[[32m[1m INFO  [21m[0m] Running VULCAN
[[32m[1m INFO  [21m[0m] Initializing with compositions from ASCII file /data/rdc49-2/K218b_project/simulation_data/grid_H1_C1_N2_S2_fO23__from_batch13_case_000058__7_crash_atmos_chem_step_vulcan_chem_funs_race_missing_symjac/offchem/vmrs.dat
[[32m[1m INFO  [21m[0m] Input stellar spectrum from 2.0 to 700.0
[[32m[1m INFO  [21m[0m] Using wavelength bins from 2.0 to 655.5
[[32m[1m INFO  [21m[0m] Include molecular diffusion.
[[32m[1m INFO  [21m[0m] Starting VULCAN integration with 1 threads...
[[93m[1m WARNING [21m[0m] Keep producing negative values! Clipping negative solutions and moving on!
[[93m[1m WARNING [21m[0m] Keep producing negative values! Clipping negative solutions and moving on!
[[93m[1m WARNING [21m[0m] Keep producing negative values! Clipping negative solutions and moving on!
[[93m[1m WARNING [21m[0m] Keep producing negative values! Clipping negative solutions and moving on!
[[93m[1m WARNING [21m[0m] Keep producing negative values! Clipping negative solutions and moving on!
[[93m[1m WARNING [21m[0m] Keep producing negative values! Clipping negative solutions and moving on!
[[93m[1m WARNING [21m[0m] Keep producing negative values! Clipping negative solutions and moving on!
[[93m[1m WARNING [21m[0m] Keep producing negative values! Clipping negative solutions and moving on!
[[32m[1m INFO  [21m[0m] Elapsed time: 1.49e-05 || Step number: 100/30000
[[32m[1m INFO  [21m[0m] longdy = 1.00e+00      || longdy/dt = 1.00e+00  || dt = 4.64e-07
[[32m[1m INFO  [21m[0m] from nz = 0 and OH
[[32m[1m INFO  [21m[0m] -----------------------------------------------------------------
[[32m[1m INFO  [21m[0m] Elapsed time: 1.57e-04 || Step number: 200/30000
[[32m[1m INFO  [21m[0m] longdy = 1.00e+00      || longdy/dt = 1.00e+00  || dt = 3.68e-06
[[32m[1m INFO  [21m[0m] from nz = 0 and OH
[[32m[1m INFO  [21m[0m] -----------------------------------------------------------------
[[32m[1m INFO  [21m[0m] Elapsed time: 1.07e-03 || Step number: 300/30000
[[32m[1m INFO  [21m[0m] longdy = 1.00e+00      || longdy/dt = 1.00e+00  || dt = 1.69e-05
[[32m[1m INFO  [21m[0m] from nz = 0 and OH
[[32m[1m INFO  [21m[0m] -----------------------------------------------------------------
[[32m[1m INFO  [21m[0m] Elapsed time: 6.31e-03 || Step number: 400/30000
[[32m[1m INFO  [21m[0m] longdy = 1.00e+00      || longdy/dt = 1.00e+00  || dt = 1.35e-04
[[32m[1m INFO  [21m[0m] from nz = 0 and OH
[[32m[1m INFO  [21m[0m] -----------------------------------------------------------------
[[32m[1m INFO  [21m[0m] Elapsed time: 2.57e-02 || Step number: 500/30000
[[32m[1m INFO  [21m[0m] longdy = 1.00e+00      || longdy/dt = 1.00e+00  || dt = 4.22e-04
[[32m[1m INFO  [21m[0m] from nz = 0 and OH
[[32m[1m INFO  [21m[0m] -----------------------------------------------------------------
[[32m[1m INFO  [21m[0m] Elapsed time: 8.51e-02 || Step number: 600/30000
[[32m[1m INFO  [21m[0m] longdy = 1.00e+00      || longdy/dt = 1.00e+00  || dt = 1.18e-03
[[32m[1m INFO  [21m[0m] from nz = 0 and OH
[[32m[1m INFO  [21m[0m] -----------------------------------------------------------------
[[32m[1m INFO  [21m[0m] Elapsed time: 2.43e-01 || Step number: 700/30000
[[32m[1m INFO  [21m[0m] longdy = 1.00e+00      || longdy/dt = 1.00e+00  || dt = 3.04e-03
[[32m[1m INFO  [21m[0m] from nz = 0 and OH
[[32m[1m INFO  [21m[0m] -----------------------------------------------------------------
[[32m[1m INFO  [21m[0m] Elapsed time: 6.21e-01 || Step number: 800/30000
[[32m[1m INFO  [21m[0m] longdy = 1.00e+00      || longdy/dt = 1.00e+00  || dt = 7.82e-03
[[32m[1m INFO  [21m[0m] from nz = 0 and OH
[[32m[1m INFO  [21m[0m] -----------------------------------------------------------------
[[32m[1m INFO  [21m[0m] Elapsed time: 1.50e+00 || Step number: 900/30000
[[32m[1m INFO  [21m[0m] longdy = 1.00e+00      || longdy/dt = 1.00e+00  || dt = 2.18e-02
[[32m[1m INFO  [21m[0m] from nz = 0 and OH
[[32m[1m INFO  [21m[0m] -----------------------------------------------------------------
[[32m[1m INFO  [21m[0m] Elapsed time: 3.51e+00 || Step number: 1000/30000
[[32m[1m INFO  [21m[0m] longdy = 1.00e+00      || longdy/dt = 1.00e+00  || dt = 3.84e-02
[[32m[1m INFO  [21m[0m] from nz = 0 and OH
[[32m[1m INFO  [21m[0m] -----------------------------------------------------------------
[[32m[1m INFO  [21m[0m] Elapsed time: 6.91e+00 || Step number: 1100/30000
[[32m[1m INFO  [21m[0m] longdy = 1.00e+00      || longdy/dt = 1.00e+00  || dt = 6.94e-02
[[32m[1m INFO  [21m[0m] from nz = 0 and OH
[[32m[1m INFO  [21m[0m] -----------------------------------------------------------------
[[32m[1m INFO  [21m[0m] Elapsed time: 1.29e+01 || Step number: 1200/30000
[[32m[1m INFO  [21m[0m] longdy = 1.00e+00      || longdy/dt = 1.00e+00  || dt = 1.15e-01
[[32m[1m INFO  [21m[0m] from nz = 0 and OH
[[32m[1m INFO  [21m[0m] -----------------------------------------------------------------
[[32m[1m INFO  [21m[0m] Elapsed time: 2.31e+01 || Step number: 1300/30000
[[32m[1m INFO  [21m[0m] longdy = 1.00e+00      || longdy/dt = 1.00e+00  || dt = 1.73e-01
[[32m[1m INFO  [21m[0m] from nz = 0 and OH
[[32m[1m INFO  [21m[0m] -----------------------------------------------------------------
[[32m[1m INFO  [21m[0m] Elapsed time: 3.83e+01 || Step number: 1400/30000
[[32m[1m INFO  [21m[0m] longdy = 1.00e+00      || longdy/dt = 1.00e+00  || dt = 3.03e-01
[[32m[1m INFO  [21m[0m] from nz = 0 and OH
[[32m[1m INFO  [21m[0m] -----------------------------------------------------------------
[[32m[1m INFO  [21m[0m] Elapsed time: 6.69e+01 || Step number: 1500/30000
[[32m[1m INFO  [21m[0m] longdy = 1.00e+00      || longdy/dt = 1.00e+00  || dt = 4.94e-01
[[32m[1m INFO  [21m[0m] from nz = 0 and OH
[[32m[1m INFO  [21m[0m] -----------------------------------------------------------------
[[32m[1m INFO  [21m[0m] Elapsed time: 1.17e+02 || Step number: 1600/30000
[[32m[1m INFO  [21m[0m] longdy = 3.66e+00      || longdy/dt = 7.38e-02  || dt = 8.29e-01
[[32m[1m INFO  [21m[0m] from nz = 20 and S4
[[32m[1m INFO  [21m[0m] -----------------------------------------------------------------
[[32m[1m INFO  [21m[0m] Elapsed time: 1.99e+02 || Step number: 1700/30000
[[32m[1m INFO  [21m[0m] longdy = 3.84e+00      || longdy/dt = 4.79e-02  || dt = 1.36e+00
[[32m[1m INFO  [21m[0m] from nz = 20 and S4
[[32m[1m INFO  [21m[0m] -----------------------------------------------------------------
[[32m[1m INFO  [21m[0m] Elapsed time: 3.87e+02 || Step number: 1800/30000
[[32m[1m INFO  [21m[0m] longdy = 5.25e+00      || longdy/dt = 2.84e-02  || dt = 3.49e+00
[[32m[1m INFO  [21m[0m] from nz = 31 and HCS
[[32m[1m INFO  [21m[0m] -----------------------------------------------------------------
[[32m[1m INFO  [21m[0m] Elapsed time: 8.02e+02 || Step number: 1900/30000
[[32m[1m INFO  [21m[0m] longdy = 8.30e+03      || longdy/dt = 2.09e+01  || dt = 7.39e+00
[[32m[1m INFO  [21m[0m] from nz = 27 and CS
[[32m[1m INFO  [21m[0m] -----------------------------------------------------------------
[[32m[1m INFO  [21m[0m] Elapsed time: 1.93e+03 || Step number: 2000/30000
[[32m[1m INFO  [21m[0m] longdy = 1.33e+06      || longdy/dt = 1.38e+03  || dt = 1.70e+01
[[32m[1m INFO  [21m[0m] from nz = 31 and CS
[[32m[1m INFO  [21m[0m] -----------------------------------------------------------------
[[32m[1m INFO  [21m[0m] Elapsed time: 6.53e+03 || Step number: 2100/30000
[[32m[1m INFO  [21m[0m] longdy = 4.49e+02      || longdy/dt = 1.40e-01  || dt = 1.14e+02
[[32m[1m INFO  [21m[0m] from nz = 38 and CS
[[32m[1m INFO  [21m[0m] -----------------------------------------------------------------
[[32m[1m INFO  [21m[0m] Elapsed time: 1.95e+04 || Step number: 2200/30000
[[32m[1m INFO  [21m[0m] longdy = 4.70e+01      || longdy/dt = 4.85e-03  || dt = 2.57e+02
[[32m[1m INFO  [21m[0m] from nz = 22 and S8
[[32m[1m INFO  [21m[0m] -----------------------------------------------------------------
[[32m[1m INFO  [21m[0m] Elapsed time: 4.25e+04 || Step number: 2300/30000
[[32m[1m INFO  [21m[0m] longdy = 2.98e+01      || longdy/dt = 1.41e-03  || dt = 3.92e+02
[[32m[1m INFO  [21m[0m] from nz = 23 and S8
[[32m[1m INFO  [21m[0m] -----------------------------------------------------------------
[[32m[1m INFO  [21m[0m] Elapsed time: 5.95e+04 || Step number: 2400/30000
[[32m[1m INFO  [21m[0m] longdy = 9.42e+00      || longdy/dt = 5.70e-04  || dt = 6.38e+02
[[32m[1m INFO  [21m[0m] from nz = 36 and CH2
[[32m[1m INFO  [21m[0m] -----------------------------------------------------------------
[[32m[1m INFO  [21m[0m] Elapsed time: 8.16e+04 || Step number: 2500/30000
[[32m[1m INFO  [21m[0m] longdy = 8.45e+00      || longdy/dt = 3.97e-04  || dt = 8.24e+02
[[32m[1m INFO  [21m[0m] from nz = 37 and CH2
[[32m[1m INFO  [21m[0m] -----------------------------------------------------------------
[[32m[1m INFO  [21m[0m] Elapsed time: 1.05e+05 || Step number: 2600/30000
[[32m[1m INFO  [21m[0m] longdy = 4.67e+00      || longdy/dt = 2.02e-04  || dt = 8.83e+02
[[32m[1m INFO  [21m[0m] from nz = 37 and CH2
[[32m[1m INFO  [21m[0m] -----------------------------------------------------------------
[[32m[1m INFO  [21m[0m] Elapsed time: 1.35e+05 || Step number: 2700/30000
[[32m[1m INFO  [21m[0m] longdy = 2.34e+00      || longdy/dt = 7.87e-05  || dt = 5.73e+02
[[32m[1m INFO  [21m[0m] from nz = 38 and CH2
[[32m[1m INFO  [21m[0m] -----------------------------------------------------------------
[[32m[1m INFO  [21m[0m] Elapsed time: 1.69e+05 || Step number: 2800/30000
[[32m[1m INFO  [21m[0m] longdy = 1.13e+00      || longdy/dt = 3.50e-05  || dt = 1.78e+03
[[32m[1m INFO  [21m[0m] from nz = 38 and CH2
[[32m[1m INFO  [21m[0m] -----------------------------------------------------------------
[[32m[1m INFO  [21m[0m] Elapsed time: 2.20e+05 || Step number: 2900/30000
[[32m[1m INFO  [21m[0m] longdy = 7.37e-01      || longdy/dt = 1.44e-05  || dt = 8.22e-02
[[32m[1m INFO  [21m[0m] from nz = 38 and CH2
[[32m[1m INFO  [21m[0m] -----------------------------------------------------------------
[[32m[1m INFO  [21m[0m] Elapsed time: 2.61e+05 || Step number: 3000/30000
[[32m[1m INFO  [21m[0m] longdy = 3.91e-01      || longdy/dt = 9.43e-06  || dt = 5.52e-01
[[32m[1m INFO  [21m[0m] from nz = 39 and N2H4
[[32m[1m INFO  [21m[0m] -----------------------------------------------------------------
[[32m[1m INFO  [21m[0m] Elapsed time: 2.93e+05 || Step number: 3100/30000
[[32m[1m INFO  [21m[0m] longdy = 2.27e-01      || longdy/dt = 7.19e-06  || dt = 1.68e-01
[[32m[1m INFO  [21m[0m] from nz = 39 and N2H4
[[32m[1m INFO  [21m[0m] -----------------------------------------------------------------
[[32m[1m INFO  [21m[0m] Elapsed time: 4.27e+05 || Step number: 3200/30000
[[32m[1m INFO  [21m[0m] longdy = 5.79e-01      || longdy/dt = 4.37e-06  || dt = 3.19e+03
[[32m[1m INFO  [21m[0m] from nz = 38 and N2H4
[[32m[1m INFO  [21m[0m] -----------------------------------------------------------------
[[32m[1m INFO  [21m[0m] Elapsed time: 4.97e+05 || Step number: 3300/30000
[[32m[1m INFO  [21m[0m] longdy = 8.26e-02      || longdy/dt = 1.19e-06  || dt = 1.82e-01
[[32m[1m INFO  [21m[0m] from nz = 38 and N2H4
[[32m[1m INFO  [21m[0m] -----------------------------------------------------------------
[[32m[1m INFO  [21m[0m] Elapsed time: 6.13e+05 || Step number: 3400/30000
[[32m[1m INFO  [21m[0m] longdy = 4.87e-02      || longdy/dt = 4.24e-07  || dt = 2.83e+03
[[32m[1m INFO  [21m[0m] from nz = 38 and N2H4
[[32m[1m INFO  [21m[0m] -----------------------------------------------------------------
[[32m[1m INFO  [21m[0m] Elapsed time: 7.55e+05 || Step number: 3500/30000
[[32m[1m INFO  [21m[0m] longdy = 1.32e-02      || longdy/dt = 9.40e-08  || dt = 2.83e+03
[[32m[1m INFO  [21m[0m] from nz = 38 and N2H4
[[32m[1m INFO  [21m[0m] -----------------------------------------------------------------
[[32m[1m INFO  [21m[0m] Integration successful with 3501 steps
[[32m[1m INFO  [21m[0m] long dy, long dydt = 0.012740974408978827, 9.086036817191721e-08
[[32m[1m INFO  [21m[0m] Total atom loss:
[[32m[1m INFO  [21m[0m] H: -0.009271872766879572 
[[32m[1m INFO  [21m[0m] O: -0.009235461962173092 
[[32m[1m INFO  [21m[0m] C: -0.008624914851641014 
[[32m[1m INFO  [21m[0m] N: -0.009221786497899946 
[[32m[1m INFO  [21m[0m] S: -0.009185372581620358 
[[32m[1m INFO  [21m[0m] ------ Live long and prosper \V/ ------
[[32m[1m INFO  [21m[0m]     done
Atmodeller initialized with double precision (float64)
[[93m[1m WARNING [21m[0m] The archive tar file does not exist: /data/rdc49-2/K218b_project/simulation_data/grid_H1_C1_N2_S2_fO23__from_batch13_case_000058__7_crash_atmos_chem_step_vulcan_chem_funs_race_missing_symjac/data/data.tar
[[32m[1m INFO  [21m[0m] Observing the planet...
Loading PHOENIX star table in file '/data/rdc49-2/FWL_DATA/prt/input_data/stellar_spectra/phoenix/phoenix.startable.petitRADTRANS.h5'... Done.
