Atmodeller initialized with double precision (float64)
[[93m[1m WARNING [21m[0m] The archive tar file does not exist: /data/rdc49-2/K218b_project/simulation_data/grid_H0_C1_N2_S2_fO22__from_batch09_case_000026__7_crash_atmos_chem_step_vulcan_chem_funs_race_missing_symjac/data/data.tar
[[32m[1m INFO  [21m[0m] Running atmospheric chemistry...
[[32m[1m INFO  [21m[0m]     Using vulcan module, offline
[[32m[1m INFO  [21m[0m] Elements conserved in the network.
[[32m[1m INFO  [21m[0m] No duplicates in the network.
[[32m[1m INFO  [21m[0m] Elements conserved in the network.
[[32m[1m INFO  [21m[0m] No duplicates in the network.
[[32m[1m INFO  [21m[0m] Running VULCAN
[[32m[1m INFO  [21m[0m] Initializing with compositions from ASCII file /data/rdc49-2/K218b_project/simulation_data/grid_H0_C1_N2_S2_fO22__from_batch09_case_000026__7_crash_atmos_chem_step_vulcan_chem_funs_race_missing_symjac/offchem/vmrs.dat
[[32m[1m INFO  [21m[0m] Input stellar spectrum from 2.0 to 700.0
[[32m[1m INFO  [21m[0m] Using wavelength bins from 2.0 to 655.5
[[32m[1m INFO  [21m[0m] Include molecular diffusion.
[[32m[1m INFO  [21m[0m] Starting VULCAN integration with 1 threads...
[[93m[1m WARNING [21m[0m] Keep producing negative values! Clipping negative solutions and moving on!
[[93m[1m WARNING [21m[0m] Keep producing negative values! Clipping negative solutions and moving on!
[[93m[1m WARNING [21m[0m] Keep producing negative values! Clipping negative solutions and moving on!
[[93m[1m WARNING [21m[0m] Keep producing negative values! Clipping negative solutions and moving on!
[[93m[1m WARNING [21m[0m] Keep producing negative values! Clipping negative solutions and moving on!
[[93m[1m WARNING [21m[0m] Keep producing negative values! Clipping negative solutions and moving on!
[[93m[1m WARNING [21m[0m] Keep producing negative values! Clipping negative solutions and moving on!
[[93m[1m WARNING [21m[0m] Keep producing negative values! Clipping negative solutions and moving on!
[[93m[1m WARNING [21m[0m] Keep producing negative values! Clipping negative solutions and moving on!
[[93m[1m WARNING [21m[0m] Keep producing negative values! Clipping negative solutions and moving on!
[[32m[1m INFO  [21m[0m] Elapsed time: 1.70e-05 || Step number: 100/30000
[[32m[1m INFO  [21m[0m] longdy = 1.00e+00      || longdy/dt = 1.00e+00  || dt = 6.27e-07
[[32m[1m INFO  [21m[0m] from nz = 0 and OH
[[32m[1m INFO  [21m[0m] -----------------------------------------------------------------
[[32m[1m INFO  [21m[0m] Elapsed time: 1.74e-04 || Step number: 200/30000
[[32m[1m INFO  [21m[0m] longdy = 1.00e+00      || longdy/dt = 1.00e+00  || dt = 4.97e-06
[[32m[1m INFO  [21m[0m] from nz = 0 and OH
[[32m[1m INFO  [21m[0m] -----------------------------------------------------------------
[[32m[1m INFO  [21m[0m] Elapsed time: 1.42e-03 || Step number: 300/30000
[[32m[1m INFO  [21m[0m] longdy = 1.00e+00      || longdy/dt = 1.00e+00  || dt = 2.20e-05
[[32m[1m INFO  [21m[0m] from nz = 0 and OH
[[32m[1m INFO  [21m[0m] -----------------------------------------------------------------
[[32m[1m INFO  [21m[0m] Elapsed time: 7.76e-03 || Step number: 400/30000
[[32m[1m INFO  [21m[0m] longdy = 1.00e+00      || longdy/dt = 1.00e+00  || dt = 9.39e-05
[[32m[1m INFO  [21m[0m] from nz = 0 and OH
[[32m[1m INFO  [21m[0m] -----------------------------------------------------------------
[[32m[1m INFO  [21m[0m] Elapsed time: 3.65e-02 || Step number: 500/30000
[[32m[1m INFO  [21m[0m] longdy = 1.00e+00      || longdy/dt = 1.00e+00  || dt = 9.15e-04
[[32m[1m INFO  [21m[0m] from nz = 0 and OH
[[32m[1m INFO  [21m[0m] -----------------------------------------------------------------
[[32m[1m INFO  [21m[0m] Elapsed time: 1.40e-01 || Step number: 600/30000
[[32m[1m INFO  [21m[0m] longdy = 1.00e+00      || longdy/dt = 1.00e+00  || dt = 2.60e-03
[[32m[1m INFO  [21m[0m] from nz = 0 and OH
[[32m[1m INFO  [21m[0m] -----------------------------------------------------------------
[[32m[1m INFO  [21m[0m] Elapsed time: 4.41e-01 || Step number: 700/30000
[[32m[1m INFO  [21m[0m] longdy = 1.00e+00      || longdy/dt = 1.00e+00  || dt = 6.69e-03
[[32m[1m INFO  [21m[0m] from nz = 0 and OH
[[32m[1m INFO  [21m[0m] -----------------------------------------------------------------
[[32m[1m INFO  [21m[0m] Elapsed time: 1.25e+00 || Step number: 800/30000
[[32m[1m INFO  [21m[0m] longdy = 1.00e+00      || longdy/dt = 1.00e+00  || dt = 1.69e-02
[[32m[1m INFO  [21m[0m] from nz = 0 and OH
[[32m[1m INFO  [21m[0m] -----------------------------------------------------------------
[[32m[1m INFO  [21m[0m] Elapsed time: 3.16e+00 || Step number: 900/30000
[[32m[1m INFO  [21m[0m] longdy = 1.00e+00      || longdy/dt = 1.00e+00  || dt = 3.63e-02
[[32m[1m INFO  [21m[0m] from nz = 0 and OH
[[32m[1m INFO  [21m[0m] -----------------------------------------------------------------
[[32m[1m INFO  [21m[0m] Elapsed time: 7.10e+00 || Step number: 1000/30000
[[32m[1m INFO  [21m[0m] longdy = 1.00e+00      || longdy/dt = 1.00e+00  || dt = 6.98e-02
[[32m[1m INFO  [21m[0m] from nz = 0 and OH
[[32m[1m INFO  [21m[0m] -----------------------------------------------------------------
[[32m[1m INFO  [21m[0m] Elapsed time: 1.41e+01 || Step number: 1100/30000
[[32m[1m INFO  [21m[0m] longdy = 1.00e+00      || longdy/dt = 1.00e+00  || dt = 1.23e-01
[[32m[1m INFO  [21m[0m] from nz = 0 and OH
[[32m[1m INFO  [21m[0m] -----------------------------------------------------------------
[[32m[1m INFO  [21m[0m] Elapsed time: 2.65e+01 || Step number: 1200/30000
[[32m[1m INFO  [21m[0m] longdy = 1.00e+00      || longdy/dt = 1.00e+00  || dt = 2.04e-01
[[32m[1m INFO  [21m[0m] from nz = 0 and OH
[[32m[1m INFO  [21m[0m] -----------------------------------------------------------------
[[32m[1m INFO  [21m[0m] Elapsed time: 4.33e+01 || Step number: 1300/30000
[[32m[1m INFO  [21m[0m] longdy = 1.00e+00      || longdy/dt = 1.00e+00  || dt = 1.86e-01
[[32m[1m INFO  [21m[0m] from nz = 0 and OH
[[32m[1m INFO  [21m[0m] -----------------------------------------------------------------
[[32m[1m INFO  [21m[0m] Elapsed time: 5.98e+01 || Step number: 1400/30000
[[32m[1m INFO  [21m[0m] longdy = 1.00e+00      || longdy/dt = 1.00e+00  || dt = 2.46e-01
[[32m[1m INFO  [21m[0m] from nz = 0 and OH
[[32m[1m INFO  [21m[0m] -----------------------------------------------------------------
[[32m[1m INFO  [21m[0m] Elapsed time: 8.32e+01 || Step number: 1500/30000
[[32m[1m INFO  [21m[0m] longdy = 1.00e+00      || longdy/dt = 1.00e+00  || dt = 2.99e-01
[[32m[1m INFO  [21m[0m] from nz = 0 and OH
[[32m[1m INFO  [21m[0m] -----------------------------------------------------------------
[[32m[1m INFO  [21m[0m] Elapsed time: 1.14e+02 || Step number: 1600/30000
[[32m[1m INFO  [21m[0m] longdy = 8.35e+02      || longdy/dt = 2.77e+01  || dt = 5.08e-01
[[32m[1m INFO  [21m[0m] from nz = 36 and N
[[32m[1m INFO  [21m[0m] -----------------------------------------------------------------
[[32m[1m INFO  [21m[0m] Elapsed time: 1.61e+02 || Step number: 1700/30000
[[32m[1m INFO  [21m[0m] longdy = 1.68e+02      || longdy/dt = 3.64e+00  || dt = 6.57e-01
[[32m[1m INFO  [21m[0m] from nz = 33 and N
[[32m[1m INFO  [21m[0m] -----------------------------------------------------------------
[[32m[1m INFO  [21m[0m] Elapsed time: 2.78e+02 || Step number: 1800/30000
[[32m[1m INFO  [21m[0m] longdy = 2.88e+00      || longdy/dt = 2.50e-02  || dt = 2.00e+00
[[32m[1m INFO  [21m[0m] from nz = 35 and HCS
[[32m[1m INFO  [21m[0m] -----------------------------------------------------------------
[[32m[1m INFO  [21m[0m] Elapsed time: 5.29e+02 || Step number: 1900/30000
[[32m[1m INFO  [21m[0m] longdy = 4.30e+00      || longdy/dt = 1.74e-02  || dt = 4.33e+00
[[32m[1m INFO  [21m[0m] from nz = 30 and HCS
[[32m[1m INFO  [21m[0m] -----------------------------------------------------------------
[[32m[1m INFO  [21m[0m] Elapsed time: 1.09e+03 || Step number: 2000/30000
[[32m[1m INFO  [21m[0m] longdy = 3.14e+01      || longdy/dt = 5.78e-02  || dt = 9.19e+00
[[32m[1m INFO  [21m[0m] from nz = 24 and CS
[[32m[1m INFO  [21m[0m] -----------------------------------------------------------------
[[32m[1m INFO  [21m[0m] Elapsed time: 2.56e+03 || Step number: 2100/30000
[[32m[1m INFO  [21m[0m] longdy = 2.75e+05      || longdy/dt = 2.16e+02  || dt = 2.43e+01
[[32m[1m INFO  [21m[0m] from nz = 27 and CS
[[32m[1m INFO  [21m[0m] -----------------------------------------------------------------
[[32m[1m INFO  [21m[0m] Elapsed time: 8.98e+03 || Step number: 2200/30000
[[32m[1m INFO  [21m[0m] longdy = 3.39e+03      || longdy/dt = 7.67e-01  || dt = 1.82e+02
[[32m[1m INFO  [21m[0m] from nz = 32 and CS
[[32m[1m INFO  [21m[0m] -----------------------------------------------------------------
[[32m[1m INFO  [21m[0m] Elapsed time: 2.97e+04 || Step number: 2300/30000
[[32m[1m INFO  [21m[0m] longdy = 4.31e+00      || longdy/dt = 2.94e-04  || dt = 6.22e+02
[[32m[1m INFO  [21m[0m] from nz = 35 and CS
[[32m[1m INFO  [21m[0m] -----------------------------------------------------------------
[[32m[1m INFO  [21m[0m] Elapsed time: 6.29e+04 || Step number: 2400/30000
[[32m[1m INFO  [21m[0m] longdy = 3.13e+00      || longdy/dt = 1.02e-04  || dt = 2.21e+03
[[32m[1m INFO  [21m[0m] from nz = 20 and SO2
[[32m[1m INFO  [21m[0m] -----------------------------------------------------------------
[[32m[1m INFO  [21m[0m] Elapsed time: 1.28e+05 || Step number: 2500/30000
[[32m[1m INFO  [21m[0m] longdy = 1.29e+01      || longdy/dt = 2.00e-04  || dt = 4.04e-01
[[32m[1m INFO  [21m[0m] from nz = 37 and CS
[[32m[1m INFO  [21m[0m] -----------------------------------------------------------------
[[32m[1m INFO  [21m[0m] Elapsed time: 1.70e+05 || Step number: 2600/30000
[[32m[1m INFO  [21m[0m] longdy = 2.09e+00      || longdy/dt = 5.13e-05  || dt = 2.03e+03
[[32m[1m INFO  [21m[0m] from nz = 47 and CS
[[32m[1m INFO  [21m[0m] -----------------------------------------------------------------
[[32m[1m INFO  [21m[0m] Elapsed time: 1.91e+05 || Step number: 2700/30000
[[32m[1m INFO  [21m[0m] longdy = 6.67e-01      || longdy/dt = 3.34e-05  || dt = 2.13e+03
[[32m[1m INFO  [21m[0m] from nz = 47 and CS
[[32m[1m INFO  [21m[0m] -----------------------------------------------------------------
[[32m[1m INFO  [21m[0m] Elapsed time: 2.07e+05 || Step number: 2800/30000
[[32m[1m INFO  [21m[0m] longdy = 4.90e-01      || longdy/dt = 3.03e-05  || dt = 8.16e-02
[[32m[1m INFO  [21m[0m] from nz = 44 and N
[[32m[1m INFO  [21m[0m] -----------------------------------------------------------------
[[32m[1m INFO  [21m[0m] Elapsed time: 2.23e+05 || Step number: 2900/30000
[[32m[1m INFO  [21m[0m] longdy = 4.62e-01      || longdy/dt = 3.02e-05  || dt = 8.97e-02
[[32m[1m INFO  [21m[0m] from nz = 44 and N
[[32m[1m INFO  [21m[0m] -----------------------------------------------------------------
[[32m[1m INFO  [21m[0m] Elapsed time: 2.64e+05 || Step number: 3000/30000
[[32m[1m INFO  [21m[0m] longdy = 1.02e+00      || longdy/dt = 2.52e-05  || dt = 2.20e+03
[[32m[1m INFO  [21m[0m] from nz = 46 and CS
[[32m[1m INFO  [21m[0m] -----------------------------------------------------------------
[[32m[1m INFO  [21m[0m] Elapsed time: 2.97e+05 || Step number: 3100/30000
[[32m[1m INFO  [21m[0m] longdy = 5.68e-01      || longdy/dt = 1.77e-05  || dt = 4.50e-03
[[32m[1m INFO  [21m[0m] from nz = 43 and N
[[32m[1m INFO  [21m[0m] -----------------------------------------------------------------
[[32m[1m INFO  [21m[0m] Elapsed time: 3.32e+05 || Step number: 3200/30000
[[32m[1m INFO  [21m[0m] longdy = 5.10e-01      || longdy/dt = 1.49e-05  || dt = 2.12e+03
[[32m[1m INFO  [21m[0m] from nz = 43 and N
[[32m[1m INFO  [21m[0m] -----------------------------------------------------------------
[[32m[1m INFO  [21m[0m] Elapsed time: 3.89e+05 || Step number: 3300/30000
[[32m[1m INFO  [21m[0m] longdy = 5.47e-01      || longdy/dt = 9.67e-06  || dt = 1.64e+03
[[32m[1m INFO  [21m[0m] from nz = 42 and N
[[32m[1m INFO  [21m[0m] -----------------------------------------------------------------
[[32m[1m INFO  [21m[0m] Elapsed time: 4.15e+05 || Step number: 3400/30000
[[32m[1m INFO  [21m[0m] longdy = 2.16e-01      || longdy/dt = 8.37e-06  || dt = 1.38e-02
[[32m[1m INFO  [21m[0m] from nz = 42 and N
[[32m[1m INFO  [21m[0m] -----------------------------------------------------------------
[[32m[1m INFO  [21m[0m] Elapsed time: 4.64e+05 || Step number: 3500/30000
[[32m[1m INFO  [21m[0m] longdy = 2.95e-01      || longdy/dt = 6.03e-06  || dt = 3.53e-02
[[32m[1m INFO  [21m[0m] from nz = 42 and N
[[32m[1m INFO  [21m[0m] -----------------------------------------------------------------
[[32m[1m INFO  [21m[0m] Elapsed time: 4.94e+05 || Step number: 3600/30000
[[32m[1m INFO  [21m[0m] longdy = 1.34e-01      || longdy/dt = 4.57e-06  || dt = 1.89e+03
[[32m[1m INFO  [21m[0m] from nz = 42 and N
[[32m[1m INFO  [21m[0m] -----------------------------------------------------------------
[[32m[1m INFO  [21m[0m] Elapsed time: 5.89e+05 || Step number: 3700/30000
[[32m[1m INFO  [21m[0m] longdy = 2.37e-01      || longdy/dt = 2.54e-06  || dt = 1.89e+03
[[32m[1m INFO  [21m[0m] from nz = 42 and N
[[32m[1m INFO  [21m[0m] -----------------------------------------------------------------
[[32m[1m INFO  [21m[0m] Elapsed time: 6.47e+05 || Step number: 3800/30000
[[32m[1m INFO  [21m[0m] longdy = 7.76e-02      || longdy/dt = 1.34e-06  || dt = 1.27e-01
[[32m[1m INFO  [21m[0m] from nz = 42 and N
[[32m[1m INFO  [21m[0m] -----------------------------------------------------------------
[[32m[1m INFO  [21m[0m] Elapsed time: 6.97e+05 || Step number: 3900/30000
[[32m[1m INFO  [21m[0m] longdy = 4.16e-02      || longdy/dt = 8.35e-07  || dt = 1.53e+03
[[32m[1m INFO  [21m[0m] from nz = 41 and N
[[32m[1m INFO  [21m[0m] -----------------------------------------------------------------
[[32m[1m INFO  [21m[0m] Elapsed time: 7.34e+05 || Step number: 4000/30000
[[32m[1m INFO  [21m[0m] longdy = 2.08e-02      || longdy/dt = 5.71e-07  || dt = 1.21e+03
[[32m[1m INFO  [21m[0m] from nz = 41 and N
[[32m[1m INFO  [21m[0m] -----------------------------------------------------------------
[[32m[1m INFO  [21m[0m] Integration successful with 4061 steps
[[32m[1m INFO  [21m[0m] long dy, long dydt = 0.029451337322291257, 3.575322413644663e-07
[[32m[1m INFO  [21m[0m] Total atom loss:
[[32m[1m INFO  [21m[0m] H: -0.006741121576436577 
[[32m[1m INFO  [21m[0m] O: -0.007277144037290471 
[[32m[1m INFO  [21m[0m] C: -0.002170137847865226 
[[32m[1m INFO  [21m[0m] N: -0.0069591309141529036 
[[32m[1m INFO  [21m[0m] S: 0.0056606949574398175 
[[32m[1m INFO  [21m[0m] ------ Live long and prosper \V/ ------
[[32m[1m INFO  [21m[0m]     done
Atmodeller initialized with double precision (float64)
[[93m[1m WARNING [21m[0m] The archive tar file does not exist: /data/rdc49-2/K218b_project/simulation_data/grid_H0_C1_N2_S2_fO22__from_batch09_case_000026__7_crash_atmos_chem_step_vulcan_chem_funs_race_missing_symjac/data/data.tar
[[32m[1m INFO  [21m[0m] Observing the planet...
Loading PHOENIX star table in file '/data/rdc49-2/FWL_DATA/prt/input_data/stellar_spectra/phoenix/phoenix.startable.petitRADTRANS.h5'... Done.
