Atmodeller initialized with double precision (float64)
[[93m[1m WARNING [21m[0m] The archive tar file does not exist: /data/rdc49-2/K218b_project/simulation_data/grid_H1_C2_N3_S3_fO20__from_batch02_case_000047__7_crash_atmos_chem_step_vulcan_chem_funs_race_missing_symjac/data/data.tar
[[32m[1m INFO  [21m[0m] Running atmospheric chemistry...
[[32m[1m INFO  [21m[0m]     Using vulcan module, offline
[[32m[1m INFO  [21m[0m] Elements conserved in the network.
[[32m[1m INFO  [21m[0m] No duplicates in the network.
[[32m[1m INFO  [21m[0m] Elements conserved in the network.
[[32m[1m INFO  [21m[0m] No duplicates in the network.
[[32m[1m INFO  [21m[0m] Running VULCAN
[[93m[1m WARNING [21m[0m] P_b and P_t assgined in vulcan.cfg are out of range of the input. Constant extension is used.
[[32m[1m INFO  [21m[0m] Initializing with compositions from ASCII file /data/rdc49-2/K218b_project/simulation_data/grid_H1_C2_N3_S3_fO20__from_batch02_case_000047__7_crash_atmos_chem_step_vulcan_chem_funs_race_missing_symjac/offchem/vmrs.dat
[[32m[1m INFO  [21m[0m] Input stellar spectrum from 2.0 to 700.0
[[32m[1m INFO  [21m[0m] Using wavelength bins from 2.0 to 655.5
[[32m[1m INFO  [21m[0m] Include molecular diffusion.
[[32m[1m INFO  [21m[0m] Starting VULCAN integration with 1 threads...
[[93m[1m WARNING [21m[0m] Keep producing negative values! Clipping negative solutions and moving on!
[[93m[1m WARNING [21m[0m] Keep producing negative values! Clipping negative solutions and moving on!
[[93m[1m WARNING [21m[0m] Keep producing negative values! Clipping negative solutions and moving on!
[[93m[1m WARNING [21m[0m] Keep producing negative values! Clipping negative solutions and moving on!
[[93m[1m WARNING [21m[0m] Keep producing negative values! Clipping negative solutions and moving on!
[[93m[1m WARNING [21m[0m] Keep producing negative values! Clipping negative solutions and moving on!
[[93m[1m WARNING [21m[0m] Keep producing negative values! Clipping negative solutions and moving on!
[[93m[1m WARNING [21m[0m] Keep producing negative values! Clipping negative solutions and moving on!
[[93m[1m WARNING [21m[0m] Keep producing negative values! Clipping negative solutions and moving on!
[[93m[1m WARNING [21m[0m] Keep producing negative values! Clipping negative solutions and moving on!
[[93m[1m WARNING [21m[0m] Keep producing negative values! Clipping negative solutions and moving on!
[[93m[1m WARNING [21m[0m] Keep producing negative values! Clipping negative solutions and moving on!
[[93m[1m WARNING [21m[0m] Keep producing negative values! Clipping negative solutions and moving on!
[[32m[1m INFO  [21m[0m] Elapsed time: 1.09e-05 || Step number: 100/30000
[[32m[1m INFO  [21m[0m] longdy = 1.00e+00      || longdy/dt = 1.00e+00  || dt = 3.97e-07
[[32m[1m INFO  [21m[0m] from nz = 0 and OH
[[32m[1m INFO  [21m[0m] -----------------------------------------------------------------
[[32m[1m INFO  [21m[0m] Elapsed time: 7.47e-05 || Step number: 200/30000
[[32m[1m INFO  [21m[0m] longdy = 1.00e+00      || longdy/dt = 1.00e+00  || dt = 1.08e-06
[[32m[1m INFO  [21m[0m] from nz = 0 and OH
[[32m[1m INFO  [21m[0m] -----------------------------------------------------------------
[[32m[1m INFO  [21m[0m] Elapsed time: 4.73e-04 || Step number: 300/30000
[[32m[1m INFO  [21m[0m] longdy = 1.00e+00      || longdy/dt = 1.00e+00  || dt = 8.45e-06
[[32m[1m INFO  [21m[0m] from nz = 0 and OH
[[32m[1m INFO  [21m[0m] -----------------------------------------------------------------
[[32m[1m INFO  [21m[0m] Elapsed time: 2.21e-03 || Step number: 400/30000
[[32m[1m INFO  [21m[0m] longdy = 1.00e+00      || longdy/dt = 1.00e+00  || dt = 2.62e-05
[[32m[1m INFO  [21m[0m] from nz = 0 and OH
[[32m[1m INFO  [21m[0m] -----------------------------------------------------------------
[[32m[1m INFO  [21m[0m] Elapsed time: 8.53e-03 || Step number: 500/30000
[[32m[1m INFO  [21m[0m] longdy = 1.00e+00      || longdy/dt = 1.00e+00  || dt = 8.66e-05
[[32m[1m INFO  [21m[0m] from nz = 0 and OH
[[32m[1m INFO  [21m[0m] -----------------------------------------------------------------
[[32m[1m INFO  [21m[0m] Elapsed time: 2.82e-02 || Step number: 600/30000
[[32m[1m INFO  [21m[0m] longdy = 1.00e+00      || longdy/dt = 1.00e+00  || dt = 3.01e-04
[[32m[1m INFO  [21m[0m] from nz = 0 and OH
[[32m[1m INFO  [21m[0m] -----------------------------------------------------------------
[[32m[1m INFO  [21m[0m] Elapsed time: 9.28e-02 || Step number: 700/30000
[[32m[1m INFO  [21m[0m] longdy = 1.00e+00      || longdy/dt = 1.00e+00  || dt = 1.79e-03
[[32m[1m INFO  [21m[0m] from nz = 0 and OH
[[32m[1m INFO  [21m[0m] -----------------------------------------------------------------
[[32m[1m INFO  [21m[0m] Elapsed time: 2.84e-01 || Step number: 800/30000
[[32m[1m INFO  [21m[0m] longdy = 1.00e+00      || longdy/dt = 1.00e+00  || dt = 6.15e-03
[[32m[1m INFO  [21m[0m] from nz = 0 and OH
[[32m[1m INFO  [21m[0m] -----------------------------------------------------------------
[[32m[1m INFO  [21m[0m] Elapsed time: 8.04e-01 || Step number: 900/30000
[[32m[1m INFO  [21m[0m] longdy = 1.00e+00      || longdy/dt = 1.00e+00  || dt = 1.31e-02
[[32m[1m INFO  [21m[0m] from nz = 0 and OH
[[32m[1m INFO  [21m[0m] -----------------------------------------------------------------
[[32m[1m INFO  [21m[0m] Elapsed time: 2.23e+00 || Step number: 1000/30000
[[32m[1m INFO  [21m[0m] longdy = 1.00e+00      || longdy/dt = 1.00e+00  || dt = 2.93e-02
[[32m[1m INFO  [21m[0m] from nz = 0 and OH
[[32m[1m INFO  [21m[0m] -----------------------------------------------------------------
[[32m[1m INFO  [21m[0m] Elapsed time: 4.88e+00 || Step number: 1100/30000
[[32m[1m INFO  [21m[0m] longdy = 1.00e+00      || longdy/dt = 1.00e+00  || dt = 5.23e-02
[[32m[1m INFO  [21m[0m] from nz = 0 and OH
[[32m[1m INFO  [21m[0m] -----------------------------------------------------------------
[[32m[1m INFO  [21m[0m] Elapsed time: 9.90e+00 || Step number: 1200/30000
[[32m[1m INFO  [21m[0m] longdy = 1.00e+00      || longdy/dt = 1.00e+00  || dt = 9.57e-02
[[32m[1m INFO  [21m[0m] from nz = 0 and OH
[[32m[1m INFO  [21m[0m] -----------------------------------------------------------------
[[32m[1m INFO  [21m[0m] Elapsed time: 1.84e+01 || Step number: 1300/30000
[[32m[1m INFO  [21m[0m] longdy = 1.00e+00      || longdy/dt = 1.00e+00  || dt = 7.50e-02
[[32m[1m INFO  [21m[0m] from nz = 0 and OH
[[32m[1m INFO  [21m[0m] -----------------------------------------------------------------
[[32m[1m INFO  [21m[0m] Elapsed time: 3.18e+01 || Step number: 1400/30000
[[32m[1m INFO  [21m[0m] longdy = 1.00e+00      || longdy/dt = 1.00e+00  || dt = 2.30e-01
[[32m[1m INFO  [21m[0m] from nz = 0 and OH
[[32m[1m INFO  [21m[0m] -----------------------------------------------------------------
[[32m[1m INFO  [21m[0m] Elapsed time: 4.20e+01 || Step number: 1500/30000
[[32m[1m INFO  [21m[0m] longdy = 1.00e+00      || longdy/dt = 1.00e+00  || dt = 3.09e-01
[[32m[1m INFO  [21m[0m] from nz = 0 and OH
[[32m[1m INFO  [21m[0m] -----------------------------------------------------------------
[[32m[1m INFO  [21m[0m] Elapsed time: 6.61e+01 || Step number: 1600/30000
[[32m[1m INFO  [21m[0m] longdy = 1.00e+00      || longdy/dt = 1.00e+00  || dt = 4.89e-01
[[32m[1m INFO  [21m[0m] from nz = 0 and OH
[[32m[1m INFO  [21m[0m] -----------------------------------------------------------------
[[93m[1m WARNING [21m[0m] Keep producing negative values! Clipping negative solutions and moving on!
[[93m[1m WARNING [21m[0m] Keep producing negative values! Clipping negative solutions and moving on!
[[32m[1m INFO  [21m[0m] Elapsed time: 7.89e+01 || Step number: 1700/30000
[[32m[1m INFO  [21m[0m] longdy = 1.00e+00      || longdy/dt = 1.00e+00  || dt = 3.28e-04
[[32m[1m INFO  [21m[0m] from nz = 0 and OH
[[32m[1m INFO  [21m[0m] -----------------------------------------------------------------
[[32m[1m INFO  [21m[0m] Elapsed time: 1.25e+02 || Step number: 1800/30000
[[32m[1m INFO  [21m[0m] longdy = 2.65e+00      || longdy/dt = 5.81e-02  || dt = 3.13e-01
[[32m[1m INFO  [21m[0m] from nz = 19 and S4
[[32m[1m INFO  [21m[0m] -----------------------------------------------------------------
[[93m[1m WARNING [21m[0m] Keep producing negative values! Clipping negative solutions and moving on!
[[32m[1m INFO  [21m[0m] Elapsed time: 1.63e+02 || Step number: 1900/30000
[[32m[1m INFO  [21m[0m] longdy = 1.52e+00      || longdy/dt = 4.09e-02  || dt = 1.18e+00
[[32m[1m INFO  [21m[0m] from nz = 19 and S4
[[32m[1m INFO  [21m[0m] -----------------------------------------------------------------
[[93m[1m WARNING [21m[0m] Keep producing negative values! Clipping negative solutions and moving on!
[[32m[1m INFO  [21m[0m] Elapsed time: 2.07e+02 || Step number: 2000/30000
[[32m[1m INFO  [21m[0m] longdy = 1.49e+00      || longdy/dt = 3.44e-02  || dt = 1.08e+00
[[32m[1m INFO  [21m[0m] from nz = 19 and S4
[[32m[1m INFO  [21m[0m] -----------------------------------------------------------------
[[93m[1m WARNING [21m[0m] Keep producing negative values! Clipping negative solutions and moving on!
[[93m[1m WARNING [21m[0m] Keep producing negative values! Clipping negative solutions and moving on!
[[32m[1m INFO  [21m[0m] Elapsed time: 2.34e+02 || Step number: 2100/30000
[[32m[1m INFO  [21m[0m] longdy = 8.28e-01      || longdy/dt = 3.29e-02  || dt = 1.57e+00
[[32m[1m INFO  [21m[0m] from nz = 28 and CS2
[[32m[1m INFO  [21m[0m] -----------------------------------------------------------------
[[93m[1m WARNING [21m[0m] Keep producing negative values! Clipping negative solutions and moving on!
[[93m[1m WARNING [21m[0m] Keep producing negative values! Clipping negative solutions and moving on!
[[32m[1m INFO  [21m[0m] Elapsed time: 2.78e+02 || Step number: 2200/30000
[[32m[1m INFO  [21m[0m] longdy = 1.02e+00      || longdy/dt = 2.31e-02  || dt = 2.98e-07
[[32m[1m INFO  [21m[0m] from nz = 34 and HCS
[[32m[1m INFO  [21m[0m] -----------------------------------------------------------------
[[93m[1m WARNING [21m[0m] Keep producing negative values! Clipping negative solutions and moving on!
[[32m[1m INFO  [21m[0m] Elapsed time: 3.08e+02 || Step number: 2300/30000
[[32m[1m INFO  [21m[0m] longdy = 8.10e-01      || longdy/dt = 2.64e-02  || dt = 8.39e-02
[[32m[1m INFO  [21m[0m] from nz = 25 and CS
[[32m[1m INFO  [21m[0m] -----------------------------------------------------------------
[[93m[1m WARNING [21m[0m] Keep producing negative values! Clipping negative solutions and moving on!
[[93m[1m WARNING [21m[0m] Keep producing negative values! Clipping negative solutions and moving on!
[[32m[1m INFO  [21m[0m] Elapsed time: 3.23e+02 || Step number: 2400/30000
[[32m[1m INFO  [21m[0m] longdy = 5.24e-01      || longdy/dt = 3.65e-02  || dt = 3.25e-01
[[32m[1m INFO  [21m[0m] from nz = 26 and CS2
[[32m[1m INFO  [21m[0m] -----------------------------------------------------------------
[[93m[1m WARNING [21m[0m] Keep producing negative values! Clipping negative solutions and moving on!
[[93m[1m WARNING [21m[0m] Keep producing negative values! Clipping negative solutions and moving on!
[[93m[1m WARNING [21m[0m] Keep producing negative values! Clipping negative solutions and moving on!
[[32m[1m INFO  [21m[0m] Elapsed time: 3.42e+02 || Step number: 2500/30000
[[32m[1m INFO  [21m[0m] longdy = 6.02e-01      || longdy/dt = 3.16e-02  || dt = 1.86e-08
[[32m[1m INFO  [21m[0m] from nz = 26 and CS2
[[32m[1m INFO  [21m[0m] -----------------------------------------------------------------
[[93m[1m WARNING [21m[0m] Keep producing negative values! Clipping negative solutions and moving on!
[[93m[1m WARNING [21m[0m] Keep producing negative values! Clipping negative solutions and moving on!
[[32m[1m INFO  [21m[0m] Elapsed time: 3.55e+02 || Step number: 2600/30000
[[32m[1m INFO  [21m[0m] longdy = 5.11e-01      || longdy/dt = 3.89e-02  || dt = 4.43e-03
[[32m[1m INFO  [21m[0m] from nz = 25 and CS2
[[32m[1m INFO  [21m[0m] -----------------------------------------------------------------
[[93m[1m WARNING [21m[0m] Keep producing negative values! Clipping negative solutions and moving on!
[[32m[1m INFO  [21m[0m] Elapsed time: 3.72e+02 || Step number: 2700/30000
[[32m[1m INFO  [21m[0m] longdy = 5.79e-01      || longdy/dt = 3.46e-02  || dt = 4.25e-01
[[32m[1m INFO  [21m[0m] from nz = 25 and CS2
[[32m[1m INFO  [21m[0m] -----------------------------------------------------------------
[[93m[1m WARNING [21m[0m] Keep producing negative values! Clipping negative solutions and moving on!
[[93m[1m WARNING [21m[0m] Keep producing negative values! Clipping negative solutions and moving on!
[[93m[1m WARNING [21m[0m] Keep producing negative values! Clipping negative solutions and moving on!
[[32m[1m INFO  [21m[0m] Elapsed time: 3.82e+02 || Step number: 2800/30000
[[32m[1m INFO  [21m[0m] longdy = 3.61e-01      || longdy/dt = 3.98e-02  || dt = 1.45e-01
[[32m[1m INFO  [21m[0m] from nz = 25 and CS2
[[32m[1m INFO  [21m[0m] -----------------------------------------------------------------
[[93m[1m WARNING [21m[0m] Keep producing negative values! Clipping negative solutions and moving on!
[[93m[1m WARNING [21m[0m] Keep producing negative values! Clipping negative solutions and moving on!
[[32m[1m INFO  [21m[0m] Elapsed time: 4.00e+02 || Step number: 2900/30000
[[32m[1m INFO  [21m[0m] longdy = 5.70e-01      || longdy/dt = 3.18e-02  || dt = 1.38e-01
[[32m[1m INFO  [21m[0m] from nz = 25 and CS2
[[32m[1m INFO  [21m[0m] -----------------------------------------------------------------
[[93m[1m WARNING [21m[0m] Keep producing negative values! Clipping negative solutions and moving on!
[[93m[1m WARNING [21m[0m] Keep producing negative values! Clipping negative solutions and moving on!
[[32m[1m INFO  [21m[0m] Elapsed time: 4.13e+02 || Step number: 3000/30000
[[32m[1m INFO  [21m[0m] longdy = 4.62e-01      || longdy/dt = 3.33e-02  || dt = 3.28e-04
[[32m[1m INFO  [21m[0m] from nz = 25 and CS2
[[32m[1m INFO  [21m[0m] -----------------------------------------------------------------
[[93m[1m WARNING [21m[0m] Keep producing negative values! Clipping negative solutions and moving on!
[[93m[1m WARNING [21m[0m] Keep producing negative values! Clipping negative solutions and moving on!
[[93m[1m WARNING [21m[0m] Keep producing negative values! Clipping negative solutions and moving on!
[[32m[1m INFO  [21m[0m] Elapsed time: 4.19e+02 || Step number: 3100/30000
[[32m[1m INFO  [21m[0m] longdy = 2.24e-01      || longdy/dt = 3.82e-02  || dt = 2.10e-02
[[32m[1m INFO  [21m[0m] from nz = 25 and CS2
[[32m[1m INFO  [21m[0m] -----------------------------------------------------------------
[[93m[1m WARNING [21m[0m] Keep producing negative values! Clipping negative solutions and moving on!
[[32m[1m INFO  [21m[0m] Elapsed time: 4.37e+02 || Step number: 3200/30000
[[32m[1m INFO  [21m[0m] longdy = 5.15e-01      || longdy/dt = 2.96e-02  || dt = 6.53e-01
[[32m[1m INFO  [21m[0m] from nz = 25 and CS2
[[32m[1m INFO  [21m[0m] -----------------------------------------------------------------
[[93m[1m WARNING [21m[0m] Keep producing negative values! Clipping negative solutions and moving on!
[[93m[1m WARNING [21m[0m] Keep producing negative values! Clipping negative solutions and moving on!
[[32m[1m INFO  [21m[0m] Elapsed time: 4.58e+02 || Step number: 3300/30000
[[32m[1m INFO  [21m[0m] longdy = 5.53e-01      || longdy/dt = 2.69e-02  || dt = 5.12e-06
[[32m[1m INFO  [21m[0m] from nz = 25 and CS2
[[32m[1m INFO  [21m[0m] -----------------------------------------------------------------
[[93m[1m WARNING [21m[0m] Keep producing negative values! Clipping negative solutions and moving on!
[[93m[1m WARNING [21m[0m] Keep producing negative values! Clipping negative solutions and moving on!
[[32m[1m INFO  [21m[0m] Elapsed time: 4.77e+02 || Step number: 3400/30000
[[32m[1m INFO  [21m[0m] longdy = 5.00e-01      || longdy/dt = 2.65e-02  || dt = 2.26e-01
[[32m[1m INFO  [21m[0m] from nz = 25 and CS2
[[32m[1m INFO  [21m[0m] -----------------------------------------------------------------
[[93m[1m WARNING [21m[0m] Keep producing negative values! Clipping negative solutions and moving on!
[[93m[1m WARNING [21m[0m] Keep producing negative values! Clipping negative solutions and moving on!
[[32m[1m INFO  [21m[0m] Elapsed time: 4.93e+02 || Step number: 3500/30000
[[32m[1m INFO  [21m[0m] longdy = 4.25e-01      || longdy/dt = 2.68e-02  || dt = 1.50e+00
[[32m[1m INFO  [21m[0m] from nz = 25 and CS2
[[32m[1m INFO  [21m[0m] -----------------------------------------------------------------
[[93m[1m WARNING [21m[0m] Keep producing negative values! Clipping negative solutions and moving on!
[[93m[1m WARNING [21m[0m] Keep producing negative values! Clipping negative solutions and moving on!
[[32m[1m INFO  [21m[0m] Elapsed time: 5.23e+02 || Step number: 3600/30000
[[32m[1m INFO  [21m[0m] longdy = 6.24e-01      || longdy/dt = 2.07e-02  || dt = 1.86e-08
[[32m[1m INFO  [21m[0m] from nz = 25 and CS2
[[32m[1m INFO  [21m[0m] -----------------------------------------------------------------
[[93m[1m WARNING [21m[0m] Keep producing negative values! Clipping negative solutions and moving on!
[[93m[1m WARNING [21m[0m] Keep producing negative values! Clipping negative solutions and moving on!
[[32m[1m INFO  [21m[0m] Elapsed time: 5.31e+02 || Step number: 3700/30000
[[32m[1m INFO  [21m[0m] longdy = 1.97e-01      || longdy/dt = 2.75e-02  || dt = 7.34e-01
[[32m[1m INFO  [21m[0m] from nz = 25 and CS2
[[32m[1m INFO  [21m[0m] -----------------------------------------------------------------
[[93m[1m WARNING [21m[0m] Keep producing negative values! Clipping negative solutions and moving on!
[[93m[1m WARNING [21m[0m] Keep producing negative values! Clipping negative solutions and moving on!
[[32m[1m INFO  [21m[0m] Elapsed time: 5.59e+02 || Step number: 3800/30000
[[32m[1m INFO  [21m[0m] longdy = 5.62e-01      || longdy/dt = 1.97e-02  || dt = 2.00e-08
[[32m[1m INFO  [21m[0m] from nz = 25 and CS2
[[32m[1m INFO  [21m[0m] -----------------------------------------------------------------
[[93m[1m WARNING [21m[0m] Keep producing negative values! Clipping negative solutions and moving on!
[[32m[1m INFO  [21m[0m] Elapsed time: 6.04e+02 || Step number: 3900/30000
[[32m[1m INFO  [21m[0m] longdy = 6.81e-01      || longdy/dt = 1.55e-02  || dt = 1.86e-08
[[32m[1m INFO  [21m[0m] from nz = 25 and CS2
[[32m[1m INFO  [21m[0m] -----------------------------------------------------------------
[[93m[1m WARNING [21m[0m] Keep producing negative values! Clipping negative solutions and moving on!
[[32m[1m INFO  [21m[0m] Elapsed time: 6.12e+02 || Step number: 4000/30000
[[32m[1m INFO  [21m[0m] longdy = 1.80e-01      || longdy/dt = 2.18e-02  || dt = 4.91e-03
[[32m[1m INFO  [21m[0m] from nz = 25 and CS2
[[32m[1m INFO  [21m[0m] -----------------------------------------------------------------
[[93m[1m WARNING [21m[0m] Keep producing negative values! Clipping negative solutions and moving on!
[[93m[1m WARNING [21m[0m] Keep producing negative values! Clipping negative solutions and moving on!
[[32m[1m INFO  [21m[0m] Elapsed time: 6.34e+02 || Step number: 4100/30000
[[32m[1m INFO  [21m[0m] longdy = 4.05e-01      || longdy/dt = 1.80e-02  || dt = 2.56e-06
[[32m[1m INFO  [21m[0m] from nz = 26 and CS2
[[32m[1m INFO  [21m[0m] -----------------------------------------------------------------
[[93m[1m WARNING [21m[0m] Keep producing negative values! Clipping negative solutions and moving on!
[[32m[1m INFO  [21m[0m] Elapsed time: 6.45e+02 || Step number: 4200/30000
[[32m[1m INFO  [21m[0m] longdy = 2.16e-01      || longdy/dt = 1.98e-02  || dt = 1.87e-08
[[32m[1m INFO  [21m[0m] from nz = 26 and CS2
[[32m[1m INFO  [21m[0m] -----------------------------------------------------------------
[[93m[1m WARNING [21m[0m] Keep producing negative values! Clipping negative solutions and moving on!
[[93m[1m WARNING [21m[0m] Keep producing negative values! Clipping negative solutions and moving on!
[[32m[1m INFO  [21m[0m] Elapsed time: 6.58e+02 || Step number: 4300/30000
[[32m[1m INFO  [21m[0m] longdy = 2.50e-01      || longdy/dt = 1.89e-02  || dt = 9.36e-03
[[32m[1m INFO  [21m[0m] from nz = 26 and CS2
[[32m[1m INFO  [21m[0m] -----------------------------------------------------------------
[[93m[1m WARNING [21m[0m] Keep producing negative values! Clipping negative solutions and moving on!
[[93m[1m WARNING [21m[0m] Keep producing negative values! Clipping negative solutions and moving on!
[[32m[1m INFO  [21m[0m] Elapsed time: 6.83e+02 || Step number: 4400/30000
[[32m[1m INFO  [21m[0m] longdy = 3.83e-01      || longdy/dt = 1.65e-02  || dt = 2.38e+00
[[32m[1m INFO  [21m[0m] from nz = 26 and CS2
[[32m[1m INFO  [21m[0m] -----------------------------------------------------------------
[[93m[1m WARNING [21m[0m] Keep producing negative values! Clipping negative solutions and moving on!
[[93m[1m WARNING [21m[0m] Keep producing negative values! Clipping negative solutions and moving on!
[[32m[1m INFO  [21m[0m] Elapsed time: 7.28e+02 || Step number: 4500/30000
[[32m[1m INFO  [21m[0m] longdy = 5.79e-01      || longdy/dt = 1.29e-02  || dt = 5.97e-07
[[32m[1m INFO  [21m[0m] from nz = 26 and CS2
[[32m[1m INFO  [21m[0m] -----------------------------------------------------------------
[[32m[1m INFO  [21m[0m] Elapsed time: 7.74e+02 || Step number: 4600/30000
[[32m[1m INFO  [21m[0m] longdy = 5.49e-01      || longdy/dt = 1.19e-02  || dt = 1.50e-07
[[32m[1m INFO  [21m[0m] from nz = 26 and CS2
[[32m[1m INFO  [21m[0m] -----------------------------------------------------------------
[[93m[1m WARNING [21m[0m] Keep producing negative values! Clipping negative solutions and moving on!
[[93m[1m WARNING [21m[0m] Keep producing negative values! Clipping negative solutions and moving on!
[[32m[1m INFO  [21m[0m] Elapsed time: 7.98e+02 || Step number: 4700/30000
[[32m[1m INFO  [21m[0m] longdy = 3.14e-01      || longdy/dt = 1.33e-02  || dt = 1.86e-08
[[32m[1m INFO  [21m[0m] from nz = 23 and CS2
[[32m[1m INFO  [21m[0m] -----------------------------------------------------------------
[[93m[1m WARNING [21m[0m] Keep producing negative values! Clipping negative solutions and moving on!
[[93m[1m WARNING [21m[0m] Keep producing negative values! Clipping negative solutions and moving on!
[[32m[1m INFO  [21m[0m] Elapsed time: 8.13e+02 || Step number: 4800/30000
[[32m[1m INFO  [21m[0m] longdy = 2.07e-01      || longdy/dt = 1.38e-02  || dt = 1.88e-08
[[32m[1m INFO  [21m[0m] from nz = 23 and CS2
[[32m[1m INFO  [21m[0m] -----------------------------------------------------------------
[[93m[1m WARNING [21m[0m] Keep producing negative values! Clipping negative solutions and moving on!
[[93m[1m WARNING [21m[0m] Keep producing negative values! Clipping negative solutions and moving on!
[[32m[1m INFO  [21m[0m] Elapsed time: 8.38e+02 || Step number: 4900/30000
[[32m[1m INFO  [21m[0m] longdy = 3.10e-01      || longdy/dt = 1.25e-02  || dt = 7.52e-08
[[32m[1m INFO  [21m[0m] from nz = 23 and CS2
[[32m[1m INFO  [21m[0m] -----------------------------------------------------------------
[[93m[1m WARNING [21m[0m] Keep producing negative values! Clipping negative solutions and moving on!
[[93m[1m WARNING [21m[0m] Keep producing negative values! Clipping negative solutions and moving on!
[[32m[1m INFO  [21m[0m] Elapsed time: 8.47e+02 || Step number: 5000/30000
[[32m[1m INFO  [21m[0m] longdy = 1.21e-01      || longdy/dt = 1.38e-02  || dt = 6.55e-04
[[32m[1m INFO  [21m[0m] from nz = 22 and CS2
[[32m[1m INFO  [21m[0m] -----------------------------------------------------------------
[[93m[1m WARNING [21m[0m] Keep producing negative values! Clipping negative solutions and moving on!
[[32m[1m INFO  [21m[0m] Elapsed time: 8.67e+02 || Step number: 5100/30000
[[32m[1m INFO  [21m[0m] longdy = 2.58e-01      || longdy/dt = 1.25e-02  || dt = 2.40e-06
[[32m[1m INFO  [21m[0m] from nz = 22 and CS2
[[32m[1m INFO  [21m[0m] -----------------------------------------------------------------
[[93m[1m WARNING [21m[0m] Keep producing negative values! Clipping negative solutions and moving on!
[[93m[1m WARNING [21m[0m] Keep producing negative values! Clipping negative solutions and moving on!
[[32m[1m INFO  [21m[0m] Elapsed time: 8.88e+02 || Step number: 5200/30000
[[32m[1m INFO  [21m[0m] longdy = 2.56e-01      || longdy/dt = 1.22e-02  || dt = 1.43e-04
[[32m[1m INFO  [21m[0m] from nz = 22 and CS2
[[32m[1m INFO  [21m[0m] -----------------------------------------------------------------
[[93m[1m WARNING [21m[0m] Keep producing negative values! Clipping negative solutions and moving on!
[[93m[1m WARNING [21m[0m] Keep producing negative values! Clipping negative solutions and moving on!
[[32m[1m INFO  [21m[0m] Elapsed time: 9.03e+02 || Step number: 5300/30000
[[32m[1m INFO  [21m[0m] longdy = 1.88e-01      || longdy/dt = 1.25e-02  || dt = 3.37e-01
[[32m[1m INFO  [21m[0m] from nz = 22 and CS2
[[32m[1m INFO  [21m[0m] -----------------------------------------------------------------
[[93m[1m WARNING [21m[0m] Keep producing negative values! Clipping negative solutions and moving on!
[[32m[1m INFO  [21m[0m] Elapsed time: 9.43e+02 || Step number: 5400/30000
[[32m[1m INFO  [21m[0m] longdy = 4.10e-01      || longdy/dt = 1.04e-02  || dt = 1.67e-01
[[32m[1m INFO  [21m[0m] from nz = 22 and CS2
[[32m[1m INFO  [21m[0m] -----------------------------------------------------------------
[[93m[1m WARNING [21m[0m] Keep producing negative values! Clipping negative solutions and moving on!
[[93m[1m WARNING [21m[0m] Keep producing negative values! Clipping negative solutions and moving on!
[[32m[1m INFO  [21m[0m] Elapsed time: 9.64e+02 || Step number: 5500/30000
[[32m[1m INFO  [21m[0m] longdy = 2.34e-01      || longdy/dt = 1.13e-02  || dt = 1.54e-04
[[32m[1m INFO  [21m[0m] from nz = 22 and CS2
[[32m[1m INFO  [21m[0m] -----------------------------------------------------------------
[[93m[1m WARNING [21m[0m] Keep producing negative values! Clipping negative solutions and moving on!
[[93m[1m WARNING [21m[0m] Keep producing negative values! Clipping negative solutions and moving on!
[[32m[1m INFO  [21m[0m] Elapsed time: 9.76e+02 || Step number: 5600/30000
[[32m[1m INFO  [21m[0m] longdy = 1.49e-01      || longdy/dt = 1.17e-02  || dt = 1.26e-03
[[32m[1m INFO  [21m[0m] from nz = 22 and CS2
[[32m[1m INFO  [21m[0m] -----------------------------------------------------------------
[[93m[1m WARNING [21m[0m] Keep producing negative values! Clipping negative solutions and moving on!
[[32m[1m INFO  [21m[0m] Elapsed time: 1.00e+03 || Step number: 5700/30000
[[32m[1m INFO  [21m[0m] longdy = 2.91e-01      || longdy/dt = 1.04e-02  || dt = 1.64e-04
[[32m[1m INFO  [21m[0m] from nz = 22 and CS2
[[32m[1m INFO  [21m[0m] -----------------------------------------------------------------
[[93m[1m WARNING [21m[0m] Keep producing negative values! Clipping negative solutions and moving on!
[[32m[1m INFO  [21m[0m] Elapsed time: 1.04e+03 || Step number: 5800/30000
[[32m[1m INFO  [21m[0m] longdy = 3.09e-01      || longdy/dt = 9.90e-03  || dt = 7.62e-01
[[32m[1m INFO  [21m[0m] from nz = 22 and CS2
[[32m[1m INFO  [21m[0m] -----------------------------------------------------------------
[[93m[1m WARNING [21m[0m] Keep producing negative values! Clipping negative solutions and moving on!
[[93m[1m WARNING [21m[0m] Keep producing negative values! Clipping negative solutions and moving on!
[[32m[1m INFO  [21m[0m] Elapsed time: 1.06e+03 || Step number: 5900/30000
[[32m[1m INFO  [21m[0m] longdy = 2.02e-01      || longdy/dt = 1.02e-02  || dt = 1.61e-07
[[32m[1m INFO  [21m[0m] from nz = 22 and CS2
[[32m[1m INFO  [21m[0m] -----------------------------------------------------------------
[[93m[1m WARNING [21m[0m] Keep producing negative values! Clipping negative solutions and moving on!
[[93m[1m WARNING [21m[0m] Keep producing negative values! Clipping negative solutions and moving on!
[[32m[1m INFO  [21m[0m] Elapsed time: 1.07e+03 || Step number: 6000/30000
[[32m[1m INFO  [21m[0m] longdy = 1.82e-01      || longdy/dt = 1.01e-02  || dt = 1.68e-01
[[32m[1m INFO  [21m[0m] from nz = 22 and CS2
[[32m[1m INFO  [21m[0m] -----------------------------------------------------------------
[[93m[1m WARNING [21m[0m] Keep producing negative values! Clipping negative solutions and moving on!
[[32m[1m INFO  [21m[0m] Elapsed time: 1.09e+03 || Step number: 6100/30000
[[32m[1m INFO  [21m[0m] longdy = 1.83e-01      || longdy/dt = 9.87e-03  || dt = 2.54e-01
[[32m[1m INFO  [21m[0m] from nz = 22 and CS2
[[32m[1m INFO  [21m[0m] -----------------------------------------------------------------
[[93m[1m WARNING [21m[0m] Keep producing negative values! Clipping negative solutions and moving on!
[[93m[1m WARNING [21m[0m] Keep producing negative values! Clipping negative solutions and moving on!
[[93m[1m WARNING [21m[0m] Keep producing negative values! Clipping negative solutions and moving on!
[[32m[1m INFO  [21m[0m] Elapsed time: 1.14e+03 || Step number: 6200/30000
[[32m[1m INFO  [21m[0m] longdy = 4.07e-01      || longdy/dt = 8.13e-03  || dt = 4.00e-08
[[32m[1m INFO  [21m[0m] from nz = 22 and CS2
[[32m[1m INFO  [21m[0m] -----------------------------------------------------------------
[[93m[1m WARNING [21m[0m] Keep producing negative values! Clipping negative solutions and moving on!
[[32m[1m INFO  [21m[0m] Elapsed time: 1.19e+03 || Step number: 6300/30000
[[32m[1m INFO  [21m[0m] longdy = 3.49e-01      || longdy/dt = 7.99e-03  || dt = 3.27e-01
[[32m[1m INFO  [21m[0m] from nz = 22 and CS2
[[32m[1m INFO  [21m[0m] -----------------------------------------------------------------
[[93m[1m WARNING [21m[0m] Keep producing negative values! Clipping negative solutions and moving on!
[[93m[1m WARNING [21m[0m] Keep producing negative values! Clipping negative solutions and moving on!
[[32m[1m INFO  [21m[0m] Elapsed time: 1.23e+03 || Step number: 6400/30000
[[32m[1m INFO  [21m[0m] longdy = 2.86e-01      || longdy/dt = 7.95e-03  || dt = 4.75e+00
[[32m[1m INFO  [21m[0m] from nz = 22 and CS2
[[32m[1m INFO  [21m[0m] -----------------------------------------------------------------
[[93m[1m WARNING [21m[0m] Keep producing negative values! Clipping negative solutions and moving on!
[[93m[1m WARNING [21m[0m] Keep producing negative values! Clipping negative solutions and moving on!
[[32m[1m INFO  [21m[0m] Elapsed time: 1.33e+03 || Step number: 6500/30000
[[32m[1m INFO  [21m[0m] longdy = 7.87e-01      || longdy/dt = 7.79e-03  || dt = 2.05e-05
[[32m[1m INFO  [21m[0m] from nz = 24 and CS
[[32m[1m INFO  [21m[0m] -----------------------------------------------------------------
[[93m[1m WARNING [21m[0m] Keep producing negative values! Clipping negative solutions and moving on!
[[32m[1m INFO  [21m[0m] Elapsed time: 1.38e+03 || Step number: 6600/30000
[[32m[1m INFO  [21m[0m] longdy = 3.81e-01      || longdy/dt = 7.39e-03  || dt = 1.64e-04
[[32m[1m INFO  [21m[0m] from nz = 24 and CS
[[32m[1m INFO  [21m[0m] -----------------------------------------------------------------
[[93m[1m WARNING [21m[0m] Keep producing negative values! Clipping negative solutions and moving on!
[[32m[1m INFO  [21m[0m] Elapsed time: 1.43e+03 || Step number: 6700/30000
[[32m[1m INFO  [21m[0m] longdy = 4.16e-01      || longdy/dt = 7.81e-03  || dt = 8.76e-01
[[32m[1m INFO  [21m[0m] from nz = 24 and CS
[[32m[1m INFO  [21m[0m] -----------------------------------------------------------------
[[93m[1m WARNING [21m[0m] Keep producing negative values! Clipping negative solutions and moving on!
[[93m[1m WARNING [21m[0m] Keep producing negative values! Clipping negative solutions and moving on!
[[32m[1m INFO  [21m[0m] Elapsed time: 1.47e+03 || Step number: 6800/30000
[[32m[1m INFO  [21m[0m] longdy = 2.50e-01      || longdy/dt = 7.52e-03  || dt = 1.99e-02
[[32m[1m INFO  [21m[0m] from nz = 24 and CS
[[32m[1m INFO  [21m[0m] -----------------------------------------------------------------
[[93m[1m WARNING [21m[0m] Keep producing negative values! Clipping negative solutions and moving on!
[[93m[1m WARNING [21m[0m] Keep producing negative values! Clipping negative solutions and moving on!
[[32m[1m INFO  [21m[0m] Elapsed time: 1.50e+03 || Step number: 6900/30000
[[32m[1m INFO  [21m[0m] longdy = 2.38e-01      || longdy/dt = 7.61e-03  || dt = 1.28e-06
[[32m[1m INFO  [21m[0m] from nz = 24 and CS
[[32m[1m INFO  [21m[0m] -----------------------------------------------------------------
[[93m[1m WARNING [21m[0m] Keep producing negative values! Clipping negative solutions and moving on!
[[93m[1m WARNING [21m[0m] Keep producing negative values! Clipping negative solutions and moving on!
[[32m[1m INFO  [21m[0m] Elapsed time: 1.52e+03 || Step number: 7000/30000
[[32m[1m INFO  [21m[0m] longdy = 1.64e-01      || longdy/dt = 7.45e-03  || dt = 4.85e-06
[[32m[1m INFO  [21m[0m] from nz = 24 and CS
[[32m[1m INFO  [21m[0m] -----------------------------------------------------------------
[[93m[1m WARNING [21m[0m] Keep producing negative values! Clipping negative solutions and moving on!
[[93m[1m WARNING [21m[0m] Keep producing negative values! Clipping negative solutions and moving on!
[[32m[1m INFO  [21m[0m] Elapsed time: 1.56e+03 || Step number: 7100/30000
[[32m[1m INFO  [21m[0m] longdy = 2.99e-01      || longdy/dt = 7.98e-03  || dt = 1.45e+00
[[32m[1m INFO  [21m[0m] from nz = 24 and CS
[[32m[1m INFO  [21m[0m] -----------------------------------------------------------------
[[32m[1m INFO  [21m[0m] Elapsed time: 1.63e+03 || Step number: 7200/30000
[[32m[1m INFO  [21m[0m] longdy = 6.03e-01      || longdy/dt = 9.06e-03  || dt = 2.84e+00
[[32m[1m INFO  [21m[0m] from nz = 24 and CS
[[32m[1m INFO  [21m[0m] -----------------------------------------------------------------
[[93m[1m WARNING [21m[0m] Keep producing negative values! Clipping negative solutions and moving on!
[[32m[1m INFO  [21m[0m] Elapsed time: 1.68e+03 || Step number: 7300/30000
[[32m[1m INFO  [21m[0m] longdy = 4.39e-01      || longdy/dt = 8.64e-03  || dt = 2.49e-03
[[32m[1m INFO  [21m[0m] from nz = 24 and CS
[[32m[1m INFO  [21m[0m] -----------------------------------------------------------------
[[93m[1m WARNING [21m[0m] Keep producing negative values! Clipping negative solutions and moving on!
[[93m[1m WARNING [21m[0m] Keep producing negative values! Clipping negative solutions and moving on!
[[32m[1m INFO  [21m[0m] Elapsed time: 1.69e+03 || Step number: 7400/30000
[[32m[1m INFO  [21m[0m] longdy = 1.09e-01      || longdy/dt = 7.58e-03  || dt = 4.10e-05
[[32m[1m INFO  [21m[0m] from nz = 24 and CS
[[32m[1m INFO  [21m[0m] -----------------------------------------------------------------
[[32m[1m INFO  [21m[0m] Elapsed time: 1.79e+03 || Step number: 7500/30000
[[32m[1m INFO  [21m[0m] longdy = 1.06e+00      || longdy/dt = 1.06e-02  || dt = 3.98e-01
[[32m[1m INFO  [21m[0m] from nz = 24 and CS
[[32m[1m INFO  [21m[0m] -----------------------------------------------------------------
[[32m[1m INFO  [21m[0m] Elapsed time: 1.82e+03 || Step number: 7600/30000
[[32m[1m INFO  [21m[0m] longdy = 2.43e-01      || longdy/dt = 8.06e-03  || dt = 1.64e-07
[[32m[1m INFO  [21m[0m] from nz = 24 and CS
[[32m[1m INFO  [21m[0m] -----------------------------------------------------------------
[[93m[1m WARNING [21m[0m] Keep producing negative values! Clipping negative solutions and moving on!
[[32m[1m INFO  [21m[0m] Elapsed time: 1.87e+03 || Step number: 7700/30000
[[32m[1m INFO  [21m[0m] longdy = 4.07e-01      || longdy/dt = 8.58e-03  || dt = 9.82e-01
[[32m[1m INFO  [21m[0m] from nz = 24 and CS
[[32m[1m INFO  [21m[0m] -----------------------------------------------------------------
[[93m[1m WARNING [21m[0m] Keep producing negative values! Clipping negative solutions and moving on!
[[32m[1m INFO  [21m[0m] Elapsed time: 2.04e+03 || Step number: 7800/30000
[[32m[1m INFO  [21m[0m] longdy = 2.28e+00      || longdy/dt = 1.35e-02  || dt = 6.75e-01
[[32m[1m INFO  [21m[0m] from nz = 24 and CS
[[32m[1m INFO  [21m[0m] -----------------------------------------------------------------
[[93m[1m WARNING [21m[0m] Keep producing negative values! Clipping negative solutions and moving on!
[[93m[1m WARNING [21m[0m] Keep producing negative values! Clipping negative solutions and moving on!
[[32m[1m INFO  [21m[0m] Elapsed time: 2.07e+03 || Step number: 7900/30000
[[32m[1m INFO  [21m[0m] longdy = 2.57e-01      || longdy/dt = 7.66e-03  || dt = 1.15e+00
[[32m[1m INFO  [21m[0m] from nz = 24 and CS
[[32m[1m INFO  [21m[0m] -----------------------------------------------------------------
[[93m[1m WARNING [21m[0m] Keep producing negative values! Clipping negative solutions and moving on!
[[93m[1m WARNING [21m[0m] Keep producing negative values! Clipping negative solutions and moving on!
[[93m[1m WARNING [21m[0m] Keep producing negative values! Clipping negative solutions and moving on!
[[32m[1m INFO  [21m[0m] Elapsed time: 2.10e+03 || Step number: 8000/30000
[[32m[1m INFO  [21m[0m] longdy = 1.72e-01      || longdy/dt = 6.87e-03  || dt = 1.56e-04
[[32m[1m INFO  [21m[0m] from nz = 25 and CS
[[32m[1m INFO  [21m[0m] -----------------------------------------------------------------
[[93m[1m WARNING [21m[0m] Keep producing negative values! Clipping negative solutions and moving on!
[[32m[1m INFO  [21m[0m] Elapsed time: 2.22e+03 || Step number: 8100/30000
[[32m[1m INFO  [21m[0m] longdy = 1.11e+00      || longdy/dt = 9.38e-03  || dt = 2.37e-05
[[32m[1m INFO  [21m[0m] from nz = 25 and CS
[[32m[1m INFO  [21m[0m] -----------------------------------------------------------------
[[93m[1m WARNING [21m[0m] Keep producing negative values! Clipping negative solutions and moving on!
[[93m[1m WARNING [21m[0m] Keep producing negative values! Clipping negative solutions and moving on!
[[32m[1m INFO  [21m[0m] Elapsed time: 2.24e+03 || Step number: 8200/30000
[[32m[1m INFO  [21m[0m] longdy = 1.34e-01      || longdy/dt = 6.70e-03  || dt = 2.51e-03
[[32m[1m INFO  [21m[0m] from nz = 25 and CS
[[32m[1m INFO  [21m[0m] -----------------------------------------------------------------
[[93m[1m WARNING [21m[0m] Keep producing negative values! Clipping negative solutions and moving on!
[[32m[1m INFO  [21m[0m] Elapsed time: 2.27e+03 || Step number: 8300/30000
[[32m[1m INFO  [21m[0m] longdy = 2.21e-01      || longdy/dt = 6.95e-03  || dt = 2.64e-01
[[32m[1m INFO  [21m[0m] from nz = 25 and CS
[[32m[1m INFO  [21m[0m] -----------------------------------------------------------------
[[93m[1m WARNING [21m[0m] Keep producing negative values! Clipping negative solutions and moving on!
[[32m[1m INFO  [21m[0m] Elapsed time: 2.34e+03 || Step number: 8400/30000
[[32m[1m INFO  [21m[0m] longdy = 5.48e-01      || longdy/dt = 7.84e-03  || dt = 7.72e+00
[[32m[1m INFO  [21m[0m] from nz = 25 and CS
[[32m[1m INFO  [21m[0m] -----------------------------------------------------------------
[[93m[1m WARNING [21m[0m] Keep producing negative values! Clipping negative solutions and moving on!
[[32m[1m INFO  [21m[0m] Elapsed time: 2.46e+03 || Step number: 8500/30000
[[32m[1m INFO  [21m[0m] longdy = 1.06e+00      || longdy/dt = 9.08e-03  || dt = 3.27e-01
[[32m[1m INFO  [21m[0m] from nz = 25 and CS
[[32m[1m INFO  [21m[0m] -----------------------------------------------------------------
[[93m[1m WARNING [21m[0m] Keep producing negative values! Clipping negative solutions and moving on!
[[93m[1m WARNING [21m[0m] Keep producing negative values! Clipping negative solutions and moving on!
[[93m[1m WARNING [21m[0m] Keep producing negative values! Clipping negative solutions and moving on!
[[32m[1m INFO  [21m[0m] Elapsed time: 2.48e+03 || Step number: 8600/30000
[[32m[1m INFO  [21m[0m] longdy = 1.67e-01      || longdy/dt = 6.62e-03  || dt = 2.05e-05
[[32m[1m INFO  [21m[0m] from nz = 25 and CS
[[32m[1m INFO  [21m[0m] -----------------------------------------------------------------
[[93m[1m WARNING [21m[0m] Keep producing negative values! Clipping negative solutions and moving on!
[[32m[1m INFO  [21m[0m] Elapsed time: 2.55e+03 || Step number: 8700/30000
[[32m[1m INFO  [21m[0m] longdy = 4.98e-01      || longdy/dt = 7.48e-03  || dt = 3.36e-01
[[32m[1m INFO  [21m[0m] from nz = 25 and CS
[[32m[1m INFO  [21m[0m] -----------------------------------------------------------------
[[93m[1m WARNING [21m[0m] Keep producing negative values! Clipping negative solutions and moving on!
[[93m[1m WARNING [21m[0m] Keep producing negative values! Clipping negative solutions and moving on!
[[32m[1m INFO  [21m[0m] Elapsed time: 2.63e+03 || Step number: 8800/30000
[[32m[1m INFO  [21m[0m] longdy = 6.00e-01      || longdy/dt = 7.61e-03  || dt = 3.68e+00
[[32m[1m INFO  [21m[0m] from nz = 25 and CS
[[32m[1m INFO  [21m[0m] -----------------------------------------------------------------
[[93m[1m WARNING [21m[0m] Keep producing negative values! Clipping negative solutions and moving on!
[[32m[1m INFO  [21m[0m] Elapsed time: 2.73e+03 || Step number: 8900/30000
[[32m[1m INFO  [21m[0m] longdy = 7.17e-01      || longdy/dt = 7.68e-03  || dt = 1.92e-02
[[32m[1m INFO  [21m[0m] from nz = 25 and CS
[[32m[1m INFO  [21m[0m] -----------------------------------------------------------------
[[93m[1m WARNING [21m[0m] Keep producing negative values! Clipping negative solutions and moving on!
[[93m[1m WARNING [21m[0m] Keep producing negative values! Clipping negative solutions and moving on!
[[32m[1m INFO  [21m[0m] Elapsed time: 2.77e+03 || Step number: 9000/30000
[[32m[1m INFO  [21m[0m] longdy = 2.76e-01      || longdy/dt = 6.35e-03  || dt = 3.34e-07
[[32m[1m INFO  [21m[0m] from nz = 25 and CS
[[32m[1m INFO  [21m[0m] -----------------------------------------------------------------
[[93m[1m WARNING [21m[0m] Keep producing negative values! Clipping negative solutions and moving on!
[[32m[1m INFO  [21m[0m] Elapsed time: 2.85e+03 || Step number: 9100/30000
[[32m[1m INFO  [21m[0m] longdy = 5.42e-01      || longdy/dt = 6.74e-03  || dt = 1.66e-07
[[32m[1m INFO  [21m[0m] from nz = 25 and CS
[[32m[1m INFO  [21m[0m] -----------------------------------------------------------------
[[93m[1m WARNING [21m[0m] Keep producing negative values! Clipping negative solutions and moving on!
[[32m[1m INFO  [21m[0m] Elapsed time: 2.90e+03 || Step number: 9200/30000
[[32m[1m INFO  [21m[0m] longdy = 3.22e-01      || longdy/dt = 6.09e-03  || dt = 1.09e+00
[[32m[1m INFO  [21m[0m] from nz = 26 and CS
[[32m[1m INFO  [21m[0m] -----------------------------------------------------------------
[[93m[1m WARNING [21m[0m] Keep producing negative values! Clipping negative solutions and moving on!
[[32m[1m INFO  [21m[0m] Elapsed time: 2.98e+03 || Step number: 9300/30000
[[32m[1m INFO  [21m[0m] longdy = 5.15e-01      || longdy/dt = 6.51e-03  || dt = 7.70e-08
[[32m[1m INFO  [21m[0m] from nz = 26 and CS
[[32m[1m INFO  [21m[0m] -----------------------------------------------------------------
[[32m[1m INFO  [21m[0m] Elapsed time: 3.01e+03 || Step number: 9400/30000
[[32m[1m INFO  [21m[0m] longdy = 1.67e-01      || longdy/dt = 5.65e-03  || dt = 5.11e-05
[[32m[1m INFO  [21m[0m] from nz = 26 and CS
[[32m[1m INFO  [21m[0m] -----------------------------------------------------------------
[[32m[1m INFO  [21m[0m] Elapsed time: 3.15e+03 || Step number: 9500/30000
[[32m[1m INFO  [21m[0m] longdy = 1.02e+00      || longdy/dt = 7.50e-03  || dt = 3.70e+00
[[32m[1m INFO  [21m[0m] from nz = 26 and CS
[[32m[1m INFO  [21m[0m] -----------------------------------------------------------------
[[32m[1m INFO  [21m[0m] Elapsed time: 3.38e+03 || Step number: 9600/30000
[[32m[1m INFO  [21m[0m] longdy = 2.08e+00      || longdy/dt = 9.31e-03  || dt = 5.11e-01
[[32m[1m INFO  [21m[0m] from nz = 26 and CS
[[32m[1m INFO  [21m[0m] -----------------------------------------------------------------
[[32m[1m INFO  [21m[0m] Elapsed time: 3.60e+03 || Step number: 9700/30000
[[32m[1m INFO  [21m[0m] longdy = 1.91e+00      || longdy/dt = 8.52e-03  || dt = 2.17e+00
[[32m[1m INFO  [21m[0m] from nz = 26 and CS
[[32m[1m INFO  [21m[0m] -----------------------------------------------------------------
[[32m[1m INFO  [21m[0m] Elapsed time: 3.80e+03 || Step number: 9800/30000
[[32m[1m INFO  [21m[0m] longdy = 1.39e+00      || longdy/dt = 6.89e-03  || dt = 2.47e+00
[[32m[1m INFO  [21m[0m] from nz = 26 and CS
[[32m[1m INFO  [21m[0m] -----------------------------------------------------------------
[[32m[1m INFO  [21m[0m] Elapsed time: 4.08e+03 || Step number: 9900/30000
[[32m[1m INFO  [21m[0m] longdy = 2.06e+00      || longdy/dt = 7.66e-03  || dt = 7.05e+00
[[32m[1m INFO  [21m[0m] from nz = 27 and CS
[[32m[1m INFO  [21m[0m] -----------------------------------------------------------------
[[32m[1m INFO  [21m[0m] Elapsed time: 4.28e+03 || Step number: 10000/30000
[[32m[1m INFO  [21m[0m] longdy = 1.21e+00      || longdy/dt = 6.08e-03  || dt = 4.19e+00
[[32m[1m INFO  [21m[0m] from nz = 27 and CS
[[32m[1m INFO  [21m[0m] -----------------------------------------------------------------
[[32m[1m INFO  [21m[0m] Elapsed time: 4.59e+03 || Step number: 10100/30000
[[32m[1m INFO  [21m[0m] longdy = 2.15e+00      || longdy/dt = 7.05e-03  || dt = 4.01e+00
[[32m[1m INFO  [21m[0m] from nz = 27 and CS
[[32m[1m INFO  [21m[0m] -----------------------------------------------------------------
[[32m[1m INFO  [21m[0m] Elapsed time: 4.92e+03 || Step number: 10200/30000
[[32m[1m INFO  [21m[0m] longdy = 1.99e+00      || longdy/dt = 6.13e-03  || dt = 4.33e+00
[[32m[1m INFO  [21m[0m] from nz = 27 and CS
[[32m[1m INFO  [21m[0m] -----------------------------------------------------------------
[[32m[1m INFO  [21m[0m] Elapsed time: 5.27e+03 || Step number: 10300/30000
[[32m[1m INFO  [21m[0m] longdy = 1.95e+00      || longdy/dt = 5.49e-03  || dt = 3.48e+00
[[32m[1m INFO  [21m[0m] from nz = 28 and CS
[[32m[1m INFO  [21m[0m] -----------------------------------------------------------------
[[32m[1m INFO  [21m[0m] Elapsed time: 5.63e+03 || Step number: 10400/30000
[[32m[1m INFO  [21m[0m] longdy = 1.72e+00      || longdy/dt = 4.87e-03  || dt = 1.30e+01
[[32m[1m INFO  [21m[0m] from nz = 28 and CS
[[32m[1m INFO  [21m[0m] -----------------------------------------------------------------
[[32m[1m INFO  [21m[0m] Elapsed time: 5.88e+03 || Step number: 10500/30000
[[32m[1m INFO  [21m[0m] longdy = 8.98e-01      || longdy/dt = 3.69e-03  || dt = 2.32e+00
[[32m[1m INFO  [21m[0m] from nz = 28 and CS
[[32m[1m INFO  [21m[0m] -----------------------------------------------------------------
[[32m[1m INFO  [21m[0m] Elapsed time: 6.22e+03 || Step number: 10600/30000
[[32m[1m INFO  [21m[0m] longdy = 1.27e+00      || longdy/dt = 3.76e-03  || dt = 3.80e+00
[[32m[1m INFO  [21m[0m] from nz = 28 and CS
[[32m[1m INFO  [21m[0m] -----------------------------------------------------------------
[[32m[1m INFO  [21m[0m] Elapsed time: 6.64e+03 || Step number: 10700/30000
[[32m[1m INFO  [21m[0m] longdy = 1.42e+00      || longdy/dt = 3.41e-03  || dt = 6.03e+00
[[32m[1m INFO  [21m[0m] from nz = 28 and CS
[[32m[1m INFO  [21m[0m] -----------------------------------------------------------------
[[32m[1m INFO  [21m[0m] Elapsed time: 7.00e+03 || Step number: 10800/30000
[[32m[1m INFO  [21m[0m] longdy = 9.28e-01      || longdy/dt = 2.68e-03  || dt = 1.52e+01
[[32m[1m INFO  [21m[0m] from nz = 29 and CS
[[32m[1m INFO  [21m[0m] -----------------------------------------------------------------
[[32m[1m INFO  [21m[0m] Elapsed time: 7.48e+03 || Step number: 10900/30000
[[32m[1m INFO  [21m[0m] longdy = 1.28e+00      || longdy/dt = 2.69e-03  || dt = 3.43e-01
[[32m[1m INFO  [21m[0m] from nz = 29 and CS
[[32m[1m INFO  [21m[0m] -----------------------------------------------------------------
[[32m[1m INFO  [21m[0m] Elapsed time: 7.92e+03 || Step number: 11000/30000
[[32m[1m INFO  [21m[0m] longdy = 9.36e-01      || longdy/dt = 2.21e-03  || dt = 1.36e+01
[[32m[1m INFO  [21m[0m] from nz = 29 and CS
[[32m[1m INFO  [21m[0m] -----------------------------------------------------------------
[[32m[1m INFO  [21m[0m] Elapsed time: 8.25e+03 || Step number: 11100/30000
[[32m[1m INFO  [21m[0m] longdy = 6.07e-01      || longdy/dt = 1.81e-03  || dt = 5.76e+00
[[32m[1m INFO  [21m[0m] from nz = 29 and CS
[[32m[1m INFO  [21m[0m] -----------------------------------------------------------------
[[32m[1m INFO  [21m[0m] Elapsed time: 8.91e+03 || Step number: 11200/30000
[[32m[1m INFO  [21m[0m] longdy = 1.25e+00      || longdy/dt = 1.92e-03  || dt = 6.62e+00
[[32m[1m INFO  [21m[0m] from nz = 29 and CS
[[32m[1m INFO  [21m[0m] -----------------------------------------------------------------
[[32m[1m INFO  [21m[0m] Elapsed time: 9.54e+03 || Step number: 11300/30000
[[32m[1m INFO  [21m[0m] longdy = 9.29e-01      || longdy/dt = 1.47e-03  || dt = 1.96e-08
[[32m[1m INFO  [21m[0m] from nz = 29 and CS
[[32m[1m INFO  [21m[0m] -----------------------------------------------------------------
[[32m[1m INFO  [21m[0m] Elapsed time: 9.87e+03 || Step number: 11400/30000
[[32m[1m INFO  [21m[0m] longdy = 3.45e-01      || longdy/dt = 1.06e-03  || dt = 8.98e+00
[[32m[1m INFO  [21m[0m] from nz = 30 and CS
[[32m[1m INFO  [21m[0m] -----------------------------------------------------------------
[[32m[1m INFO  [21m[0m] Elapsed time: 1.11e+04 || Step number: 11500/30000
[[32m[1m INFO  [21m[0m] longdy = 1.57e+00      || longdy/dt = 1.29e-03  || dt = 2.77e+00
[[32m[1m INFO  [21m[0m] from nz = 30 and CS
[[32m[1m INFO  [21m[0m] -----------------------------------------------------------------
[[32m[1m INFO  [21m[0m] Elapsed time: 1.19e+04 || Step number: 11600/30000
[[32m[1m INFO  [21m[0m] longdy = 6.94e-01      || longdy/dt = 8.30e-04  || dt = 8.14e+00
[[32m[1m INFO  [21m[0m] from nz = 30 and CS
[[32m[1m INFO  [21m[0m] -----------------------------------------------------------------
[[32m[1m INFO  [21m[0m] Elapsed time: 1.31e+04 || Step number: 11700/30000
[[32m[1m INFO  [21m[0m] longdy = 9.61e-01      || longdy/dt = 8.35e-04  || dt = 1.47e+01
[[32m[1m INFO  [21m[0m] from nz = 1 and N2O
[[32m[1m INFO  [21m[0m] -----------------------------------------------------------------
[[32m[1m INFO  [21m[0m] Elapsed time: 1.38e+04 || Step number: 11800/30000
[[32m[1m INFO  [21m[0m] longdy = 3.67e-01      || longdy/dt = 5.04e-04  || dt = 9.88e+00
[[32m[1m INFO  [21m[0m] from nz = 30 and CS
[[32m[1m INFO  [21m[0m] -----------------------------------------------------------------
[[32m[1m INFO  [21m[0m] Elapsed time: 1.51e+04 || Step number: 11900/30000
[[32m[1m INFO  [21m[0m] longdy = 5.52e-01      || longdy/dt = 4.47e-04  || dt = 2.65e+01
[[32m[1m INFO  [21m[0m] from nz = 30 and CS
[[32m[1m INFO  [21m[0m] -----------------------------------------------------------------
[[32m[1m INFO  [21m[0m] Elapsed time: 1.62e+04 || Step number: 12000/30000
[[32m[1m INFO  [21m[0m] longdy = 4.19e-01      || longdy/dt = 3.65e-04  || dt = 3.94e+01
[[32m[1m INFO  [21m[0m] from nz = 41 and CH3CN
[[32m[1m INFO  [21m[0m] -----------------------------------------------------------------
[[32m[1m INFO  [21m[0m] Elapsed time: 1.77e+04 || Step number: 12100/30000
[[32m[1m INFO  [21m[0m] longdy = 4.53e-01      || longdy/dt = 3.19e-04  || dt = 5.71e+01
[[32m[1m INFO  [21m[0m] from nz = 42 and CH3CN
[[32m[1m INFO  [21m[0m] -----------------------------------------------------------------
[[32m[1m INFO  [21m[0m] Elapsed time: 1.96e+04 || Step number: 12200/30000
[[32m[1m INFO  [21m[0m] longdy = 4.99e-01      || longdy/dt = 2.68e-04  || dt = 8.34e-01
[[32m[1m INFO  [21m[0m] from nz = 43 and CH3CN
[[32m[1m INFO  [21m[0m] -----------------------------------------------------------------
[[32m[1m INFO  [21m[0m] Elapsed time: 2.16e+04 || Step number: 12300/30000
[[32m[1m INFO  [21m[0m] longdy = 4.74e-01      || longdy/dt = 2.37e-04  || dt = 4.78e+01
[[32m[1m INFO  [21m[0m] from nz = 44 and CH3CN
[[32m[1m INFO  [21m[0m] -----------------------------------------------------------------
[[32m[1m INFO  [21m[0m] Elapsed time: 2.44e+04 || Step number: 12400/30000
[[32m[1m INFO  [21m[0m] longdy = 6.10e-01      || longdy/dt = 2.25e-04  || dt = 1.19e+02
[[32m[1m INFO  [21m[0m] from nz = 21 and S8
[[32m[1m INFO  [21m[0m] -----------------------------------------------------------------
[[32m[1m INFO  [21m[0m] Elapsed time: 2.95e+04 || Step number: 12500/30000
[[32m[1m INFO  [21m[0m] longdy = 1.08e+00      || longdy/dt = 2.19e-04  || dt = 1.86e+02
[[32m[1m INFO  [21m[0m] from nz = 21 and S8
[[32m[1m INFO  [21m[0m] -----------------------------------------------------------------
[[32m[1m INFO  [21m[0m] Elapsed time: 3.35e+04 || Step number: 12600/30000
[[32m[1m INFO  [21m[0m] longdy = 5.64e-01      || longdy/dt = 1.45e-04  || dt = 3.02e+02
[[32m[1m INFO  [21m[0m] from nz = 21 and S8
[[32m[1m INFO  [21m[0m] -----------------------------------------------------------------
[[32m[1m INFO  [21m[0m] Elapsed time: 4.02e+04 || Step number: 12700/30000
[[32m[1m INFO  [21m[0m] longdy = 1.62e+00      || longdy/dt = 2.57e-04  || dt = 6.42e+02
[[32m[1m INFO  [21m[0m] from nz = 31 and CS
[[32m[1m INFO  [21m[0m] -----------------------------------------------------------------
[[32m[1m INFO  [21m[0m] Elapsed time: 4.86e+04 || Step number: 12800/30000
[[32m[1m INFO  [21m[0m] longdy = 4.96e+00      || longdy/dt = 6.11e-04  || dt = 5.31e+02
[[32m[1m INFO  [21m[0m] from nz = 31 and CS
[[32m[1m INFO  [21m[0m] -----------------------------------------------------------------
[[32m[1m INFO  [21m[0m] Elapsed time: 5.75e+04 || Step number: 12900/30000
[[32m[1m INFO  [21m[0m] longdy = 7.02e+00      || longdy/dt = 8.27e-04  || dt = 4.62e+02
[[32m[1m INFO  [21m[0m] from nz = 32 and CS
[[32m[1m INFO  [21m[0m] -----------------------------------------------------------------
[[32m[1m INFO  [21m[0m] Elapsed time: 6.83e+04 || Step number: 13000/30000
[[32m[1m INFO  [21m[0m] longdy = 9.19e+00      || longdy/dt = 8.58e-04  || dt = 2.99e+01
[[32m[1m INFO  [21m[0m] from nz = 32 and CS
[[32m[1m INFO  [21m[0m] -----------------------------------------------------------------
[[32m[1m INFO  [21m[0m] Elapsed time: 8.04e+04 || Step number: 13100/30000
[[32m[1m INFO  [21m[0m] longdy = 8.27e+00      || longdy/dt = 6.89e-04  || dt = 3.41e+02
[[32m[1m INFO  [21m[0m] from nz = 33 and CS
[[32m[1m INFO  [21m[0m] -----------------------------------------------------------------
[[32m[1m INFO  [21m[0m] Elapsed time: 8.78e+04 || Step number: 13200/30000
[[32m[1m INFO  [21m[0m] longdy = 1.82e+00      || longdy/dt = 2.48e-04  || dt = 4.13e+01
[[32m[1m INFO  [21m[0m] from nz = 34 and CS
[[32m[1m INFO  [21m[0m] -----------------------------------------------------------------
[[32m[1m INFO  [21m[0m] Elapsed time: 9.58e+04 || Step number: 13300/30000
[[32m[1m INFO  [21m[0m] longdy = 1.67e+00      || longdy/dt = 2.10e-04  || dt = 2.73e+01
[[32m[1m INFO  [21m[0m] from nz = 34 and CS
[[32m[1m INFO  [21m[0m] -----------------------------------------------------------------
[[32m[1m INFO  [21m[0m] Elapsed time: 1.03e+05 || Step number: 13400/30000
[[32m[1m INFO  [21m[0m] longdy = 1.07e+00      || longdy/dt = 1.57e-04  || dt = 5.32e+01
[[32m[1m INFO  [21m[0m] from nz = 34 and CS
[[32m[1m INFO  [21m[0m] -----------------------------------------------------------------
[[32m[1m INFO  [21m[0m] Elapsed time: 1.09e+05 || Step number: 13500/30000
[[32m[1m INFO  [21m[0m] longdy = 7.85e-01      || longdy/dt = 1.24e-04  || dt = 2.61e+02
[[32m[1m INFO  [21m[0m] from nz = 34 and CS
[[32m[1m INFO  [21m[0m] -----------------------------------------------------------------
[[32m[1m INFO  [21m[0m] Elapsed time: 1.17e+05 || Step number: 13600/30000
[[32m[1m INFO  [21m[0m] longdy = 7.40e-01      || longdy/dt = 1.02e-04  || dt = 5.90e+01
[[32m[1m INFO  [21m[0m] from nz = 34 and CS
[[32m[1m INFO  [21m[0m] -----------------------------------------------------------------
[[32m[1m INFO  [21m[0m] Elapsed time: 1.23e+05 || Step number: 13700/30000
[[32m[1m INFO  [21m[0m] longdy = 5.65e-01      || longdy/dt = 8.29e-05  || dt = 9.05e+01
[[32m[1m INFO  [21m[0m] from nz = 35 and CS
[[32m[1m INFO  [21m[0m] -----------------------------------------------------------------
[[32m[1m INFO  [21m[0m] Elapsed time: 1.29e+05 || Step number: 13800/30000
[[32m[1m INFO  [21m[0m] longdy = 4.19e-01      || longdy/dt = 7.06e-05  || dt = 8.68e+01
[[32m[1m INFO  [21m[0m] from nz = 35 and CS
[[32m[1m INFO  [21m[0m] -----------------------------------------------------------------
[[32m[1m INFO  [21m[0m] Elapsed time: 1.34e+05 || Step number: 13900/30000
[[32m[1m INFO  [21m[0m] longdy = 2.84e-01      || longdy/dt = 6.13e-05  || dt = 1.03e+02
[[32m[1m INFO  [21m[0m] from nz = 35 and CS
[[32m[1m INFO  [21m[0m] -----------------------------------------------------------------
[[32m[1m INFO  [21m[0m] Elapsed time: 1.39e+05 || Step number: 14000/30000
[[32m[1m INFO  [21m[0m] longdy = 2.60e-01      || longdy/dt = 5.60e-05  || dt = 2.41e+01
[[32m[1m INFO  [21m[0m] from nz = 35 and CS
[[32m[1m INFO  [21m[0m] -----------------------------------------------------------------
[[32m[1m INFO  [21m[0m] Elapsed time: 1.43e+05 || Step number: 14100/30000
[[32m[1m INFO  [21m[0m] longdy = 2.38e-01      || longdy/dt = 5.17e-05  || dt = 1.22e+02
[[32m[1m INFO  [21m[0m] from nz = 35 and CS
[[32m[1m INFO  [21m[0m] -----------------------------------------------------------------
[[32m[1m INFO  [21m[0m] Elapsed time: 1.48e+05 || Step number: 14200/30000
[[32m[1m INFO  [21m[0m] longdy = 2.36e-01      || longdy/dt = 4.74e-05  || dt = 3.45e+01
[[32m[1m INFO  [21m[0m] from nz = 35 and CS
[[32m[1m INFO  [21m[0m] -----------------------------------------------------------------
[[32m[1m INFO  [21m[0m] Elapsed time: 1.52e+05 || Step number: 14300/30000
[[32m[1m INFO  [21m[0m] longdy = 1.45e-01      || longdy/dt = 4.25e-05  || dt = 1.21e+02
[[32m[1m INFO  [21m[0m] from nz = 35 and CS
[[32m[1m INFO  [21m[0m] -----------------------------------------------------------------
[[32m[1m INFO  [21m[0m] Elapsed time: 1.56e+05 || Step number: 14400/30000
[[32m[1m INFO  [21m[0m] longdy = 1.69e-01      || longdy/dt = 4.08e-05  || dt = 7.78e+01
[[32m[1m INFO  [21m[0m] from nz = 35 and CS
[[32m[1m INFO  [21m[0m] -----------------------------------------------------------------
[[32m[1m INFO  [21m[0m] Elapsed time: 1.60e+05 || Step number: 14500/30000
[[32m[1m INFO  [21m[0m] longdy = 1.21e-01      || longdy/dt = 3.71e-05  || dt = 7.31e+01
[[32m[1m INFO  [21m[0m] from nz = 35 and CS
[[32m[1m INFO  [21m[0m] -----------------------------------------------------------------
[[32m[1m INFO  [21m[0m] Elapsed time: 1.64e+05 || Step number: 14600/30000
[[32m[1m INFO  [21m[0m] longdy = 1.51e-01      || longdy/dt = 3.61e-05  || dt = 6.24e+01
[[32m[1m INFO  [21m[0m] from nz = 35 and CS
[[32m[1m INFO  [21m[0m] -----------------------------------------------------------------
[[32m[1m INFO  [21m[0m] Elapsed time: 1.67e+05 || Step number: 14700/30000
[[32m[1m INFO  [21m[0m] longdy = 1.18e-01      || longdy/dt = 3.30e-05  || dt = 4.49e+01
[[32m[1m INFO  [21m[0m] from nz = 35 and CS
[[32m[1m INFO  [21m[0m] -----------------------------------------------------------------
[[32m[1m INFO  [21m[0m] Elapsed time: 1.71e+05 || Step number: 14800/30000
[[32m[1m INFO  [21m[0m] longdy = 9.66e-02      || longdy/dt = 3.11e-05  || dt = 6.18e+01
[[32m[1m INFO  [21m[0m] from nz = 35 and CS
[[32m[1m INFO  [21m[0m] -----------------------------------------------------------------
[[32m[1m INFO  [21m[0m] Elapsed time: 1.74e+05 || Step number: 14900/30000
[[32m[1m INFO  [21m[0m] longdy = 9.94e-02      || longdy/dt = 2.97e-05  || dt = 5.89e+01
[[32m[1m INFO  [21m[0m] from nz = 35 and CS
[[32m[1m INFO  [21m[0m] -----------------------------------------------------------------
[[32m[1m INFO  [21m[0m] Elapsed time: 1.77e+05 || Step number: 15000/30000
[[32m[1m INFO  [21m[0m] longdy = 9.19e-02      || longdy/dt = 2.87e-05  || dt = 2.92e+01
[[32m[1m INFO  [21m[0m] from nz = 35 and CS
[[32m[1m INFO  [21m[0m] -----------------------------------------------------------------
[[32m[1m INFO  [21m[0m] Elapsed time: 1.81e+05 || Step number: 15100/30000
[[32m[1m INFO  [21m[0m] longdy = 9.34e-02      || longdy/dt = 2.70e-05  || dt = 7.46e+01
[[32m[1m INFO  [21m[0m] from nz = 35 and CS
[[32m[1m INFO  [21m[0m] -----------------------------------------------------------------
[[32m[1m INFO  [21m[0m] Elapsed time: 1.85e+05 || Step number: 15200/30000
[[32m[1m INFO  [21m[0m] longdy = 1.05e-01      || longdy/dt = 2.64e-05  || dt = 7.55e+00
[[32m[1m INFO  [21m[0m] from nz = 36 and CS
[[32m[1m INFO  [21m[0m] -----------------------------------------------------------------
[[32m[1m INFO  [21m[0m] Elapsed time: 1.88e+05 || Step number: 15300/30000
[[32m[1m INFO  [21m[0m] longdy = 8.65e-02      || longdy/dt = 2.46e-05  || dt = 2.77e+01
[[32m[1m INFO  [21m[0m] from nz = 36 and CS
[[32m[1m INFO  [21m[0m] -----------------------------------------------------------------
[[32m[1m INFO  [21m[0m] Elapsed time: 1.91e+05 || Step number: 15400/30000
[[32m[1m INFO  [21m[0m] longdy = 6.19e-02      || longdy/dt = 2.39e-05  || dt = 1.14e+01
[[32m[1m INFO  [21m[0m] from nz = 36 and CS
[[32m[1m INFO  [21m[0m] -----------------------------------------------------------------
[[32m[1m INFO  [21m[0m] Elapsed time: 1.94e+05 || Step number: 15500/30000
[[32m[1m INFO  [21m[0m] longdy = 7.93e-02      || longdy/dt = 2.42e-05  || dt = 9.75e+01
[[32m[1m INFO  [21m[0m] from nz = 36 and CS
[[32m[1m INFO  [21m[0m] -----------------------------------------------------------------
[[32m[1m INFO  [21m[0m] Elapsed time: 1.98e+05 || Step number: 15600/30000
[[32m[1m INFO  [21m[0m] longdy = 8.55e-02      || longdy/dt = 2.29e-05  || dt = 4.85e+01
[[32m[1m INFO  [21m[0m] from nz = 36 and CS
[[32m[1m INFO  [21m[0m] -----------------------------------------------------------------
[[32m[1m INFO  [21m[0m] Elapsed time: 2.01e+05 || Step number: 15700/30000
[[32m[1m INFO  [21m[0m] longdy = 8.13e-02      || longdy/dt = 2.26e-05  || dt = 5.11e+00
[[32m[1m INFO  [21m[0m] from nz = 36 and CS
[[32m[1m INFO  [21m[0m] -----------------------------------------------------------------
[[32m[1m INFO  [21m[0m] Elapsed time: 2.05e+05 || Step number: 15800/30000
[[32m[1m INFO  [21m[0m] longdy = 6.45e-02      || longdy/dt = 2.11e-05  || dt = 4.98e+01
[[32m[1m INFO  [21m[0m] from nz = 36 and CS
[[32m[1m INFO  [21m[0m] -----------------------------------------------------------------
[[32m[1m INFO  [21m[0m] Elapsed time: 2.07e+05 || Step number: 15900/30000
[[32m[1m INFO  [21m[0m] longdy = 6.17e-02      || longdy/dt = 2.14e-05  || dt = 7.50e+00
[[32m[1m INFO  [21m[0m] from nz = 36 and CS
[[32m[1m INFO  [21m[0m] -----------------------------------------------------------------
[[32m[1m INFO  [21m[0m] Elapsed time: 2.11e+05 || Step number: 16000/30000
[[32m[1m INFO  [21m[0m] longdy = 6.73e-02      || longdy/dt = 2.08e-05  || dt = 3.75e+01
[[32m[1m INFO  [21m[0m] from nz = 36 and CS
[[32m[1m INFO  [21m[0m] -----------------------------------------------------------------
[[32m[1m INFO  [21m[0m] Elapsed time: 2.14e+05 || Step number: 16100/30000
[[32m[1m INFO  [21m[0m] longdy = 6.32e-02      || longdy/dt = 2.05e-05  || dt = 6.28e+01
[[32m[1m INFO  [21m[0m] from nz = 36 and CS
[[32m[1m INFO  [21m[0m] -----------------------------------------------------------------
[[32m[1m INFO  [21m[0m] Elapsed time: 2.17e+05 || Step number: 16200/30000
[[32m[1m INFO  [21m[0m] longdy = 6.67e-02      || longdy/dt = 1.99e-05  || dt = 2.59e+01
[[32m[1m INFO  [21m[0m] from nz = 36 and CS
[[32m[1m INFO  [21m[0m] -----------------------------------------------------------------
[[32m[1m INFO  [21m[0m] Elapsed time: 2.20e+05 || Step number: 16300/30000
[[32m[1m INFO  [21m[0m] longdy = 6.22e-02      || longdy/dt = 1.98e-05  || dt = 5.81e+01
[[32m[1m INFO  [21m[0m] from nz = 36 and CS
[[32m[1m INFO  [21m[0m] -----------------------------------------------------------------
[[32m[1m INFO  [21m[0m] Elapsed time: 2.24e+05 || Step number: 16400/30000
[[32m[1m INFO  [21m[0m] longdy = 6.23e-02      || longdy/dt = 1.92e-05  || dt = 4.42e+00
[[32m[1m INFO  [21m[0m] from nz = 36 and CS
[[32m[1m INFO  [21m[0m] -----------------------------------------------------------------
[[32m[1m INFO  [21m[0m] Elapsed time: 2.27e+05 || Step number: 16500/30000
[[32m[1m INFO  [21m[0m] longdy = 5.17e-02      || longdy/dt = 1.77e-05  || dt = 4.96e+01
[[32m[1m INFO  [21m[0m] from nz = 36 and CS
[[32m[1m INFO  [21m[0m] -----------------------------------------------------------------
[[32m[1m INFO  [21m[0m] Elapsed time: 2.29e+05 || Step number: 16600/30000
[[32m[1m INFO  [21m[0m] longdy = 5.19e-02      || longdy/dt = 1.85e-05  || dt = 5.20e+01
[[32m[1m INFO  [21m[0m] from nz = 36 and CS
[[32m[1m INFO  [21m[0m] -----------------------------------------------------------------
[[32m[1m INFO  [21m[0m] Elapsed time: 2.33e+05 || Step number: 16700/30000
[[32m[1m INFO  [21m[0m] longdy = 6.69e-02      || longdy/dt = 1.86e-05  || dt = 9.63e+01
[[32m[1m INFO  [21m[0m] from nz = 36 and CS
[[32m[1m INFO  [21m[0m] -----------------------------------------------------------------
[[32m[1m INFO  [21m[0m] Elapsed time: 2.36e+05 || Step number: 16800/30000
[[32m[1m INFO  [21m[0m] longdy = 4.59e-02      || longdy/dt = 1.65e-05  || dt = 4.33e+01
[[32m[1m INFO  [21m[0m] from nz = 36 and CS
[[32m[1m INFO  [21m[0m] -----------------------------------------------------------------
[[32m[1m INFO  [21m[0m] Elapsed time: 2.39e+05 || Step number: 16900/30000
[[32m[1m INFO  [21m[0m] longdy = 5.22e-02      || longdy/dt = 1.79e-05  || dt = 1.01e+02
[[32m[1m INFO  [21m[0m] from nz = 36 and CS
[[32m[1m INFO  [21m[0m] -----------------------------------------------------------------
[[32m[1m INFO  [21m[0m] Elapsed time: 2.42e+05 || Step number: 17000/30000
[[32m[1m INFO  [21m[0m] longdy = 4.84e-02      || longdy/dt = 1.66e-05  || dt = 7.07e+01
[[32m[1m INFO  [21m[0m] from nz = 36 and CS
[[32m[1m INFO  [21m[0m] -----------------------------------------------------------------
[[32m[1m INFO  [21m[0m] Elapsed time: 2.45e+05 || Step number: 17100/30000
[[32m[1m INFO  [21m[0m] longdy = 5.40e-02      || longdy/dt = 1.72e-05  || dt = 5.95e+00
[[32m[1m INFO  [21m[0m] from nz = 36 and CS
[[32m[1m INFO  [21m[0m] -----------------------------------------------------------------
[[32m[1m INFO  [21m[0m] Elapsed time: 2.48e+05 || Step number: 17200/30000
[[32m[1m INFO  [21m[0m] longdy = 4.51e-02      || longdy/dt = 1.53e-05  || dt = 3.81e+01
[[32m[1m INFO  [21m[0m] from nz = 36 and CS
[[32m[1m INFO  [21m[0m] -----------------------------------------------------------------
[[32m[1m INFO  [21m[0m] Elapsed time: 2.51e+05 || Step number: 17300/30000
[[32m[1m INFO  [21m[0m] longdy = 5.76e-02      || longdy/dt = 1.66e-05  || dt = 4.58e+01
[[32m[1m INFO  [21m[0m] from nz = 36 and CS
[[32m[1m INFO  [21m[0m] -----------------------------------------------------------------
[[32m[1m INFO  [21m[0m] Elapsed time: 2.55e+05 || Step number: 17400/30000
[[32m[1m INFO  [21m[0m] longdy = 4.90e-02      || longdy/dt = 1.55e-05  || dt = 8.41e+01
[[32m[1m INFO  [21m[0m] from nz = 36 and CS
[[32m[1m INFO  [21m[0m] -----------------------------------------------------------------
[[32m[1m INFO  [21m[0m] Elapsed time: 2.58e+05 || Step number: 17500/30000
[[32m[1m INFO  [21m[0m] longdy = 4.54e-02      || longdy/dt = 1.53e-05  || dt = 7.17e+01
[[32m[1m INFO  [21m[0m] from nz = 36 and CS
[[32m[1m INFO  [21m[0m] -----------------------------------------------------------------
[[32m[1m INFO  [21m[0m] Elapsed time: 2.61e+05 || Step number: 17600/30000
[[32m[1m INFO  [21m[0m] longdy = 4.09e-02      || longdy/dt = 1.44e-05  || dt = 1.58e+01
[[32m[1m INFO  [21m[0m] from nz = 36 and CH2
[[32m[1m INFO  [21m[0m] -----------------------------------------------------------------
[[32m[1m INFO  [21m[0m] Elapsed time: 2.64e+05 || Step number: 17700/30000
[[32m[1m INFO  [21m[0m] longdy = 4.80e-02      || longdy/dt = 1.53e-05  || dt = 2.46e+00
[[32m[1m INFO  [21m[0m] from nz = 36 and CS
[[32m[1m INFO  [21m[0m] -----------------------------------------------------------------
[[32m[1m INFO  [21m[0m] Elapsed time: 2.67e+05 || Step number: 17800/30000
[[32m[1m INFO  [21m[0m] longdy = 5.27e-02      || longdy/dt = 1.50e-05  || dt = 6.80e+01
[[32m[1m INFO  [21m[0m] from nz = 36 and CS
[[32m[1m INFO  [21m[0m] -----------------------------------------------------------------
[[32m[1m INFO  [21m[0m] Elapsed time: 2.71e+05 || Step number: 17900/30000
[[32m[1m INFO  [21m[0m] longdy = 5.06e-02      || longdy/dt = 1.46e-05  || dt = 7.84e+01
[[32m[1m INFO  [21m[0m] from nz = 36 and CH2
[[32m[1m INFO  [21m[0m] -----------------------------------------------------------------
[[32m[1m INFO  [21m[0m] Elapsed time: 2.74e+05 || Step number: 18000/30000
[[32m[1m INFO  [21m[0m] longdy = 4.42e-02      || longdy/dt = 1.38e-05  || dt = 3.68e+01
[[32m[1m INFO  [21m[0m] from nz = 36 and CS
[[32m[1m INFO  [21m[0m] -----------------------------------------------------------------
[[32m[1m INFO  [21m[0m] Elapsed time: 2.77e+05 || Step number: 18100/30000
[[32m[1m INFO  [21m[0m] longdy = 4.66e-02      || longdy/dt = 1.40e-05  || dt = 6.15e+01
[[32m[1m INFO  [21m[0m] from nz = 36 and CH2
[[32m[1m INFO  [21m[0m] -----------------------------------------------------------------
[[32m[1m INFO  [21m[0m] Elapsed time: 2.81e+05 || Step number: 18200/30000
[[32m[1m INFO  [21m[0m] longdy = 4.46e-02      || longdy/dt = 1.34e-05  || dt = 3.35e+01
[[32m[1m INFO  [21m[0m] from nz = 36 and CS
[[32m[1m INFO  [21m[0m] -----------------------------------------------------------------
[[32m[1m INFO  [21m[0m] Elapsed time: 2.84e+05 || Step number: 18300/30000
[[32m[1m INFO  [21m[0m] longdy = 4.31e-02      || longdy/dt = 1.41e-05  || dt = 5.92e+01
[[32m[1m INFO  [21m[0m] from nz = 36 and CH2
[[32m[1m INFO  [21m[0m] -----------------------------------------------------------------
[[32m[1m INFO  [21m[0m] Elapsed time: 2.87e+05 || Step number: 18400/30000
[[32m[1m INFO  [21m[0m] longdy = 4.59e-02      || longdy/dt = 1.31e-05  || dt = 5.74e+01
[[32m[1m INFO  [21m[0m] from nz = 36 and CS
[[32m[1m INFO  [21m[0m] -----------------------------------------------------------------
[[32m[1m INFO  [21m[0m] Elapsed time: 2.91e+05 || Step number: 18500/30000
[[32m[1m INFO  [21m[0m] longdy = 4.78e-02      || longdy/dt = 1.43e-05  || dt = 7.13e+01
[[32m[1m INFO  [21m[0m] from nz = 36 and CH2
[[32m[1m INFO  [21m[0m] -----------------------------------------------------------------
[[32m[1m INFO  [21m[0m] Elapsed time: 2.95e+05 || Step number: 18600/30000
[[32m[1m INFO  [21m[0m] longdy = 5.12e-02      || longdy/dt = 1.31e-05  || dt = 6.21e+01
[[32m[1m INFO  [21m[0m] from nz = 36 and CH2
[[32m[1m INFO  [21m[0m] -----------------------------------------------------------------
[[32m[1m INFO  [21m[0m] Elapsed time: 2.98e+05 || Step number: 18700/30000
[[32m[1m INFO  [21m[0m] longdy = 4.79e-02      || longdy/dt = 1.34e-05  || dt = 2.27e+01
[[32m[1m INFO  [21m[0m] from nz = 36 and CH2
[[32m[1m INFO  [21m[0m] -----------------------------------------------------------------
[[32m[1m INFO  [21m[0m] Elapsed time: 3.02e+05 || Step number: 18800/30000
[[32m[1m INFO  [21m[0m] longdy = 4.52e-02      || longdy/dt = 1.20e-05  || dt = 7.47e+01
[[32m[1m INFO  [21m[0m] from nz = 36 and CH2
[[32m[1m INFO  [21m[0m] -----------------------------------------------------------------
[[32m[1m INFO  [21m[0m] Elapsed time: 3.05e+05 || Step number: 18900/30000
[[32m[1m INFO  [21m[0m] longdy = 4.76e-02      || longdy/dt = 1.44e-05  || dt = 4.89e+01
[[32m[1m INFO  [21m[0m] from nz = 36 and CH2
[[32m[1m INFO  [21m[0m] -----------------------------------------------------------------
[[32m[1m INFO  [21m[0m] Elapsed time: 3.09e+05 || Step number: 19000/30000
[[32m[1m INFO  [21m[0m] longdy = 4.18e-02      || longdy/dt = 1.19e-05  || dt = 8.29e+01
[[32m[1m INFO  [21m[0m] from nz = 36 and CH2
[[32m[1m INFO  [21m[0m] -----------------------------------------------------------------
[[32m[1m INFO  [21m[0m] Elapsed time: 3.12e+05 || Step number: 19100/30000
[[32m[1m INFO  [21m[0m] longdy = 4.55e-02      || longdy/dt = 1.34e-05  || dt = 7.24e+01
[[32m[1m INFO  [21m[0m] from nz = 36 and CH2
[[32m[1m INFO  [21m[0m] -----------------------------------------------------------------
[[32m[1m INFO  [21m[0m] Elapsed time: 3.17e+05 || Step number: 19200/30000
[[32m[1m INFO  [21m[0m] longdy = 4.61e-02      || longdy/dt = 1.17e-05  || dt = 1.02e+02
[[32m[1m INFO  [21m[0m] from nz = 36 and CH2
[[32m[1m INFO  [21m[0m] -----------------------------------------------------------------
[[32m[1m INFO  [21m[0m] Elapsed time: 3.21e+05 || Step number: 19300/30000
[[32m[1m INFO  [21m[0m] longdy = 5.07e-02      || longdy/dt = 1.29e-05  || dt = 4.11e+01
[[32m[1m INFO  [21m[0m] from nz = 36 and CH2
[[32m[1m INFO  [21m[0m] -----------------------------------------------------------------
[[32m[1m INFO  [21m[0m] Elapsed time: 3.24e+05 || Step number: 19400/30000
[[32m[1m INFO  [21m[0m] longdy = 4.26e-02      || longdy/dt = 1.12e-05  || dt = 4.92e+01
[[32m[1m INFO  [21m[0m] from nz = 36 and CH2
[[32m[1m INFO  [21m[0m] -----------------------------------------------------------------
[[32m[1m INFO  [21m[0m] Elapsed time: 3.29e+05 || Step number: 19500/30000
[[32m[1m INFO  [21m[0m] longdy = 5.29e-02      || longdy/dt = 1.22e-05  || dt = 6.59e+01
[[32m[1m INFO  [21m[0m] from nz = 36 and CH2
[[32m[1m INFO  [21m[0m] -----------------------------------------------------------------
[[32m[1m INFO  [21m[0m] Elapsed time: 3.33e+05 || Step number: 19600/30000
[[32m[1m INFO  [21m[0m] longdy = 4.87e-02      || longdy/dt = 1.13e-05  || dt = 5.00e+01
[[32m[1m INFO  [21m[0m] from nz = 36 and CH2
[[32m[1m INFO  [21m[0m] -----------------------------------------------------------------
[[32m[1m INFO  [21m[0m] Elapsed time: 3.38e+05 || Step number: 19700/30000
[[32m[1m INFO  [21m[0m] longdy = 5.70e-02      || longdy/dt = 1.18e-05  || dt = 7.48e+01
[[32m[1m INFO  [21m[0m] from nz = 36 and CH2
[[32m[1m INFO  [21m[0m] -----------------------------------------------------------------
[[32m[1m INFO  [21m[0m] Elapsed time: 3.42e+05 || Step number: 19800/30000
[[32m[1m INFO  [21m[0m] longdy = 4.74e-02      || longdy/dt = 1.18e-05  || dt = 1.57e+01
[[32m[1m INFO  [21m[0m] from nz = 36 and CH2
[[32m[1m INFO  [21m[0m] -----------------------------------------------------------------
[[32m[1m INFO  [21m[0m] Elapsed time: 3.47e+05 || Step number: 19900/30000
[[32m[1m INFO  [21m[0m] longdy = 4.74e-02      || longdy/dt = 1.01e-05  || dt = 1.01e+01
[[32m[1m INFO  [21m[0m] from nz = 36 and CH2
[[32m[1m INFO  [21m[0m] -----------------------------------------------------------------
[[32m[1m INFO  [21m[0m] Elapsed time: 3.52e+05 || Step number: 20000/30000
[[32m[1m INFO  [21m[0m] longdy = 5.44e-02      || longdy/dt = 9.64e-06  || dt = 1.66e+00
[[32m[1m INFO  [21m[0m] from nz = 36 and CH2
[[32m[1m INFO  [21m[0m] -----------------------------------------------------------------
[[32m[1m INFO  [21m[0m] Elapsed time: 3.57e+05 || Step number: 20100/30000
[[32m[1m INFO  [21m[0m] longdy = 4.87e-02      || longdy/dt = 1.17e-05  || dt = 2.16e+02
[[32m[1m INFO  [21m[0m] from nz = 36 and CH2
[[32m[1m INFO  [21m[0m] -----------------------------------------------------------------
[[32m[1m INFO  [21m[0m] Elapsed time: 3.62e+05 || Step number: 20200/30000
[[32m[1m INFO  [21m[0m] longdy = 4.24e-02      || longdy/dt = 8.97e-06  || dt = 2.86e+02
[[32m[1m INFO  [21m[0m] from nz = 36 and CH2
[[32m[1m INFO  [21m[0m] -----------------------------------------------------------------
[[32m[1m INFO  [21m[0m] Elapsed time: 3.67e+05 || Step number: 20300/30000
[[32m[1m INFO  [21m[0m] longdy = 5.23e-02      || longdy/dt = 9.34e-06  || dt = 6.82e+01
[[32m[1m INFO  [21m[0m] from nz = 36 and CH2
[[32m[1m INFO  [21m[0m] -----------------------------------------------------------------
[[32m[1m INFO  [21m[0m] Elapsed time: 3.72e+05 || Step number: 20400/30000
[[32m[1m INFO  [21m[0m] longdy = 4.80e-02      || longdy/dt = 9.31e-06  || dt = 5.42e+01
[[32m[1m INFO  [21m[0m] from nz = 36 and CH2
[[32m[1m INFO  [21m[0m] -----------------------------------------------------------------
[[32m[1m INFO  [21m[0m] Elapsed time: 3.78e+05 || Step number: 20500/30000
[[32m[1m INFO  [21m[0m] longdy = 5.11e-02      || longdy/dt = 8.70e-06  || dt = 9.52e+01
[[32m[1m INFO  [21m[0m] from nz = 36 and CH2
[[32m[1m INFO  [21m[0m] -----------------------------------------------------------------
[[32m[1m INFO  [21m[0m] Elapsed time: 3.85e+05 || Step number: 20600/30000
[[32m[1m INFO  [21m[0m] longdy = 5.30e-02      || longdy/dt = 8.56e-06  || dt = 3.01e+02
[[32m[1m INFO  [21m[0m] from nz = 36 and CH2
[[32m[1m INFO  [21m[0m] -----------------------------------------------------------------
[[32m[1m INFO  [21m[0m] Elapsed time: 3.91e+05 || Step number: 20700/30000
[[32m[1m INFO  [21m[0m] longdy = 5.13e-02      || longdy/dt = 7.85e-06  || dt = 1.33e+02
[[32m[1m INFO  [21m[0m] from nz = 36 and CH2
[[32m[1m INFO  [21m[0m] -----------------------------------------------------------------
[[32m[1m INFO  [21m[0m] Elapsed time: 3.99e+05 || Step number: 20800/30000
[[32m[1m INFO  [21m[0m] longdy = 5.46e-02      || longdy/dt = 7.40e-06  || dt = 6.32e+01
[[32m[1m INFO  [21m[0m] from nz = 36 and CH2
[[32m[1m INFO  [21m[0m] -----------------------------------------------------------------
[[32m[1m INFO  [21m[0m] Elapsed time: 4.06e+05 || Step number: 20900/30000
[[32m[1m INFO  [21m[0m] longdy = 5.24e-02      || longdy/dt = 7.12e-06  || dt = 1.18e+02
[[32m[1m INFO  [21m[0m] from nz = 36 and CH2
[[32m[1m INFO  [21m[0m] -----------------------------------------------------------------
[[32m[1m INFO  [21m[0m] Elapsed time: 4.16e+05 || Step number: 21000/30000
[[32m[1m INFO  [21m[0m] longdy = 6.36e-02      || longdy/dt = 6.82e-06  || dt = 6.82e+01
[[32m[1m INFO  [21m[0m] from nz = 36 and CH2
[[32m[1m INFO  [21m[0m] -----------------------------------------------------------------
[[32m[1m INFO  [21m[0m] Elapsed time: 4.25e+05 || Step number: 21100/30000
[[32m[1m INFO  [21m[0m] longdy = 5.54e-02      || longdy/dt = 5.67e-06  || dt = 1.06e+02
[[32m[1m INFO  [21m[0m] from nz = 36 and CH2
[[32m[1m INFO  [21m[0m] -----------------------------------------------------------------
[[32m[1m INFO  [21m[0m] Elapsed time: 4.33e+05 || Step number: 21200/30000
[[32m[1m INFO  [21m[0m] longdy = 4.88e-02      || longdy/dt = 6.54e-06  || dt = 1.59e+02
[[32m[1m INFO  [21m[0m] from nz = 36 and CH2
[[32m[1m INFO  [21m[0m] -----------------------------------------------------------------
[[32m[1m INFO  [21m[0m] Elapsed time: 4.41e+05 || Step number: 21300/30000
[[32m[1m INFO  [21m[0m] longdy = 4.40e-02      || longdy/dt = 5.49e-06  || dt = 2.19e+02
[[32m[1m INFO  [21m[0m] from nz = 36 and CH2
[[32m[1m INFO  [21m[0m] -----------------------------------------------------------------
[[32m[1m INFO  [21m[0m] Elapsed time: 4.53e+05 || Step number: 21400/30000
[[32m[1m INFO  [21m[0m] longdy = 5.23e-02      || longdy/dt = 4.42e-06  || dt = 1.57e+02
[[32m[1m INFO  [21m[0m] from nz = 36 and CH2
[[32m[1m INFO  [21m[0m] -----------------------------------------------------------------
[[32m[1m INFO  [21m[0m] Elapsed time: 4.67e+05 || Step number: 21500/30000
[[32m[1m INFO  [21m[0m] longdy = 5.85e-02      || longdy/dt = 4.18e-06  || dt = 9.51e+00
[[32m[1m INFO  [21m[0m] from nz = 36 and CH2
[[32m[1m INFO  [21m[0m] -----------------------------------------------------------------
[[32m[1m INFO  [21m[0m] Elapsed time: 4.84e+05 || Step number: 21600/30000
[[32m[1m INFO  [21m[0m] longdy = 6.98e-02      || longdy/dt = 4.23e-06  || dt = 3.17e+02
[[32m[1m INFO  [21m[0m] from nz = 35 and CH2
[[32m[1m INFO  [21m[0m] -----------------------------------------------------------------
[[32m[1m INFO  [21m[0m] Elapsed time: 5.07e+05 || Step number: 21700/30000
[[32m[1m INFO  [21m[0m] longdy = 8.56e-02      || longdy/dt = 3.80e-06  || dt = 2.98e+02
[[32m[1m INFO  [21m[0m] from nz = 35 and CH2
[[32m[1m INFO  [21m[0m] -----------------------------------------------------------------
[[32m[1m INFO  [21m[0m] Elapsed time: 5.31e+05 || Step number: 21800/30000
[[32m[1m INFO  [21m[0m] longdy = 7.17e-02      || longdy/dt = 2.98e-06  || dt = 2.96e+02
[[32m[1m INFO  [21m[0m] from nz = 35 and CH2
[[32m[1m INFO  [21m[0m] -----------------------------------------------------------------
[[32m[1m INFO  [21m[0m] Elapsed time: 5.65e+05 || Step number: 21900/30000
[[32m[1m INFO  [21m[0m] longdy = 7.51e-02      || longdy/dt = 2.19e-06  || dt = 1.30e+02
[[32m[1m INFO  [21m[0m] from nz = 35 and CH2
[[32m[1m INFO  [21m[0m] -----------------------------------------------------------------
[[32m[1m INFO  [21m[0m] Elapsed time: 6.03e+05 || Step number: 22000/30000
[[32m[1m INFO  [21m[0m] longdy = 5.91e-02      || longdy/dt = 1.58e-06  || dt = 2.12e+02
[[32m[1m INFO  [21m[0m] from nz = 35 and CH2
[[32m[1m INFO  [21m[0m] -----------------------------------------------------------------
[[32m[1m INFO  [21m[0m] Elapsed time: 6.62e+05 || Step number: 22100/30000
[[32m[1m INFO  [21m[0m] longdy = 6.82e-02      || longdy/dt = 1.15e-06  || dt = 5.69e+01
[[32m[1m INFO  [21m[0m] from nz = 35 and CH2
[[32m[1m INFO  [21m[0m] -----------------------------------------------------------------
[[32m[1m INFO  [21m[0m] Integration successful with 22151 steps
[[32m[1m INFO  [21m[0m] long dy, long dydt = 0.0368772653747562, 5.840920441664809e-07
[[32m[1m INFO  [21m[0m] Total atom loss:
[[32m[1m INFO  [21m[0m] H: 0.02639908086165719 
[[32m[1m INFO  [21m[0m] O: -0.04480810613154965 
[[32m[1m INFO  [21m[0m] C: 0.19910020264575903 
[[32m[1m INFO  [21m[0m] N: -0.03959449991362546 
[[32m[1m INFO  [21m[0m] S: 0.3879479444105476 
[[32m[1m INFO  [21m[0m] ------ Live long and prosper \V/ ------
[[32m[1m INFO  [21m[0m]     done
Atmodeller initialized with double precision (float64)
[[93m[1m WARNING [21m[0m] The archive tar file does not exist: /data/rdc49-2/K218b_project/simulation_data/grid_H1_C2_N3_S3_fO20__from_batch02_case_000047__7_crash_atmos_chem_step_vulcan_chem_funs_race_missing_symjac/data/data.tar
[[32m[1m INFO  [21m[0m] Observing the planet...
Loading PHOENIX star table in file '/data/rdc49-2/FWL_DATA/prt/input_data/stellar_spectra/phoenix/phoenix.startable.petitRADTRANS.h5'... Done.
