Atmodeller initialized with double precision (float64)
[[93m[1m WARNING [21m[0m] The archive tar file does not exist: /data/rdc49-2/K218b_project/simulation_data/grid_H1_C2_N2_S3_fO21__from_batch06_case_000043__7_crash_atmos_chem_step_vulcan_chem_funs_race_syntax_error/data/data.tar
[[32m[1m INFO  [21m[0m] Running atmospheric chemistry...
[[32m[1m INFO  [21m[0m]     Using vulcan module, offline
[[32m[1m INFO  [21m[0m] Elements conserved in the network.
[[32m[1m INFO  [21m[0m] No duplicates in the network.
[[32m[1m INFO  [21m[0m] Elements conserved in the network.
[[32m[1m INFO  [21m[0m] No duplicates in the network.
[[32m[1m INFO  [21m[0m] Running VULCAN
[[93m[1m WARNING [21m[0m] P_b and P_t assgined in vulcan.cfg are out of range of the input. Constant extension is used.
[[32m[1m INFO  [21m[0m] Initializing with compositions from ASCII file /data/rdc49-2/K218b_project/simulation_data/grid_H1_C2_N2_S3_fO21__from_batch06_case_000043__7_crash_atmos_chem_step_vulcan_chem_funs_race_syntax_error/offchem/vmrs.dat
[[32m[1m INFO  [21m[0m] Input stellar spectrum from 2.0 to 700.0
[[32m[1m INFO  [21m[0m] Using wavelength bins from 2.0 to 655.5
[[32m[1m INFO  [21m[0m] Include molecular diffusion.
[[32m[1m INFO  [21m[0m] Starting VULCAN integration with 1 threads...
[[93m[1m WARNING [21m[0m] Keep producing negative values! Clipping negative solutions and moving on!
[[93m[1m WARNING [21m[0m] Keep producing negative values! Clipping negative solutions and moving on!
[[93m[1m WARNING [21m[0m] Keep producing negative values! Clipping negative solutions and moving on!
[[93m[1m WARNING [21m[0m] Keep producing negative values! Clipping negative solutions and moving on!
[[93m[1m WARNING [21m[0m] Keep producing negative values! Clipping negative solutions and moving on!
[[93m[1m WARNING [21m[0m] Keep producing negative values! Clipping negative solutions and moving on!
[[93m[1m WARNING [21m[0m] Keep producing negative values! Clipping negative solutions and moving on!
[[93m[1m WARNING [21m[0m] Keep producing negative values! Clipping negative solutions and moving on!
[[93m[1m WARNING [21m[0m] Keep producing negative values! Clipping negative solutions and moving on!
[[93m[1m WARNING [21m[0m] Keep producing negative values! Clipping negative solutions and moving on!
[[93m[1m WARNING [21m[0m] Keep producing negative values! Clipping negative solutions and moving on!
[[93m[1m WARNING [21m[0m] Keep producing negative values! Clipping negative solutions and moving on!
[[93m[1m WARNING [21m[0m] Keep producing negative values! Clipping negative solutions and moving on!
[[93m[1m WARNING [21m[0m] Keep producing negative values! Clipping negative solutions and moving on!
[[32m[1m INFO  [21m[0m] Elapsed time: 4.31e-06 || Step number: 100/30000
[[32m[1m INFO  [21m[0m] longdy = 1.00e+00      || longdy/dt = 1.00e+00  || dt = 3.56e-08
[[32m[1m INFO  [21m[0m] from nz = 0 and OH
[[32m[1m INFO  [21m[0m] -----------------------------------------------------------------
[[93m[1m WARNING [21m[0m] Keep producing negative values! Clipping negative solutions and moving on!
[[93m[1m WARNING [21m[0m] Keep producing negative values! Clipping negative solutions and moving on!
[[93m[1m WARNING [21m[0m] Keep producing negative values! Clipping negative solutions and moving on!
[[93m[1m WARNING [21m[0m] Keep producing negative values! Clipping negative solutions and moving on!
[[93m[1m WARNING [21m[0m] Keep producing negative values! Clipping negative solutions and moving on!
[[93m[1m WARNING [21m[0m] Keep producing negative values! Clipping negative solutions and moving on!
[[93m[1m WARNING [21m[0m] Keep producing negative values! Clipping negative solutions and moving on!
[[93m[1m WARNING [21m[0m] Keep producing negative values! Clipping negative solutions and moving on!
[[32m[1m INFO  [21m[0m] Elapsed time: 1.07e-05 || Step number: 200/30000
[[32m[1m INFO  [21m[0m] longdy = 1.00e+00      || longdy/dt = 1.00e+00  || dt = 2.00e-07
[[32m[1m INFO  [21m[0m] from nz = 0 and OH
[[32m[1m INFO  [21m[0m] -----------------------------------------------------------------
[[93m[1m WARNING [21m[0m] Keep producing negative values! Clipping negative solutions and moving on!
[[93m[1m WARNING [21m[0m] Keep producing negative values! Clipping negative solutions and moving on!
[[93m[1m WARNING [21m[0m] Keep producing negative values! Clipping negative solutions and moving on!
[[32m[1m INFO  [21m[0m] Elapsed time: 2.88e-05 || Step number: 300/30000
[[32m[1m INFO  [21m[0m] longdy = 1.00e+00      || longdy/dt = 1.00e+00  || dt = 3.91e-07
[[32m[1m INFO  [21m[0m] from nz = 0 and OH
[[32m[1m INFO  [21m[0m] -----------------------------------------------------------------
[[93m[1m WARNING [21m[0m] Keep producing negative values! Clipping negative solutions and moving on!
[[32m[1m INFO  [21m[0m] Elapsed time: 1.05e-04 || Step number: 400/30000
[[32m[1m INFO  [21m[0m] longdy = 1.00e+00      || longdy/dt = 1.00e+00  || dt = 1.36e-06
[[32m[1m INFO  [21m[0m] from nz = 0 and OH
[[32m[1m INFO  [21m[0m] -----------------------------------------------------------------
[[32m[1m INFO  [21m[0m] Elapsed time: 5.14e-04 || Step number: 500/30000
[[32m[1m INFO  [21m[0m] longdy = 1.00e+00      || longdy/dt = 1.00e+00  || dt = 1.16e-05
[[32m[1m INFO  [21m[0m] from nz = 0 and OH
[[32m[1m INFO  [21m[0m] -----------------------------------------------------------------
[[32m[1m INFO  [21m[0m] Elapsed time: 2.44e-03 || Step number: 600/30000
[[32m[1m INFO  [21m[0m] longdy = 1.00e+00      || longdy/dt = 1.00e+00  || dt = 3.90e-05
[[32m[1m INFO  [21m[0m] from nz = 0 and OH
[[32m[1m INFO  [21m[0m] -----------------------------------------------------------------
[[32m[1m INFO  [21m[0m] Elapsed time: 9.10e-03 || Step number: 700/30000
[[32m[1m INFO  [21m[0m] longdy = 1.00e+00      || longdy/dt = 1.00e+00  || dt = 1.22e-04
[[32m[1m INFO  [21m[0m] from nz = 0 and OH
[[32m[1m INFO  [21m[0m] -----------------------------------------------------------------
[[32m[1m INFO  [21m[0m] Elapsed time: 3.09e-02 || Step number: 800/30000
[[32m[1m INFO  [21m[0m] longdy = 1.00e+00      || longdy/dt = 1.00e+00  || dt = 3.68e-04
[[32m[1m INFO  [21m[0m] from nz = 0 and OH
[[32m[1m INFO  [21m[0m] -----------------------------------------------------------------
[[32m[1m INFO  [21m[0m] Elapsed time: 9.30e-02 || Step number: 900/30000
[[32m[1m INFO  [21m[0m] longdy = 1.00e+00      || longdy/dt = 1.00e+00  || dt = 1.15e-03
[[32m[1m INFO  [21m[0m] from nz = 0 and OH
[[32m[1m INFO  [21m[0m] -----------------------------------------------------------------
[[32m[1m INFO  [21m[0m] Elapsed time: 2.67e-01 || Step number: 1000/30000
[[32m[1m INFO  [21m[0m] longdy = 1.00e+00      || longdy/dt = 1.00e+00  || dt = 4.63e-03
[[32m[1m INFO  [21m[0m] from nz = 0 and OH
[[32m[1m INFO  [21m[0m] -----------------------------------------------------------------
[[32m[1m INFO  [21m[0m] Elapsed time: 7.50e-01 || Step number: 1100/30000
[[32m[1m INFO  [21m[0m] longdy = 1.00e+00      || longdy/dt = 1.00e+00  || dt = 1.17e-02
[[32m[1m INFO  [21m[0m] from nz = 0 and OH
[[32m[1m INFO  [21m[0m] -----------------------------------------------------------------
[[32m[1m INFO  [21m[0m] Elapsed time: 1.88e+00 || Step number: 1200/30000
[[32m[1m INFO  [21m[0m] longdy = 1.00e+00      || longdy/dt = 1.00e+00  || dt = 2.39e-02
[[32m[1m INFO  [21m[0m] from nz = 0 and OH
[[32m[1m INFO  [21m[0m] -----------------------------------------------------------------
[[32m[1m INFO  [21m[0m] Elapsed time: 3.89e+00 || Step number: 1300/30000
[[32m[1m INFO  [21m[0m] longdy = 1.00e+00      || longdy/dt = 1.00e+00  || dt = 4.37e-02
[[32m[1m INFO  [21m[0m] from nz = 0 and OH
[[32m[1m INFO  [21m[0m] -----------------------------------------------------------------
[[32m[1m INFO  [21m[0m] Elapsed time: 7.41e+00 || Step number: 1400/30000
[[32m[1m INFO  [21m[0m] longdy = 1.00e+00      || longdy/dt = 1.00e+00  || dt = 6.97e-02
[[32m[1m INFO  [21m[0m] from nz = 0 and OH
[[32m[1m INFO  [21m[0m] -----------------------------------------------------------------
[[32m[1m INFO  [21m[0m] Elapsed time: 1.38e+01 || Step number: 1500/30000
[[32m[1m INFO  [21m[0m] longdy = 1.00e+00      || longdy/dt = 1.00e+00  || dt = 1.22e-01
[[32m[1m INFO  [21m[0m] from nz = 0 and OH
[[32m[1m INFO  [21m[0m] -----------------------------------------------------------------
[[32m[1m INFO  [21m[0m] Elapsed time: 2.51e+01 || Step number: 1600/30000
[[32m[1m INFO  [21m[0m] longdy = 1.00e+00      || longdy/dt = 1.00e+00  || dt = 1.92e-01
[[32m[1m INFO  [21m[0m] from nz = 0 and OH
[[32m[1m INFO  [21m[0m] -----------------------------------------------------------------
[[32m[1m INFO  [21m[0m] Elapsed time: 4.34e+01 || Step number: 1700/30000
[[32m[1m INFO  [21m[0m] longdy = 1.00e+00      || longdy/dt = 1.00e+00  || dt = 3.04e-01
[[32m[1m INFO  [21m[0m] from nz = 0 and OH
[[32m[1m INFO  [21m[0m] -----------------------------------------------------------------
[[32m[1m INFO  [21m[0m] Elapsed time: 7.49e+01 || Step number: 1800/30000
[[32m[1m INFO  [21m[0m] longdy = 1.00e+00      || longdy/dt = 1.00e+00  || dt = 5.06e-01
[[32m[1m INFO  [21m[0m] from nz = 0 and OH
[[32m[1m INFO  [21m[0m] -----------------------------------------------------------------
[[32m[1m INFO  [21m[0m] Elapsed time: 1.29e+02 || Step number: 1900/30000
[[32m[1m INFO  [21m[0m] longdy = 5.76e+00      || longdy/dt = 1.08e-01  || dt = 8.99e-01
[[32m[1m INFO  [21m[0m] from nz = 19 and S8
[[32m[1m INFO  [21m[0m] -----------------------------------------------------------------
[[32m[1m INFO  [21m[0m] Elapsed time: 2.14e+02 || Step number: 2000/30000
[[32m[1m INFO  [21m[0m] longdy = 1.14e+01      || longdy/dt = 1.36e-01  || dt = 1.34e+00
[[32m[1m INFO  [21m[0m] from nz = 19 and S8
[[32m[1m INFO  [21m[0m] -----------------------------------------------------------------
[[32m[1m INFO  [21m[0m] Elapsed time: 3.88e+02 || Step number: 2100/30000
[[32m[1m INFO  [21m[0m] longdy = 9.28e+00      || longdy/dt = 5.45e-02  || dt = 3.19e+00
[[32m[1m INFO  [21m[0m] from nz = 31 and HCS
[[32m[1m INFO  [21m[0m] -----------------------------------------------------------------
[[32m[1m INFO  [21m[0m] Elapsed time: 7.66e+02 || Step number: 2200/30000
[[32m[1m INFO  [21m[0m] longdy = 1.02e+02      || longdy/dt = 2.77e-01  || dt = 8.08e+00
[[32m[1m INFO  [21m[0m] from nz = 25 and CS
[[32m[1m INFO  [21m[0m] -----------------------------------------------------------------
[[32m[1m INFO  [21m[0m] Elapsed time: 1.35e+03 || Step number: 2300/30000
[[32m[1m INFO  [21m[0m] longdy = 1.22e+04      || longdy/dt = 2.12e+01  || dt = 8.22e+00
[[32m[1m INFO  [21m[0m] from nz = 27 and CS
[[32m[1m INFO  [21m[0m] -----------------------------------------------------------------
[[32m[1m INFO  [21m[0m] Elapsed time: 2.02e+03 || Step number: 2400/30000
[[32m[1m INFO  [21m[0m] longdy = 7.79e+03      || longdy/dt = 1.18e+01  || dt = 6.73e+00
[[32m[1m INFO  [21m[0m] from nz = 28 and CS
[[32m[1m INFO  [21m[0m] -----------------------------------------------------------------
[[32m[1m INFO  [21m[0m] Elapsed time: 2.73e+03 || Step number: 2500/30000
[[32m[1m INFO  [21m[0m] longdy = 7.02e+02      || longdy/dt = 9.92e-01  || dt = 8.12e+00
[[32m[1m INFO  [21m[0m] from nz = 30 and CS
[[32m[1m INFO  [21m[0m] -----------------------------------------------------------------
[[32m[1m INFO  [21m[0m] Elapsed time: 3.44e+03 || Step number: 2600/30000
[[32m[1m INFO  [21m[0m] longdy = 8.62e+01      || longdy/dt = 1.22e-01  || dt = 9.98e+00
[[32m[1m INFO  [21m[0m] from nz = 31 and CS
[[32m[1m INFO  [21m[0m] -----------------------------------------------------------------
[[32m[1m INFO  [21m[0m] Elapsed time: 4.17e+03 || Step number: 2700/30000
[[32m[1m INFO  [21m[0m] longdy = 2.16e+01      || longdy/dt = 2.98e-02  || dt = 1.76e+01
[[32m[1m INFO  [21m[0m] from nz = 32 and CS
[[32m[1m INFO  [21m[0m] -----------------------------------------------------------------
[[32m[1m INFO  [21m[0m] Elapsed time: 5.02e+03 || Step number: 2800/30000
[[32m[1m INFO  [21m[0m] longdy = 9.98e+00      || longdy/dt = 1.20e-02  || dt = 1.82e+01
[[32m[1m INFO  [21m[0m] from nz = 33 and CS
[[32m[1m INFO  [21m[0m] -----------------------------------------------------------------
[[32m[1m INFO  [21m[0m] Elapsed time: 5.71e+03 || Step number: 2900/30000
[[32m[1m INFO  [21m[0m] longdy = 2.99e+00      || longdy/dt = 4.47e-03  || dt = 1.77e+01
[[32m[1m INFO  [21m[0m] from nz = 33 and CS
[[32m[1m INFO  [21m[0m] -----------------------------------------------------------------
[[32m[1m INFO  [21m[0m] Elapsed time: 6.65e+03 || Step number: 3000/30000
[[32m[1m INFO  [21m[0m] longdy = 2.89e+00      || longdy/dt = 3.13e-03  || dt = 2.29e+01
[[32m[1m INFO  [21m[0m] from nz = 34 and CS
[[32m[1m INFO  [21m[0m] -----------------------------------------------------------------
[[32m[1m INFO  [21m[0m] Elapsed time: 7.44e+03 || Step number: 3100/30000
[[32m[1m INFO  [21m[0m] longdy = 1.32e+00      || longdy/dt = 1.69e-03  || dt = 1.12e+01
[[32m[1m INFO  [21m[0m] from nz = 34 and CS
[[32m[1m INFO  [21m[0m] -----------------------------------------------------------------
[[32m[1m INFO  [21m[0m] Elapsed time: 8.46e+03 || Step number: 3200/30000
[[32m[1m INFO  [21m[0m] longdy = 1.12e+00      || longdy/dt = 1.14e-03  || dt = 3.04e+01
[[32m[1m INFO  [21m[0m] from nz = 34 and CS
[[32m[1m INFO  [21m[0m] -----------------------------------------------------------------
[[32m[1m INFO  [21m[0m] Elapsed time: 9.71e+03 || Step number: 3300/30000
[[32m[1m INFO  [21m[0m] longdy = 9.83e-01      || longdy/dt = 7.91e-04  || dt = 1.62e+01
[[32m[1m INFO  [21m[0m] from nz = 35 and CS
[[32m[1m INFO  [21m[0m] -----------------------------------------------------------------
[[32m[1m INFO  [21m[0m] Elapsed time: 1.10e+04 || Step number: 3400/30000
[[32m[1m INFO  [21m[0m] longdy = 8.28e-01      || longdy/dt = 6.72e-04  || dt = 1.91e+01
[[32m[1m INFO  [21m[0m] from nz = 21 and S8
[[32m[1m INFO  [21m[0m] -----------------------------------------------------------------
[[32m[1m INFO  [21m[0m] Elapsed time: 1.23e+04 || Step number: 3500/30000
[[32m[1m INFO  [21m[0m] longdy = 9.20e-01      || longdy/dt = 6.74e-04  || dt = 1.89e+01
[[32m[1m INFO  [21m[0m] from nz = 21 and S8
[[32m[1m INFO  [21m[0m] -----------------------------------------------------------------
[[32m[1m INFO  [21m[0m] Elapsed time: 1.40e+04 || Step number: 3600/30000
[[32m[1m INFO  [21m[0m] longdy = 1.16e+00      || longdy/dt = 7.05e-04  || dt = 4.37e+00
[[32m[1m INFO  [21m[0m] from nz = 21 and S8
[[32m[1m INFO  [21m[0m] -----------------------------------------------------------------
[[32m[1m INFO  [21m[0m] Elapsed time: 1.62e+04 || Step number: 3700/30000
[[32m[1m INFO  [21m[0m] longdy = 1.75e+00      || longdy/dt = 7.90e-04  || dt = 5.00e+01
[[32m[1m INFO  [21m[0m] from nz = 21 and S8
[[32m[1m INFO  [21m[0m] -----------------------------------------------------------------
[[32m[1m INFO  [21m[0m] Elapsed time: 1.95e+04 || Step number: 3800/30000
[[32m[1m INFO  [21m[0m] longdy = 3.07e+00      || longdy/dt = 9.67e-04  || dt = 3.96e+01
[[32m[1m INFO  [21m[0m] from nz = 21 and S8
[[32m[1m INFO  [21m[0m] -----------------------------------------------------------------
[[32m[1m INFO  [21m[0m] Elapsed time: 2.29e+04 || Step number: 3900/30000
[[32m[1m INFO  [21m[0m] longdy = 3.23e+00      || longdy/dt = 9.46e-04  || dt = 1.47e+02
[[32m[1m INFO  [21m[0m] from nz = 21 and S8
[[32m[1m INFO  [21m[0m] -----------------------------------------------------------------
[[32m[1m INFO  [21m[0m] Elapsed time: 2.90e+04 || Step number: 4000/30000
[[32m[1m INFO  [21m[0m] longdy = 9.33e+00      || longdy/dt = 1.54e-03  || dt = 2.77e+01
[[32m[1m INFO  [21m[0m] from nz = 21 and S8
[[32m[1m INFO  [21m[0m] -----------------------------------------------------------------
[[32m[1m INFO  [21m[0m] Elapsed time: 3.98e+04 || Step number: 4100/30000
[[32m[1m INFO  [21m[0m] longdy = 2.09e+01      || longdy/dt = 1.98e-03  || dt = 1.84e+02
[[32m[1m INFO  [21m[0m] from nz = 21 and S8
[[32m[1m INFO  [21m[0m] -----------------------------------------------------------------
[[32m[1m INFO  [21m[0m] Elapsed time: 5.15e+04 || Step number: 4200/30000
[[32m[1m INFO  [21m[0m] longdy = 3.79e+00      || longdy/dt = 3.32e-04  || dt = 3.44e+02
[[32m[1m INFO  [21m[0m] from nz = 21 and S8
[[32m[1m INFO  [21m[0m] -----------------------------------------------------------------
[[32m[1m INFO  [21m[0m] Elapsed time: 5.91e+04 || Step number: 4300/30000
[[32m[1m INFO  [21m[0m] longdy = 9.92e-01      || longdy/dt = 1.32e-04  || dt = 1.44e+02
[[32m[1m INFO  [21m[0m] from nz = 26 and SO2
[[32m[1m INFO  [21m[0m] -----------------------------------------------------------------
[[32m[1m INFO  [21m[0m] Elapsed time: 6.81e+04 || Step number: 4400/30000
[[32m[1m INFO  [21m[0m] longdy = 1.40e+00      || longdy/dt = 1.56e-04  || dt = 1.28e+02
[[32m[1m INFO  [21m[0m] from nz = 37 and CS
[[32m[1m INFO  [21m[0m] -----------------------------------------------------------------
[[32m[1m INFO  [21m[0m] Elapsed time: 7.94e+04 || Step number: 4500/30000
[[32m[1m INFO  [21m[0m] longdy = 2.21e+00      || longdy/dt = 1.97e-04  || dt = 1.37e+02
[[32m[1m INFO  [21m[0m] from nz = 37 and CS
[[32m[1m INFO  [21m[0m] -----------------------------------------------------------------
[[32m[1m INFO  [21m[0m] Elapsed time: 9.41e+04 || Step number: 4600/30000
[[32m[1m INFO  [21m[0m] longdy = 2.55e+00      || longdy/dt = 1.78e-04  || dt = 5.49e+02
[[32m[1m INFO  [21m[0m] from nz = 38 and CS
[[32m[1m INFO  [21m[0m] -----------------------------------------------------------------
[[32m[1m INFO  [21m[0m] Elapsed time: 1.09e+05 || Step number: 4700/30000
[[32m[1m INFO  [21m[0m] longdy = 1.83e+00      || longdy/dt = 1.21e-04  || dt = 2.80e+02
[[32m[1m INFO  [21m[0m] from nz = 38 and CS
[[32m[1m INFO  [21m[0m] -----------------------------------------------------------------
[[32m[1m INFO  [21m[0m] Elapsed time: 1.21e+05 || Step number: 4800/30000
[[32m[1m INFO  [21m[0m] longdy = 9.13e-01      || longdy/dt = 7.63e-05  || dt = 1.37e+02
[[32m[1m INFO  [21m[0m] from nz = 39 and CS
[[32m[1m INFO  [21m[0m] -----------------------------------------------------------------
[[32m[1m INFO  [21m[0m] Elapsed time: 1.54e+05 || Step number: 4900/30000
[[32m[1m INFO  [21m[0m] longdy = 2.24e+00      || longdy/dt = 6.91e-05  || dt = 1.14e+03
[[32m[1m INFO  [21m[0m] from nz = 39 and CS
[[32m[1m INFO  [21m[0m] -----------------------------------------------------------------
[[32m[1m INFO  [21m[0m] Elapsed time: 1.69e+05 || Step number: 5000/30000
[[32m[1m INFO  [21m[0m] longdy = 4.26e-01      || longdy/dt = 3.01e-05  || dt = 7.53e+02
[[32m[1m INFO  [21m[0m] from nz = 40 and CS
[[32m[1m INFO  [21m[0m] -----------------------------------------------------------------
[[32m[1m INFO  [21m[0m] Elapsed time: 2.13e+05 || Step number: 5100/30000
[[32m[1m INFO  [21m[0m] longdy = 1.06e+00      || longdy/dt = 2.44e-05  || dt = 5.82e+02
[[32m[1m INFO  [21m[0m] from nz = 40 and CS
[[32m[1m INFO  [21m[0m] -----------------------------------------------------------------
[[32m[1m INFO  [21m[0m] Elapsed time: 2.72e+05 || Step number: 5200/30000
[[32m[1m INFO  [21m[0m] longdy = 6.72e-01      || longdy/dt = 1.17e-05  || dt = 2.40e+03
[[32m[1m INFO  [21m[0m] from nz = 41 and CS
[[32m[1m INFO  [21m[0m] -----------------------------------------------------------------
[[32m[1m INFO  [21m[0m] Elapsed time: 3.21e+05 || Step number: 5300/30000
[[32m[1m INFO  [21m[0m] longdy = 3.59e-01      || longdy/dt = 7.52e-06  || dt = 1.99e+03
[[32m[1m INFO  [21m[0m] from nz = 50 and N2
[[32m[1m INFO  [21m[0m] -----------------------------------------------------------------
[[32m[1m INFO  [21m[0m] Elapsed time: 4.01e+05 || Step number: 5400/30000
[[32m[1m INFO  [21m[0m] longdy = 3.97e-01      || longdy/dt = 4.95e-06  || dt = 3.65e+01
[[32m[1m INFO  [21m[0m] from nz = 50 and N2
[[32m[1m INFO  [21m[0m] -----------------------------------------------------------------
[[32m[1m INFO  [21m[0m] Elapsed time: 4.61e+05 || Step number: 5500/30000
[[32m[1m INFO  [21m[0m] longdy = 2.15e-01      || longdy/dt = 3.74e-06  || dt = 2.61e+03
[[32m[1m INFO  [21m[0m] from nz = 50 and N2
[[32m[1m INFO  [21m[0m] -----------------------------------------------------------------
[[32m[1m INFO  [21m[0m] Elapsed time: 5.30e+05 || Step number: 5600/30000
[[32m[1m INFO  [21m[0m] longdy = 1.87e-01      || longdy/dt = 2.68e-06  || dt = 1.19e+01
[[32m[1m INFO  [21m[0m] from nz = 50 and N2
[[32m[1m INFO  [21m[0m] -----------------------------------------------------------------
[[32m[1m INFO  [21m[0m] Elapsed time: 5.88e+05 || Step number: 5700/30000
[[32m[1m INFO  [21m[0m] longdy = 1.15e-01      || longdy/dt = 2.01e-06  || dt = 1.08e+03
[[32m[1m INFO  [21m[0m] from nz = 50 and N2
[[32m[1m INFO  [21m[0m] -----------------------------------------------------------------
[[32m[1m INFO  [21m[0m] Elapsed time: 7.13e+05 || Step number: 5800/30000
[[32m[1m INFO  [21m[0m] longdy = 1.58e-01      || longdy/dt = 1.29e-06  || dt = 2.51e+03
[[32m[1m INFO  [21m[0m] from nz = 50 and N2
[[32m[1m INFO  [21m[0m] -----------------------------------------------------------------
[[32m[1m INFO  [21m[0m] Elapsed time: 8.11e+05 || Step number: 5900/30000
[[32m[1m INFO  [21m[0m] longdy = 7.84e-02      || longdy/dt = 7.97e-07  || dt = 8.40e+00
[[32m[1m INFO  [21m[0m] from nz = 50 and N2
[[32m[1m INFO  [21m[0m] -----------------------------------------------------------------
[[32m[1m INFO  [21m[0m] Elapsed time: 8.98e+05 || Step number: 6000/30000
[[32m[1m INFO  [21m[0m] longdy = 4.63e-02      || longdy/dt = 5.39e-07  || dt = 1.21e+03
[[32m[1m INFO  [21m[0m] from nz = 50 and N2
[[32m[1m INFO  [21m[0m] -----------------------------------------------------------------
[[32m[1m INFO  [21m[0m] Integration successful with 6001 steps
[[32m[1m INFO  [21m[0m] long dy, long dydt = 0.04711226796821915, 5.365884996909956e-07
[[32m[1m INFO  [21m[0m] Total atom loss:
[[32m[1m INFO  [21m[0m] H: 0.0005071665437115697 
[[32m[1m INFO  [21m[0m] O: -0.0018655785804538006 
[[32m[1m INFO  [21m[0m] C: 0.004593037495180671 
[[32m[1m INFO  [21m[0m] N: -0.002143748791439572 
[[32m[1m INFO  [21m[0m] S: 0.007193645298873983 
[[32m[1m INFO  [21m[0m] ------ Live long and prosper \V/ ------
[[32m[1m INFO  [21m[0m]     done
Atmodeller initialized with double precision (float64)
[[93m[1m WARNING [21m[0m] The archive tar file does not exist: /data/rdc49-2/K218b_project/simulation_data/grid_H1_C2_N2_S3_fO21__from_batch06_case_000043__7_crash_atmos_chem_step_vulcan_chem_funs_race_syntax_error/data/data.tar
[[32m[1m INFO  [21m[0m] Observing the planet...
Loading PHOENIX star table in file '/data/rdc49-2/FWL_DATA/prt/input_data/stellar_spectra/phoenix/phoenix.startable.petitRADTRANS.h5'... Done.
