Atmodeller initialized with double precision (float64)
[[93m[1m WARNING [21m[0m] The archive tar file does not exist: /data/rdc49-2/K218b_project/simulation_data/grid_H0_C0_N1_S1_fO23__from_batch13_case_000005__7_crash_atmos_chem_step_vulcan_chem_funs_race_syntax_error/data/data.tar
[[32m[1m INFO  [21m[0m] Running atmospheric chemistry...
[[32m[1m INFO  [21m[0m]     Using vulcan module, offline
[[32m[1m INFO  [21m[0m] Elements conserved in the network.
[[32m[1m INFO  [21m[0m] No duplicates in the network.
[[32m[1m INFO  [21m[0m] Elements conserved in the network.
[[32m[1m INFO  [21m[0m] No duplicates in the network.
[[32m[1m INFO  [21m[0m] Running VULCAN
[[93m[1m WARNING [21m[0m] P_b and P_t assgined in vulcan.cfg are out of range of the input. Constant extension is used.
[[32m[1m INFO  [21m[0m] Initializing with compositions from ASCII file /data/rdc49-2/K218b_project/simulation_data/grid_H0_C0_N1_S1_fO23__from_batch13_case_000005__7_crash_atmos_chem_step_vulcan_chem_funs_race_syntax_error/offchem/vmrs.dat
[[32m[1m INFO  [21m[0m] Input stellar spectrum from 2.0 to 700.0
[[32m[1m INFO  [21m[0m] Using wavelength bins from 2.0 to 655.5
[[32m[1m INFO  [21m[0m] Include molecular diffusion.
[[32m[1m INFO  [21m[0m] Starting VULCAN integration with 1 threads...
[[93m[1m WARNING [21m[0m] Keep producing negative values! Clipping negative solutions and moving on!
[[93m[1m WARNING [21m[0m] Keep producing negative values! Clipping negative solutions and moving on!
[[93m[1m WARNING [21m[0m] Keep producing negative values! Clipping negative solutions and moving on!
[[93m[1m WARNING [21m[0m] Keep producing negative values! Clipping negative solutions and moving on!
[[93m[1m WARNING [21m[0m] Keep producing negative values! Clipping negative solutions and moving on!
[[93m[1m WARNING [21m[0m] Keep producing negative values! Clipping negative solutions and moving on!
[[93m[1m WARNING [21m[0m] Keep producing negative values! Clipping negative solutions and moving on!
[[93m[1m WARNING [21m[0m] Keep producing negative values! Clipping negative solutions and moving on!
[[32m[1m INFO  [21m[0m] Elapsed time: 2.08e-05 || Step number: 100/30000
[[32m[1m INFO  [21m[0m] longdy = 1.00e+00      || longdy/dt = 1.00e+00  || dt = 8.21e-07
[[32m[1m INFO  [21m[0m] from nz = 0 and OH
[[32m[1m INFO  [21m[0m] -----------------------------------------------------------------
[[32m[1m INFO  [21m[0m] Elapsed time: 2.97e-04 || Step number: 200/30000
[[32m[1m INFO  [21m[0m] longdy = 1.00e+00      || longdy/dt = 1.00e+00  || dt = 8.86e-06
[[32m[1m INFO  [21m[0m] from nz = 0 and OH
[[32m[1m INFO  [21m[0m] -----------------------------------------------------------------
[[32m[1m INFO  [21m[0m] Elapsed time: 3.18e-03 || Step number: 300/30000
[[32m[1m INFO  [21m[0m] longdy = 1.00e+00      || longdy/dt = 1.00e+00  || dt = 5.44e-05
[[32m[1m INFO  [21m[0m] from nz = 0 and OH
[[32m[1m INFO  [21m[0m] -----------------------------------------------------------------
[[32m[1m INFO  [21m[0m] Elapsed time: 2.67e-02 || Step number: 400/30000
[[32m[1m INFO  [21m[0m] longdy = 1.00e+00      || longdy/dt = 1.00e+00  || dt = 3.87e-04
[[32m[1m INFO  [21m[0m] from nz = 0 and OH
[[32m[1m INFO  [21m[0m] -----------------------------------------------------------------
[[32m[1m INFO  [21m[0m] Elapsed time: 1.58e-01 || Step number: 500/30000
[[32m[1m INFO  [21m[0m] longdy = 1.00e+00      || longdy/dt = 1.00e+00  || dt = 2.88e-03
[[32m[1m INFO  [21m[0m] from nz = 0 and OH
[[32m[1m INFO  [21m[0m] -----------------------------------------------------------------
[[32m[1m INFO  [21m[0m] Elapsed time: 6.25e-01 || Step number: 600/30000
[[32m[1m INFO  [21m[0m] longdy = 1.00e+00      || longdy/dt = 1.00e+00  || dt = 9.62e-03
[[32m[1m INFO  [21m[0m] from nz = 0 and OH
[[32m[1m INFO  [21m[0m] -----------------------------------------------------------------
[[32m[1m INFO  [21m[0m] Elapsed time: 1.57e+00 || Step number: 700/30000
[[32m[1m INFO  [21m[0m] longdy = 1.00e+00      || longdy/dt = 1.00e+00  || dt = 1.98e-02
[[32m[1m INFO  [21m[0m] from nz = 0 and OH
[[32m[1m INFO  [21m[0m] -----------------------------------------------------------------
[[32m[1m INFO  [21m[0m] Elapsed time: 3.19e+00 || Step number: 800/30000
[[32m[1m INFO  [21m[0m] longdy = 1.00e+00      || longdy/dt = 1.00e+00  || dt = 3.42e-02
[[32m[1m INFO  [21m[0m] from nz = 0 and OH
[[32m[1m INFO  [21m[0m] -----------------------------------------------------------------
[[32m[1m INFO  [21m[0m] Elapsed time: 5.85e+00 || Step number: 900/30000
[[32m[1m INFO  [21m[0m] longdy = 1.00e+00      || longdy/dt = 1.00e+00  || dt = 5.49e-02
[[32m[1m INFO  [21m[0m] from nz = 0 and OH
[[32m[1m INFO  [21m[0m] -----------------------------------------------------------------
[[32m[1m INFO  [21m[0m] Elapsed time: 8.58e+00 || Step number: 1000/30000
[[32m[1m INFO  [21m[0m] longdy = 1.00e+00      || longdy/dt = 1.00e+00  || dt = 4.39e-02
[[32m[1m INFO  [21m[0m] from nz = 0 and OH
[[32m[1m INFO  [21m[0m] -----------------------------------------------------------------
[[32m[1m INFO  [21m[0m] Elapsed time: 1.19e+01 || Step number: 1100/30000
[[32m[1m INFO  [21m[0m] longdy = 1.00e+00      || longdy/dt = 1.00e+00  || dt = 6.81e-02
[[32m[1m INFO  [21m[0m] from nz = 0 and OH
[[32m[1m INFO  [21m[0m] -----------------------------------------------------------------
[[32m[1m INFO  [21m[0m] Elapsed time: 1.71e+01 || Step number: 1200/30000
[[32m[1m INFO  [21m[0m] longdy = 1.00e+00      || longdy/dt = 1.00e+00  || dt = 4.64e-02
[[32m[1m INFO  [21m[0m] from nz = 0 and OH
[[32m[1m INFO  [21m[0m] -----------------------------------------------------------------
[[32m[1m INFO  [21m[0m] Elapsed time: 2.70e+01 || Step number: 1300/30000
[[32m[1m INFO  [21m[0m] longdy = 1.00e+00      || longdy/dt = 1.00e+00  || dt = 1.96e-01
[[32m[1m INFO  [21m[0m] from nz = 0 and OH
[[32m[1m INFO  [21m[0m] -----------------------------------------------------------------
[[32m[1m INFO  [21m[0m] Elapsed time: 5.46e+01 || Step number: 1400/30000
[[32m[1m INFO  [21m[0m] longdy = 1.00e+00      || longdy/dt = 1.00e+00  || dt = 3.99e-01
[[32m[1m INFO  [21m[0m] from nz = 0 and OH
[[32m[1m INFO  [21m[0m] -----------------------------------------------------------------
[[32m[1m INFO  [21m[0m] Elapsed time: 9.89e+01 || Step number: 1500/30000
[[32m[1m INFO  [21m[0m] longdy = 1.00e+00      || longdy/dt = 1.00e+00  || dt = 3.96e-01
[[32m[1m INFO  [21m[0m] from nz = 0 and OH
[[32m[1m INFO  [21m[0m] -----------------------------------------------------------------
[[32m[1m INFO  [21m[0m] Elapsed time: 1.39e+02 || Step number: 1600/30000
[[32m[1m INFO  [21m[0m] longdy = 1.46e+04      || longdy/dt = 3.70e+02  || dt = 4.55e-01
[[32m[1m INFO  [21m[0m] from nz = 34 and N
[[32m[1m INFO  [21m[0m] -----------------------------------------------------------------
[[32m[1m INFO  [21m[0m] Elapsed time: 2.24e+02 || Step number: 1700/30000
[[32m[1m INFO  [21m[0m] longdy = 4.88e+00      || longdy/dt = 5.88e-02  || dt = 1.79e+00
[[32m[1m INFO  [21m[0m] from nz = 17 and S4
[[32m[1m INFO  [21m[0m] -----------------------------------------------------------------
[[32m[1m INFO  [21m[0m] Elapsed time: 4.70e+02 || Step number: 1800/30000
[[32m[1m INFO  [21m[0m] longdy = 6.95e+00      || longdy/dt = 2.98e-02  || dt = 4.20e+00
[[32m[1m INFO  [21m[0m] from nz = 14 and O2
[[32m[1m INFO  [21m[0m] -----------------------------------------------------------------
[[32m[1m INFO  [21m[0m] Elapsed time: 9.88e+02 || Step number: 1900/30000
[[32m[1m INFO  [21m[0m] longdy = 3.02e+01      || longdy/dt = 6.16e-02  || dt = 8.92e+00
[[32m[1m INFO  [21m[0m] from nz = 24 and CS
[[32m[1m INFO  [21m[0m] -----------------------------------------------------------------
[[32m[1m INFO  [21m[0m] Elapsed time: 2.22e+03 || Step number: 2000/30000
[[32m[1m INFO  [21m[0m] longdy = 9.29e+03      || longdy/dt = 8.44e+00  || dt = 1.91e+01
[[32m[1m INFO  [21m[0m] from nz = 26 and CS
[[32m[1m INFO  [21m[0m] -----------------------------------------------------------------
[[32m[1m INFO  [21m[0m] Elapsed time: 5.65e+03 || Step number: 2100/30000
[[32m[1m INFO  [21m[0m] longdy = 3.13e+02      || longdy/dt = 1.12e-01  || dt = 7.58e+01
[[32m[1m INFO  [21m[0m] from nz = 30 and CS
[[32m[1m INFO  [21m[0m] -----------------------------------------------------------------
[[32m[1m INFO  [21m[0m] Elapsed time: 2.52e+04 || Step number: 2200/30000
[[32m[1m INFO  [21m[0m] longdy = 3.26e+00      || longdy/dt = 2.59e-04  || dt = 4.76e-01
[[32m[1m INFO  [21m[0m] from nz = 33 and CH2
[[32m[1m INFO  [21m[0m] -----------------------------------------------------------------
[[32m[1m INFO  [21m[0m] Elapsed time: 2.97e+04 || Step number: 2300/30000
[[32m[1m INFO  [21m[0m] longdy = 9.00e-01      || longdy/dt = 2.00e-04  || dt = 6.15e+00
[[32m[1m INFO  [21m[0m] from nz = 34 and CH2
[[32m[1m INFO  [21m[0m] -----------------------------------------------------------------
[[32m[1m INFO  [21m[0m] Elapsed time: 3.90e+04 || Step number: 2400/30000
[[32m[1m INFO  [21m[0m] longdy = 2.45e+00      || longdy/dt = 2.63e-04  || dt = 6.16e+00
[[32m[1m INFO  [21m[0m] from nz = 34 and CH2
[[32m[1m INFO  [21m[0m] -----------------------------------------------------------------
[[32m[1m INFO  [21m[0m] Elapsed time: 4.14e+04 || Step number: 2500/30000
[[32m[1m INFO  [21m[0m] longdy = 3.21e-01      || longdy/dt = 1.36e-04  || dt = 4.55e+01
[[32m[1m INFO  [21m[0m] from nz = 34 and CH2
[[32m[1m INFO  [21m[0m] -----------------------------------------------------------------
[[32m[1m INFO  [21m[0m] Elapsed time: 4.77e+04 || Step number: 2600/30000
[[32m[1m INFO  [21m[0m] longdy = 9.94e-01      || longdy/dt = 1.57e-04  || dt = 6.15e+00
[[32m[1m INFO  [21m[0m] from nz = 11 and C4H2
[[32m[1m INFO  [21m[0m] -----------------------------------------------------------------
[[32m[1m INFO  [21m[0m] Elapsed time: 5.95e+04 || Step number: 2700/30000
[[32m[1m INFO  [21m[0m] longdy = 1.42e+00      || longdy/dt = 1.21e-04  || dt = 1.33e-02
[[32m[1m INFO  [21m[0m] from nz = 34 and CH2
[[32m[1m INFO  [21m[0m] -----------------------------------------------------------------
[[32m[1m INFO  [21m[0m] Elapsed time: 6.29e+04 || Step number: 2800/30000
[[32m[1m INFO  [21m[0m] longdy = 2.32e-01      || longdy/dt = 6.77e-05  || dt = 6.21e+00
[[32m[1m INFO  [21m[0m] from nz = 50 and S2O
[[32m[1m INFO  [21m[0m] -----------------------------------------------------------------
[[32m[1m INFO  [21m[0m] Elapsed time: 7.53e+04 || Step number: 2900/30000
[[32m[1m INFO  [21m[0m] longdy = 9.99e-01      || longdy/dt = 8.63e-05  || dt = 1.52e+03
[[32m[1m INFO  [21m[0m] from nz = 50 and S2O
[[32m[1m INFO  [21m[0m] -----------------------------------------------------------------
[[32m[1m INFO  [21m[0m] Elapsed time: 1.18e+05 || Step number: 3000/30000
[[32m[1m INFO  [21m[0m] longdy = 6.43e+00      || longdy/dt = 1.49e-04  || dt = 1.12e+01
[[32m[1m INFO  [21m[0m] from nz = 50 and S2O
[[32m[1m INFO  [21m[0m] -----------------------------------------------------------------
[[32m[1m INFO  [21m[0m] Elapsed time: 1.28e+05 || Step number: 3100/30000
[[32m[1m INFO  [21m[0m] longdy = 2.64e-01      || longdy/dt = 2.70e-05  || dt = 6.14e+00
[[32m[1m INFO  [21m[0m] from nz = 50 and S2O
[[32m[1m INFO  [21m[0m] -----------------------------------------------------------------
[[32m[1m INFO  [21m[0m] Elapsed time: 1.60e+05 || Step number: 3200/30000
[[32m[1m INFO  [21m[0m] longdy = 4.33e-01      || longdy/dt = 1.36e-05  || dt = 4.74e-01
[[32m[1m INFO  [21m[0m] from nz = 45 and N2H4
[[32m[1m INFO  [21m[0m] -----------------------------------------------------------------
[[32m[1m INFO  [21m[0m] Elapsed time: 1.72e+05 || Step number: 3300/30000
[[32m[1m INFO  [21m[0m] longdy = 1.05e-01      || longdy/dt = 8.41e-06  || dt = 2.48e+01
[[32m[1m INFO  [21m[0m] from nz = 44 and N2H4
[[32m[1m INFO  [21m[0m] -----------------------------------------------------------------
[[32m[1m INFO  [21m[0m] Elapsed time: 2.01e+05 || Step number: 3400/30000
[[32m[1m INFO  [21m[0m] longdy = 1.66e-01      || longdy/dt = 5.91e-06  || dt = 9.44e+02
[[32m[1m INFO  [21m[0m] from nz = 44 and N2H4
[[32m[1m INFO  [21m[0m] -----------------------------------------------------------------
[[32m[1m INFO  [21m[0m] Elapsed time: 2.21e+05 || Step number: 3500/30000
[[32m[1m INFO  [21m[0m] longdy = 6.67e-02      || longdy/dt = 3.35e-06  || dt = 4.90e-01
[[32m[1m INFO  [21m[0m] from nz = 44 and N2H4
[[32m[1m INFO  [21m[0m] -----------------------------------------------------------------
[[32m[1m INFO  [21m[0m] Elapsed time: 2.29e+05 || Step number: 3600/30000
[[32m[1m INFO  [21m[0m] longdy = 1.89e-02      || longdy/dt = 2.38e-06  || dt = 2.48e+01
[[32m[1m INFO  [21m[0m] from nz = 44 and N2H4
[[32m[1m INFO  [21m[0m] -----------------------------------------------------------------
[[32m[1m INFO  [21m[0m] Elapsed time: 2.48e+05 || Step number: 3700/30000
[[32m[1m INFO  [21m[0m] longdy = 3.32e-02      || longdy/dt = 1.77e-06  || dt = 6.34e-02
[[32m[1m INFO  [21m[0m] from nz = 44 and N2H4
[[32m[1m INFO  [21m[0m] -----------------------------------------------------------------
[[32m[1m INFO  [21m[0m] Elapsed time: 2.71e+05 || Step number: 3800/30000
[[32m[1m INFO  [21m[0m] longdy = 2.55e-02      || longdy/dt = 1.08e-06  || dt = 1.32e-01
[[32m[1m INFO  [21m[0m] from nz = 44 and N2H4
[[32m[1m INFO  [21m[0m] -----------------------------------------------------------------
[[32m[1m INFO  [21m[0m] Elapsed time: 2.80e+05 || Step number: 3900/30000
[[32m[1m INFO  [21m[0m] longdy = 1.05e-02      || longdy/dt = 1.27e-06  || dt = 6.17e+00
[[32m[1m INFO  [21m[0m] from nz = 50 and S4
[[32m[1m INFO  [21m[0m] -----------------------------------------------------------------
[[32m[1m INFO  [21m[0m] Integration successful with 3971 steps
[[32m[1m INFO  [21m[0m] long dy, long dydt = 0.017829705671839658, 1.441493774325152e-06
[[32m[1m INFO  [21m[0m] Total atom loss:
[[32m[1m INFO  [21m[0m] H: -0.0031690405904818194 
[[32m[1m INFO  [21m[0m] O: -0.0031973762787250353 
[[32m[1m INFO  [21m[0m] C: -0.0015264642614320897 
[[32m[1m INFO  [21m[0m] N: -0.0031118977201267657 
[[32m[1m INFO  [21m[0m] S: -0.0001238417418319073 
[[32m[1m INFO  [21m[0m] ------ Live long and prosper \V/ ------
[[32m[1m INFO  [21m[0m]     done
Atmodeller initialized with double precision (float64)
[[93m[1m WARNING [21m[0m] The archive tar file does not exist: /data/rdc49-2/K218b_project/simulation_data/grid_H0_C0_N1_S1_fO23__from_batch13_case_000005__7_crash_atmos_chem_step_vulcan_chem_funs_race_syntax_error/data/data.tar
[[32m[1m INFO  [21m[0m] Observing the planet...
Loading PHOENIX star table in file '/data/rdc49-2/FWL_DATA/prt/input_data/stellar_spectra/phoenix/phoenix.startable.petitRADTRANS.h5'... Done.
