Atmodeller initialized with double precision (float64)
[[93m[1m WARNING [21m[0m] The archive tar file does not exist: /data/rdc49-2/K218b_project/simulation_data/grid_H0_C0_N3_S1_fO22__from_batch09_case_000013__7_crash_atmos_chem_step_vulcan_chem_funs_race_missing_symjac/data/data.tar
[[32m[1m INFO  [21m[0m] Running atmospheric chemistry...
[[32m[1m INFO  [21m[0m]     Using vulcan module, offline
[[32m[1m INFO  [21m[0m] Elements conserved in the network.
[[32m[1m INFO  [21m[0m] No duplicates in the network.
[[32m[1m INFO  [21m[0m] Elements conserved in the network.
[[32m[1m INFO  [21m[0m] No duplicates in the network.
[[32m[1m INFO  [21m[0m] Running VULCAN
[[32m[1m INFO  [21m[0m] Initializing with compositions from ASCII file /data/rdc49-2/K218b_project/simulation_data/grid_H0_C0_N3_S1_fO22__from_batch09_case_000013__7_crash_atmos_chem_step_vulcan_chem_funs_race_missing_symjac/offchem/vmrs.dat
[[32m[1m INFO  [21m[0m] Input stellar spectrum from 2.0 to 700.0
[[32m[1m INFO  [21m[0m] Using wavelength bins from 2.0 to 655.5
[[32m[1m INFO  [21m[0m] Include molecular diffusion.
[[32m[1m INFO  [21m[0m] Starting VULCAN integration with 1 threads...
[[93m[1m WARNING [21m[0m] Keep producing negative values! Clipping negative solutions and moving on!
[[93m[1m WARNING [21m[0m] Keep producing negative values! Clipping negative solutions and moving on!
[[93m[1m WARNING [21m[0m] Keep producing negative values! Clipping negative solutions and moving on!
[[93m[1m WARNING [21m[0m] Keep producing negative values! Clipping negative solutions and moving on!
[[93m[1m WARNING [21m[0m] Keep producing negative values! Clipping negative solutions and moving on!
[[93m[1m WARNING [21m[0m] Keep producing negative values! Clipping negative solutions and moving on!
[[93m[1m WARNING [21m[0m] Keep producing negative values! Clipping negative solutions and moving on!
[[93m[1m WARNING [21m[0m] Keep producing negative values! Clipping negative solutions and moving on!
[[93m[1m WARNING [21m[0m] Keep producing negative values! Clipping negative solutions and moving on!
[[93m[1m WARNING [21m[0m] Keep producing negative values! Clipping negative solutions and moving on!
[[32m[1m INFO  [21m[0m] Elapsed time: 2.51e-05 || Step number: 100/30000
[[32m[1m INFO  [21m[0m] longdy = 1.00e+00      || longdy/dt = 1.00e+00  || dt = 1.03e-06
[[32m[1m INFO  [21m[0m] from nz = 0 and OH
[[32m[1m INFO  [21m[0m] -----------------------------------------------------------------
[[32m[1m INFO  [21m[0m] Elapsed time: 3.72e-04 || Step number: 200/30000
[[32m[1m INFO  [21m[0m] longdy = 1.00e+00      || longdy/dt = 1.00e+00  || dt = 8.99e-06
[[32m[1m INFO  [21m[0m] from nz = 0 and OH
[[32m[1m INFO  [21m[0m] -----------------------------------------------------------------
[[32m[1m INFO  [21m[0m] Elapsed time: 3.16e-03 || Step number: 300/30000
[[32m[1m INFO  [21m[0m] longdy = 1.00e+00      || longdy/dt = 1.00e+00  || dt = 5.88e-05
[[32m[1m INFO  [21m[0m] from nz = 0 and OH
[[32m[1m INFO  [21m[0m] -----------------------------------------------------------------
[[32m[1m INFO  [21m[0m] Elapsed time: 2.17e-02 || Step number: 400/30000
[[32m[1m INFO  [21m[0m] longdy = 1.00e+00      || longdy/dt = 1.00e+00  || dt = 4.20e-04
[[32m[1m INFO  [21m[0m] from nz = 0 and OH
[[32m[1m INFO  [21m[0m] -----------------------------------------------------------------
[[32m[1m INFO  [21m[0m] Elapsed time: 1.18e-01 || Step number: 500/30000
[[32m[1m INFO  [21m[0m] longdy = 1.00e+00      || longdy/dt = 1.00e+00  || dt = 2.92e-03
[[32m[1m INFO  [21m[0m] from nz = 0 and OH
[[32m[1m INFO  [21m[0m] -----------------------------------------------------------------
[[32m[1m INFO  [21m[0m] Elapsed time: 5.49e-01 || Step number: 600/30000
[[32m[1m INFO  [21m[0m] longdy = 1.00e+00      || longdy/dt = 1.00e+00  || dt = 9.42e-03
[[32m[1m INFO  [21m[0m] from nz = 0 and OH
[[32m[1m INFO  [21m[0m] -----------------------------------------------------------------
[[32m[1m INFO  [21m[0m] Elapsed time: 2.33e+00 || Step number: 700/30000
[[32m[1m INFO  [21m[0m] longdy = 1.00e+00      || longdy/dt = 1.00e+00  || dt = 3.10e-02
[[32m[1m INFO  [21m[0m] from nz = 0 and OH
[[32m[1m INFO  [21m[0m] -----------------------------------------------------------------
[[32m[1m INFO  [21m[0m] Elapsed time: 6.76e+00 || Step number: 800/30000
[[32m[1m INFO  [21m[0m] longdy = 1.00e+00      || longdy/dt = 1.00e+00  || dt = 6.92e-02
[[32m[1m INFO  [21m[0m] from nz = 0 and OH
[[32m[1m INFO  [21m[0m] -----------------------------------------------------------------
[[32m[1m INFO  [21m[0m] Elapsed time: 1.61e+01 || Step number: 900/30000
[[32m[1m INFO  [21m[0m] longdy = 1.00e+00      || longdy/dt = 1.00e+00  || dt = 1.28e-01
[[32m[1m INFO  [21m[0m] from nz = 0 and OH
[[32m[1m INFO  [21m[0m] -----------------------------------------------------------------
[[32m[1m INFO  [21m[0m] Elapsed time: 3.44e+01 || Step number: 1000/30000
[[32m[1m INFO  [21m[0m] longdy = 1.00e+00      || longdy/dt = 1.00e+00  || dt = 2.56e-01
[[32m[1m INFO  [21m[0m] from nz = 0 and OH
[[32m[1m INFO  [21m[0m] -----------------------------------------------------------------
[[32m[1m INFO  [21m[0m] Elapsed time: 6.92e+01 || Step number: 1100/30000
[[32m[1m INFO  [21m[0m] longdy = 1.00e+00      || longdy/dt = 1.00e+00  || dt = 4.55e-01
[[32m[1m INFO  [21m[0m] from nz = 0 and OH
[[32m[1m INFO  [21m[0m] -----------------------------------------------------------------
[[32m[1m INFO  [21m[0m] Elapsed time: 1.25e+02 || Step number: 1200/30000
[[32m[1m INFO  [21m[0m] longdy = 2.13e+01      || longdy/dt = 3.87e-01  || dt = 8.65e-01
[[32m[1m INFO  [21m[0m] from nz = 14 and O2
[[32m[1m INFO  [21m[0m] -----------------------------------------------------------------
[[32m[1m INFO  [21m[0m] Elapsed time: 2.17e+02 || Step number: 1300/30000
[[32m[1m INFO  [21m[0m] longdy = 2.25e+01      || longdy/dt = 2.50e-01  || dt = 1.42e+00
[[32m[1m INFO  [21m[0m] from nz = 39 and N
[[32m[1m INFO  [21m[0m] -----------------------------------------------------------------
[[32m[1m INFO  [21m[0m] Elapsed time: 3.78e+02 || Step number: 1400/30000
[[32m[1m INFO  [21m[0m] longdy = 4.88e+02      || longdy/dt = 3.08e+00  || dt = 2.59e+00
[[32m[1m INFO  [21m[0m] from nz = 36 and N
[[32m[1m INFO  [21m[0m] -----------------------------------------------------------------
[[32m[1m INFO  [21m[0m] Elapsed time: 6.04e+02 || Step number: 1500/30000
[[32m[1m INFO  [21m[0m] longdy = 2.59e+03      || longdy/dt = 1.17e+01  || dt = 4.59e+00
[[32m[1m INFO  [21m[0m] from nz = 34 and N
[[32m[1m INFO  [21m[0m] -----------------------------------------------------------------
[[32m[1m INFO  [21m[0m] Elapsed time: 1.13e+03 || Step number: 1600/30000
[[32m[1m INFO  [21m[0m] longdy = 1.06e+01      || longdy/dt = 2.03e-02  || dt = 8.54e+00
[[32m[1m INFO  [21m[0m] from nz = 29 and HCS
[[32m[1m INFO  [21m[0m] -----------------------------------------------------------------
[[32m[1m INFO  [21m[0m] Elapsed time: 2.08e+03 || Step number: 1700/30000
[[32m[1m INFO  [21m[0m] longdy = 7.22e+00      || longdy/dt = 7.77e-03  || dt = 1.50e+01
[[32m[1m INFO  [21m[0m] from nz = 30 and CS
[[32m[1m INFO  [21m[0m] -----------------------------------------------------------------
[[32m[1m INFO  [21m[0m] Elapsed time: 4.00e+03 || Step number: 1800/30000
[[32m[1m INFO  [21m[0m] longdy = 1.07e+02      || longdy/dt = 5.67e-02  || dt = 3.15e+01
[[32m[1m INFO  [21m[0m] from nz = 28 and CS
[[32m[1m INFO  [21m[0m] -----------------------------------------------------------------
[[32m[1m INFO  [21m[0m] Elapsed time: 9.99e+03 || Step number: 1900/30000
[[32m[1m INFO  [21m[0m] longdy = 3.41e+00      || longdy/dt = 6.89e-04  || dt = 1.22e+02
[[32m[1m INFO  [21m[0m] from nz = 25 and NH
[[32m[1m INFO  [21m[0m] -----------------------------------------------------------------
[[32m[1m INFO  [21m[0m] Elapsed time: 3.15e+04 || Step number: 2000/30000
[[32m[1m INFO  [21m[0m] longdy = 2.06e+00      || longdy/dt = 1.34e-04  || dt = 5.28e+02
[[32m[1m INFO  [21m[0m] from nz = 30 and CS
[[32m[1m INFO  [21m[0m] -----------------------------------------------------------------
[[32m[1m INFO  [21m[0m] Elapsed time: 5.82e+04 || Step number: 2100/30000
[[32m[1m INFO  [21m[0m] longdy = 1.52e+00      || longdy/dt = 5.72e-05  || dt = 2.30e+01
[[32m[1m INFO  [21m[0m] from nz = 14 and SO2
[[32m[1m INFO  [21m[0m] -----------------------------------------------------------------
[[32m[1m INFO  [21m[0m] Elapsed time: 7.43e+04 || Step number: 2200/30000
[[32m[1m INFO  [21m[0m] longdy = 1.00e+00      || longdy/dt = 6.19e-05  || dt = 6.60e-01
[[32m[1m INFO  [21m[0m] from nz = 11 and C4H2
[[32m[1m INFO  [21m[0m] -----------------------------------------------------------------
[[32m[1m INFO  [21m[0m] Elapsed time: 8.32e+04 || Step number: 2300/30000
[[32m[1m INFO  [21m[0m] longdy = 2.61e-01      || longdy/dt = 2.95e-05  || dt = 1.39e-03
[[32m[1m INFO  [21m[0m] from nz = 39 and CH3CN
[[32m[1m INFO  [21m[0m] -----------------------------------------------------------------
[[32m[1m INFO  [21m[0m] Elapsed time: 8.64e+04 || Step number: 2400/30000
[[32m[1m INFO  [21m[0m] longdy = 1.00e+00      || longdy/dt = 3.07e-04  || dt = 4.45e+00
[[32m[1m INFO  [21m[0m] from nz = 11 and C4H2
[[32m[1m INFO  [21m[0m] -----------------------------------------------------------------
[[32m[1m INFO  [21m[0m] Elapsed time: 9.36e+04 || Step number: 2500/30000
[[32m[1m INFO  [21m[0m] longdy = 1.52e-01      || longdy/dt = 2.10e-05  || dt = 3.48e-03
[[32m[1m INFO  [21m[0m] from nz = 40 and CH3CN
[[32m[1m INFO  [21m[0m] -----------------------------------------------------------------
[[32m[1m INFO  [21m[0m] Elapsed time: 1.05e+05 || Step number: 2600/30000
[[32m[1m INFO  [21m[0m] longdy = 1.72e-01      || longdy/dt = 1.48e-05  || dt = 5.58e-02
[[32m[1m INFO  [21m[0m] from nz = 40 and CH3CN
[[32m[1m INFO  [21m[0m] -----------------------------------------------------------------
[[32m[1m INFO  [21m[0m] Elapsed time: 1.13e+05 || Step number: 2700/30000
[[32m[1m INFO  [21m[0m] longdy = 1.00e+00      || longdy/dt = 1.24e-04  || dt = 4.51e-04
[[32m[1m INFO  [21m[0m] from nz = 11 and C4H2
[[32m[1m INFO  [21m[0m] -----------------------------------------------------------------
[[32m[1m INFO  [21m[0m] Elapsed time: 1.14e+05 || Step number: 2800/30000
[[32m[1m INFO  [21m[0m] longdy = 2.70e-02      || longdy/dt = 1.29e-04  || dt = 5.85e+00
[[32m[1m INFO  [21m[0m] from nz = 37 and N
[[32m[1m INFO  [21m[0m] -----------------------------------------------------------------
[[32m[1m INFO  [21m[0m] Elapsed time: 1.34e+05 || Step number: 2900/30000
[[32m[1m INFO  [21m[0m] longdy = 3.16e-01      || longdy/dt = 1.53e-05  || dt = 5.82e+00
[[32m[1m INFO  [21m[0m] from nz = 25 and HNO
[[32m[1m INFO  [21m[0m] -----------------------------------------------------------------
[[32m[1m INFO  [21m[0m] Elapsed time: 1.47e+05 || Step number: 3000/30000
[[32m[1m INFO  [21m[0m] longdy = 6.46e-01      || longdy/dt = 4.93e-05  || dt = 6.45e-01
[[32m[1m INFO  [21m[0m] from nz = 11 and C4H2
[[32m[1m INFO  [21m[0m] -----------------------------------------------------------------
[[32m[1m INFO  [21m[0m] Elapsed time: 1.73e+05 || Step number: 3100/30000
[[32m[1m INFO  [21m[0m] longdy = 5.13e-01      || longdy/dt = 1.98e-05  || dt = 9.66e-06
[[32m[1m INFO  [21m[0m] from nz = 25 and HNO
[[32m[1m INFO  [21m[0m] -----------------------------------------------------------------
[[32m[1m INFO  [21m[0m] Elapsed time: 1.79e+05 || Step number: 3200/30000
[[32m[1m INFO  [21m[0m] longdy = 1.00e+00      || longdy/dt = 1.69e-04  || dt = 5.54e-02
[[32m[1m INFO  [21m[0m] from nz = 10 and C4H2
[[32m[1m INFO  [21m[0m] -----------------------------------------------------------------
[[32m[1m INFO  [21m[0m] Elapsed time: 1.79e+05 || Step number: 3300/30000
[[32m[1m INFO  [21m[0m] longdy = 1.83e-02      || longdy/dt = 7.66e-05  || dt = 5.85e+00
[[32m[1m INFO  [21m[0m] from nz = 35 and S
[[32m[1m INFO  [21m[0m] -----------------------------------------------------------------
[[32m[1m INFO  [21m[0m] Elapsed time: 1.91e+05 || Step number: 3400/30000
[[32m[1m INFO  [21m[0m] longdy = 2.46e-01      || longdy/dt = 2.16e-05  || dt = 5.71e-03
[[32m[1m INFO  [21m[0m] from nz = 26 and HNO
[[32m[1m INFO  [21m[0m] -----------------------------------------------------------------
[[32m[1m INFO  [21m[0m] Elapsed time: 2.44e+05 || Step number: 3500/30000
[[32m[1m INFO  [21m[0m] longdy = 1.41e+00      || longdy/dt = 2.65e-05  || dt = 8.93e-02
[[32m[1m INFO  [21m[0m] from nz = 26 and HNO
[[32m[1m INFO  [21m[0m] -----------------------------------------------------------------
[[32m[1m INFO  [21m[0m] Elapsed time: 2.61e+05 || Step number: 3600/30000
[[32m[1m INFO  [21m[0m] longdy = 1.00e+00      || longdy/dt = 6.03e-05  || dt = 9.65e-02
[[32m[1m INFO  [21m[0m] from nz = 12 and C4H2
[[32m[1m INFO  [21m[0m] -----------------------------------------------------------------
[[32m[1m INFO  [21m[0m] Elapsed time: 2.63e+05 || Step number: 3700/30000
[[32m[1m INFO  [21m[0m] longdy = 3.72e-02      || longdy/dt = 1.71e-05  || dt = 1.27e+02
[[32m[1m INFO  [21m[0m] from nz = 26 and HNO
[[32m[1m INFO  [21m[0m] -----------------------------------------------------------------
[[32m[1m INFO  [21m[0m] Elapsed time: 2.71e+05 || Step number: 3800/30000
[[32m[1m INFO  [21m[0m] longdy = 1.18e-01      || longdy/dt = 1.40e-05  || dt = 5.76e+00
[[32m[1m INFO  [21m[0m] from nz = 26 and HNO
[[32m[1m INFO  [21m[0m] -----------------------------------------------------------------
[[32m[1m INFO  [21m[0m] Elapsed time: 2.90e+05 || Step number: 3900/30000
[[32m[1m INFO  [21m[0m] longdy = 2.32e-01      || longdy/dt = 1.36e-05  || dt = 1.13e+03
[[32m[1m INFO  [21m[0m] from nz = 26 and HNO
[[32m[1m INFO  [21m[0m] -----------------------------------------------------------------
[[32m[1m INFO  [21m[0m] Elapsed time: 3.38e+05 || Step number: 4000/30000
[[32m[1m INFO  [21m[0m] longdy = 5.51e-01      || longdy/dt = 1.16e-05  || dt = 1.48e+03
[[32m[1m INFO  [21m[0m] from nz = 26 and HNO
[[32m[1m INFO  [21m[0m] -----------------------------------------------------------------
[[32m[1m INFO  [21m[0m] Elapsed time: 3.54e+05 || Step number: 4100/30000
[[32m[1m INFO  [21m[0m] longdy = 1.42e-01      || longdy/dt = 8.65e-06  || dt = 2.83e+02
[[32m[1m INFO  [21m[0m] from nz = 26 and HNO
[[32m[1m INFO  [21m[0m] -----------------------------------------------------------------
[[32m[1m INFO  [21m[0m] Elapsed time: 3.77e+05 || Step number: 4200/30000
[[32m[1m INFO  [21m[0m] longdy = 1.26e-01      || longdy/dt = 6.34e-06  || dt = 4.73e+03
[[32m[1m INFO  [21m[0m] from nz = 26 and HNO
[[32m[1m INFO  [21m[0m] -----------------------------------------------------------------
[[32m[1m INFO  [21m[0m] Elapsed time: 3.77e+05 || Step number: 4300/30000
[[32m[1m INFO  [21m[0m] longdy = 7.85e-03      || longdy/dt = 9.52e-03  || dt = 5.51e-02
[[32m[1m INFO  [21m[0m] from nz = 0 and C4H5
[[32m[1m INFO  [21m[0m] -----------------------------------------------------------------
[[32m[1m INFO  [21m[0m] Elapsed time: 3.87e+05 || Step number: 4400/30000
[[32m[1m INFO  [21m[0m] longdy = 5.73e-02      || longdy/dt = 6.11e-06  || dt = 6.35e-01
[[32m[1m INFO  [21m[0m] from nz = 26 and HNO
[[32m[1m INFO  [21m[0m] -----------------------------------------------------------------
[[32m[1m INFO  [21m[0m] Elapsed time: 4.45e+05 || Step number: 4500/30000
[[32m[1m INFO  [21m[0m] longdy = 2.24e-01      || longdy/dt = 3.94e-06  || dt = 1.95e+03
[[32m[1m INFO  [21m[0m] from nz = 26 and HNO
[[32m[1m INFO  [21m[0m] -----------------------------------------------------------------
[[32m[1m INFO  [21m[0m] Elapsed time: 4.53e+05 || Step number: 4600/30000
[[32m[1m INFO  [21m[0m] longdy = 7.02e-02      || longdy/dt = 9.05e-06  || dt = 1.30e+03
[[32m[1m INFO  [21m[0m] from nz = 36 and N
[[32m[1m INFO  [21m[0m] -----------------------------------------------------------------
[[32m[1m INFO  [21m[0m] Elapsed time: 4.61e+05 || Step number: 4700/30000
[[32m[1m INFO  [21m[0m] longdy = 2.40e-02      || longdy/dt = 3.16e-06  || dt = 3.44e+01
[[32m[1m INFO  [21m[0m] from nz = 26 and HNO
[[32m[1m INFO  [21m[0m] -----------------------------------------------------------------
[[32m[1m INFO  [21m[0m] Elapsed time: 4.93e+05 || Step number: 4800/30000
[[32m[1m INFO  [21m[0m] longdy = 7.43e-02      || longdy/dt = 2.28e-06  || dt = 6.49e+00
[[32m[1m INFO  [21m[0m] from nz = 26 and HNO
[[32m[1m INFO  [21m[0m] -----------------------------------------------------------------
[[32m[1m INFO  [21m[0m] Elapsed time: 5.09e+05 || Step number: 4900/30000
[[32m[1m INFO  [21m[0m] longdy = 2.59e-02      || longdy/dt = 1.84e-06  || dt = 3.59e+03
[[32m[1m INFO  [21m[0m] from nz = 26 and HNO
[[32m[1m INFO  [21m[0m] -----------------------------------------------------------------
[[32m[1m INFO  [21m[0m] Elapsed time: 5.24e+05 || Step number: 5000/30000
[[32m[1m INFO  [21m[0m] longdy = 1.00e+00      || longdy/dt = 6.91e-05  || dt = 3.46e+01
[[32m[1m INFO  [21m[0m] from nz = 0 and C6H6
[[32m[1m INFO  [21m[0m] -----------------------------------------------------------------
[[32m[1m INFO  [21m[0m] Elapsed time: 5.41e+05 || Step number: 5100/30000
[[32m[1m INFO  [21m[0m] longdy = 2.27e-02      || longdy/dt = 1.29e-06  || dt = 3.49e+01
[[32m[1m INFO  [21m[0m] from nz = 26 and HNO
[[32m[1m INFO  [21m[0m] -----------------------------------------------------------------
[[32m[1m INFO  [21m[0m] Elapsed time: 5.51e+05 || Step number: 5200/30000
[[32m[1m INFO  [21m[0m] longdy = 1.07e-02      || longdy/dt = 1.08e-06  || dt = 3.67e+02
[[32m[1m INFO  [21m[0m] from nz = 26 and HNO
[[32m[1m INFO  [21m[0m] -----------------------------------------------------------------
[[32m[1m INFO  [21m[0m] Elapsed time: 5.92e+05 || Step number: 5300/30000
[[32m[1m INFO  [21m[0m] longdy = 3.50e-02      || longdy/dt = 8.67e-07  || dt = 6.42e-03
[[32m[1m INFO  [21m[0m] from nz = 35 and N2H3
[[32m[1m INFO  [21m[0m] -----------------------------------------------------------------
[[32m[1m INFO  [21m[0m] Elapsed time: 6.04e+05 || Step number: 5400/30000
[[32m[1m INFO  [21m[0m] longdy = 1.03e-02      || longdy/dt = 8.26e-07  || dt = 1.21e-06
[[32m[1m INFO  [21m[0m] from nz = 26 and HNO
[[32m[1m INFO  [21m[0m] -----------------------------------------------------------------
[[32m[1m INFO  [21m[0m] Integration successful with 5436 steps
[[32m[1m INFO  [21m[0m] long dy, long dydt = 0.009106619201685288, 7.333577772083268e-07
[[32m[1m INFO  [21m[0m] Total atom loss:
[[32m[1m INFO  [21m[0m] H: -0.026907645090794345 
[[32m[1m INFO  [21m[0m] O: -0.027044806868975993 
[[32m[1m INFO  [21m[0m] C: -0.023430390033192864 
[[32m[1m INFO  [21m[0m] N: -0.02686829430577538 
[[32m[1m INFO  [21m[0m] S: -0.016090069010486267 
[[32m[1m INFO  [21m[0m] ------ Live long and prosper \V/ ------
[[32m[1m INFO  [21m[0m]     done
Atmodeller initialized with double precision (float64)
[[93m[1m WARNING [21m[0m] The archive tar file does not exist: /data/rdc49-2/K218b_project/simulation_data/grid_H0_C0_N3_S1_fO22__from_batch09_case_000013__7_crash_atmos_chem_step_vulcan_chem_funs_race_missing_symjac/data/data.tar
[[32m[1m INFO  [21m[0m] Observing the planet...
Loading PHOENIX star table in file '/data/rdc49-2/FWL_DATA/prt/input_data/stellar_spectra/phoenix/phoenix.startable.petitRADTRANS.h5'... Done.
