Atmodeller initialized with double precision (float64)
[[93m[1m WARNING [21m[0m] The archive tar file does not exist: /data/rdc49-2/K218b_project/simulation_data/grid_H0_C0_N2_S2_fO20__from_batch01_case_000010__7_crash_atmos_chem_step_vulcan_chem_funs_race_missing_symjac/data/data.tar
[[32m[1m INFO  [21m[0m] Running atmospheric chemistry...
[[32m[1m INFO  [21m[0m]     Using vulcan module, offline
[[32m[1m INFO  [21m[0m] Elements conserved in the network.
[[32m[1m INFO  [21m[0m] No duplicates in the network.
[[32m[1m INFO  [21m[0m] Elements conserved in the network.
[[32m[1m INFO  [21m[0m] No duplicates in the network.
[[32m[1m INFO  [21m[0m] Running VULCAN
[[93m[1m WARNING [21m[0m] P_b and P_t assgined in vulcan.cfg are out of range of the input. Constant extension is used.
[[32m[1m INFO  [21m[0m] Initializing with compositions from ASCII file /data/rdc49-2/K218b_project/simulation_data/grid_H0_C0_N2_S2_fO20__from_batch01_case_000010__7_crash_atmos_chem_step_vulcan_chem_funs_race_missing_symjac/offchem/vmrs.dat
[[32m[1m INFO  [21m[0m] Input stellar spectrum from 2.0 to 700.0
[[32m[1m INFO  [21m[0m] Using wavelength bins from 2.0 to 655.5
[[32m[1m INFO  [21m[0m] Include molecular diffusion.
[[32m[1m INFO  [21m[0m] Starting VULCAN integration with 1 threads...
[[93m[1m WARNING [21m[0m] Keep producing negative values! Clipping negative solutions and moving on!
[[93m[1m WARNING [21m[0m] Keep producing negative values! Clipping negative solutions and moving on!
[[93m[1m WARNING [21m[0m] Keep producing negative values! Clipping negative solutions and moving on!
[[93m[1m WARNING [21m[0m] Keep producing negative values! Clipping negative solutions and moving on!
[[93m[1m WARNING [21m[0m] Keep producing negative values! Clipping negative solutions and moving on!
[[93m[1m WARNING [21m[0m] Keep producing negative values! Clipping negative solutions and moving on!
[[93m[1m WARNING [21m[0m] Keep producing negative values! Clipping negative solutions and moving on!
[[93m[1m WARNING [21m[0m] Keep producing negative values! Clipping negative solutions and moving on!
[[32m[1m INFO  [21m[0m] Elapsed time: 6.63e-05 || Step number: 100/30000
[[32m[1m INFO  [21m[0m] longdy = 1.00e+00      || longdy/dt = 1.00e+00  || dt = 3.41e-06
[[32m[1m INFO  [21m[0m] from nz = 0 and OH
[[32m[1m INFO  [21m[0m] -----------------------------------------------------------------
[[32m[1m INFO  [21m[0m] Elapsed time: 7.15e-04 || Step number: 200/30000
[[32m[1m INFO  [21m[0m] longdy = 1.00e+00      || longdy/dt = 1.00e+00  || dt = 2.44e-05
[[32m[1m INFO  [21m[0m] from nz = 0 and OH
[[32m[1m INFO  [21m[0m] -----------------------------------------------------------------
[[32m[1m INFO  [21m[0m] Elapsed time: 4.10e-03 || Step number: 300/30000
[[32m[1m INFO  [21m[0m] longdy = 1.00e+00      || longdy/dt = 1.00e+00  || dt = 1.39e-04
[[32m[1m INFO  [21m[0m] from nz = 0 and OH
[[32m[1m INFO  [21m[0m] -----------------------------------------------------------------
[[32m[1m INFO  [21m[0m] Elapsed time: 2.22e-02 || Step number: 400/30000
[[32m[1m INFO  [21m[0m] longdy = 1.00e+00      || longdy/dt = 1.00e+00  || dt = 7.48e-04
[[32m[1m INFO  [21m[0m] from nz = 0 and OH
[[32m[1m INFO  [21m[0m] -----------------------------------------------------------------
[[32m[1m INFO  [21m[0m] Elapsed time: 1.51e-01 || Step number: 500/30000
[[32m[1m INFO  [21m[0m] longdy = 1.00e+00      || longdy/dt = 1.00e+00  || dt = 1.39e-03
[[32m[1m INFO  [21m[0m] from nz = 0 and OH
[[32m[1m INFO  [21m[0m] -----------------------------------------------------------------
[[32m[1m INFO  [21m[0m] Elapsed time: 9.85e-01 || Step number: 600/30000
[[32m[1m INFO  [21m[0m] longdy = 1.00e+00      || longdy/dt = 1.00e+00  || dt = 9.95e-03
[[32m[1m INFO  [21m[0m] from nz = 0 and OH
[[32m[1m INFO  [21m[0m] -----------------------------------------------------------------
[[32m[1m INFO  [21m[0m] Elapsed time: 4.73e+00 || Step number: 700/30000
[[32m[1m INFO  [21m[0m] longdy = 1.00e+00      || longdy/dt = 1.00e+00  || dt = 5.47e-02
[[32m[1m INFO  [21m[0m] from nz = 0 and OH
[[32m[1m INFO  [21m[0m] -----------------------------------------------------------------
[[32m[1m INFO  [21m[0m] Elapsed time: 1.61e+01 || Step number: 800/30000
[[32m[1m INFO  [21m[0m] longdy = 1.00e+00      || longdy/dt = 1.00e+00  || dt = 1.94e-01
[[32m[1m INFO  [21m[0m] from nz = 0 and OH
[[32m[1m INFO  [21m[0m] -----------------------------------------------------------------
[[32m[1m INFO  [21m[0m] Elapsed time: 4.71e+01 || Step number: 900/30000
[[32m[1m INFO  [21m[0m] longdy = 1.00e+00      || longdy/dt = 1.00e+00  || dt = 5.05e-01
[[32m[1m INFO  [21m[0m] from nz = 0 and OH
[[32m[1m INFO  [21m[0m] -----------------------------------------------------------------
[[32m[1m INFO  [21m[0m] Elapsed time: 1.03e+02 || Step number: 1000/30000
[[32m[1m INFO  [21m[0m] longdy = 3.08e+02      || longdy/dt = 6.06e+00  || dt = 9.86e-01
[[32m[1m INFO  [21m[0m] from nz = 46 and N
[[32m[1m INFO  [21m[0m] -----------------------------------------------------------------
[[32m[1m INFO  [21m[0m] Elapsed time: 1.81e+02 || Step number: 1100/30000
[[32m[1m INFO  [21m[0m] longdy = 4.97e+02      || longdy/dt = 6.46e+00  || dt = 1.51e+00
[[32m[1m INFO  [21m[0m] from nz = 44 and N
[[32m[1m INFO  [21m[0m] -----------------------------------------------------------------
[[32m[1m INFO  [21m[0m] Elapsed time: 2.94e+02 || Step number: 1200/30000
[[32m[1m INFO  [21m[0m] longdy = 3.28e+01      || longdy/dt = 2.98e-01  || dt = 2.32e+00
[[32m[1m INFO  [21m[0m] from nz = 41 and N
[[32m[1m INFO  [21m[0m] -----------------------------------------------------------------
[[32m[1m INFO  [21m[0m] Elapsed time: 4.87e+02 || Step number: 1300/30000
[[32m[1m INFO  [21m[0m] longdy = 4.97e+00      || longdy/dt = 2.62e-02  || dt = 3.71e+00
[[32m[1m INFO  [21m[0m] from nz = 16 and O2
[[32m[1m INFO  [21m[0m] -----------------------------------------------------------------
[[32m[1m INFO  [21m[0m] Elapsed time: 8.37e+02 || Step number: 1400/30000
[[32m[1m INFO  [21m[0m] longdy = 1.47e+01      || longdy/dt = 4.28e-02  || dt = 6.36e+00
[[32m[1m INFO  [21m[0m] from nz = 16 and O2
[[32m[1m INFO  [21m[0m] -----------------------------------------------------------------
[[32m[1m INFO  [21m[0m] Elapsed time: 1.47e+03 || Step number: 1500/30000
[[32m[1m INFO  [21m[0m] longdy = 1.17e+01      || longdy/dt = 1.86e-02  || dt = 1.04e+01
[[32m[1m INFO  [21m[0m] from nz = 12 and SO2
[[32m[1m INFO  [21m[0m] -----------------------------------------------------------------
[[32m[1m INFO  [21m[0m] Elapsed time: 2.62e+03 || Step number: 1600/30000
[[32m[1m INFO  [21m[0m] longdy = 1.13e+01      || longdy/dt = 1.01e-02  || dt = 1.92e+01
[[32m[1m INFO  [21m[0m] from nz = 35 and HCS
[[32m[1m INFO  [21m[0m] -----------------------------------------------------------------
[[32m[1m INFO  [21m[0m] Elapsed time: 4.65e+03 || Step number: 1700/30000
[[32m[1m INFO  [21m[0m] longdy = 8.27e+01      || longdy/dt = 4.14e-02  || dt = 3.55e+01
[[32m[1m INFO  [21m[0m] from nz = 35 and CS
[[32m[1m INFO  [21m[0m] -----------------------------------------------------------------
[[32m[1m INFO  [21m[0m] Elapsed time: 8.35e+03 || Step number: 1800/30000
[[32m[1m INFO  [21m[0m] longdy = 1.10e+04      || longdy/dt = 3.02e+00  || dt = 5.60e+01
[[32m[1m INFO  [21m[0m] from nz = 32 and CS
[[32m[1m INFO  [21m[0m] -----------------------------------------------------------------
[[32m[1m INFO  [21m[0m] Elapsed time: 1.45e+04 || Step number: 1900/30000
[[32m[1m INFO  [21m[0m] longdy = 1.44e+04      || longdy/dt = 2.35e+00  || dt = 6.36e+01
[[32m[1m INFO  [21m[0m] from nz = 27 and CS
[[32m[1m INFO  [21m[0m] -----------------------------------------------------------------
[[32m[1m INFO  [21m[0m] Elapsed time: 2.86e+04 || Step number: 2000/30000
[[32m[1m INFO  [21m[0m] longdy = 3.77e+00      || longdy/dt = 2.73e-04  || dt = 2.29e+02
[[32m[1m INFO  [21m[0m] from nz = 15 and SO2
[[32m[1m INFO  [21m[0m] -----------------------------------------------------------------
[[32m[1m INFO  [21m[0m] Elapsed time: 7.14e+04 || Step number: 2100/30000
[[32m[1m INFO  [21m[0m] longdy = 1.73e+00      || longdy/dt = 4.88e-05  || dt = 8.40e+02
[[32m[1m INFO  [21m[0m] from nz = 16 and SO2
[[32m[1m INFO  [21m[0m] -----------------------------------------------------------------
[[32m[1m INFO  [21m[0m] Elapsed time: 4.85e+05 || Step number: 2200/30000
[[32m[1m INFO  [21m[0m] longdy = 8.51e-01      || longdy/dt = 3.55e-06  || dt = 7.78e+00
[[32m[1m INFO  [21m[0m] from nz = 50 and S2O
[[32m[1m INFO  [21m[0m] -----------------------------------------------------------------
[[32m[1m INFO  [21m[0m] Elapsed time: 5.39e+05 || Step number: 2300/30000
[[32m[1m INFO  [21m[0m] longdy = 2.12e-01      || longdy/dt = 3.89e-06  || dt = 7.72e+00
[[32m[1m INFO  [21m[0m] from nz = 48 and CH2NH
[[32m[1m INFO  [21m[0m] -----------------------------------------------------------------
[[32m[1m INFO  [21m[0m] Elapsed time: 6.76e+05 || Step number: 2400/30000
[[32m[1m INFO  [21m[0m] longdy = 3.42e-01      || longdy/dt = 2.54e-06  || dt = 3.93e+03
[[32m[1m INFO  [21m[0m] from nz = 49 and CH2NH
[[32m[1m INFO  [21m[0m] -----------------------------------------------------------------
[[32m[1m INFO  [21m[0m] Elapsed time: 9.29e+05 || Step number: 2500/30000
[[32m[1m INFO  [21m[0m] longdy = 4.22e-01      || longdy/dt = 1.67e-06  || dt = 3.99e+02
[[32m[1m INFO  [21m[0m] from nz = 23 and N2
[[32m[1m INFO  [21m[0m] -----------------------------------------------------------------
[[32m[1m INFO  [21m[0m] Elapsed time: 1.12e+06 || Step number: 2600/30000
[[32m[1m INFO  [21m[0m] longdy = 3.02e-01      || longdy/dt = 1.60e-06  || dt = 7.02e+01
[[32m[1m INFO  [21m[0m] from nz = 48 and N2
[[32m[1m INFO  [21m[0m] -----------------------------------------------------------------
[[32m[1m INFO  [21m[0m] Elapsed time: 1.21e+06 || Step number: 2700/30000
[[32m[1m INFO  [21m[0m] longdy = 1.24e-01      || longdy/dt = 1.46e-06  || dt = 5.04e+03
[[32m[1m INFO  [21m[0m] from nz = 48 and N2
[[32m[1m INFO  [21m[0m] -----------------------------------------------------------------
[[32m[1m INFO  [21m[0m] Elapsed time: 1.42e+06 || Step number: 2800/30000
[[32m[1m INFO  [21m[0m] longdy = 2.25e-01      || longdy/dt = 1.07e-06  || dt = 3.55e+00
[[32m[1m INFO  [21m[0m] from nz = 49 and N2
[[32m[1m INFO  [21m[0m] -----------------------------------------------------------------
[[32m[1m INFO  [21m[0m] Elapsed time: 1.62e+06 || Step number: 2900/30000
[[32m[1m INFO  [21m[0m] longdy = 1.55e-01      || longdy/dt = 7.70e-07  || dt = 6.99e+01
[[32m[1m INFO  [21m[0m] from nz = 49 and N2
[[32m[1m INFO  [21m[0m] -----------------------------------------------------------------
[[32m[1m INFO  [21m[0m] Elapsed time: 1.96e+06 || Step number: 3000/30000
[[32m[1m INFO  [21m[0m] longdy = 1.63e-01      || longdy/dt = 4.74e-07  || dt = 2.67e-01
[[32m[1m INFO  [21m[0m] from nz = 49 and N2
[[32m[1m INFO  [21m[0m] -----------------------------------------------------------------
[[32m[1m INFO  [21m[0m] Elapsed time: 2.35e+06 || Step number: 3100/30000
[[32m[1m INFO  [21m[0m] longdy = 9.43e-02      || longdy/dt = 2.63e-07  || dt = 5.64e+04
[[32m[1m INFO  [21m[0m] from nz = 49 and N2
[[32m[1m INFO  [21m[0m] -----------------------------------------------------------------
[[32m[1m INFO  [21m[0m] Elapsed time: 2.92e+06 || Step number: 3200/30000
[[32m[1m INFO  [21m[0m] longdy = 7.16e-02      || longdy/dt = 1.28e-07  || dt = 2.98e+04
[[32m[1m INFO  [21m[0m] from nz = 19 and CS
[[32m[1m INFO  [21m[0m] -----------------------------------------------------------------
[[32m[1m INFO  [21m[0m] Elapsed time: 3.62e+06 || Step number: 3300/30000
[[32m[1m INFO  [21m[0m] longdy = 3.50e-02      || longdy/dt = 5.03e-08  || dt = 5.26e+02
[[32m[1m INFO  [21m[0m] from nz = 19 and CS
[[32m[1m INFO  [21m[0m] -----------------------------------------------------------------
[[32m[1m INFO  [21m[0m] Elapsed time: 5.10e+06 || Step number: 3400/30000
[[32m[1m INFO  [21m[0m] longdy = 1.46e-02      || longdy/dt = 1.01e-08  || dt = 3.54e+04
[[32m[1m INFO  [21m[0m] from nz = 18 and HCS
[[32m[1m INFO  [21m[0m] -----------------------------------------------------------------
[[32m[1m INFO  [21m[0m] Elapsed time: 9.72e+06 || Step number: 3500/30000
[[32m[1m INFO  [21m[0m] longdy = 1.16e-03      || longdy/dt = 2.52e-10  || dt = 3.81e+04
[[32m[1m INFO  [21m[0m] from nz = 18 and HCS
[[32m[1m INFO  [21m[0m] -----------------------------------------------------------------
[[32m[1m INFO  [21m[0m] Integration successful with 3591 steps
[[32m[1m INFO  [21m[0m] long dy, long dydt = 0.0008003874214913676, 1.5845517286073547e-10
[[32m[1m INFO  [21m[0m] Total atom loss:
[[32m[1m INFO  [21m[0m] H: -1.0117122532190842e-05 
[[32m[1m INFO  [21m[0m] O: -9.240958044104964e-05 
[[32m[1m INFO  [21m[0m] C: 0.0020405774866027156 
[[32m[1m INFO  [21m[0m] N: 0.00022253411990750068 
[[32m[1m INFO  [21m[0m] S: 0.0073139032774094314 
[[32m[1m INFO  [21m[0m] ------ Live long and prosper \V/ ------
[[32m[1m INFO  [21m[0m]     done
Atmodeller initialized with double precision (float64)
[[93m[1m WARNING [21m[0m] The archive tar file does not exist: /data/rdc49-2/K218b_project/simulation_data/grid_H0_C0_N2_S2_fO20__from_batch01_case_000010__7_crash_atmos_chem_step_vulcan_chem_funs_race_missing_symjac/data/data.tar
[[32m[1m INFO  [21m[0m] Observing the planet...
Loading PHOENIX star table in file '/data/rdc49-2/FWL_DATA/prt/input_data/stellar_spectra/phoenix/phoenix.startable.petitRADTRANS.h5'... Done.
