Atmodeller initialized with double precision (float64)
[[93m[1m WARNING [21m[0m] The archive tar file does not exist: /data/rdc49-2/K218b_project/simulation_data/grid_H1_C1_N0_S3_fO22__from_batch09_case_000051__7_crash_atmos_chem_step_vulcan_chem_funs_race_syntax_error/data/data.tar
[[32m[1m INFO  [21m[0m] Running atmospheric chemistry...
[[32m[1m INFO  [21m[0m]     Using vulcan module, offline
[[32m[1m INFO  [21m[0m] Elements conserved in the network.
[[32m[1m INFO  [21m[0m] No duplicates in the network.
[[32m[1m INFO  [21m[0m] Elements conserved in the network.
[[32m[1m INFO  [21m[0m] No duplicates in the network.
[[32m[1m INFO  [21m[0m] Running VULCAN
[[93m[1m WARNING [21m[0m] P_b and P_t assgined in vulcan.cfg are out of range of the input. Constant extension is used.
[[32m[1m INFO  [21m[0m] Initializing with compositions from ASCII file /data/rdc49-2/K218b_project/simulation_data/grid_H1_C1_N0_S3_fO22__from_batch09_case_000051__7_crash_atmos_chem_step_vulcan_chem_funs_race_syntax_error/offchem/vmrs.dat
[[32m[1m INFO  [21m[0m] Input stellar spectrum from 2.0 to 700.0
[[32m[1m INFO  [21m[0m] Using wavelength bins from 2.0 to 655.5
[[32m[1m INFO  [21m[0m] Include molecular diffusion.
[[32m[1m INFO  [21m[0m] Starting VULCAN integration with 1 threads...
[[93m[1m WARNING [21m[0m] Keep producing negative values! Clipping negative solutions and moving on!
[[93m[1m WARNING [21m[0m] Keep producing negative values! Clipping negative solutions and moving on!
[[93m[1m WARNING [21m[0m] Keep producing negative values! Clipping negative solutions and moving on!
[[93m[1m WARNING [21m[0m] Keep producing negative values! Clipping negative solutions and moving on!
[[93m[1m WARNING [21m[0m] Keep producing negative values! Clipping negative solutions and moving on!
[[93m[1m WARNING [21m[0m] Keep producing negative values! Clipping negative solutions and moving on!
[[93m[1m WARNING [21m[0m] Keep producing negative values! Clipping negative solutions and moving on!
[[93m[1m WARNING [21m[0m] Keep producing negative values! Clipping negative solutions and moving on!
[[32m[1m INFO  [21m[0m] Elapsed time: 3.80e-02 || Step number: 100/30000
[[32m[1m INFO  [21m[0m] longdy = 1.00e+00      || longdy/dt = 1.00e+00  || dt = 6.40e-03
[[32m[1m INFO  [21m[0m] from nz = 0 and OH
[[32m[1m INFO  [21m[0m] -----------------------------------------------------------------
[[32m[1m INFO  [21m[0m] Elapsed time: 7.03e+00 || Step number: 200/30000
[[32m[1m INFO  [21m[0m] longdy = 1.00e+00      || longdy/dt = 1.00e+00  || dt = 3.09e-01
[[32m[1m INFO  [21m[0m] from nz = 0 and OH
[[32m[1m INFO  [21m[0m] -----------------------------------------------------------------
[[32m[1m INFO  [21m[0m] Elapsed time: 9.71e+01 || Step number: 300/30000
[[32m[1m INFO  [21m[0m] longdy = 1.00e+00      || longdy/dt = 1.00e+00  || dt = 2.56e+00
[[32m[1m INFO  [21m[0m] from nz = 0 and OH
[[32m[1m INFO  [21m[0m] -----------------------------------------------------------------
[[32m[1m INFO  [21m[0m] Elapsed time: 8.55e+02 || Step number: 400/30000
[[32m[1m INFO  [21m[0m] longdy = 5.85e+00      || longdy/dt = 1.38e-02  || dt = 3.01e+01
[[32m[1m INFO  [21m[0m] from nz = 20 and S8
[[32m[1m INFO  [21m[0m] -----------------------------------------------------------------
[[32m[1m INFO  [21m[0m] Elapsed time: 6.87e+03 || Step number: 500/30000
[[32m[1m INFO  [21m[0m] longdy = 5.44e+04      || longdy/dt = 1.61e+01  || dt = 2.72e+02
[[32m[1m INFO  [21m[0m] from nz = 34 and CS
[[32m[1m INFO  [21m[0m] -----------------------------------------------------------------
[[32m[1m INFO  [21m[0m] Elapsed time: 1.35e+04 || Step number: 600/30000
[[32m[1m INFO  [21m[0m] longdy = 1.02e+02      || longdy/dt = 1.54e-02  || dt = 1.28e+02
[[32m[1m INFO  [21m[0m] from nz = 37 and CS
[[32m[1m INFO  [21m[0m] -----------------------------------------------------------------
[[32m[1m INFO  [21m[0m] Elapsed time: 2.18e+04 || Step number: 700/30000
[[32m[1m INFO  [21m[0m] longdy = 2.21e+01      || longdy/dt = 2.69e-03  || dt = 5.66e-03
[[32m[1m INFO  [21m[0m] from nz = 22 and S8
[[32m[1m INFO  [21m[0m] -----------------------------------------------------------------
[[32m[1m INFO  [21m[0m] Elapsed time: 2.87e+04 || Step number: 800/30000
[[32m[1m INFO  [21m[0m] longdy = 5.49e+00      || longdy/dt = 7.90e-04  || dt = 3.77e+01
[[32m[1m INFO  [21m[0m] from nz = 23 and S8
[[32m[1m INFO  [21m[0m] -----------------------------------------------------------------
[[32m[1m INFO  [21m[0m] Elapsed time: 3.45e+04 || Step number: 900/30000
[[32m[1m INFO  [21m[0m] longdy = 1.81e+00      || longdy/dt = 3.13e-04  || dt = 2.47e+01
[[32m[1m INFO  [21m[0m] from nz = 22 and S8
[[32m[1m INFO  [21m[0m] -----------------------------------------------------------------
[[32m[1m INFO  [21m[0m] Elapsed time: 5.04e+04 || Step number: 1000/30000
[[32m[1m INFO  [21m[0m] longdy = 1.65e+01      || longdy/dt = 1.05e-03  || dt = 9.84e+01
[[32m[1m INFO  [21m[0m] from nz = 39 and CS
[[32m[1m INFO  [21m[0m] -----------------------------------------------------------------
[[32m[1m INFO  [21m[0m] Elapsed time: 6.68e+04 || Step number: 1100/30000
[[32m[1m INFO  [21m[0m] longdy = 7.98e+00      || longdy/dt = 4.90e-04  || dt = 1.43e+02
[[32m[1m INFO  [21m[0m] from nz = 40 and CS
[[32m[1m INFO  [21m[0m] -----------------------------------------------------------------
[[32m[1m INFO  [21m[0m] Elapsed time: 8.10e+04 || Step number: 1200/30000
[[32m[1m INFO  [21m[0m] longdy = 2.19e+00      || longdy/dt = 1.55e-04  || dt = 1.60e+02
[[32m[1m INFO  [21m[0m] from nz = 41 and CS
[[32m[1m INFO  [21m[0m] -----------------------------------------------------------------
[[32m[1m INFO  [21m[0m] Elapsed time: 1.10e+05 || Step number: 1300/30000
[[32m[1m INFO  [21m[0m] longdy = 2.99e+00      || longdy/dt = 1.02e-04  || dt = 1.38e+00
[[32m[1m INFO  [21m[0m] from nz = 35 and CH2
[[32m[1m INFO  [21m[0m] -----------------------------------------------------------------
[[32m[1m INFO  [21m[0m] Elapsed time: 1.31e+05 || Step number: 1400/30000
[[32m[1m INFO  [21m[0m] longdy = 9.94e+00      || longdy/dt = 4.91e-04  || dt = 6.92e+02
[[32m[1m INFO  [21m[0m] from nz = 3 and N2
[[32m[1m INFO  [21m[0m] -----------------------------------------------------------------
[[32m[1m INFO  [21m[0m] Elapsed time: 1.47e+05 || Step number: 1500/30000
[[32m[1m INFO  [21m[0m] longdy = 1.00e+00      || longdy/dt = 6.07e-05  || dt = 9.47e+00
[[32m[1m INFO  [21m[0m] from nz = 3 and N2
[[32m[1m INFO  [21m[0m] -----------------------------------------------------------------
[[32m[1m INFO  [21m[0m] Elapsed time: 1.48e+05 || Step number: 1600/30000
[[32m[1m INFO  [21m[0m] longdy = 1.68e+00      || longdy/dt = 1.53e-03  || dt = 5.23e-05
[[32m[1m INFO  [21m[0m] from nz = 3 and N2
[[32m[1m INFO  [21m[0m] -----------------------------------------------------------------
[[32m[1m INFO  [21m[0m] Elapsed time: 1.49e+05 || Step number: 1700/30000
[[32m[1m INFO  [21m[0m] longdy = 2.36e-02      || longdy/dt = 3.76e-05  || dt = 1.96e-04
[[32m[1m INFO  [21m[0m] from nz = 1 and N2
[[32m[1m INFO  [21m[0m] -----------------------------------------------------------------
[[32m[1m INFO  [21m[0m] Elapsed time: 1.49e+05 || Step number: 1800/30000
[[32m[1m INFO  [21m[0m] longdy = 1.70e-02      || longdy/dt = 4.73e-05  || dt = 2.71e+00
[[32m[1m INFO  [21m[0m] from nz = 0 and N2
[[32m[1m INFO  [21m[0m] -----------------------------------------------------------------
[[32m[1m INFO  [21m[0m] Elapsed time: 1.50e+05 || Step number: 1900/30000
[[32m[1m INFO  [21m[0m] longdy = 1.76e-02      || longdy/dt = 2.62e-05  || dt = 1.33e+01
[[32m[1m INFO  [21m[0m] from nz = 1 and N2
[[32m[1m INFO  [21m[0m] -----------------------------------------------------------------
[[32m[1m INFO  [21m[0m] Elapsed time: 1.51e+05 || Step number: 2000/30000
[[32m[1m INFO  [21m[0m] longdy = 1.12e-02      || longdy/dt = 1.58e-05  || dt = 9.26e+00
[[32m[1m INFO  [21m[0m] from nz = 35 and CH2
[[32m[1m INFO  [21m[0m] -----------------------------------------------------------------
[[32m[1m INFO  [21m[0m] Elapsed time: 1.52e+05 || Step number: 2100/30000
[[32m[1m INFO  [21m[0m] longdy = 1.91e-02      || longdy/dt = 2.03e-05  || dt = 9.73e-03
[[32m[1m INFO  [21m[0m] from nz = 0 and N2
[[32m[1m INFO  [21m[0m] -----------------------------------------------------------------
[[32m[1m INFO  [21m[0m] Elapsed time: 1.53e+05 || Step number: 2200/30000
[[32m[1m INFO  [21m[0m] longdy = 6.30e-02      || longdy/dt = 8.07e-05  || dt = 6.30e-04
[[32m[1m INFO  [21m[0m] from nz = 0 and N2
[[32m[1m INFO  [21m[0m] -----------------------------------------------------------------
[[32m[1m INFO  [21m[0m] Elapsed time: 1.53e+05 || Step number: 2300/30000
[[32m[1m INFO  [21m[0m] longdy = 4.78e-02      || longdy/dt = 9.12e-05  || dt = 6.48e-01
[[32m[1m INFO  [21m[0m] from nz = 0 and N2
[[32m[1m INFO  [21m[0m] -----------------------------------------------------------------
[[32m[1m INFO  [21m[0m] Elapsed time: 1.54e+05 || Step number: 2400/30000
[[32m[1m INFO  [21m[0m] longdy = 1.33e-02      || longdy/dt = 1.49e-05  || dt = 1.52e-02
[[32m[1m INFO  [21m[0m] from nz = 35 and CH2
[[32m[1m INFO  [21m[0m] -----------------------------------------------------------------
[[32m[1m INFO  [21m[0m] Elapsed time: 1.55e+05 || Step number: 2500/30000
[[32m[1m INFO  [21m[0m] longdy = 1.11e-02      || longdy/dt = 1.46e-05  || dt = 1.61e+00
[[32m[1m INFO  [21m[0m] from nz = 35 and CH2
[[32m[1m INFO  [21m[0m] -----------------------------------------------------------------
[[32m[1m INFO  [21m[0m] Elapsed time: 1.55e+05 || Step number: 2600/30000
[[32m[1m INFO  [21m[0m] longdy = 3.97e-02      || longdy/dt = 9.22e-05  || dt = 3.70e-04
[[32m[1m INFO  [21m[0m] from nz = 0 and N2
[[32m[1m INFO  [21m[0m] -----------------------------------------------------------------
[[32m[1m INFO  [21m[0m] Elapsed time: 1.56e+05 || Step number: 2700/30000
[[32m[1m INFO  [21m[0m] longdy = 2.35e-02      || longdy/dt = 3.05e-05  || dt = 2.15e-03
[[32m[1m INFO  [21m[0m] from nz = 0 and N2
[[32m[1m INFO  [21m[0m] -----------------------------------------------------------------
[[32m[1m INFO  [21m[0m] Elapsed time: 1.56e+05 || Step number: 2800/30000
[[32m[1m INFO  [21m[0m] longdy = 2.00e-02      || longdy/dt = 5.38e-05  || dt = 1.32e-01
[[32m[1m INFO  [21m[0m] from nz = 0 and N2
[[32m[1m INFO  [21m[0m] -----------------------------------------------------------------
[[32m[1m INFO  [21m[0m] Elapsed time: 1.57e+05 || Step number: 2900/30000
[[32m[1m INFO  [21m[0m] longdy = 2.19e-02      || longdy/dt = 2.97e-05  || dt = 1.16e-04
[[32m[1m INFO  [21m[0m] from nz = 1 and N2
[[32m[1m INFO  [21m[0m] -----------------------------------------------------------------
[[32m[1m INFO  [21m[0m] Elapsed time: 1.58e+05 || Step number: 3000/30000
[[32m[1m INFO  [21m[0m] longdy = 4.00e-02      || longdy/dt = 6.09e-05  || dt = 2.49e+01
[[32m[1m INFO  [21m[0m] from nz = 0 and N2
[[32m[1m INFO  [21m[0m] -----------------------------------------------------------------
[[32m[1m INFO  [21m[0m] Elapsed time: 1.58e+05 || Step number: 3100/30000
[[32m[1m INFO  [21m[0m] longdy = 5.18e-02      || longdy/dt = 1.40e-04  || dt = 9.76e+00
[[32m[1m INFO  [21m[0m] from nz = 0 and N2
[[32m[1m INFO  [21m[0m] -----------------------------------------------------------------
[[32m[1m INFO  [21m[0m] Elapsed time: 1.58e+05 || Step number: 3200/30000
[[32m[1m INFO  [21m[0m] longdy = 1.29e-02      || longdy/dt = 6.76e-05  || dt = 1.30e-01
[[32m[1m INFO  [21m[0m] from nz = 2 and N2
[[32m[1m INFO  [21m[0m] -----------------------------------------------------------------
[[32m[1m INFO  [21m[0m] Elapsed time: 1.59e+05 || Step number: 3300/30000
[[32m[1m INFO  [21m[0m] longdy = 1.30e-02      || longdy/dt = 2.87e-05  || dt = 1.50e+01
[[32m[1m INFO  [21m[0m] from nz = 2 and N2
[[32m[1m INFO  [21m[0m] -----------------------------------------------------------------
[[32m[1m INFO  [21m[0m] Elapsed time: 1.59e+05 || Step number: 3400/30000
[[32m[1m INFO  [21m[0m] longdy = 1.02e-01      || longdy/dt = 1.88e-04  || dt = 4.60e-02
[[32m[1m INFO  [21m[0m] from nz = 2 and N2
[[32m[1m INFO  [21m[0m] -----------------------------------------------------------------
[[32m[1m INFO  [21m[0m] Elapsed time: 1.60e+05 || Step number: 3500/30000
[[32m[1m INFO  [21m[0m] longdy = 9.24e-02      || longdy/dt = 1.02e-04  || dt = 5.19e-05
[[32m[1m INFO  [21m[0m] from nz = 2 and N2
[[32m[1m INFO  [21m[0m] -----------------------------------------------------------------
[[32m[1m INFO  [21m[0m] Elapsed time: 1.61e+05 || Step number: 3600/30000
[[32m[1m INFO  [21m[0m] longdy = 5.99e-02      || longdy/dt = 1.46e-04  || dt = 1.07e+01
[[32m[1m INFO  [21m[0m] from nz = 2 and N2
[[32m[1m INFO  [21m[0m] -----------------------------------------------------------------
[[32m[1m INFO  [21m[0m] Elapsed time: 1.62e+05 || Step number: 3700/30000
[[32m[1m INFO  [21m[0m] longdy = 3.89e-02      || longdy/dt = 4.11e-05  || dt = 3.08e-04
[[32m[1m INFO  [21m[0m] from nz = 2 and N2
[[32m[1m INFO  [21m[0m] -----------------------------------------------------------------
[[32m[1m INFO  [21m[0m] Elapsed time: 1.62e+05 || Step number: 3800/30000
[[32m[1m INFO  [21m[0m] longdy = 1.67e-02      || longdy/dt = 1.23e-04  || dt = 2.24e+01
[[32m[1m INFO  [21m[0m] from nz = 0 and N2
[[32m[1m INFO  [21m[0m] -----------------------------------------------------------------
[[32m[1m INFO  [21m[0m] Elapsed time: 1.62e+05 || Step number: 3900/30000
[[32m[1m INFO  [21m[0m] longdy = 2.97e-02      || longdy/dt = 5.32e-05  || dt = 1.99e-01
[[32m[1m INFO  [21m[0m] from nz = 1 and N2
[[32m[1m INFO  [21m[0m] -----------------------------------------------------------------
[[32m[1m INFO  [21m[0m] Elapsed time: 1.63e+05 || Step number: 4000/30000
[[32m[1m INFO  [21m[0m] longdy = 3.05e-02      || longdy/dt = 6.75e-05  || dt = 7.44e-05
[[32m[1m INFO  [21m[0m] from nz = 1 and N2
[[32m[1m INFO  [21m[0m] -----------------------------------------------------------------
[[32m[1m INFO  [21m[0m] Elapsed time: 1.63e+05 || Step number: 4100/30000
[[32m[1m INFO  [21m[0m] longdy = 2.35e-02      || longdy/dt = 4.76e-05  || dt = 2.33e+01
[[32m[1m INFO  [21m[0m] from nz = 1 and N2
[[32m[1m INFO  [21m[0m] -----------------------------------------------------------------
[[32m[1m INFO  [21m[0m] Elapsed time: 1.64e+05 || Step number: 4200/30000
[[32m[1m INFO  [21m[0m] longdy = 2.08e-02      || longdy/dt = 2.90e-05  || dt = 3.47e-04
[[32m[1m INFO  [21m[0m] from nz = 0 and N2
[[32m[1m INFO  [21m[0m] -----------------------------------------------------------------
[[32m[1m INFO  [21m[0m] Elapsed time: 1.64e+05 || Step number: 4300/30000
[[32m[1m INFO  [21m[0m] longdy = 2.76e-02      || longdy/dt = 8.35e-05  || dt = 2.25e+00
[[32m[1m INFO  [21m[0m] from nz = 2 and N2
[[32m[1m INFO  [21m[0m] -----------------------------------------------------------------
[[32m[1m INFO  [21m[0m] Elapsed time: 1.65e+05 || Step number: 4400/30000
[[32m[1m INFO  [21m[0m] longdy = 4.59e-02      || longdy/dt = 5.90e-05  || dt = 2.79e-03
[[32m[1m INFO  [21m[0m] from nz = 0 and N2
[[32m[1m INFO  [21m[0m] -----------------------------------------------------------------
[[32m[1m INFO  [21m[0m] Elapsed time: 1.65e+05 || Step number: 4500/30000
[[32m[1m INFO  [21m[0m] longdy = 5.16e-02      || longdy/dt = 1.52e-04  || dt = 1.01e-03
[[32m[1m INFO  [21m[0m] from nz = 0 and N2
[[32m[1m INFO  [21m[0m] -----------------------------------------------------------------
[[32m[1m INFO  [21m[0m] Elapsed time: 1.66e+05 || Step number: 4600/30000
[[32m[1m INFO  [21m[0m] longdy = 2.63e-02      || longdy/dt = 3.80e-05  || dt = 3.35e-04
[[32m[1m INFO  [21m[0m] from nz = 0 and N2
[[32m[1m INFO  [21m[0m] -----------------------------------------------------------------
[[32m[1m INFO  [21m[0m] Elapsed time: 1.67e+05 || Step number: 4700/30000
[[32m[1m INFO  [21m[0m] longdy = 1.38e-02      || longdy/dt = 1.98e-05  || dt = 2.24e+01
[[32m[1m INFO  [21m[0m] from nz = 1 and N2
[[32m[1m INFO  [21m[0m] -----------------------------------------------------------------
[[32m[1m INFO  [21m[0m] Elapsed time: 1.67e+05 || Step number: 4800/30000
[[32m[1m INFO  [21m[0m] longdy = 2.36e-02      || longdy/dt = 3.26e-05  || dt = 6.01e+00
[[32m[1m INFO  [21m[0m] from nz = 2 and N2
[[32m[1m INFO  [21m[0m] -----------------------------------------------------------------
[[32m[1m INFO  [21m[0m] Elapsed time: 1.68e+05 || Step number: 4900/30000
[[32m[1m INFO  [21m[0m] longdy = 1.88e-02      || longdy/dt = 2.96e-05  || dt = 3.69e-02
[[32m[1m INFO  [21m[0m] from nz = 2 and N2
[[32m[1m INFO  [21m[0m] -----------------------------------------------------------------
[[32m[1m INFO  [21m[0m] Elapsed time: 1.69e+05 || Step number: 5000/30000
[[32m[1m INFO  [21m[0m] longdy = 1.38e-02      || longdy/dt = 1.69e-05  || dt = 1.29e+01
[[32m[1m INFO  [21m[0m] from nz = 1 and N2
[[32m[1m INFO  [21m[0m] -----------------------------------------------------------------
[[32m[1m INFO  [21m[0m] Elapsed time: 1.70e+05 || Step number: 5100/30000
[[32m[1m INFO  [21m[0m] longdy = 9.99e-03      || longdy/dt = 1.76e-05  || dt = 6.83e+00
[[32m[1m INFO  [21m[0m] from nz = 1 and N2
[[32m[1m INFO  [21m[0m] -----------------------------------------------------------------
[[32m[1m INFO  [21m[0m] Elapsed time: 1.70e+05 || Step number: 5200/30000
[[32m[1m INFO  [21m[0m] longdy = 1.30e-02      || longdy/dt = 1.45e-05  || dt = 3.97e-03
[[32m[1m INFO  [21m[0m] from nz = 1 and N2
[[32m[1m INFO  [21m[0m] -----------------------------------------------------------------
[[32m[1m INFO  [21m[0m] Elapsed time: 1.71e+05 || Step number: 5300/30000
[[32m[1m INFO  [21m[0m] longdy = 1.43e-02      || longdy/dt = 2.19e-05  || dt = 2.47e+01
[[32m[1m INFO  [21m[0m] from nz = 1 and N2
[[32m[1m INFO  [21m[0m] -----------------------------------------------------------------
[[32m[1m INFO  [21m[0m] Elapsed time: 1.72e+05 || Step number: 5400/30000
[[32m[1m INFO  [21m[0m] longdy = 4.12e-02      || longdy/dt = 7.06e-05  || dt = 1.20e+00
[[32m[1m INFO  [21m[0m] from nz = 0 and N2
[[32m[1m INFO  [21m[0m] -----------------------------------------------------------------
[[32m[1m INFO  [21m[0m] Elapsed time: 1.72e+05 || Step number: 5500/30000
[[32m[1m INFO  [21m[0m] longdy = 6.46e-03      || longdy/dt = 1.07e-05  || dt = 1.54e+01
[[32m[1m INFO  [21m[0m] from nz = 47 and N2
[[32m[1m INFO  [21m[0m] -----------------------------------------------------------------
[[32m[1m INFO  [21m[0m] Elapsed time: 1.73e+05 || Step number: 5600/30000
[[32m[1m INFO  [21m[0m] longdy = 3.62e-02      || longdy/dt = 8.48e-05  || dt = 1.26e+01
[[32m[1m INFO  [21m[0m] from nz = 0 and N2
[[32m[1m INFO  [21m[0m] -----------------------------------------------------------------
[[32m[1m INFO  [21m[0m] Elapsed time: 1.73e+05 || Step number: 5700/30000
[[32m[1m INFO  [21m[0m] longdy = 7.49e-02      || longdy/dt = 1.21e-04  || dt = 8.19e-04
[[32m[1m INFO  [21m[0m] from nz = 0 and N2
[[32m[1m INFO  [21m[0m] -----------------------------------------------------------------
[[32m[1m INFO  [21m[0m] Elapsed time: 1.74e+05 || Step number: 5800/30000
[[32m[1m INFO  [21m[0m] longdy = 1.14e-01      || longdy/dt = 2.21e-04  || dt = 7.34e-01
[[32m[1m INFO  [21m[0m] from nz = 2 and N2
[[32m[1m INFO  [21m[0m] -----------------------------------------------------------------
[[32m[1m INFO  [21m[0m] Elapsed time: 1.75e+05 || Step number: 5900/30000
[[32m[1m INFO  [21m[0m] longdy = 9.34e-02      || longdy/dt = 1.22e-04  || dt = 2.87e+01
[[32m[1m INFO  [21m[0m] from nz = 2 and N2
[[32m[1m INFO  [21m[0m] -----------------------------------------------------------------
[[32m[1m INFO  [21m[0m] Elapsed time: 1.75e+05 || Step number: 6000/30000
[[32m[1m INFO  [21m[0m] longdy = 4.03e-02      || longdy/dt = 6.09e-05  || dt = 2.30e+01
[[32m[1m INFO  [21m[0m] from nz = 0 and N2
[[32m[1m INFO  [21m[0m] -----------------------------------------------------------------
[[32m[1m INFO  [21m[0m] Elapsed time: 1.76e+05 || Step number: 6100/30000
[[32m[1m INFO  [21m[0m] longdy = 1.99e-02      || longdy/dt = 3.50e-05  || dt = 1.48e+01
[[32m[1m INFO  [21m[0m] from nz = 0 and N2
[[32m[1m INFO  [21m[0m] -----------------------------------------------------------------
[[32m[1m INFO  [21m[0m] Elapsed time: 1.77e+05 || Step number: 6200/30000
[[32m[1m INFO  [21m[0m] longdy = 1.96e-02      || longdy/dt = 2.09e-05  || dt = 2.74e+01
[[32m[1m INFO  [21m[0m] from nz = 1 and N2
[[32m[1m INFO  [21m[0m] -----------------------------------------------------------------
[[32m[1m INFO  [21m[0m] Elapsed time: 1.78e+05 || Step number: 6300/30000
[[32m[1m INFO  [21m[0m] longdy = 6.52e-03      || longdy/dt = 9.89e-06  || dt = 2.82e-04
[[32m[1m INFO  [21m[0m] from nz = 47 and N2
[[32m[1m INFO  [21m[0m] -----------------------------------------------------------------
[[32m[1m INFO  [21m[0m] Elapsed time: 1.78e+05 || Step number: 6400/30000
[[32m[1m INFO  [21m[0m] longdy = 9.64e-03      || longdy/dt = 1.61e-05  || dt = 1.63e+01
[[32m[1m INFO  [21m[0m] from nz = 0 and N2
[[32m[1m INFO  [21m[0m] -----------------------------------------------------------------
[[32m[1m INFO  [21m[0m] Elapsed time: 1.79e+05 || Step number: 6500/30000
[[32m[1m INFO  [21m[0m] longdy = 3.55e-02      || longdy/dt = 5.57e-05  || dt = 9.22e+00
[[32m[1m INFO  [21m[0m] from nz = 2 and N2
[[32m[1m INFO  [21m[0m] -----------------------------------------------------------------
[[32m[1m INFO  [21m[0m] Elapsed time: 1.79e+05 || Step number: 6600/30000
[[32m[1m INFO  [21m[0m] longdy = 4.49e-02      || longdy/dt = 1.08e-04  || dt = 3.75e-02
[[32m[1m INFO  [21m[0m] from nz = 0 and N2
[[32m[1m INFO  [21m[0m] -----------------------------------------------------------------
[[32m[1m INFO  [21m[0m] Elapsed time: 1.80e+05 || Step number: 6700/30000
[[32m[1m INFO  [21m[0m] longdy = 6.89e-02      || longdy/dt = 1.28e-04  || dt = 9.05e+00
[[32m[1m INFO  [21m[0m] from nz = 2 and N2
[[32m[1m INFO  [21m[0m] -----------------------------------------------------------------
[[32m[1m INFO  [21m[0m] Elapsed time: 1.80e+05 || Step number: 6800/30000
[[32m[1m INFO  [21m[0m] longdy = 6.23e-03      || longdy/dt = 9.91e-06  || dt = 1.24e+01
[[32m[1m INFO  [21m[0m] from nz = 0 and N2
[[32m[1m INFO  [21m[0m] -----------------------------------------------------------------
[[32m[1m INFO  [21m[0m] Elapsed time: 1.81e+05 || Step number: 6900/30000
[[32m[1m INFO  [21m[0m] longdy = 1.53e-02      || longdy/dt = 2.38e-05  || dt = 2.83e+01
[[32m[1m INFO  [21m[0m] from nz = 1 and N2
[[32m[1m INFO  [21m[0m] -----------------------------------------------------------------
[[32m[1m INFO  [21m[0m] Elapsed time: 1.82e+05 || Step number: 7000/30000
[[32m[1m INFO  [21m[0m] longdy = 3.98e-02      || longdy/dt = 7.73e-05  || dt = 1.03e+00
[[32m[1m INFO  [21m[0m] from nz = 2 and N2
[[32m[1m INFO  [21m[0m] -----------------------------------------------------------------
[[32m[1m INFO  [21m[0m] Elapsed time: 1.82e+05 || Step number: 7100/30000
[[32m[1m INFO  [21m[0m] longdy = 8.07e-02      || longdy/dt = 1.30e-04  || dt = 5.91e-04
[[32m[1m INFO  [21m[0m] from nz = 2 and N2
[[32m[1m INFO  [21m[0m] -----------------------------------------------------------------
[[32m[1m INFO  [21m[0m] Elapsed time: 1.83e+05 || Step number: 7200/30000
[[32m[1m INFO  [21m[0m] longdy = 6.87e-02      || longdy/dt = 1.65e-04  || dt = 5.22e-05
[[32m[1m INFO  [21m[0m] from nz = 2 and N2
[[32m[1m INFO  [21m[0m] -----------------------------------------------------------------
[[32m[1m INFO  [21m[0m] Elapsed time: 1.83e+05 || Step number: 7300/30000
[[32m[1m INFO  [21m[0m] longdy = 4.01e-02      || longdy/dt = 6.30e-05  || dt = 1.63e+01
[[32m[1m INFO  [21m[0m] from nz = 2 and N2
[[32m[1m INFO  [21m[0m] -----------------------------------------------------------------
[[32m[1m INFO  [21m[0m] Elapsed time: 1.84e+05 || Step number: 7400/30000
[[32m[1m INFO  [21m[0m] longdy = 3.20e-02      || longdy/dt = 5.02e-05  || dt = 5.89e+00
[[32m[1m INFO  [21m[0m] from nz = 0 and N2
[[32m[1m INFO  [21m[0m] -----------------------------------------------------------------
[[32m[1m INFO  [21m[0m] Elapsed time: 1.85e+05 || Step number: 7500/30000
[[32m[1m INFO  [21m[0m] longdy = 2.75e-02      || longdy/dt = 3.63e-05  || dt = 1.49e-03
[[32m[1m INFO  [21m[0m] from nz = 0 and N2
[[32m[1m INFO  [21m[0m] -----------------------------------------------------------------
[[32m[1m INFO  [21m[0m] Integration successful with 7501 steps
[[32m[1m INFO  [21m[0m] long dy, long dydt = 0.03540275650060582, 4.783425173146343e-05
[[32m[1m INFO  [21m[0m] Total atom loss:
[[32m[1m INFO  [21m[0m] H: -0.00048212431962948646 
[[32m[1m INFO  [21m[0m] O: -0.0004821244394558988 
[[32m[1m INFO  [21m[0m] C: -0.00048212456186737566 
[[32m[1m INFO  [21m[0m] N: 0.0005297388866038555 
[[32m[1m INFO  [21m[0m] S: -0.000464681820792011 
[[32m[1m INFO  [21m[0m] ------ Live long and prosper \V/ ------
[[32m[1m INFO  [21m[0m]     done
Atmodeller initialized with double precision (float64)
[[93m[1m WARNING [21m[0m] The archive tar file does not exist: /data/rdc49-2/K218b_project/simulation_data/grid_H1_C1_N0_S3_fO22__from_batch09_case_000051__7_crash_atmos_chem_step_vulcan_chem_funs_race_syntax_error/data/data.tar
[[32m[1m INFO  [21m[0m] Observing the planet...
Loading PHOENIX star table in file '/data/rdc49-2/FWL_DATA/prt/input_data/stellar_spectra/phoenix/phoenix.startable.petitRADTRANS.h5'... Done.
