Atmodeller initialized with double precision (float64)
[[93m[1m WARNING [21m[0m] The archive tar file does not exist: /data/rdc49-2/K218b_project/simulation_data/grid_H1_C1_N3_S1_fO22__from_batch09_case_000061__7_crash_atmos_chem_step_vulcan_chem_funs_race_syntax_error/data/data.tar
[[32m[1m INFO  [21m[0m] Running atmospheric chemistry...
[[32m[1m INFO  [21m[0m]     Using vulcan module, offline
[[32m[1m INFO  [21m[0m] Elements conserved in the network.
[[32m[1m INFO  [21m[0m] No duplicates in the network.
[[32m[1m INFO  [21m[0m] Elements conserved in the network.
[[32m[1m INFO  [21m[0m] No duplicates in the network.
[[32m[1m INFO  [21m[0m] Running VULCAN
[[32m[1m INFO  [21m[0m] Initializing with compositions from ASCII file /data/rdc49-2/K218b_project/simulation_data/grid_H1_C1_N3_S1_fO22__from_batch09_case_000061__7_crash_atmos_chem_step_vulcan_chem_funs_race_syntax_error/offchem/vmrs.dat
[[32m[1m INFO  [21m[0m] Input stellar spectrum from 2.0 to 700.0
[[32m[1m INFO  [21m[0m] Using wavelength bins from 2.0 to 655.5
[[32m[1m INFO  [21m[0m] Include molecular diffusion.
[[32m[1m INFO  [21m[0m] Starting VULCAN integration with 1 threads...
[[93m[1m WARNING [21m[0m] Keep producing negative values! Clipping negative solutions and moving on!
[[93m[1m WARNING [21m[0m] Keep producing negative values! Clipping negative solutions and moving on!
[[93m[1m WARNING [21m[0m] Keep producing negative values! Clipping negative solutions and moving on!
[[93m[1m WARNING [21m[0m] Keep producing negative values! Clipping negative solutions and moving on!
[[93m[1m WARNING [21m[0m] Keep producing negative values! Clipping negative solutions and moving on!
[[93m[1m WARNING [21m[0m] Keep producing negative values! Clipping negative solutions and moving on!
[[93m[1m WARNING [21m[0m] Keep producing negative values! Clipping negative solutions and moving on!
[[93m[1m WARNING [21m[0m] Keep producing negative values! Clipping negative solutions and moving on!
[[93m[1m WARNING [21m[0m] Keep producing negative values! Clipping negative solutions and moving on!
[[93m[1m WARNING [21m[0m] Keep producing negative values! Clipping negative solutions and moving on!
[[93m[1m WARNING [21m[0m] Keep producing negative values! Clipping negative solutions and moving on!
[[93m[1m WARNING [21m[0m] Keep producing negative values! Clipping negative solutions and moving on!
[[93m[1m WARNING [21m[0m] Keep producing negative values! Clipping negative solutions and moving on!
[[32m[1m INFO  [21m[0m] Elapsed time: 9.14e-06 || Step number: 100/30000
[[32m[1m INFO  [21m[0m] longdy = 1.00e+00      || longdy/dt = 1.00e+00  || dt = 2.91e-07
[[32m[1m INFO  [21m[0m] from nz = 0 and OH
[[32m[1m INFO  [21m[0m] -----------------------------------------------------------------
[[32m[1m INFO  [21m[0m] Elapsed time: 7.34e-05 || Step number: 200/30000
[[32m[1m INFO  [21m[0m] longdy = 1.00e+00      || longdy/dt = 1.00e+00  || dt = 1.45e-06
[[32m[1m INFO  [21m[0m] from nz = 0 and OH
[[32m[1m INFO  [21m[0m] -----------------------------------------------------------------
[[32m[1m INFO  [21m[0m] Elapsed time: 4.90e-04 || Step number: 300/30000
[[32m[1m INFO  [21m[0m] longdy = 1.00e+00      || longdy/dt = 1.00e+00  || dt = 6.73e-06
[[32m[1m INFO  [21m[0m] from nz = 0 and OH
[[32m[1m INFO  [21m[0m] -----------------------------------------------------------------
[[32m[1m INFO  [21m[0m] Elapsed time: 2.99e-03 || Step number: 400/30000
[[32m[1m INFO  [21m[0m] longdy = 1.00e+00      || longdy/dt = 1.00e+00  || dt = 4.24e-05
[[32m[1m INFO  [21m[0m] from nz = 0 and OH
[[32m[1m INFO  [21m[0m] -----------------------------------------------------------------
[[32m[1m INFO  [21m[0m] Elapsed time: 1.75e-02 || Step number: 500/30000
[[32m[1m INFO  [21m[0m] longdy = 1.00e+00      || longdy/dt = 1.00e+00  || dt = 2.74e-04
[[32m[1m INFO  [21m[0m] from nz = 0 and OH
[[32m[1m INFO  [21m[0m] -----------------------------------------------------------------
[[32m[1m INFO  [21m[0m] Elapsed time: 9.30e-02 || Step number: 600/30000
[[32m[1m INFO  [21m[0m] longdy = 1.00e+00      || longdy/dt = 1.00e+00  || dt = 1.20e-03
[[32m[1m INFO  [21m[0m] from nz = 0 and OH
[[32m[1m INFO  [21m[0m] -----------------------------------------------------------------
[[32m[1m INFO  [21m[0m] Elapsed time: 4.41e-01 || Step number: 700/30000
[[32m[1m INFO  [21m[0m] longdy = 1.00e+00      || longdy/dt = 1.00e+00  || dt = 5.29e-03
[[32m[1m INFO  [21m[0m] from nz = 0 and OH
[[32m[1m INFO  [21m[0m] -----------------------------------------------------------------
[[32m[1m INFO  [21m[0m] Elapsed time: 1.82e+00 || Step number: 800/30000
[[32m[1m INFO  [21m[0m] longdy = 1.00e+00      || longdy/dt = 1.00e+00  || dt = 2.41e-02
[[32m[1m INFO  [21m[0m] from nz = 0 and OH
[[32m[1m INFO  [21m[0m] -----------------------------------------------------------------
[[32m[1m INFO  [21m[0m] Elapsed time: 5.94e+00 || Step number: 900/30000
[[32m[1m INFO  [21m[0m] longdy = 1.00e+00      || longdy/dt = 1.00e+00  || dt = 6.14e-02
[[32m[1m INFO  [21m[0m] from nz = 0 and OH
[[32m[1m INFO  [21m[0m] -----------------------------------------------------------------
[[32m[1m INFO  [21m[0m] Elapsed time: 1.52e+01 || Step number: 1000/30000
[[32m[1m INFO  [21m[0m] longdy = 1.00e+00      || longdy/dt = 1.00e+00  || dt = 1.32e-01
[[32m[1m INFO  [21m[0m] from nz = 0 and OH
[[32m[1m INFO  [21m[0m] -----------------------------------------------------------------
[[32m[1m INFO  [21m[0m] Elapsed time: 3.42e+01 || Step number: 1100/30000
[[32m[1m INFO  [21m[0m] longdy = 1.00e+00      || longdy/dt = 1.00e+00  || dt = 2.50e-01
[[32m[1m INFO  [21m[0m] from nz = 0 and OH
[[32m[1m INFO  [21m[0m] -----------------------------------------------------------------
[[32m[1m INFO  [21m[0m] Elapsed time: 7.08e+01 || Step number: 1200/30000
[[32m[1m INFO  [21m[0m] longdy = 1.00e+00      || longdy/dt = 1.00e+00  || dt = 5.06e-01
[[32m[1m INFO  [21m[0m] from nz = 0 and OH
[[32m[1m INFO  [21m[0m] -----------------------------------------------------------------
[[32m[1m INFO  [21m[0m] Elapsed time: 1.23e+02 || Step number: 1300/30000
[[32m[1m INFO  [21m[0m] longdy = 2.91e+03      || longdy/dt = 5.67e+01  || dt = 6.26e-01
[[32m[1m INFO  [21m[0m] from nz = 41 and N
[[32m[1m INFO  [21m[0m] -----------------------------------------------------------------
[[32m[1m INFO  [21m[0m] Elapsed time: 1.80e+02 || Step number: 1400/30000
[[32m[1m INFO  [21m[0m] longdy = 3.97e+04      || longdy/dt = 6.99e+02  || dt = 7.42e-01
[[32m[1m INFO  [21m[0m] from nz = 38 and N
[[32m[1m INFO  [21m[0m] -----------------------------------------------------------------
[[32m[1m INFO  [21m[0m] Elapsed time: 2.51e+02 || Step number: 1500/30000
[[32m[1m INFO  [21m[0m] longdy = 4.19e+03      || longdy/dt = 5.95e+01  || dt = 8.03e-01
[[32m[1m INFO  [21m[0m] from nz = 34 and N
[[32m[1m INFO  [21m[0m] -----------------------------------------------------------------
[[32m[1m INFO  [21m[0m] Elapsed time: 4.57e+02 || Step number: 1600/30000
[[32m[1m INFO  [21m[0m] longdy = 6.71e+00      || longdy/dt = 3.32e-02  || dt = 3.50e+00
[[32m[1m INFO  [21m[0m] from nz = 34 and HCS
[[32m[1m INFO  [21m[0m] -----------------------------------------------------------------
[[32m[1m INFO  [21m[0m] Elapsed time: 8.74e+02 || Step number: 1700/30000
[[32m[1m INFO  [21m[0m] longdy = 1.53e+01      || longdy/dt = 3.73e-02  || dt = 7.20e+00
[[32m[1m INFO  [21m[0m] from nz = 30 and HCS
[[32m[1m INFO  [21m[0m] -----------------------------------------------------------------
[[32m[1m INFO  [21m[0m] Elapsed time: 1.73e+03 || Step number: 1800/30000
[[32m[1m INFO  [21m[0m] longdy = 5.38e+00      || longdy/dt = 6.41e-03  || dt = 1.41e+01
[[32m[1m INFO  [21m[0m] from nz = 31 and CS
[[32m[1m INFO  [21m[0m] -----------------------------------------------------------------
[[32m[1m INFO  [21m[0m] Elapsed time: 3.36e+03 || Step number: 1900/30000
[[32m[1m INFO  [21m[0m] longdy = 3.23e+04      || longdy/dt = 2.02e+01  || dt = 3.34e+01
[[32m[1m INFO  [21m[0m] from nz = 26 and CS
[[32m[1m INFO  [21m[0m] -----------------------------------------------------------------
[[32m[1m INFO  [21m[0m] Elapsed time: 1.40e+04 || Step number: 2000/30000
[[32m[1m INFO  [21m[0m] longdy = 5.37e+01      || longdy/dt = 7.86e-03  || dt = 2.17e+02
[[32m[1m INFO  [21m[0m] from nz = 30 and CS
[[32m[1m INFO  [21m[0m] -----------------------------------------------------------------
[[93m[1m WARNING [21m[0m] Keep producing negative values! Clipping negative solutions and moving on!
[[32m[1m INFO  [21m[0m] Elapsed time: 5.13e+04 || Step number: 2100/30000
[[32m[1m INFO  [21m[0m] longdy = 5.00e+00      || longdy/dt = 1.96e-04  || dt = 1.60e-07
[[32m[1m INFO  [21m[0m] from nz = 32 and CS
[[32m[1m INFO  [21m[0m] -----------------------------------------------------------------
[[93m[1m WARNING [21m[0m] Keep producing negative values! Clipping negative solutions and moving on!
[[32m[1m INFO  [21m[0m] Elapsed time: 6.91e+04 || Step number: 2200/30000
[[32m[1m INFO  [21m[0m] longdy = 1.14e+00      || longdy/dt = 6.45e-05  || dt = 3.36e-01
[[32m[1m INFO  [21m[0m] from nz = 32 and CS
[[32m[1m INFO  [21m[0m] -----------------------------------------------------------------
[[32m[1m INFO  [21m[0m] Elapsed time: 8.85e+04 || Step number: 2300/30000
[[32m[1m INFO  [21m[0m] longdy = 1.90e+00      || longdy/dt = 9.92e-05  || dt = 2.66e+02
[[32m[1m INFO  [21m[0m] from nz = 33 and CS
[[32m[1m INFO  [21m[0m] -----------------------------------------------------------------
[[32m[1m INFO  [21m[0m] Elapsed time: 1.00e+05 || Step number: 2400/30000
[[32m[1m INFO  [21m[0m] longdy = 8.33e-01      || longdy/dt = 7.27e-05  || dt = 1.70e+02
[[32m[1m INFO  [21m[0m] from nz = 33 and CS
[[32m[1m INFO  [21m[0m] -----------------------------------------------------------------
[[32m[1m INFO  [21m[0m] Elapsed time: 1.09e+05 || Step number: 2500/30000
[[32m[1m INFO  [21m[0m] longdy = 5.18e-01      || longdy/dt = 6.19e-05  || dt = 2.37e+02
[[32m[1m INFO  [21m[0m] from nz = 34 and CS
[[32m[1m INFO  [21m[0m] -----------------------------------------------------------------
[[32m[1m INFO  [21m[0m] Elapsed time: 1.27e+05 || Step number: 2600/30000
[[32m[1m INFO  [21m[0m] longdy = 1.23e+00      || longdy/dt = 6.74e-05  || dt = 2.79e+02
[[32m[1m INFO  [21m[0m] from nz = 34 and CS
[[32m[1m INFO  [21m[0m] -----------------------------------------------------------------
[[32m[1m INFO  [21m[0m] Elapsed time: 1.41e+05 || Step number: 2700/30000
[[32m[1m INFO  [21m[0m] longdy = 6.44e-01      || longdy/dt = 4.59e-05  || dt = 1.09e+02
[[32m[1m INFO  [21m[0m] from nz = 35 and CS
[[32m[1m INFO  [21m[0m] -----------------------------------------------------------------
[[32m[1m INFO  [21m[0m] Elapsed time: 1.54e+05 || Step number: 2800/30000
[[32m[1m INFO  [21m[0m] longdy = 5.82e-01      || longdy/dt = 4.59e-05  || dt = 5.02e+01
[[32m[1m INFO  [21m[0m] from nz = 15 and C6H6
[[32m[1m INFO  [21m[0m] -----------------------------------------------------------------
[[32m[1m INFO  [21m[0m] Elapsed time: 1.56e+05 || Step number: 2900/30000
[[32m[1m INFO  [21m[0m] longdy = 1.33e-01      || longdy/dt = 6.47e-05  || dt = 4.56e+01
[[32m[1m INFO  [21m[0m] from nz = 16 and C6H6
[[32m[1m INFO  [21m[0m] -----------------------------------------------------------------
[[32m[1m INFO  [21m[0m] Elapsed time: 1.58e+05 || Step number: 3000/30000
[[32m[1m INFO  [21m[0m] longdy = 1.33e-01      || longdy/dt = 6.46e-05  || dt = 1.74e+01
[[32m[1m INFO  [21m[0m] from nz = 16 and C6H6
[[32m[1m INFO  [21m[0m] -----------------------------------------------------------------
[[32m[1m INFO  [21m[0m] Elapsed time: 1.60e+05 || Step number: 3100/30000
[[32m[1m INFO  [21m[0m] longdy = 1.28e-01      || longdy/dt = 6.47e-05  || dt = 4.75e+00
[[32m[1m INFO  [21m[0m] from nz = 16 and C6H6
[[32m[1m INFO  [21m[0m] -----------------------------------------------------------------
[[32m[1m INFO  [21m[0m] Elapsed time: 1.62e+05 || Step number: 3200/30000
[[32m[1m INFO  [21m[0m] longdy = 1.31e-01      || longdy/dt = 6.46e-05  || dt = 7.71e+01
[[32m[1m INFO  [21m[0m] from nz = 17 and C6H6
[[32m[1m INFO  [21m[0m] -----------------------------------------------------------------
[[32m[1m INFO  [21m[0m] Elapsed time: 1.64e+05 || Step number: 3300/30000
[[32m[1m INFO  [21m[0m] longdy = 1.15e-01      || longdy/dt = 6.52e-05  || dt = 5.99e+01
[[32m[1m INFO  [21m[0m] from nz = 17 and C6H6
[[32m[1m INFO  [21m[0m] -----------------------------------------------------------------
[[32m[1m INFO  [21m[0m] Elapsed time: 1.66e+05 || Step number: 3400/30000
[[32m[1m INFO  [21m[0m] longdy = 1.62e-01      || longdy/dt = 6.33e-05  || dt = 9.38e+01
[[32m[1m INFO  [21m[0m] from nz = 17 and C6H6
[[32m[1m INFO  [21m[0m] -----------------------------------------------------------------
[[32m[1m INFO  [21m[0m] Elapsed time: 1.68e+05 || Step number: 3500/30000
[[32m[1m INFO  [21m[0m] longdy = 1.37e-01      || longdy/dt = 6.42e-05  || dt = 1.24e+00
[[32m[1m INFO  [21m[0m] from nz = 18 and C6H6
[[32m[1m INFO  [21m[0m] -----------------------------------------------------------------
[[32m[1m INFO  [21m[0m] Elapsed time: 1.70e+05 || Step number: 3600/30000
[[32m[1m INFO  [21m[0m] longdy = 1.07e-01      || longdy/dt = 6.52e-05  || dt = 2.40e+00
[[32m[1m INFO  [21m[0m] from nz = 18 and C6H6
[[32m[1m INFO  [21m[0m] -----------------------------------------------------------------
[[32m[1m INFO  [21m[0m] Elapsed time: 1.72e+05 || Step number: 3700/30000
[[32m[1m INFO  [21m[0m] longdy = 1.37e-01      || longdy/dt = 6.39e-05  || dt = 5.64e+01
[[32m[1m INFO  [21m[0m] from nz = 19 and C6H6
[[32m[1m INFO  [21m[0m] -----------------------------------------------------------------
[[32m[1m INFO  [21m[0m] Elapsed time: 1.74e+05 || Step number: 3800/30000
[[32m[1m INFO  [21m[0m] longdy = 1.41e-01      || longdy/dt = 6.37e-05  || dt = 2.08e+00
[[32m[1m INFO  [21m[0m] from nz = 19 and C6H6
[[32m[1m INFO  [21m[0m] -----------------------------------------------------------------
[[32m[1m INFO  [21m[0m] Elapsed time: 1.77e+05 || Step number: 3900/30000
[[32m[1m INFO  [21m[0m] longdy = 1.49e-01      || longdy/dt = 6.33e-05  || dt = 5.01e+01
[[32m[1m INFO  [21m[0m] from nz = 19 and C6H6
[[32m[1m INFO  [21m[0m] -----------------------------------------------------------------
[[32m[1m INFO  [21m[0m] Elapsed time: 1.79e+05 || Step number: 4000/30000
[[32m[1m INFO  [21m[0m] longdy = 1.22e-01      || longdy/dt = 6.42e-05  || dt = 6.16e+00
[[32m[1m INFO  [21m[0m] from nz = 20 and C6H6
[[32m[1m INFO  [21m[0m] -----------------------------------------------------------------
[[32m[1m INFO  [21m[0m] Elapsed time: 1.80e+05 || Step number: 4100/30000
[[32m[1m INFO  [21m[0m] longdy = 1.11e-01      || longdy/dt = 6.45e-05  || dt = 4.25e+00
[[32m[1m INFO  [21m[0m] from nz = 20 and C6H6
[[32m[1m INFO  [21m[0m] -----------------------------------------------------------------
[[32m[1m INFO  [21m[0m] Elapsed time: 1.82e+05 || Step number: 4200/30000
[[32m[1m INFO  [21m[0m] longdy = 1.10e-01      || longdy/dt = 6.44e-05  || dt = 6.11e+01
[[32m[1m INFO  [21m[0m] from nz = 20 and C6H6
[[32m[1m INFO  [21m[0m] -----------------------------------------------------------------
[[32m[1m INFO  [21m[0m] Elapsed time: 1.84e+05 || Step number: 4300/30000
[[32m[1m INFO  [21m[0m] longdy = 1.29e-01      || longdy/dt = 6.36e-05  || dt = 4.94e+00
[[32m[1m INFO  [21m[0m] from nz = 21 and C6H6
[[32m[1m INFO  [21m[0m] -----------------------------------------------------------------
[[32m[1m INFO  [21m[0m] Elapsed time: 1.86e+05 || Step number: 4400/30000
[[32m[1m INFO  [21m[0m] longdy = 1.25e-01      || longdy/dt = 6.36e-05  || dt = 7.62e+00
[[32m[1m INFO  [21m[0m] from nz = 21 and C6H6
[[32m[1m INFO  [21m[0m] -----------------------------------------------------------------
[[32m[1m INFO  [21m[0m] Elapsed time: 1.88e+05 || Step number: 4500/30000
[[32m[1m INFO  [21m[0m] longdy = 1.38e-01      || longdy/dt = 6.31e-05  || dt = 3.10e+01
[[32m[1m INFO  [21m[0m] from nz = 22 and C6H6
[[32m[1m INFO  [21m[0m] -----------------------------------------------------------------
[[32m[1m INFO  [21m[0m] Elapsed time: 1.91e+05 || Step number: 4600/30000
[[32m[1m INFO  [21m[0m] longdy = 1.53e-01      || longdy/dt = 6.25e-05  || dt = 6.97e+01
[[32m[1m INFO  [21m[0m] from nz = 23 and C6H6
[[32m[1m INFO  [21m[0m] -----------------------------------------------------------------
[[32m[1m INFO  [21m[0m] Elapsed time: 1.93e+05 || Step number: 4700/30000
[[32m[1m INFO  [21m[0m] longdy = 1.55e-01      || longdy/dt = 6.24e-05  || dt = 1.21e+01
[[32m[1m INFO  [21m[0m] from nz = 24 and C6H6
[[32m[1m INFO  [21m[0m] -----------------------------------------------------------------
[[32m[1m INFO  [21m[0m] Elapsed time: 1.97e+05 || Step number: 4800/30000
[[32m[1m INFO  [21m[0m] longdy = 2.13e-01      || longdy/dt = 6.82e-05  || dt = 1.48e+01
[[32m[1m INFO  [21m[0m] from nz = 41 and N
[[32m[1m INFO  [21m[0m] -----------------------------------------------------------------
[[32m[1m INFO  [21m[0m] Elapsed time: 1.99e+05 || Step number: 4900/30000
[[32m[1m INFO  [21m[0m] longdy = 1.89e-01      || longdy/dt = 7.22e-05  || dt = 9.30e+01
[[32m[1m INFO  [21m[0m] from nz = 41 and N
[[32m[1m INFO  [21m[0m] -----------------------------------------------------------------
[[32m[1m INFO  [21m[0m] Elapsed time: 2.02e+05 || Step number: 5000/30000
[[32m[1m INFO  [21m[0m] longdy = 2.49e-01      || longdy/dt = 7.73e-05  || dt = 3.34e+01
[[32m[1m INFO  [21m[0m] from nz = 42 and N
[[32m[1m INFO  [21m[0m] -----------------------------------------------------------------
[[32m[1m INFO  [21m[0m] Elapsed time: 2.06e+05 || Step number: 5100/30000
[[32m[1m INFO  [21m[0m] longdy = 3.45e-01      || longdy/dt = 8.73e-05  || dt = 4.54e+01
[[32m[1m INFO  [21m[0m] from nz = 42 and N
[[32m[1m INFO  [21m[0m] -----------------------------------------------------------------
[[32m[1m INFO  [21m[0m] Elapsed time: 2.10e+05 || Step number: 5200/30000
[[32m[1m INFO  [21m[0m] longdy = 3.57e-01      || longdy/dt = 9.05e-05  || dt = 4.07e+01
[[32m[1m INFO  [21m[0m] from nz = 42 and N
[[32m[1m INFO  [21m[0m] -----------------------------------------------------------------
[[32m[1m INFO  [21m[0m] Elapsed time: 2.14e+05 || Step number: 5300/30000
[[32m[1m INFO  [21m[0m] longdy = 3.80e-01      || longdy/dt = 9.59e-05  || dt = 1.15e+02
[[32m[1m INFO  [21m[0m] from nz = 42 and N
[[32m[1m INFO  [21m[0m] -----------------------------------------------------------------
[[32m[1m INFO  [21m[0m] Elapsed time: 2.20e+05 || Step number: 5400/30000
[[32m[1m INFO  [21m[0m] longdy = 5.88e-01      || longdy/dt = 1.03e-04  || dt = 2.68e+01
[[32m[1m INFO  [21m[0m] from nz = 42 and N
[[32m[1m INFO  [21m[0m] -----------------------------------------------------------------
[[32m[1m INFO  [21m[0m] Elapsed time: 2.25e+05 || Step number: 5500/30000
[[32m[1m INFO  [21m[0m] longdy = 4.60e-01      || longdy/dt = 9.70e-05  || dt = 2.83e+02
[[32m[1m INFO  [21m[0m] from nz = 42 and N
[[32m[1m INFO  [21m[0m] -----------------------------------------------------------------
[[32m[1m INFO  [21m[0m] Elapsed time: 2.30e+05 || Step number: 5600/30000
[[32m[1m INFO  [21m[0m] longdy = 3.99e-01      || longdy/dt = 8.87e-05  || dt = 3.67e+01
[[32m[1m INFO  [21m[0m] from nz = 42 and N
[[32m[1m INFO  [21m[0m] -----------------------------------------------------------------
[[32m[1m INFO  [21m[0m] Elapsed time: 2.34e+05 || Step number: 5700/30000
[[32m[1m INFO  [21m[0m] longdy = 3.79e-01      || longdy/dt = 8.54e-05  || dt = 1.82e+02
[[32m[1m INFO  [21m[0m] from nz = 43 and N
[[32m[1m INFO  [21m[0m] -----------------------------------------------------------------
[[32m[1m INFO  [21m[0m] Elapsed time: 2.39e+05 || Step number: 5800/30000
[[32m[1m INFO  [21m[0m] longdy = 4.42e-01      || longdy/dt = 9.02e-05  || dt = 7.98e+00
[[32m[1m INFO  [21m[0m] from nz = 43 and N
[[32m[1m INFO  [21m[0m] -----------------------------------------------------------------
[[32m[1m INFO  [21m[0m] Elapsed time: 2.44e+05 || Step number: 5900/30000
[[32m[1m INFO  [21m[0m] longdy = 3.46e-01      || longdy/dt = 7.71e-05  || dt = 1.76e+02
[[32m[1m INFO  [21m[0m] from nz = 43 and N
[[32m[1m INFO  [21m[0m] -----------------------------------------------------------------
[[32m[1m INFO  [21m[0m] Elapsed time: 2.48e+05 || Step number: 6000/30000
[[32m[1m INFO  [21m[0m] longdy = 2.37e-01      || longdy/dt = 5.85e-05  || dt = 1.52e+02
[[32m[1m INFO  [21m[0m] from nz = 43 and N
[[32m[1m INFO  [21m[0m] -----------------------------------------------------------------
[[32m[1m INFO  [21m[0m] Elapsed time: 2.53e+05 || Step number: 6100/30000
[[32m[1m INFO  [21m[0m] longdy = 2.91e-01      || longdy/dt = 6.16e-05  || dt = 7.74e+01
[[32m[1m INFO  [21m[0m] from nz = 43 and N
[[32m[1m INFO  [21m[0m] -----------------------------------------------------------------
[[32m[1m INFO  [21m[0m] Elapsed time: 2.57e+05 || Step number: 6200/30000
[[32m[1m INFO  [21m[0m] longdy = 2.17e-01      || longdy/dt = 4.88e-05  || dt = 7.89e+01
[[32m[1m INFO  [21m[0m] from nz = 28 and N2H3
[[32m[1m INFO  [21m[0m] -----------------------------------------------------------------
[[32m[1m INFO  [21m[0m] Elapsed time: 2.62e+05 || Step number: 6300/30000
[[32m[1m INFO  [21m[0m] longdy = 2.35e-01      || longdy/dt = 4.98e-05  || dt = 7.65e+00
[[32m[1m INFO  [21m[0m] from nz = 28 and N2H3
[[32m[1m INFO  [21m[0m] -----------------------------------------------------------------
[[32m[1m INFO  [21m[0m] Elapsed time: 2.67e+05 || Step number: 6400/30000
[[32m[1m INFO  [21m[0m] longdy = 2.47e-01      || longdy/dt = 5.09e-05  || dt = 1.95e+01
[[32m[1m INFO  [21m[0m] from nz = 29 and N2H3
[[32m[1m INFO  [21m[0m] -----------------------------------------------------------------
[[32m[1m INFO  [21m[0m] Elapsed time: 2.71e+05 || Step number: 6500/30000
[[32m[1m INFO  [21m[0m] longdy = 2.19e-01      || longdy/dt = 5.12e-05  || dt = 1.34e+02
[[32m[1m INFO  [21m[0m] from nz = 29 and N2H3
[[32m[1m INFO  [21m[0m] -----------------------------------------------------------------
[[32m[1m INFO  [21m[0m] Elapsed time: 2.75e+05 || Step number: 6600/30000
[[32m[1m INFO  [21m[0m] longdy = 2.03e-01      || longdy/dt = 5.12e-05  || dt = 1.68e+02
[[32m[1m INFO  [21m[0m] from nz = 30 and N2H3
[[32m[1m INFO  [21m[0m] -----------------------------------------------------------------
[[32m[1m INFO  [21m[0m] Elapsed time: 2.80e+05 || Step number: 6700/30000
[[32m[1m INFO  [21m[0m] longdy = 2.51e-01      || longdy/dt = 5.15e-05  || dt = 1.88e+02
[[32m[1m INFO  [21m[0m] from nz = 30 and N2H3
[[32m[1m INFO  [21m[0m] -----------------------------------------------------------------
[[32m[1m INFO  [21m[0m] Elapsed time: 2.85e+05 || Step number: 6800/30000
[[32m[1m INFO  [21m[0m] longdy = 2.48e-01      || longdy/dt = 5.19e-05  || dt = 4.59e+00
[[32m[1m INFO  [21m[0m] from nz = 31 and N2H3
[[32m[1m INFO  [21m[0m] -----------------------------------------------------------------
[[32m[1m INFO  [21m[0m] Elapsed time: 2.89e+05 || Step number: 6900/30000
[[32m[1m INFO  [21m[0m] longdy = 2.38e-01      || longdy/dt = 5.14e-05  || dt = 9.33e+00
[[32m[1m INFO  [21m[0m] from nz = 32 and N2H3
[[32m[1m INFO  [21m[0m] -----------------------------------------------------------------
[[32m[1m INFO  [21m[0m] Elapsed time: 2.94e+05 || Step number: 7000/30000
[[32m[1m INFO  [21m[0m] longdy = 2.39e-01      || longdy/dt = 5.09e-05  || dt = 1.53e+02
[[32m[1m INFO  [21m[0m] from nz = 33 and N2H3
[[32m[1m INFO  [21m[0m] -----------------------------------------------------------------
[[32m[1m INFO  [21m[0m] Elapsed time: 3.01e+05 || Step number: 7100/30000
[[32m[1m INFO  [21m[0m] longdy = 3.25e-01      || longdy/dt = 5.09e-05  || dt = 1.51e+02
[[32m[1m INFO  [21m[0m] from nz = 32 and N2H3
[[32m[1m INFO  [21m[0m] -----------------------------------------------------------------
[[32m[1m INFO  [21m[0m] Elapsed time: 3.05e+05 || Step number: 7200/30000
[[32m[1m INFO  [21m[0m] longdy = 2.11e-01      || longdy/dt = 4.93e-05  || dt = 3.35e+01
[[32m[1m INFO  [21m[0m] from nz = 31 and N2H3
[[32m[1m INFO  [21m[0m] -----------------------------------------------------------------
[[32m[1m INFO  [21m[0m] Elapsed time: 3.10e+05 || Step number: 7300/30000
[[32m[1m INFO  [21m[0m] longdy = 2.38e-01      || longdy/dt = 4.69e-05  || dt = 1.04e+02
[[32m[1m INFO  [21m[0m] from nz = 31 and N2H3
[[32m[1m INFO  [21m[0m] -----------------------------------------------------------------
[[32m[1m INFO  [21m[0m] Elapsed time: 3.16e+05 || Step number: 7400/30000
[[32m[1m INFO  [21m[0m] longdy = 2.63e-01      || longdy/dt = 4.52e-05  || dt = 1.63e+01
[[32m[1m INFO  [21m[0m] from nz = 30 and N2H3
[[32m[1m INFO  [21m[0m] -----------------------------------------------------------------
[[32m[1m INFO  [21m[0m] Elapsed time: 3.22e+05 || Step number: 7500/30000
[[32m[1m INFO  [21m[0m] longdy = 2.43e-01      || longdy/dt = 4.33e-05  || dt = 7.00e+01
[[32m[1m INFO  [21m[0m] from nz = 30 and N2H3
[[32m[1m INFO  [21m[0m] -----------------------------------------------------------------
[[32m[1m INFO  [21m[0m] Elapsed time: 3.28e+05 || Step number: 7600/30000
[[32m[1m INFO  [21m[0m] longdy = 2.52e-01      || longdy/dt = 4.01e-05  || dt = 2.72e+02
[[32m[1m INFO  [21m[0m] from nz = 29 and N2H3
[[32m[1m INFO  [21m[0m] -----------------------------------------------------------------
[[32m[1m INFO  [21m[0m] Elapsed time: 3.35e+05 || Step number: 7700/30000
[[32m[1m INFO  [21m[0m] longdy = 2.47e-01      || longdy/dt = 3.74e-05  || dt = 2.51e+02
[[32m[1m INFO  [21m[0m] from nz = 29 and N2H3
[[32m[1m INFO  [21m[0m] -----------------------------------------------------------------
[[32m[1m INFO  [21m[0m] Elapsed time: 3.43e+05 || Step number: 7800/30000
[[32m[1m INFO  [21m[0m] longdy = 2.69e-01      || longdy/dt = 3.45e-05  || dt = 8.88e+01
[[32m[1m INFO  [21m[0m] from nz = 46 and N2H4
[[32m[1m INFO  [21m[0m] -----------------------------------------------------------------
[[32m[1m INFO  [21m[0m] Elapsed time: 3.50e+05 || Step number: 7900/30000
[[32m[1m INFO  [21m[0m] longdy = 2.59e-01      || longdy/dt = 3.35e-05  || dt = 7.69e+01
[[32m[1m INFO  [21m[0m] from nz = 42 and N
[[32m[1m INFO  [21m[0m] -----------------------------------------------------------------
[[32m[1m INFO  [21m[0m] Elapsed time: 3.59e+05 || Step number: 8000/30000
[[32m[1m INFO  [21m[0m] longdy = 2.47e-01      || longdy/dt = 2.80e-05  || dt = 1.14e+02
[[32m[1m INFO  [21m[0m] from nz = 45 and N2H4
[[32m[1m INFO  [21m[0m] -----------------------------------------------------------------
[[32m[1m INFO  [21m[0m] Elapsed time: 3.69e+05 || Step number: 8100/30000
[[32m[1m INFO  [21m[0m] longdy = 2.78e-01      || longdy/dt = 2.86e-05  || dt = 1.42e+02
[[32m[1m INFO  [21m[0m] from nz = 41 and N
[[32m[1m INFO  [21m[0m] -----------------------------------------------------------------
[[32m[1m INFO  [21m[0m] Elapsed time: 3.80e+05 || Step number: 8200/30000
[[32m[1m INFO  [21m[0m] longdy = 2.82e-01      || longdy/dt = 2.77e-05  || dt = 3.05e+02
[[32m[1m INFO  [21m[0m] from nz = 41 and N
[[32m[1m INFO  [21m[0m] -----------------------------------------------------------------
[[32m[1m INFO  [21m[0m] Elapsed time: 3.90e+05 || Step number: 8300/30000
[[32m[1m INFO  [21m[0m] longdy = 2.65e-01      || longdy/dt = 2.45e-05  || dt = 2.64e+02
[[32m[1m INFO  [21m[0m] from nz = 41 and N
[[32m[1m INFO  [21m[0m] -----------------------------------------------------------------
[[32m[1m INFO  [21m[0m] Elapsed time: 4.01e+05 || Step number: 8400/30000
[[32m[1m INFO  [21m[0m] longdy = 2.63e-01      || longdy/dt = 2.46e-05  || dt = 2.91e+02
[[32m[1m INFO  [21m[0m] from nz = 41 and N
[[32m[1m INFO  [21m[0m] -----------------------------------------------------------------
[[32m[1m INFO  [21m[0m] Elapsed time: 4.13e+05 || Step number: 8500/30000
[[32m[1m INFO  [21m[0m] longdy = 2.46e-01      || longdy/dt = 2.17e-05  || dt = 9.58e+01
[[32m[1m INFO  [21m[0m] from nz = 41 and N
[[32m[1m INFO  [21m[0m] -----------------------------------------------------------------
[[32m[1m INFO  [21m[0m] Elapsed time: 4.28e+05 || Step number: 8600/30000
[[32m[1m INFO  [21m[0m] longdy = 2.31e-01      || longdy/dt = 1.58e-05  || dt = 2.25e+02
[[32m[1m INFO  [21m[0m] from nz = 40 and N
[[32m[1m INFO  [21m[0m] -----------------------------------------------------------------
[[32m[1m INFO  [21m[0m] Elapsed time: 4.43e+05 || Step number: 8700/30000
[[32m[1m INFO  [21m[0m] longdy = 2.30e-01      || longdy/dt = 1.55e-05  || dt = 1.59e+02
[[32m[1m INFO  [21m[0m] from nz = 40 and N
[[32m[1m INFO  [21m[0m] -----------------------------------------------------------------
[[32m[1m INFO  [21m[0m] Elapsed time: 4.60e+05 || Step number: 8800/30000
[[32m[1m INFO  [21m[0m] longdy = 2.18e-01      || longdy/dt = 1.24e-05  || dt = 2.85e+02
[[32m[1m INFO  [21m[0m] from nz = 40 and N
[[32m[1m INFO  [21m[0m] -----------------------------------------------------------------
[[32m[1m INFO  [21m[0m] Elapsed time: 4.78e+05 || Step number: 8900/30000
[[32m[1m INFO  [21m[0m] longdy = 2.06e-01      || longdy/dt = 1.16e-05  || dt = 2.88e+02
[[32m[1m INFO  [21m[0m] from nz = 40 and N
[[32m[1m INFO  [21m[0m] -----------------------------------------------------------------
[[32m[1m INFO  [21m[0m] Elapsed time: 5.01e+05 || Step number: 9000/30000
[[32m[1m INFO  [21m[0m] longdy = 1.60e-01      || longdy/dt = 7.01e-06  || dt = 1.48e+02
[[32m[1m INFO  [21m[0m] from nz = 40 and N
[[32m[1m INFO  [21m[0m] -----------------------------------------------------------------
[[32m[1m INFO  [21m[0m] Elapsed time: 5.33e+05 || Step number: 9100/30000
[[32m[1m INFO  [21m[0m] longdy = 1.76e-01      || longdy/dt = 5.64e-06  || dt = 9.68e+02
[[32m[1m INFO  [21m[0m] from nz = 40 and N
[[32m[1m INFO  [21m[0m] -----------------------------------------------------------------
[[32m[1m INFO  [21m[0m] Elapsed time: 5.76e+05 || Step number: 9200/30000
[[32m[1m INFO  [21m[0m] longdy = 1.66e-01      || longdy/dt = 3.86e-06  || dt = 2.31e+02
[[32m[1m INFO  [21m[0m] from nz = 40 and N
[[32m[1m INFO  [21m[0m] -----------------------------------------------------------------
[[32m[1m INFO  [21m[0m] Elapsed time: 6.55e+05 || Step number: 9300/30000
[[32m[1m INFO  [21m[0m] longdy = 1.33e-01      || longdy/dt = 1.72e-06  || dt = 2.12e+03
[[32m[1m INFO  [21m[0m] from nz = 39 and N
[[32m[1m INFO  [21m[0m] -----------------------------------------------------------------
[[32m[1m INFO  [21m[0m] Elapsed time: 7.73e+05 || Step number: 9400/30000
[[32m[1m INFO  [21m[0m] longdy = 9.26e-02      || longdy/dt = 7.97e-07  || dt = 2.96e+03
[[32m[1m INFO  [21m[0m] from nz = 39 and N
[[32m[1m INFO  [21m[0m] -----------------------------------------------------------------
[[32m[1m INFO  [21m[0m] Integration successful with 9401 steps
[[32m[1m INFO  [21m[0m] long dy, long dydt = 0.04787556719841675, 4.061072858436581e-07
[[32m[1m INFO  [21m[0m] Total atom loss:
[[32m[1m INFO  [21m[0m] H: 0.06906533221714382 
[[32m[1m INFO  [21m[0m] O: -0.03508334021877963 
[[32m[1m INFO  [21m[0m] C: 3.5447545285567745 
[[32m[1m INFO  [21m[0m] N: 0.308314184670858 
[[32m[1m INFO  [21m[0m] S: 6.939005664503761 
[[32m[1m INFO  [21m[0m] ------ Live long and prosper \V/ ------
[[32m[1m INFO  [21m[0m]     done
Atmodeller initialized with double precision (float64)
[[93m[1m WARNING [21m[0m] The archive tar file does not exist: /data/rdc49-2/K218b_project/simulation_data/grid_H1_C1_N3_S1_fO22__from_batch09_case_000061__7_crash_atmos_chem_step_vulcan_chem_funs_race_syntax_error/data/data.tar
[[32m[1m INFO  [21m[0m] Observing the planet...
Loading PHOENIX star table in file '/data/rdc49-2/FWL_DATA/prt/input_data/stellar_spectra/phoenix/phoenix.startable.petitRADTRANS.h5'... Done.
