Atmodeller initialized with double precision (float64)
[[93m[1m WARNING [21m[0m] The archive tar file does not exist: /data/rdc49-2/K218b_project/simulation_data/grid_H1_C1_N2_S2_fO22__from_batch09_case_000058__7_crash_atmos_chem_step_vulcan_chem_funs_race_syntax_error/data/data.tar
[[32m[1m INFO  [21m[0m] Running atmospheric chemistry...
[[32m[1m INFO  [21m[0m]     Using vulcan module, offline
[[32m[1m INFO  [21m[0m] Elements conserved in the network.
[[32m[1m INFO  [21m[0m] No duplicates in the network.
[[32m[1m INFO  [21m[0m] Elements conserved in the network.
[[32m[1m INFO  [21m[0m] No duplicates in the network.
[[32m[1m INFO  [21m[0m] Running VULCAN
[[93m[1m WARNING [21m[0m] P_b and P_t assgined in vulcan.cfg are out of range of the input. Constant extension is used.
[[32m[1m INFO  [21m[0m] Initializing with compositions from ASCII file /data/rdc49-2/K218b_project/simulation_data/grid_H1_C1_N2_S2_fO22__from_batch09_case_000058__7_crash_atmos_chem_step_vulcan_chem_funs_race_syntax_error/offchem/vmrs.dat
[[32m[1m INFO  [21m[0m] Input stellar spectrum from 2.0 to 700.0
[[32m[1m INFO  [21m[0m] Using wavelength bins from 2.0 to 655.5
[[32m[1m INFO  [21m[0m] Include molecular diffusion.
[[32m[1m INFO  [21m[0m] Starting VULCAN integration with 1 threads...
[[93m[1m WARNING [21m[0m] Keep producing negative values! Clipping negative solutions and moving on!
[[93m[1m WARNING [21m[0m] Keep producing negative values! Clipping negative solutions and moving on!
[[93m[1m WARNING [21m[0m] Keep producing negative values! Clipping negative solutions and moving on!
[[93m[1m WARNING [21m[0m] Keep producing negative values! Clipping negative solutions and moving on!
[[93m[1m WARNING [21m[0m] Keep producing negative values! Clipping negative solutions and moving on!
[[93m[1m WARNING [21m[0m] Keep producing negative values! Clipping negative solutions and moving on!
[[93m[1m WARNING [21m[0m] Keep producing negative values! Clipping negative solutions and moving on!
[[93m[1m WARNING [21m[0m] Keep producing negative values! Clipping negative solutions and moving on!
[[93m[1m WARNING [21m[0m] Keep producing negative values! Clipping negative solutions and moving on!
[[93m[1m WARNING [21m[0m] Keep producing negative values! Clipping negative solutions and moving on!
[[93m[1m WARNING [21m[0m] Keep producing negative values! Clipping negative solutions and moving on!
[[93m[1m WARNING [21m[0m] Keep producing negative values! Clipping negative solutions and moving on!
[[93m[1m WARNING [21m[0m] Keep producing negative values! Clipping negative solutions and moving on!
[[93m[1m WARNING [21m[0m] Keep producing negative values! Clipping negative solutions and moving on!
[[93m[1m WARNING [21m[0m] Keep producing negative values! Clipping negative solutions and moving on!
[[93m[1m WARNING [21m[0m] Keep producing negative values! Clipping negative solutions and moving on!
[[93m[1m WARNING [21m[0m] Keep producing negative values! Clipping negative solutions and moving on!
[[93m[1m WARNING [21m[0m] Keep producing negative values! Clipping negative solutions and moving on!
[[93m[1m WARNING [21m[0m] Keep producing negative values! Clipping negative solutions and moving on!
[[93m[1m WARNING [21m[0m] Keep producing negative values! Clipping negative solutions and moving on!
[[93m[1m WARNING [21m[0m] Keep producing negative values! Clipping negative solutions and moving on!
[[93m[1m WARNING [21m[0m] Keep producing negative values! Clipping negative solutions and moving on!
[[93m[1m WARNING [21m[0m] Keep producing negative values! Clipping negative solutions and moving on!
[[93m[1m WARNING [21m[0m] Keep producing negative values! Clipping negative solutions and moving on!
[[93m[1m WARNING [21m[0m] Keep producing negative values! Clipping negative solutions and moving on!
[[93m[1m WARNING [21m[0m] Keep producing negative values! Clipping negative solutions and moving on!
[[93m[1m WARNING [21m[0m] Keep producing negative values! Clipping negative solutions and moving on!
[[93m[1m WARNING [21m[0m] Keep producing negative values! Clipping negative solutions and moving on!
[[32m[1m INFO  [21m[0m] Elapsed time: 8.56e-06 || Step number: 100/30000
[[32m[1m INFO  [21m[0m] longdy = 1.00e+00      || longdy/dt = 1.00e+00  || dt = 3.01e-07
[[32m[1m INFO  [21m[0m] from nz = 0 and OH
[[32m[1m INFO  [21m[0m] -----------------------------------------------------------------
[[32m[1m INFO  [21m[0m] Elapsed time: 7.24e-05 || Step number: 200/30000
[[32m[1m INFO  [21m[0m] longdy = 1.00e+00      || longdy/dt = 1.00e+00  || dt = 1.23e-06
[[32m[1m INFO  [21m[0m] from nz = 0 and OH
[[32m[1m INFO  [21m[0m] -----------------------------------------------------------------
[[32m[1m INFO  [21m[0m] Elapsed time: 5.95e-04 || Step number: 300/30000
[[32m[1m INFO  [21m[0m] longdy = 1.00e+00      || longdy/dt = 1.00e+00  || dt = 1.34e-05
[[32m[1m INFO  [21m[0m] from nz = 0 and OH
[[32m[1m INFO  [21m[0m] -----------------------------------------------------------------
[[32m[1m INFO  [21m[0m] Elapsed time: 3.57e-03 || Step number: 400/30000
[[32m[1m INFO  [21m[0m] longdy = 1.00e+00      || longdy/dt = 1.00e+00  || dt = 5.40e-05
[[32m[1m INFO  [21m[0m] from nz = 0 and OH
[[32m[1m INFO  [21m[0m] -----------------------------------------------------------------
[[32m[1m INFO  [21m[0m] Elapsed time: 1.72e-02 || Step number: 500/30000
[[32m[1m INFO  [21m[0m] longdy = 1.00e+00      || longdy/dt = 1.00e+00  || dt = 2.09e-04
[[32m[1m INFO  [21m[0m] from nz = 0 and OH
[[32m[1m INFO  [21m[0m] -----------------------------------------------------------------
[[32m[1m INFO  [21m[0m] Elapsed time: 6.51e-02 || Step number: 600/30000
[[32m[1m INFO  [21m[0m] longdy = 1.00e+00      || longdy/dt = 1.00e+00  || dt = 7.29e-04
[[32m[1m INFO  [21m[0m] from nz = 0 and OH
[[32m[1m INFO  [21m[0m] -----------------------------------------------------------------
[[32m[1m INFO  [21m[0m] Elapsed time: 2.04e-01 || Step number: 700/30000
[[32m[1m INFO  [21m[0m] longdy = 1.00e+00      || longdy/dt = 1.00e+00  || dt = 2.22e-03
[[32m[1m INFO  [21m[0m] from nz = 0 and OH
[[32m[1m INFO  [21m[0m] -----------------------------------------------------------------
[[32m[1m INFO  [21m[0m] Elapsed time: 5.65e-01 || Step number: 800/30000
[[32m[1m INFO  [21m[0m] longdy = 1.00e+00      || longdy/dt = 1.00e+00  || dt = 6.03e-03
[[32m[1m INFO  [21m[0m] from nz = 0 and OH
[[32m[1m INFO  [21m[0m] -----------------------------------------------------------------
[[32m[1m INFO  [21m[0m] Elapsed time: 1.47e+00 || Step number: 900/30000
[[32m[1m INFO  [21m[0m] longdy = 1.00e+00      || longdy/dt = 1.00e+00  || dt = 1.58e-02
[[32m[1m INFO  [21m[0m] from nz = 0 and OH
[[32m[1m INFO  [21m[0m] -----------------------------------------------------------------
[[32m[1m INFO  [21m[0m] Elapsed time: 3.65e+00 || Step number: 1000/30000
[[32m[1m INFO  [21m[0m] longdy = 1.00e+00      || longdy/dt = 1.00e+00  || dt = 4.46e-02
[[32m[1m INFO  [21m[0m] from nz = 0 and OH
[[32m[1m INFO  [21m[0m] -----------------------------------------------------------------
[[32m[1m INFO  [21m[0m] Elapsed time: 8.12e+00 || Step number: 1100/30000
[[32m[1m INFO  [21m[0m] longdy = 1.00e+00      || longdy/dt = 1.00e+00  || dt = 8.18e-02
[[32m[1m INFO  [21m[0m] from nz = 0 and OH
[[32m[1m INFO  [21m[0m] -----------------------------------------------------------------
[[32m[1m INFO  [21m[0m] Elapsed time: 1.61e+01 || Step number: 1200/30000
[[32m[1m INFO  [21m[0m] longdy = 1.00e+00      || longdy/dt = 1.00e+00  || dt = 1.44e-01
[[32m[1m INFO  [21m[0m] from nz = 0 and OH
[[32m[1m INFO  [21m[0m] -----------------------------------------------------------------
[[32m[1m INFO  [21m[0m] Elapsed time: 3.05e+01 || Step number: 1300/30000
[[32m[1m INFO  [21m[0m] longdy = 1.00e+00      || longdy/dt = 1.00e+00  || dt = 2.48e-01
[[32m[1m INFO  [21m[0m] from nz = 0 and OH
[[32m[1m INFO  [21m[0m] -----------------------------------------------------------------
[[32m[1m INFO  [21m[0m] Elapsed time: 5.31e+01 || Step number: 1400/30000
[[32m[1m INFO  [21m[0m] longdy = 1.00e+00      || longdy/dt = 1.00e+00  || dt = 3.84e-01
[[32m[1m INFO  [21m[0m] from nz = 0 and OH
[[32m[1m INFO  [21m[0m] -----------------------------------------------------------------
[[32m[1m INFO  [21m[0m] Elapsed time: 9.43e+01 || Step number: 1500/30000
[[32m[1m INFO  [21m[0m] longdy = 1.00e+00      || longdy/dt = 1.00e+00  || dt = 7.12e-01
[[32m[1m INFO  [21m[0m] from nz = 0 and OH
[[32m[1m INFO  [21m[0m] -----------------------------------------------------------------
[[32m[1m INFO  [21m[0m] Elapsed time: 1.68e+02 || Step number: 1600/30000
[[32m[1m INFO  [21m[0m] longdy = 2.97e+00      || longdy/dt = 4.09e-02  || dt = 1.24e+00
[[32m[1m INFO  [21m[0m] from nz = 19 and O2
[[32m[1m INFO  [21m[0m] -----------------------------------------------------------------
[[32m[1m INFO  [21m[0m] Elapsed time: 2.98e+02 || Step number: 1700/30000
[[32m[1m INFO  [21m[0m] longdy = 3.60e+00      || longdy/dt = 2.82e-02  || dt = 1.85e+00
[[32m[1m INFO  [21m[0m] from nz = 18 and SO2
[[32m[1m INFO  [21m[0m] -----------------------------------------------------------------
[[32m[1m INFO  [21m[0m] Elapsed time: 5.33e+02 || Step number: 1800/30000
[[32m[1m INFO  [21m[0m] longdy = 3.50e+00      || longdy/dt = 1.52e-02  || dt = 4.67e+00
[[32m[1m INFO  [21m[0m] from nz = 31 and HCS
[[32m[1m INFO  [21m[0m] -----------------------------------------------------------------
[[32m[1m INFO  [21m[0m] Elapsed time: 8.44e+02 || Step number: 1900/30000
[[32m[1m INFO  [21m[0m] longdy = 2.70e+00      || longdy/dt = 8.88e-03  || dt = 7.65e+00
[[32m[1m INFO  [21m[0m] from nz = 28 and HCS
[[32m[1m INFO  [21m[0m] -----------------------------------------------------------------
[[32m[1m INFO  [21m[0m] Elapsed time: 1.98e+03 || Step number: 2000/30000
[[32m[1m INFO  [21m[0m] longdy = 2.59e+04      || longdy/dt = 2.64e+01  || dt = 1.91e+01
[[32m[1m INFO  [21m[0m] from nz = 27 and CS
[[32m[1m INFO  [21m[0m] -----------------------------------------------------------------
[[32m[1m INFO  [21m[0m] Elapsed time: 5.51e+03 || Step number: 2100/30000
[[32m[1m INFO  [21m[0m] longdy = 2.87e+04      || longdy/dt = 1.06e+01  || dt = 8.15e+01
[[32m[1m INFO  [21m[0m] from nz = 30 and CS
[[32m[1m INFO  [21m[0m] -----------------------------------------------------------------
[[32m[1m INFO  [21m[0m] Elapsed time: 2.76e+04 || Step number: 2200/30000
[[32m[1m INFO  [21m[0m] longdy = 8.58e+00      || longdy/dt = 6.30e-04  || dt = 5.66e+02
[[32m[1m INFO  [21m[0m] from nz = 0 and S8
[[32m[1m INFO  [21m[0m] -----------------------------------------------------------------
[[32m[1m INFO  [21m[0m] Elapsed time: 4.56e+04 || Step number: 2300/30000
[[32m[1m INFO  [21m[0m] longdy = 2.00e+00      || longdy/dt = 1.11e-04  || dt = 4.28e-01
[[32m[1m INFO  [21m[0m] from nz = 0 and S8
[[32m[1m INFO  [21m[0m] -----------------------------------------------------------------
[[32m[1m INFO  [21m[0m] Elapsed time: 5.20e+04 || Step number: 2400/30000
[[32m[1m INFO  [21m[0m] longdy = 9.15e-01      || longdy/dt = 1.51e-04  || dt = 3.68e+02
[[32m[1m INFO  [21m[0m] from nz = 9 and C6H6
[[32m[1m INFO  [21m[0m] -----------------------------------------------------------------
[[32m[1m INFO  [21m[0m] Elapsed time: 7.03e+04 || Step number: 2500/30000
[[32m[1m INFO  [21m[0m] longdy = 6.01e+00      || longdy/dt = 3.28e-04  || dt = 7.46e-01
[[32m[1m INFO  [21m[0m] from nz = 35 and CS
[[32m[1m INFO  [21m[0m] -----------------------------------------------------------------
[[32m[1m INFO  [21m[0m] Elapsed time: 7.27e+04 || Step number: 2600/30000
[[32m[1m INFO  [21m[0m] longdy = 6.01e-01      || longdy/dt = 2.53e-04  || dt = 6.85e+01
[[32m[1m INFO  [21m[0m] from nz = 16 and C6H6
[[32m[1m INFO  [21m[0m] -----------------------------------------------------------------
[[32m[1m INFO  [21m[0m] Elapsed time: 7.48e+04 || Step number: 2700/30000
[[32m[1m INFO  [21m[0m] longdy = 5.58e-01      || longdy/dt = 2.67e-04  || dt = 1.90e+01
[[32m[1m INFO  [21m[0m] from nz = 17 and C6H6
[[32m[1m INFO  [21m[0m] -----------------------------------------------------------------
[[32m[1m INFO  [21m[0m] Elapsed time: 8.07e+04 || Step number: 2800/30000
[[32m[1m INFO  [21m[0m] longdy = 9.13e-01      || longdy/dt = 1.62e-04  || dt = 2.66e+02
[[32m[1m INFO  [21m[0m] from nz = 36 and CS
[[32m[1m INFO  [21m[0m] -----------------------------------------------------------------
[[32m[1m INFO  [21m[0m] Elapsed time: 1.04e+05 || Step number: 2900/30000
[[32m[1m INFO  [21m[0m] longdy = 3.65e+01      || longdy/dt = 1.59e-03  || dt = 9.06e+01
[[32m[1m INFO  [21m[0m] from nz = 37 and CS
[[32m[1m INFO  [21m[0m] -----------------------------------------------------------------
[[32m[1m INFO  [21m[0m] Elapsed time: 1.14e+05 || Step number: 3000/30000
[[32m[1m INFO  [21m[0m] longdy = 1.51e+01      || longdy/dt = 1.42e-03  || dt = 1.74e+00
[[32m[1m INFO  [21m[0m] from nz = 39 and CS
[[32m[1m INFO  [21m[0m] -----------------------------------------------------------------
[[32m[1m INFO  [21m[0m] Elapsed time: 1.23e+05 || Step number: 3100/30000
[[32m[1m INFO  [21m[0m] longdy = 7.12e+00      || longdy/dt = 8.37e-04  || dt = 3.17e-05
[[32m[1m INFO  [21m[0m] from nz = 41 and CS
[[32m[1m INFO  [21m[0m] -----------------------------------------------------------------
[[32m[1m INFO  [21m[0m] Elapsed time: 1.26e+05 || Step number: 3200/30000
[[32m[1m INFO  [21m[0m] longdy = 7.78e-01      || longdy/dt = 2.39e-04  || dt = 1.50e-01
[[32m[1m INFO  [21m[0m] from nz = 25 and HCS
[[32m[1m INFO  [21m[0m] -----------------------------------------------------------------
[[32m[1m INFO  [21m[0m] Elapsed time: 1.32e+05 || Step number: 3300/30000
[[32m[1m INFO  [21m[0m] longdy = 1.90e+00      || longdy/dt = 3.24e-04  || dt = 3.05e+02
[[32m[1m INFO  [21m[0m] from nz = 42 and CS
[[32m[1m INFO  [21m[0m] -----------------------------------------------------------------
[[32m[1m INFO  [21m[0m] Elapsed time: 1.42e+05 || Step number: 3400/30000
[[32m[1m INFO  [21m[0m] longdy = 4.82e+00      || longdy/dt = 4.94e-04  || dt = 6.05e+02
[[32m[1m INFO  [21m[0m] from nz = 37 and CH2
[[32m[1m INFO  [21m[0m] -----------------------------------------------------------------
[[32m[1m INFO  [21m[0m] Elapsed time: 1.45e+05 || Step number: 3500/30000
[[32m[1m INFO  [21m[0m] longdy = 1.41e+00      || longdy/dt = 5.06e-04  || dt = 2.16e+02
[[32m[1m INFO  [21m[0m] from nz = 49 and C3H3
[[32m[1m INFO  [21m[0m] -----------------------------------------------------------------
[[32m[1m INFO  [21m[0m] Elapsed time: 1.52e+05 || Step number: 3600/30000
[[32m[1m INFO  [21m[0m] longdy = 1.15e+00      || longdy/dt = 1.71e-04  || dt = 5.69e+02
[[32m[1m INFO  [21m[0m] from nz = 24 and H2O2
[[32m[1m INFO  [21m[0m] -----------------------------------------------------------------
[[32m[1m INFO  [21m[0m] Elapsed time: 1.62e+05 || Step number: 3700/30000
[[32m[1m INFO  [21m[0m] longdy = 9.76e-01      || longdy/dt = 1.08e-04  || dt = 5.62e+02
[[32m[1m INFO  [21m[0m] from nz = 22 and N2H2
[[32m[1m INFO  [21m[0m] -----------------------------------------------------------------
[[32m[1m INFO  [21m[0m] Elapsed time: 1.74e+05 || Step number: 3800/30000
[[32m[1m INFO  [21m[0m] longdy = 6.52e-01      || longdy/dt = 5.30e-05  || dt = 5.12e+02
[[32m[1m INFO  [21m[0m] from nz = 21 and NS
[[32m[1m INFO  [21m[0m] -----------------------------------------------------------------
[[32m[1m INFO  [21m[0m] Elapsed time: 1.88e+05 || Step number: 3900/30000
[[32m[1m INFO  [21m[0m] longdy = 4.59e-01      || longdy/dt = 3.44e-05  || dt = 5.13e+02
[[32m[1m INFO  [21m[0m] from nz = 35 and NCO
[[32m[1m INFO  [21m[0m] -----------------------------------------------------------------
[[32m[1m INFO  [21m[0m] Elapsed time: 2.01e+05 || Step number: 4000/30000
[[32m[1m INFO  [21m[0m] longdy = 2.85e-01      || longdy/dt = 2.25e-05  || dt = 5.05e+02
[[32m[1m INFO  [21m[0m] from nz = 34 and NCO
[[32m[1m INFO  [21m[0m] -----------------------------------------------------------------
[[32m[1m INFO  [21m[0m] Elapsed time: 2.15e+05 || Step number: 4100/30000
[[32m[1m INFO  [21m[0m] longdy = 1.39e-01      || longdy/dt = 1.01e-05  || dt = 3.91e+02
[[32m[1m INFO  [21m[0m] from nz = 22 and S8
[[32m[1m INFO  [21m[0m] -----------------------------------------------------------------
[[32m[1m INFO  [21m[0m] Elapsed time: 2.29e+05 || Step number: 4200/30000
[[32m[1m INFO  [21m[0m] longdy = 8.16e-02      || longdy/dt = 5.81e-06  || dt = 4.26e+02
[[32m[1m INFO  [21m[0m] from nz = 22 and S8
[[32m[1m INFO  [21m[0m] -----------------------------------------------------------------
[[32m[1m INFO  [21m[0m] Elapsed time: 2.58e+05 || Step number: 4300/30000
[[32m[1m INFO  [21m[0m] longdy = 6.70e-02      || longdy/dt = 2.36e-06  || dt = 5.89e+02
[[32m[1m INFO  [21m[0m] from nz = 22 and S8
[[32m[1m INFO  [21m[0m] -----------------------------------------------------------------
[[32m[1m INFO  [21m[0m] Elapsed time: 3.05e+05 || Step number: 4400/30000
[[32m[1m INFO  [21m[0m] longdy = 5.85e-02      || longdy/dt = 1.24e-06  || dt = 5.85e+02
[[32m[1m INFO  [21m[0m] from nz = 21 and NH
[[32m[1m INFO  [21m[0m] -----------------------------------------------------------------
[[32m[1m INFO  [21m[0m] Elapsed time: 3.91e+05 || Step number: 4500/30000
[[32m[1m INFO  [21m[0m] longdy = 1.28e-02      || longdy/dt = 1.51e-07  || dt = 1.22e+03
[[32m[1m INFO  [21m[0m] from nz = 16 and C4H2
[[32m[1m INFO  [21m[0m] -----------------------------------------------------------------
[[32m[1m INFO  [21m[0m] Elapsed time: 4.69e+05 || Step number: 4600/30000
[[32m[1m INFO  [21m[0m] longdy = 1.66e-02      || longdy/dt = 2.15e-07  || dt = 1.33e+03
[[32m[1m INFO  [21m[0m] from nz = 15 and C4H2
[[32m[1m INFO  [21m[0m] -----------------------------------------------------------------
[[32m[1m INFO  [21m[0m] Integration successful with 4611 steps
[[32m[1m INFO  [21m[0m] long dy, long dydt = 0.013188744985886434, 1.654409055706144e-07
[[32m[1m INFO  [21m[0m] Total atom loss:
[[32m[1m INFO  [21m[0m] H: 0.15222331905209202 
[[32m[1m INFO  [21m[0m] O: -0.05533581583504293 
[[32m[1m INFO  [21m[0m] C: 8.191506802554555 
[[32m[1m INFO  [21m[0m] N: 1.2427360258664073 
[[32m[1m INFO  [21m[0m] S: 2.98460394286245 
[[32m[1m INFO  [21m[0m] ------ Live long and prosper \V/ ------
[[32m[1m INFO  [21m[0m]     done
Atmodeller initialized with double precision (float64)
[[93m[1m WARNING [21m[0m] The archive tar file does not exist: /data/rdc49-2/K218b_project/simulation_data/grid_H1_C1_N2_S2_fO22__from_batch09_case_000058__7_crash_atmos_chem_step_vulcan_chem_funs_race_syntax_error/data/data.tar
[[32m[1m INFO  [21m[0m] Observing the planet...
Loading PHOENIX star table in file '/data/rdc49-2/FWL_DATA/prt/input_data/stellar_spectra/phoenix/phoenix.startable.petitRADTRANS.h5'... Done.
