Atmodeller initialized with double precision (float64)
[[93m[1m WARNING [21m[0m] The archive tar file does not exist: /data/rdc49-2/K218b_project/simulation_data/grid_H1_C2_N2_S2_fO22__from_batch10_case_000042__7_crash_atmos_chem_step_vulcan_chem_funs_race_syntax_error/data/data.tar
[[32m[1m INFO  [21m[0m] Running atmospheric chemistry...
[[32m[1m INFO  [21m[0m]     Using vulcan module, offline
[[32m[1m INFO  [21m[0m] Elements conserved in the network.
[[32m[1m INFO  [21m[0m] No duplicates in the network.
[[32m[1m INFO  [21m[0m] Elements conserved in the network.
[[32m[1m INFO  [21m[0m] No duplicates in the network.
[[32m[1m INFO  [21m[0m] Running VULCAN
[[93m[1m WARNING [21m[0m] P_b and P_t assgined in vulcan.cfg are out of range of the input. Constant extension is used.
[[32m[1m INFO  [21m[0m] Initializing with compositions from ASCII file /data/rdc49-2/K218b_project/simulation_data/grid_H1_C2_N2_S2_fO22__from_batch10_case_000042__7_crash_atmos_chem_step_vulcan_chem_funs_race_syntax_error/offchem/vmrs.dat
[[32m[1m INFO  [21m[0m] Input stellar spectrum from 2.0 to 700.0
[[32m[1m INFO  [21m[0m] Using wavelength bins from 2.0 to 655.5
[[32m[1m INFO  [21m[0m] Include molecular diffusion.
[[32m[1m INFO  [21m[0m] Starting VULCAN integration with 1 threads...
[[93m[1m WARNING [21m[0m] Keep producing negative values! Clipping negative solutions and moving on!
[[93m[1m WARNING [21m[0m] Keep producing negative values! Clipping negative solutions and moving on!
[[93m[1m WARNING [21m[0m] Keep producing negative values! Clipping negative solutions and moving on!
[[93m[1m WARNING [21m[0m] Keep producing negative values! Clipping negative solutions and moving on!
[[93m[1m WARNING [21m[0m] Keep producing negative values! Clipping negative solutions and moving on!
[[93m[1m WARNING [21m[0m] Keep producing negative values! Clipping negative solutions and moving on!
[[93m[1m WARNING [21m[0m] Keep producing negative values! Clipping negative solutions and moving on!
[[93m[1m WARNING [21m[0m] Keep producing negative values! Clipping negative solutions and moving on!
[[93m[1m WARNING [21m[0m] Keep producing negative values! Clipping negative solutions and moving on!
[[93m[1m WARNING [21m[0m] Keep producing negative values! Clipping negative solutions and moving on!
[[93m[1m WARNING [21m[0m] Keep producing negative values! Clipping negative solutions and moving on!
[[93m[1m WARNING [21m[0m] Keep producing negative values! Clipping negative solutions and moving on!
[[93m[1m WARNING [21m[0m] Keep producing negative values! Clipping negative solutions and moving on!
[[93m[1m WARNING [21m[0m] Keep producing negative values! Clipping negative solutions and moving on!
[[93m[1m WARNING [21m[0m] Keep producing negative values! Clipping negative solutions and moving on!
[[32m[1m INFO  [21m[0m] Elapsed time: 5.39e-06 || Step number: 100/30000
[[32m[1m INFO  [21m[0m] longdy = 1.00e+00      || longdy/dt = 1.00e+00  || dt = 1.38e-07
[[32m[1m INFO  [21m[0m] from nz = 0 and OH
[[32m[1m INFO  [21m[0m] -----------------------------------------------------------------
[[32m[1m INFO  [21m[0m] Elapsed time: 2.70e-05 || Step number: 200/30000
[[32m[1m INFO  [21m[0m] longdy = 1.00e+00      || longdy/dt = 1.00e+00  || dt = 3.69e-07
[[32m[1m INFO  [21m[0m] from nz = 0 and OH
[[32m[1m INFO  [21m[0m] -----------------------------------------------------------------
[[32m[1m INFO  [21m[0m] Elapsed time: 1.22e-04 || Step number: 300/30000
[[32m[1m INFO  [21m[0m] longdy = 1.00e+00      || longdy/dt = 1.00e+00  || dt = 1.79e-06
[[32m[1m INFO  [21m[0m] from nz = 0 and OH
[[32m[1m INFO  [21m[0m] -----------------------------------------------------------------
[[32m[1m INFO  [21m[0m] Elapsed time: 5.58e-04 || Step number: 400/30000
[[32m[1m INFO  [21m[0m] longdy = 1.00e+00      || longdy/dt = 1.00e+00  || dt = 7.46e-06
[[32m[1m INFO  [21m[0m] from nz = 0 and OH
[[32m[1m INFO  [21m[0m] -----------------------------------------------------------------
[[32m[1m INFO  [21m[0m] Elapsed time: 2.47e-03 || Step number: 500/30000
[[32m[1m INFO  [21m[0m] longdy = 1.00e+00      || longdy/dt = 1.00e+00  || dt = 2.97e-05
[[32m[1m INFO  [21m[0m] from nz = 0 and OH
[[32m[1m INFO  [21m[0m] -----------------------------------------------------------------
[[32m[1m INFO  [21m[0m] Elapsed time: 1.09e-02 || Step number: 600/30000
[[32m[1m INFO  [21m[0m] longdy = 1.00e+00      || longdy/dt = 1.00e+00  || dt = 1.76e-04
[[32m[1m INFO  [21m[0m] from nz = 0 and OH
[[32m[1m INFO  [21m[0m] -----------------------------------------------------------------
[[32m[1m INFO  [21m[0m] Elapsed time: 4.06e-02 || Step number: 700/30000
[[32m[1m INFO  [21m[0m] longdy = 1.00e+00      || longdy/dt = 1.00e+00  || dt = 4.63e-04
[[32m[1m INFO  [21m[0m] from nz = 0 and OH
[[32m[1m INFO  [21m[0m] -----------------------------------------------------------------
[[32m[1m INFO  [21m[0m] Elapsed time: 1.39e-01 || Step number: 800/30000
[[32m[1m INFO  [21m[0m] longdy = 1.00e+00      || longdy/dt = 1.00e+00  || dt = 1.29e-03
[[32m[1m INFO  [21m[0m] from nz = 0 and OH
[[32m[1m INFO  [21m[0m] -----------------------------------------------------------------
[[32m[1m INFO  [21m[0m] Elapsed time: 4.28e-01 || Step number: 900/30000
[[32m[1m INFO  [21m[0m] longdy = 1.00e+00      || longdy/dt = 1.00e+00  || dt = 4.58e-03
[[32m[1m INFO  [21m[0m] from nz = 0 and OH
[[32m[1m INFO  [21m[0m] -----------------------------------------------------------------
[[32m[1m INFO  [21m[0m] Elapsed time: 1.09e+00 || Step number: 1000/30000
[[32m[1m INFO  [21m[0m] longdy = 1.00e+00      || longdy/dt = 1.00e+00  || dt = 1.72e-02
[[32m[1m INFO  [21m[0m] from nz = 0 and OH
[[32m[1m INFO  [21m[0m] -----------------------------------------------------------------
[[32m[1m INFO  [21m[0m] Elapsed time: 2.70e+00 || Step number: 1100/30000
[[32m[1m INFO  [21m[0m] longdy = 1.00e+00      || longdy/dt = 1.00e+00  || dt = 3.09e-02
[[32m[1m INFO  [21m[0m] from nz = 0 and OH
[[32m[1m INFO  [21m[0m] -----------------------------------------------------------------
[[32m[1m INFO  [21m[0m] Elapsed time: 5.85e+00 || Step number: 1200/30000
[[32m[1m INFO  [21m[0m] longdy = 1.00e+00      || longdy/dt = 1.00e+00  || dt = 5.93e-02
[[32m[1m INFO  [21m[0m] from nz = 0 and OH
[[32m[1m INFO  [21m[0m] -----------------------------------------------------------------
[[32m[1m INFO  [21m[0m] Elapsed time: 1.15e+01 || Step number: 1300/30000
[[32m[1m INFO  [21m[0m] longdy = 1.00e+00      || longdy/dt = 1.00e+00  || dt = 1.04e-01
[[32m[1m INFO  [21m[0m] from nz = 0 and OH
[[32m[1m INFO  [21m[0m] -----------------------------------------------------------------
[[32m[1m INFO  [21m[0m] Elapsed time: 2.18e+01 || Step number: 1400/30000
[[32m[1m INFO  [21m[0m] longdy = 1.00e+00      || longdy/dt = 1.00e+00  || dt = 1.89e-01
[[32m[1m INFO  [21m[0m] from nz = 0 and OH
[[32m[1m INFO  [21m[0m] -----------------------------------------------------------------
[[32m[1m INFO  [21m[0m] Elapsed time: 4.13e+01 || Step number: 1500/30000
[[32m[1m INFO  [21m[0m] longdy = 1.00e+00      || longdy/dt = 1.00e+00  || dt = 3.26e-01
[[32m[1m INFO  [21m[0m] from nz = 0 and OH
[[32m[1m INFO  [21m[0m] -----------------------------------------------------------------
[[32m[1m INFO  [21m[0m] Elapsed time: 7.47e+01 || Step number: 1600/30000
[[32m[1m INFO  [21m[0m] longdy = 1.00e+00      || longdy/dt = 1.00e+00  || dt = 5.25e-01
[[32m[1m INFO  [21m[0m] from nz = 0 and OH
[[32m[1m INFO  [21m[0m] -----------------------------------------------------------------
[[32m[1m INFO  [21m[0m] Elapsed time: 1.32e+02 || Step number: 1700/30000
[[32m[1m INFO  [21m[0m] longdy = 4.42e+00      || longdy/dt = 7.82e-02  || dt = 9.35e-01
[[32m[1m INFO  [21m[0m] from nz = 20 and S4
[[32m[1m INFO  [21m[0m] -----------------------------------------------------------------
[[32m[1m INFO  [21m[0m] Elapsed time: 2.35e+02 || Step number: 1800/30000
[[32m[1m INFO  [21m[0m] longdy = 7.07e+00      || longdy/dt = 6.97e-02  || dt = 1.62e+00
[[32m[1m INFO  [21m[0m] from nz = 20 and S4
[[32m[1m INFO  [21m[0m] -----------------------------------------------------------------
[[32m[1m INFO  [21m[0m] Elapsed time: 4.23e+02 || Step number: 1900/30000
[[32m[1m INFO  [21m[0m] longdy = 6.42e+00      || longdy/dt = 3.47e-02  || dt = 2.67e+00
[[32m[1m INFO  [21m[0m] from nz = 33 and HCS
[[32m[1m INFO  [21m[0m] -----------------------------------------------------------------
[[32m[1m INFO  [21m[0m] Elapsed time: 8.81e+02 || Step number: 2000/30000
[[32m[1m INFO  [21m[0m] longdy = 9.00e+00      || longdy/dt = 2.06e-02  || dt = 7.91e+00
[[32m[1m INFO  [21m[0m] from nz = 29 and HCS
[[32m[1m INFO  [21m[0m] -----------------------------------------------------------------
[[32m[1m INFO  [21m[0m] Elapsed time: 2.25e+03 || Step number: 2100/30000
[[32m[1m INFO  [21m[0m] longdy = 7.24e+04      || longdy/dt = 6.51e+01  || dt = 1.97e+01
[[32m[1m INFO  [21m[0m] from nz = 27 and CS
[[32m[1m INFO  [21m[0m] -----------------------------------------------------------------
[[32m[1m INFO  [21m[0m] Elapsed time: 5.21e+03 || Step number: 2200/30000
[[32m[1m INFO  [21m[0m] longdy = 6.06e+06      || longdy/dt = 2.35e+03  || dt = 4.43e+01
[[32m[1m INFO  [21m[0m] from nz = 31 and CS
[[32m[1m INFO  [21m[0m] -----------------------------------------------------------------
[[32m[1m INFO  [21m[0m] Elapsed time: 1.17e+04 || Step number: 2300/30000
[[32m[1m INFO  [21m[0m] longdy = 6.41e+04      || longdy/dt = 1.11e+01  || dt = 1.73e+02
[[32m[1m INFO  [21m[0m] from nz = 35 and CS
[[32m[1m INFO  [21m[0m] -----------------------------------------------------------------
[[32m[1m INFO  [21m[0m] Elapsed time: 3.53e+04 || Step number: 2400/30000
[[32m[1m INFO  [21m[0m] longdy = 5.43e+01      || longdy/dt = 3.14e-03  || dt = 7.54e+02
[[32m[1m INFO  [21m[0m] from nz = 2 and S8
[[32m[1m INFO  [21m[0m] -----------------------------------------------------------------
[[32m[1m INFO  [21m[0m] Elapsed time: 1.24e+05 || Step number: 2500/30000
[[32m[1m INFO  [21m[0m] longdy = 2.02e+01      || longdy/dt = 3.27e-04  || dt = 1.25e+03
[[32m[1m INFO  [21m[0m] from nz = 50 and S2O
[[32m[1m INFO  [21m[0m] -----------------------------------------------------------------
[[32m[1m INFO  [21m[0m] Elapsed time: 2.31e+05 || Step number: 2600/30000
[[32m[1m INFO  [21m[0m] longdy = 2.66e+01      || longdy/dt = 2.57e-04  || dt = 7.32e+03
[[32m[1m INFO  [21m[0m] from nz = 38 and CH2
[[32m[1m INFO  [21m[0m] -----------------------------------------------------------------
[[32m[1m INFO  [21m[0m] Elapsed time: 3.72e+05 || Step number: 2700/30000
[[32m[1m INFO  [21m[0m] longdy = 5.71e+00      || longdy/dt = 4.07e-05  || dt = 1.03e+03
[[32m[1m INFO  [21m[0m] from nz = 38 and CH2
[[32m[1m INFO  [21m[0m] -----------------------------------------------------------------
[[32m[1m INFO  [21m[0m] Elapsed time: 4.54e+05 || Step number: 2800/30000
[[32m[1m INFO  [21m[0m] longdy = 6.09e-01      || longdy/dt = 7.42e-06  || dt = 1.01e+03
[[32m[1m INFO  [21m[0m] from nz = 39 and CH2
[[32m[1m INFO  [21m[0m] -----------------------------------------------------------------
[[32m[1m INFO  [21m[0m] Elapsed time: 5.16e+05 || Step number: 2900/30000
[[32m[1m INFO  [21m[0m] longdy = 2.62e-01      || longdy/dt = 4.36e-06  || dt = 1.45e+03
[[32m[1m INFO  [21m[0m] from nz = 50 and N2
[[32m[1m INFO  [21m[0m] -----------------------------------------------------------------
[[32m[1m INFO  [21m[0m] Elapsed time: 5.82e+05 || Step number: 3000/30000
[[32m[1m INFO  [21m[0m] longdy = 2.60e-01      || longdy/dt = 4.01e-06  || dt = 1.94e+03
[[32m[1m INFO  [21m[0m] from nz = 44 and CS
[[32m[1m INFO  [21m[0m] -----------------------------------------------------------------
[[32m[1m INFO  [21m[0m] Elapsed time: 6.53e+05 || Step number: 3100/30000
[[32m[1m INFO  [21m[0m] longdy = 2.87e-01      || longdy/dt = 4.10e-06  || dt = 2.80e+03
[[32m[1m INFO  [21m[0m] from nz = 27 and HCS
[[32m[1m INFO  [21m[0m] -----------------------------------------------------------------
[[32m[1m INFO  [21m[0m] Elapsed time: 7.38e+05 || Step number: 3200/30000
[[32m[1m INFO  [21m[0m] longdy = 2.69e-01      || longdy/dt = 3.30e-06  || dt = 6.29e+03
[[32m[1m INFO  [21m[0m] from nz = 27 and HCS
[[32m[1m INFO  [21m[0m] -----------------------------------------------------------------
[[32m[1m INFO  [21m[0m] Elapsed time: 8.37e+05 || Step number: 3300/30000
[[32m[1m INFO  [21m[0m] longdy = 2.98e-01      || longdy/dt = 3.08e-06  || dt = 3.67e+03
[[32m[1m INFO  [21m[0m] from nz = 27 and HCS
[[32m[1m INFO  [21m[0m] -----------------------------------------------------------------
[[32m[1m INFO  [21m[0m] Elapsed time: 9.82e+05 || Step number: 3400/30000
[[32m[1m INFO  [21m[0m] longdy = 2.93e-01      || longdy/dt = 2.09e-06  || dt = 4.46e+03
[[32m[1m INFO  [21m[0m] from nz = 27 and HCS
[[32m[1m INFO  [21m[0m] -----------------------------------------------------------------
[[32m[1m INFO  [21m[0m] Elapsed time: 1.20e+06 || Step number: 3500/30000
[[32m[1m INFO  [21m[0m] longdy = 3.18e-01      || longdy/dt = 1.53e-06  || dt = 1.05e+04
[[32m[1m INFO  [21m[0m] from nz = 26 and HCS
[[32m[1m INFO  [21m[0m] -----------------------------------------------------------------
[[32m[1m INFO  [21m[0m] Elapsed time: 1.41e+06 || Step number: 3600/30000
[[32m[1m INFO  [21m[0m] longdy = 2.28e-01      || longdy/dt = 1.12e-06  || dt = 6.83e+03
[[32m[1m INFO  [21m[0m] from nz = 26 and HCS
[[32m[1m INFO  [21m[0m] -----------------------------------------------------------------
[[32m[1m INFO  [21m[0m] Elapsed time: 1.59e+06 || Step number: 3700/30000
[[32m[1m INFO  [21m[0m] longdy = 1.37e-01      || longdy/dt = 7.30e-07  || dt = 1.43e+01
[[32m[1m INFO  [21m[0m] from nz = 16 and C4H2
[[32m[1m INFO  [21m[0m] -----------------------------------------------------------------
[[32m[1m INFO  [21m[0m] Elapsed time: 1.84e+06 || Step number: 3800/30000
[[32m[1m INFO  [21m[0m] longdy = 9.33e-01      || longdy/dt = 3.90e-06  || dt = 1.09e+04
[[32m[1m INFO  [21m[0m] from nz = 17 and C4H2
[[32m[1m INFO  [21m[0m] -----------------------------------------------------------------
[[32m[1m INFO  [21m[0m] Integration successful with 3884 steps
[[32m[1m INFO  [21m[0m] long dy, long dydt = 0.04642510776172242, 1.9415283053130906e-07
[[32m[1m INFO  [21m[0m] Total atom loss:
[[32m[1m INFO  [21m[0m] H: 0.01645985264503051 
[[32m[1m INFO  [21m[0m] O: -0.039863837196099434 
[[32m[1m INFO  [21m[0m] C: 0.12320485800154446 
[[32m[1m INFO  [21m[0m] N: -0.009925352640877096 
[[32m[1m INFO  [21m[0m] S: 0.7533387824302514 
[[32m[1m INFO  [21m[0m] ------ Live long and prosper \V/ ------
[[32m[1m INFO  [21m[0m]     done
Atmodeller initialized with double precision (float64)
[[93m[1m WARNING [21m[0m] The archive tar file does not exist: /data/rdc49-2/K218b_project/simulation_data/grid_H1_C2_N2_S2_fO22__from_batch10_case_000042__7_crash_atmos_chem_step_vulcan_chem_funs_race_syntax_error/data/data.tar
[[32m[1m INFO  [21m[0m] Observing the planet...
Loading PHOENIX star table in file '/data/rdc49-2/FWL_DATA/prt/input_data/stellar_spectra/phoenix/phoenix.startable.petitRADTRANS.h5'... Done.
