Atmodeller initialized with double precision (float64)
[[93m[1m WARNING [21m[0m] The archive tar file does not exist: /data/rdc49-2/K218b_project/simulation_data/grid_H2_C2_N1_S2_fO22__from_batch12_case_000006__7_crash_atmos_chem_step_vulcan_chem_funs_race_syntax_error/data/data.tar
[[32m[1m INFO  [21m[0m] Running atmospheric chemistry...
[[32m[1m INFO  [21m[0m]     Using vulcan module, offline
[[32m[1m INFO  [21m[0m] Elements conserved in the network.
[[32m[1m INFO  [21m[0m] No duplicates in the network.
[[32m[1m INFO  [21m[0m] Elements conserved in the network.
[[32m[1m INFO  [21m[0m] No duplicates in the network.
[[32m[1m INFO  [21m[0m] Running VULCAN
[[32m[1m INFO  [21m[0m] Initializing with compositions from ASCII file /data/rdc49-2/K218b_project/simulation_data/grid_H2_C2_N1_S2_fO22__from_batch12_case_000006__7_crash_atmos_chem_step_vulcan_chem_funs_race_syntax_error/offchem/vmrs.dat
[[32m[1m INFO  [21m[0m] Input stellar spectrum from 2.0 to 700.0
[[32m[1m INFO  [21m[0m] Using wavelength bins from 2.0 to 655.5
[[32m[1m INFO  [21m[0m] Include molecular diffusion.
[[32m[1m INFO  [21m[0m] Starting VULCAN integration with 1 threads...
[[93m[1m WARNING [21m[0m] Keep producing negative values! Clipping negative solutions and moving on!
[[93m[1m WARNING [21m[0m] Keep producing negative values! Clipping negative solutions and moving on!
[[93m[1m WARNING [21m[0m] Keep producing negative values! Clipping negative solutions and moving on!
[[93m[1m WARNING [21m[0m] Keep producing negative values! Clipping negative solutions and moving on!
[[93m[1m WARNING [21m[0m] Keep producing negative values! Clipping negative solutions and moving on!
[[93m[1m WARNING [21m[0m] Keep producing negative values! Clipping negative solutions and moving on!
[[93m[1m WARNING [21m[0m] Keep producing negative values! Clipping negative solutions and moving on!
[[93m[1m WARNING [21m[0m] Keep producing negative values! Clipping negative solutions and moving on!
[[93m[1m WARNING [21m[0m] Keep producing negative values! Clipping negative solutions and moving on!
[[93m[1m WARNING [21m[0m] Keep producing negative values! Clipping negative solutions and moving on!
[[93m[1m WARNING [21m[0m] Keep producing negative values! Clipping negative solutions and moving on!
[[93m[1m WARNING [21m[0m] Keep producing negative values! Clipping negative solutions and moving on!
[[93m[1m WARNING [21m[0m] Keep producing negative values! Clipping negative solutions and moving on!
[[32m[1m INFO  [21m[0m] Elapsed time: 5.57e-06 || Step number: 100/30000
[[32m[1m INFO  [21m[0m] longdy = 1.00e+00      || longdy/dt = 1.00e+00  || dt = 1.21e-07
[[32m[1m INFO  [21m[0m] from nz = 0 and OH
[[32m[1m INFO  [21m[0m] -----------------------------------------------------------------
[[32m[1m INFO  [21m[0m] Elapsed time: 2.73e-05 || Step number: 200/30000
[[32m[1m INFO  [21m[0m] longdy = 1.00e+00      || longdy/dt = 1.00e+00  || dt = 4.12e-07
[[32m[1m INFO  [21m[0m] from nz = 0 and OH
[[32m[1m INFO  [21m[0m] -----------------------------------------------------------------
[[32m[1m INFO  [21m[0m] Elapsed time: 1.20e-04 || Step number: 300/30000
[[32m[1m INFO  [21m[0m] longdy = 1.00e+00      || longdy/dt = 1.00e+00  || dt = 1.57e-06
[[32m[1m INFO  [21m[0m] from nz = 0 and OH
[[32m[1m INFO  [21m[0m] -----------------------------------------------------------------
[[32m[1m INFO  [21m[0m] Elapsed time: 5.26e-04 || Step number: 400/30000
[[32m[1m INFO  [21m[0m] longdy = 1.00e+00      || longdy/dt = 1.00e+00  || dt = 9.21e-06
[[32m[1m INFO  [21m[0m] from nz = 0 and OH
[[32m[1m INFO  [21m[0m] -----------------------------------------------------------------
[[32m[1m INFO  [21m[0m] Elapsed time: 2.38e-03 || Step number: 500/30000
[[32m[1m INFO  [21m[0m] longdy = 1.00e+00      || longdy/dt = 1.00e+00  || dt = 4.46e-05
[[32m[1m INFO  [21m[0m] from nz = 0 and OH
[[32m[1m INFO  [21m[0m] -----------------------------------------------------------------
[[32m[1m INFO  [21m[0m] Elapsed time: 1.04e-02 || Step number: 600/30000
[[32m[1m INFO  [21m[0m] longdy = 1.00e+00      || longdy/dt = 1.00e+00  || dt = 2.04e-04
[[32m[1m INFO  [21m[0m] from nz = 0 and OH
[[32m[1m INFO  [21m[0m] -----------------------------------------------------------------
[[32m[1m INFO  [21m[0m] Elapsed time: 3.60e-02 || Step number: 700/30000
[[32m[1m INFO  [21m[0m] longdy = 1.00e+00      || longdy/dt = 1.00e+00  || dt = 6.69e-04
[[32m[1m INFO  [21m[0m] from nz = 0 and OH
[[32m[1m INFO  [21m[0m] -----------------------------------------------------------------
[[32m[1m INFO  [21m[0m] Elapsed time: 1.14e-01 || Step number: 800/30000
[[32m[1m INFO  [21m[0m] longdy = 1.00e+00      || longdy/dt = 1.00e+00  || dt = 1.04e-03
[[32m[1m INFO  [21m[0m] from nz = 0 and OH
[[32m[1m INFO  [21m[0m] -----------------------------------------------------------------
[[32m[1m INFO  [21m[0m] Elapsed time: 3.53e-01 || Step number: 900/30000
[[32m[1m INFO  [21m[0m] longdy = 1.00e+00      || longdy/dt = 1.00e+00  || dt = 3.34e-03
[[32m[1m INFO  [21m[0m] from nz = 0 and OH
[[32m[1m INFO  [21m[0m] -----------------------------------------------------------------
[[32m[1m INFO  [21m[0m] Elapsed time: 9.84e-01 || Step number: 1000/30000
[[32m[1m INFO  [21m[0m] longdy = 1.00e+00      || longdy/dt = 1.00e+00  || dt = 1.15e-02
[[32m[1m INFO  [21m[0m] from nz = 0 and OH
[[32m[1m INFO  [21m[0m] -----------------------------------------------------------------
[[32m[1m INFO  [21m[0m] Elapsed time: 2.43e+00 || Step number: 1100/30000
[[32m[1m INFO  [21m[0m] longdy = 1.00e+00      || longdy/dt = 1.00e+00  || dt = 2.91e-02
[[32m[1m INFO  [21m[0m] from nz = 0 and OH
[[32m[1m INFO  [21m[0m] -----------------------------------------------------------------
[[32m[1m INFO  [21m[0m] Elapsed time: 5.29e+00 || Step number: 1200/30000
[[32m[1m INFO  [21m[0m] longdy = 1.00e+00      || longdy/dt = 1.00e+00  || dt = 5.65e-02
[[32m[1m INFO  [21m[0m] from nz = 0 and OH
[[32m[1m INFO  [21m[0m] -----------------------------------------------------------------
[[32m[1m INFO  [21m[0m] Elapsed time: 1.04e+01 || Step number: 1300/30000
[[32m[1m INFO  [21m[0m] longdy = 1.00e+00      || longdy/dt = 1.00e+00  || dt = 9.48e-02
[[32m[1m INFO  [21m[0m] from nz = 0 and OH
[[32m[1m INFO  [21m[0m] -----------------------------------------------------------------
[[32m[1m INFO  [21m[0m] Elapsed time: 1.95e+01 || Step number: 1400/30000
[[32m[1m INFO  [21m[0m] longdy = 1.00e+00      || longdy/dt = 1.00e+00  || dt = 1.61e-01
[[32m[1m INFO  [21m[0m] from nz = 0 and OH
[[32m[1m INFO  [21m[0m] -----------------------------------------------------------------
[[32m[1m INFO  [21m[0m] Elapsed time: 3.62e+01 || Step number: 1500/30000
[[32m[1m INFO  [21m[0m] longdy = 1.00e+00      || longdy/dt = 1.00e+00  || dt = 2.72e-01
[[32m[1m INFO  [21m[0m] from nz = 0 and OH
[[32m[1m INFO  [21m[0m] -----------------------------------------------------------------
[[32m[1m INFO  [21m[0m] Elapsed time: 6.42e+01 || Step number: 1600/30000
[[32m[1m INFO  [21m[0m] longdy = 1.00e+00      || longdy/dt = 1.00e+00  || dt = 4.68e-01
[[32m[1m INFO  [21m[0m] from nz = 0 and OH
[[32m[1m INFO  [21m[0m] -----------------------------------------------------------------
[[32m[1m INFO  [21m[0m] Elapsed time: 1.12e+02 || Step number: 1700/30000
[[32m[1m INFO  [21m[0m] longdy = 3.64e+00      || longdy/dt = 7.67e-02  || dt = 7.91e-01
[[32m[1m INFO  [21m[0m] from nz = 18 and SO2
[[32m[1m INFO  [21m[0m] -----------------------------------------------------------------
[[32m[1m INFO  [21m[0m] Elapsed time: 1.95e+02 || Step number: 1800/30000
[[32m[1m INFO  [21m[0m] longdy = 3.47e+00      || longdy/dt = 4.29e-02  || dt = 1.34e+00
[[32m[1m INFO  [21m[0m] from nz = 19 and O2
[[32m[1m INFO  [21m[0m] -----------------------------------------------------------------
[[32m[1m INFO  [21m[0m] Elapsed time: 3.20e+02 || Step number: 1900/30000
[[32m[1m INFO  [21m[0m] longdy = 5.13e+00      || longdy/dt = 4.13e-02  || dt = 2.25e+00
[[32m[1m INFO  [21m[0m] from nz = 33 and HCS
[[32m[1m INFO  [21m[0m] -----------------------------------------------------------------
[[32m[1m INFO  [21m[0m] Elapsed time: 6.43e+02 || Step number: 2000/30000
[[32m[1m INFO  [21m[0m] longdy = 1.58e+01      || longdy/dt = 4.96e-02  || dt = 5.66e+00
[[32m[1m INFO  [21m[0m] from nz = 29 and HCS
[[32m[1m INFO  [21m[0m] -----------------------------------------------------------------
[[32m[1m INFO  [21m[0m] Elapsed time: 1.51e+03 || Step number: 2100/30000
[[32m[1m INFO  [21m[0m] longdy = 5.34e+04      || longdy/dt = 7.10e+01  || dt = 1.52e+01
[[32m[1m INFO  [21m[0m] from nz = 27 and CS
[[32m[1m INFO  [21m[0m] -----------------------------------------------------------------
[[32m[1m INFO  [21m[0m] Elapsed time: 2.67e+03 || Step number: 2200/30000
[[32m[1m INFO  [21m[0m] longdy = 1.84e+05      || longdy/dt = 1.61e+02  || dt = 2.80e+01
[[32m[1m INFO  [21m[0m] from nz = 29 and CS
[[32m[1m INFO  [21m[0m] -----------------------------------------------------------------
[[32m[1m INFO  [21m[0m] Elapsed time: 4.08e+03 || Step number: 2300/30000
[[32m[1m INFO  [21m[0m] longdy = 4.70e+03      || longdy/dt = 3.38e+00  || dt = 2.08e+01
[[32m[1m INFO  [21m[0m] from nz = 32 and CS
[[32m[1m INFO  [21m[0m] -----------------------------------------------------------------
[[32m[1m INFO  [21m[0m] Elapsed time: 5.65e+03 || Step number: 2400/30000
[[32m[1m INFO  [21m[0m] longdy = 2.10e+02      || longdy/dt = 1.39e-01  || dt = 5.64e+01
[[32m[1m INFO  [21m[0m] from nz = 33 and CS
[[32m[1m INFO  [21m[0m] -----------------------------------------------------------------
[[32m[1m INFO  [21m[0m] Elapsed time: 7.69e+03 || Step number: 2500/30000
[[32m[1m INFO  [21m[0m] longdy = 3.48e+01      || longdy/dt = 1.75e-02  || dt = 5.02e+01
[[32m[1m INFO  [21m[0m] from nz = 35 and CS
[[32m[1m INFO  [21m[0m] -----------------------------------------------------------------
[[32m[1m INFO  [21m[0m] Elapsed time: 1.04e+04 || Step number: 2600/30000
[[32m[1m INFO  [21m[0m] longdy = 1.11e+01      || longdy/dt = 4.06e-03  || dt = 1.99e-01
[[32m[1m INFO  [21m[0m] from nz = 36 and CS
[[32m[1m INFO  [21m[0m] -----------------------------------------------------------------
[[32m[1m INFO  [21m[0m] Elapsed time: 1.33e+04 || Step number: 2700/30000
[[32m[1m INFO  [21m[0m] longdy = 2.75e+00      || longdy/dt = 9.71e-04  || dt = 7.99e+01
[[32m[1m INFO  [21m[0m] from nz = 37 and CS
[[32m[1m INFO  [21m[0m] -----------------------------------------------------------------
[[32m[1m INFO  [21m[0m] Elapsed time: 1.68e+04 || Step number: 2800/30000
[[32m[1m INFO  [21m[0m] longdy = 1.49e+00      || longdy/dt = 4.32e-04  || dt = 6.25e+01
[[32m[1m INFO  [21m[0m] from nz = 37 and CS
[[32m[1m INFO  [21m[0m] -----------------------------------------------------------------
[[32m[1m INFO  [21m[0m] Elapsed time: 2.14e+04 || Step number: 2900/30000
[[32m[1m INFO  [21m[0m] longdy = 1.28e+00      || longdy/dt = 2.80e-04  || dt = 3.22e+01
[[32m[1m INFO  [21m[0m] from nz = 23 and S8
[[32m[1m INFO  [21m[0m] -----------------------------------------------------------------
[[32m[1m INFO  [21m[0m] Elapsed time: 2.69e+04 || Step number: 3000/30000
[[32m[1m INFO  [21m[0m] longdy = 1.25e+00      || longdy/dt = 2.26e-04  || dt = 9.62e+01
[[32m[1m INFO  [21m[0m] from nz = 22 and S4
[[32m[1m INFO  [21m[0m] -----------------------------------------------------------------
[[32m[1m INFO  [21m[0m] Elapsed time: 3.31e+04 || Step number: 3100/30000
[[32m[1m INFO  [21m[0m] longdy = 9.47e-01      || longdy/dt = 1.56e-04  || dt = 6.90e+01
[[32m[1m INFO  [21m[0m] from nz = 22 and S4
[[32m[1m INFO  [21m[0m] -----------------------------------------------------------------
[[32m[1m INFO  [21m[0m] Elapsed time: 4.20e+04 || Step number: 3200/30000
[[32m[1m INFO  [21m[0m] longdy = 2.09e+00      || longdy/dt = 2.36e-04  || dt = 1.11e+02
[[32m[1m INFO  [21m[0m] from nz = 38 and CS
[[32m[1m INFO  [21m[0m] -----------------------------------------------------------------
[[32m[1m INFO  [21m[0m] Elapsed time: 4.98e+04 || Step number: 3300/30000
[[32m[1m INFO  [21m[0m] longdy = 2.15e+00      || longdy/dt = 2.79e-04  || dt = 8.47e+01
[[32m[1m INFO  [21m[0m] from nz = 39 and CS
[[32m[1m INFO  [21m[0m] -----------------------------------------------------------------
[[32m[1m INFO  [21m[0m] Elapsed time: 5.83e+04 || Step number: 3400/30000
[[32m[1m INFO  [21m[0m] longdy = 2.04e+00      || longdy/dt = 2.42e-04  || dt = 1.33e+02
[[32m[1m INFO  [21m[0m] from nz = 40 and CS
[[32m[1m INFO  [21m[0m] -----------------------------------------------------------------
[[32m[1m INFO  [21m[0m] Elapsed time: 6.52e+04 || Step number: 3500/30000
[[32m[1m INFO  [21m[0m] longdy = 1.12e+00      || longdy/dt = 1.65e-04  || dt = 2.51e+02
[[32m[1m INFO  [21m[0m] from nz = 40 and CS
[[32m[1m INFO  [21m[0m] -----------------------------------------------------------------
[[32m[1m INFO  [21m[0m] Elapsed time: 7.30e+04 || Step number: 3600/30000
[[32m[1m INFO  [21m[0m] longdy = 1.15e+00      || longdy/dt = 1.50e-04  || dt = 2.26e+02
[[32m[1m INFO  [21m[0m] from nz = 37 and CH2
[[32m[1m INFO  [21m[0m] -----------------------------------------------------------------
[[32m[1m INFO  [21m[0m] Elapsed time: 8.03e+04 || Step number: 3700/30000
[[32m[1m INFO  [21m[0m] longdy = 9.62e-01      || longdy/dt = 1.33e-04  || dt = 8.42e+01
[[32m[1m INFO  [21m[0m] from nz = 37 and CH2
[[32m[1m INFO  [21m[0m] -----------------------------------------------------------------
[[32m[1m INFO  [21m[0m] Elapsed time: 8.84e+04 || Step number: 3800/30000
[[32m[1m INFO  [21m[0m] longdy = 9.88e-01      || longdy/dt = 1.23e-04  || dt = 1.24e+02
[[32m[1m INFO  [21m[0m] from nz = 37 and CH2
[[32m[1m INFO  [21m[0m] -----------------------------------------------------------------
[[32m[1m INFO  [21m[0m] Elapsed time: 9.64e+04 || Step number: 3900/30000
[[32m[1m INFO  [21m[0m] longdy = 8.35e-01      || longdy/dt = 1.05e-04  || dt = 4.77e+01
[[32m[1m INFO  [21m[0m] from nz = 37 and CH2
[[32m[1m INFO  [21m[0m] -----------------------------------------------------------------
[[32m[1m INFO  [21m[0m] Elapsed time: 1.05e+05 || Step number: 4000/30000
[[32m[1m INFO  [21m[0m] longdy = 7.61e-01      || longdy/dt = 9.06e-05  || dt = 1.65e+02
[[32m[1m INFO  [21m[0m] from nz = 37 and CH2
[[32m[1m INFO  [21m[0m] -----------------------------------------------------------------
[[32m[1m INFO  [21m[0m] Elapsed time: 1.15e+05 || Step number: 4100/30000
[[32m[1m INFO  [21m[0m] longdy = 7.90e-01      || longdy/dt = 7.91e-05  || dt = 2.12e+02
[[32m[1m INFO  [21m[0m] from nz = 37 and CH2
[[32m[1m INFO  [21m[0m] -----------------------------------------------------------------
[[32m[1m INFO  [21m[0m] Elapsed time: 1.25e+05 || Step number: 4200/30000
[[32m[1m INFO  [21m[0m] longdy = 5.11e-01      || longdy/dt = 5.27e-05  || dt = 7.14e+01
[[32m[1m INFO  [21m[0m] from nz = 38 and CH2
[[32m[1m INFO  [21m[0m] -----------------------------------------------------------------
[[32m[1m INFO  [21m[0m] Elapsed time: 1.35e+05 || Step number: 4300/30000
[[32m[1m INFO  [21m[0m] longdy = 4.53e-01      || longdy/dt = 4.34e-05  || dt = 1.04e+02
[[32m[1m INFO  [21m[0m] from nz = 38 and CH2
[[32m[1m INFO  [21m[0m] -----------------------------------------------------------------
[[32m[1m INFO  [21m[0m] Elapsed time: 1.46e+05 || Step number: 4400/30000
[[32m[1m INFO  [21m[0m] longdy = 3.75e-01      || longdy/dt = 3.57e-05  || dt = 2.54e+02
[[32m[1m INFO  [21m[0m] from nz = 38 and CH2
[[32m[1m INFO  [21m[0m] -----------------------------------------------------------------
[[32m[1m INFO  [21m[0m] Elapsed time: 1.57e+05 || Step number: 4500/30000
[[32m[1m INFO  [21m[0m] longdy = 3.29e-01      || longdy/dt = 2.93e-05  || dt = 2.81e+02
[[32m[1m INFO  [21m[0m] from nz = 38 and CH2
[[32m[1m INFO  [21m[0m] -----------------------------------------------------------------
[[32m[1m INFO  [21m[0m] Elapsed time: 1.71e+05 || Step number: 4600/30000
[[32m[1m INFO  [21m[0m] longdy = 3.24e-01      || longdy/dt = 2.40e-05  || dt = 1.14e+02
[[32m[1m INFO  [21m[0m] from nz = 38 and CH2
[[32m[1m INFO  [21m[0m] -----------------------------------------------------------------
[[32m[1m INFO  [21m[0m] Elapsed time: 1.84e+05 || Step number: 4700/30000
[[32m[1m INFO  [21m[0m] longdy = 2.42e-01      || longdy/dt = 1.88e-05  || dt = 1.97e+02
[[32m[1m INFO  [21m[0m] from nz = 38 and CH2
[[32m[1m INFO  [21m[0m] -----------------------------------------------------------------
[[32m[1m INFO  [21m[0m] Elapsed time: 2.00e+05 || Step number: 4800/30000
[[32m[1m INFO  [21m[0m] longdy = 2.41e-01      || longdy/dt = 1.50e-05  || dt = 3.26e+02
[[32m[1m INFO  [21m[0m] from nz = 38 and CH2
[[32m[1m INFO  [21m[0m] -----------------------------------------------------------------
[[32m[1m INFO  [21m[0m] Elapsed time: 2.17e+05 || Step number: 4900/30000
[[32m[1m INFO  [21m[0m] longdy = 1.97e-01      || longdy/dt = 1.14e-05  || dt = 2.14e+02
[[32m[1m INFO  [21m[0m] from nz = 38 and CH2
[[32m[1m INFO  [21m[0m] -----------------------------------------------------------------
[[32m[1m INFO  [21m[0m] Elapsed time: 2.40e+05 || Step number: 5000/30000
[[32m[1m INFO  [21m[0m] longdy = 1.99e-01      || longdy/dt = 8.82e-06  || dt = 2.50e+02
[[32m[1m INFO  [21m[0m] from nz = 38 and CH2
[[32m[1m INFO  [21m[0m] -----------------------------------------------------------------
[[32m[1m INFO  [21m[0m] Elapsed time: 2.64e+05 || Step number: 5100/30000
[[32m[1m INFO  [21m[0m] longdy = 1.62e-01      || longdy/dt = 6.82e-06  || dt = 3.35e+02
[[32m[1m INFO  [21m[0m] from nz = 50 and N2
[[32m[1m INFO  [21m[0m] -----------------------------------------------------------------
[[32m[1m INFO  [21m[0m] Elapsed time: 2.88e+05 || Step number: 5200/30000
[[32m[1m INFO  [21m[0m] longdy = 1.32e-01      || longdy/dt = 5.56e-06  || dt = 8.06e+02
[[32m[1m INFO  [21m[0m] from nz = 50 and N2
[[32m[1m INFO  [21m[0m] -----------------------------------------------------------------
[[32m[1m INFO  [21m[0m] Elapsed time: 3.16e+05 || Step number: 5300/30000
[[32m[1m INFO  [21m[0m] longdy = 1.21e-01      || longdy/dt = 4.47e-06  || dt = 2.87e+02
[[32m[1m INFO  [21m[0m] from nz = 50 and N2
[[32m[1m INFO  [21m[0m] -----------------------------------------------------------------
[[32m[1m INFO  [21m[0m] Elapsed time: 3.43e+05 || Step number: 5400/30000
[[32m[1m INFO  [21m[0m] longdy = 9.95e-02      || longdy/dt = 3.60e-06  || dt = 2.30e+02
[[32m[1m INFO  [21m[0m] from nz = 50 and N2
[[32m[1m INFO  [21m[0m] -----------------------------------------------------------------
[[32m[1m INFO  [21m[0m] Elapsed time: 3.71e+05 || Step number: 5500/30000
[[32m[1m INFO  [21m[0m] longdy = 7.75e-02      || longdy/dt = 2.94e-06  || dt = 8.97e+02
[[32m[1m INFO  [21m[0m] from nz = 50 and N2
[[32m[1m INFO  [21m[0m] -----------------------------------------------------------------
[[32m[1m INFO  [21m[0m] Elapsed time: 4.00e+05 || Step number: 5600/30000
[[32m[1m INFO  [21m[0m] longdy = 7.03e-02      || longdy/dt = 2.37e-06  || dt = 1.40e+02
[[32m[1m INFO  [21m[0m] from nz = 38 and CH2
[[32m[1m INFO  [21m[0m] -----------------------------------------------------------------
[[32m[1m INFO  [21m[0m] Elapsed time: 4.36e+05 || Step number: 5700/30000
[[32m[1m INFO  [21m[0m] longdy = 8.32e-02      || longdy/dt = 2.34e-06  || dt = 9.14e+01
[[32m[1m INFO  [21m[0m] from nz = 38 and CH2
[[32m[1m INFO  [21m[0m] -----------------------------------------------------------------
[[32m[1m INFO  [21m[0m] Elapsed time: 4.66e+05 || Step number: 5800/30000
[[32m[1m INFO  [21m[0m] longdy = 4.57e-02      || longdy/dt = 1.55e-06  || dt = 2.94e+02
[[32m[1m INFO  [21m[0m] from nz = 38 and CH2
[[32m[1m INFO  [21m[0m] -----------------------------------------------------------------
[[32m[1m INFO  [21m[0m] Elapsed time: 5.08e+05 || Step number: 5900/30000
[[32m[1m INFO  [21m[0m] longdy = 7.20e-02      || longdy/dt = 1.73e-06  || dt = 7.31e+02
[[32m[1m INFO  [21m[0m] from nz = 38 and CH2
[[32m[1m INFO  [21m[0m] -----------------------------------------------------------------
[[32m[1m INFO  [21m[0m] Elapsed time: 5.47e+05 || Step number: 6000/30000
[[32m[1m INFO  [21m[0m] longdy = 5.12e-02      || longdy/dt = 1.29e-06  || dt = 6.64e+01
[[32m[1m INFO  [21m[0m] from nz = 38 and CH2
[[32m[1m INFO  [21m[0m] -----------------------------------------------------------------
[[32m[1m INFO  [21m[0m] Elapsed time: 5.93e+05 || Step number: 6100/30000
[[32m[1m INFO  [21m[0m] longdy = 4.78e-02      || longdy/dt = 1.07e-06  || dt = 1.31e+03
[[32m[1m INFO  [21m[0m] from nz = 38 and CH2
[[32m[1m INFO  [21m[0m] -----------------------------------------------------------------
[[32m[1m INFO  [21m[0m] Elapsed time: 6.39e+05 || Step number: 6200/30000
[[32m[1m INFO  [21m[0m] longdy = 3.59e-02      || longdy/dt = 8.04e-07  || dt = 1.17e+03
[[32m[1m INFO  [21m[0m] from nz = 38 and CH2
[[32m[1m INFO  [21m[0m] -----------------------------------------------------------------
[[32m[1m INFO  [21m[0m] Elapsed time: 6.86e+05 || Step number: 6300/30000
[[32m[1m INFO  [21m[0m] longdy = 2.78e-02      || longdy/dt = 5.94e-07  || dt = 9.13e+02
[[32m[1m INFO  [21m[0m] from nz = 38 and CH2
[[32m[1m INFO  [21m[0m] -----------------------------------------------------------------
[[32m[1m INFO  [21m[0m] Integration successful with 6316 steps
[[32m[1m INFO  [21m[0m] long dy, long dydt = 0.028199525249691732, 6.267363922211594e-07
[[32m[1m INFO  [21m[0m] Total atom loss:
[[32m[1m INFO  [21m[0m] H: 0.007666416919709915 
[[32m[1m INFO  [21m[0m] O: 0.09620834070283907 
[[32m[1m INFO  [21m[0m] C: 0.06902757033398776 
[[32m[1m INFO  [21m[0m] N: 0.03202156318051517 
[[32m[1m INFO  [21m[0m] S: 0.05955645272229672 
[[32m[1m INFO  [21m[0m] ------ Live long and prosper \V/ ------
[[32m[1m INFO  [21m[0m]     done
Atmodeller initialized with double precision (float64)
[[93m[1m WARNING [21m[0m] The archive tar file does not exist: /data/rdc49-2/K218b_project/simulation_data/grid_H2_C2_N1_S2_fO22__from_batch12_case_000006__7_crash_atmos_chem_step_vulcan_chem_funs_race_syntax_error/data/data.tar
[[32m[1m INFO  [21m[0m] Observing the planet...
Loading PHOENIX star table in file '/data/rdc49-2/FWL_DATA/prt/input_data/stellar_spectra/phoenix/phoenix.startable.petitRADTRANS.h5'... Done.
