Atmodeller initialized with double precision (float64)
[[93m[1m WARNING [21m[0m] The archive tar file does not exist: /data/rdc49-2/K218b_project/simulation_data/grid_H1_C2_N1_S1_fO20__from_batch02_case_000037__7_crash_atmos_chem_step_vulcan_chem_funs_race_missing_symjac/data/data.tar
[[32m[1m INFO  [21m[0m] Running atmospheric chemistry...
[[32m[1m INFO  [21m[0m]     Using vulcan module, offline
[[32m[1m INFO  [21m[0m] Elements conserved in the network.
[[32m[1m INFO  [21m[0m] No duplicates in the network.
[[32m[1m INFO  [21m[0m] Elements conserved in the network.
[[32m[1m INFO  [21m[0m] No duplicates in the network.
[[32m[1m INFO  [21m[0m] Running VULCAN
[[93m[1m WARNING [21m[0m] P_b and P_t assgined in vulcan.cfg are out of range of the input. Constant extension is used.
[[32m[1m INFO  [21m[0m] Initializing with compositions from ASCII file /data/rdc49-2/K218b_project/simulation_data/grid_H1_C2_N1_S1_fO20__from_batch02_case_000037__7_crash_atmos_chem_step_vulcan_chem_funs_race_missing_symjac/offchem/vmrs.dat
[[32m[1m INFO  [21m[0m] Input stellar spectrum from 2.0 to 700.0
[[32m[1m INFO  [21m[0m] Using wavelength bins from 2.0 to 655.5
[[32m[1m INFO  [21m[0m] Include molecular diffusion.
[[32m[1m INFO  [21m[0m] Starting VULCAN integration with 1 threads...
[[93m[1m WARNING [21m[0m] Keep producing negative values! Clipping negative solutions and moving on!
[[93m[1m WARNING [21m[0m] Keep producing negative values! Clipping negative solutions and moving on!
[[93m[1m WARNING [21m[0m] Keep producing negative values! Clipping negative solutions and moving on!
[[93m[1m WARNING [21m[0m] Keep producing negative values! Clipping negative solutions and moving on!
[[93m[1m WARNING [21m[0m] Keep producing negative values! Clipping negative solutions and moving on!
[[93m[1m WARNING [21m[0m] Keep producing negative values! Clipping negative solutions and moving on!
[[93m[1m WARNING [21m[0m] Keep producing negative values! Clipping negative solutions and moving on!
[[93m[1m WARNING [21m[0m] Keep producing negative values! Clipping negative solutions and moving on!
[[93m[1m WARNING [21m[0m] Keep producing negative values! Clipping negative solutions and moving on!
[[93m[1m WARNING [21m[0m] Keep producing negative values! Clipping negative solutions and moving on!
[[93m[1m WARNING [21m[0m] Keep producing negative values! Clipping negative solutions and moving on!
[[93m[1m WARNING [21m[0m] Keep producing negative values! Clipping negative solutions and moving on!
[[93m[1m WARNING [21m[0m] Keep producing negative values! Clipping negative solutions and moving on!
[[93m[1m WARNING [21m[0m] Keep producing negative values! Clipping negative solutions and moving on!
[[32m[1m INFO  [21m[0m] Elapsed time: 6.30e-06 || Step number: 100/30000
[[32m[1m INFO  [21m[0m] longdy = 1.00e+00      || longdy/dt = 1.00e+00  || dt = 1.81e-07
[[32m[1m INFO  [21m[0m] from nz = 0 and OH
[[32m[1m INFO  [21m[0m] -----------------------------------------------------------------
[[32m[1m INFO  [21m[0m] Elapsed time: 4.45e-05 || Step number: 200/30000
[[32m[1m INFO  [21m[0m] longdy = 1.00e+00      || longdy/dt = 1.00e+00  || dt = 7.57e-07
[[32m[1m INFO  [21m[0m] from nz = 0 and OH
[[32m[1m INFO  [21m[0m] -----------------------------------------------------------------
[[32m[1m INFO  [21m[0m] Elapsed time: 2.68e-04 || Step number: 300/30000
[[32m[1m INFO  [21m[0m] longdy = 1.00e+00      || longdy/dt = 1.00e+00  || dt = 5.54e-06
[[32m[1m INFO  [21m[0m] from nz = 0 and OH
[[32m[1m INFO  [21m[0m] -----------------------------------------------------------------
[[32m[1m INFO  [21m[0m] Elapsed time: 1.73e-03 || Step number: 400/30000
[[32m[1m INFO  [21m[0m] longdy = 1.00e+00      || longdy/dt = 1.00e+00  || dt = 4.00e-05
[[32m[1m INFO  [21m[0m] from nz = 0 and OH
[[32m[1m INFO  [21m[0m] -----------------------------------------------------------------
[[32m[1m INFO  [21m[0m] Elapsed time: 9.69e-03 || Step number: 500/30000
[[32m[1m INFO  [21m[0m] longdy = 1.00e+00      || longdy/dt = 1.00e+00  || dt = 1.61e-04
[[32m[1m INFO  [21m[0m] from nz = 0 and OH
[[32m[1m INFO  [21m[0m] -----------------------------------------------------------------
[[32m[1m INFO  [21m[0m] Elapsed time: 4.75e-02 || Step number: 600/30000
[[32m[1m INFO  [21m[0m] longdy = 1.00e+00      || longdy/dt = 1.00e+00  || dt = 6.71e-04
[[32m[1m INFO  [21m[0m] from nz = 0 and OH
[[32m[1m INFO  [21m[0m] -----------------------------------------------------------------
[[32m[1m INFO  [21m[0m] Elapsed time: 2.14e-01 || Step number: 700/30000
[[32m[1m INFO  [21m[0m] longdy = 1.00e+00      || longdy/dt = 1.00e+00  || dt = 2.84e-03
[[32m[1m INFO  [21m[0m] from nz = 0 and OH
[[32m[1m INFO  [21m[0m] -----------------------------------------------------------------
[[32m[1m INFO  [21m[0m] Elapsed time: 8.98e-01 || Step number: 800/30000
[[32m[1m INFO  [21m[0m] longdy = 1.00e+00      || longdy/dt = 1.00e+00  || dt = 1.17e-02
[[32m[1m INFO  [21m[0m] from nz = 0 and OH
[[32m[1m INFO  [21m[0m] -----------------------------------------------------------------
[[32m[1m INFO  [21m[0m] Elapsed time: 3.31e+00 || Step number: 900/30000
[[32m[1m INFO  [21m[0m] longdy = 1.00e+00      || longdy/dt = 1.00e+00  || dt = 4.45e-02
[[32m[1m INFO  [21m[0m] from nz = 0 and OH
[[32m[1m INFO  [21m[0m] -----------------------------------------------------------------
[[32m[1m INFO  [21m[0m] Elapsed time: 1.02e+01 || Step number: 1000/30000
[[32m[1m INFO  [21m[0m] longdy = 1.00e+00      || longdy/dt = 1.00e+00  || dt = 1.07e-01
[[32m[1m INFO  [21m[0m] from nz = 0 and OH
[[32m[1m INFO  [21m[0m] -----------------------------------------------------------------
[[32m[1m INFO  [21m[0m] Elapsed time: 2.49e+01 || Step number: 1100/30000
[[32m[1m INFO  [21m[0m] longdy = 1.00e+00      || longdy/dt = 1.00e+00  || dt = 2.11e-01
[[32m[1m INFO  [21m[0m] from nz = 0 and OH
[[32m[1m INFO  [21m[0m] -----------------------------------------------------------------
[[32m[1m INFO  [21m[0m] Elapsed time: 5.55e+01 || Step number: 1200/30000
[[32m[1m INFO  [21m[0m] longdy = 1.00e+00      || longdy/dt = 1.00e+00  || dt = 4.18e-01
[[32m[1m INFO  [21m[0m] from nz = 0 and OH
[[32m[1m INFO  [21m[0m] -----------------------------------------------------------------
[[32m[1m INFO  [21m[0m] Elapsed time: 1.11e+02 || Step number: 1300/30000
[[32m[1m INFO  [21m[0m] longdy = 7.51e+00      || longdy/dt = 1.35e-01  || dt = 8.16e-01
[[32m[1m INFO  [21m[0m] from nz = 44 and CH2
[[32m[1m INFO  [21m[0m] -----------------------------------------------------------------
[[32m[1m INFO  [21m[0m] Elapsed time: 1.87e+02 || Step number: 1400/30000
[[32m[1m INFO  [21m[0m] longdy = 5.35e+00      || longdy/dt = 7.11e-02  || dt = 9.16e-01
[[32m[1m INFO  [21m[0m] from nz = 39 and CH2
[[32m[1m INFO  [21m[0m] -----------------------------------------------------------------
[[32m[1m INFO  [21m[0m] Elapsed time: 2.83e+02 || Step number: 1500/30000
[[32m[1m INFO  [21m[0m] longdy = 4.69e+00      || longdy/dt = 5.02e-02  || dt = 2.04e+00
[[32m[1m INFO  [21m[0m] from nz = 39 and HCS
[[32m[1m INFO  [21m[0m] -----------------------------------------------------------------
[[32m[1m INFO  [21m[0m] Elapsed time: 3.71e+02 || Step number: 1600/30000
[[32m[1m INFO  [21m[0m] longdy = 3.06e+00      || longdy/dt = 3.55e-02  || dt = 2.56e+00
[[32m[1m INFO  [21m[0m] from nz = 37 and HCS
[[32m[1m INFO  [21m[0m] -----------------------------------------------------------------
[[32m[1m INFO  [21m[0m] Elapsed time: 4.51e+02 || Step number: 1700/30000
[[32m[1m INFO  [21m[0m] longdy = 2.05e+00      || longdy/dt = 2.60e-02  || dt = 1.47e+00
[[32m[1m INFO  [21m[0m] from nz = 36 and HCS
[[32m[1m INFO  [21m[0m] -----------------------------------------------------------------
[[32m[1m INFO  [21m[0m] Elapsed time: 5.37e+02 || Step number: 1800/30000
[[32m[1m INFO  [21m[0m] longdy = 1.81e+00      || longdy/dt = 2.12e-02  || dt = 8.04e-02
[[32m[1m INFO  [21m[0m] from nz = 35 and HCS
[[32m[1m INFO  [21m[0m] -----------------------------------------------------------------
[[32m[1m INFO  [21m[0m] Elapsed time: 5.86e+02 || Step number: 1900/30000
[[32m[1m INFO  [21m[0m] longdy = 7.97e-01      || longdy/dt = 1.63e-02  || dt = 1.99e-01
[[32m[1m INFO  [21m[0m] from nz = 33 and S8
[[32m[1m INFO  [21m[0m] -----------------------------------------------------------------
[[32m[1m INFO  [21m[0m] Elapsed time: 6.87e+02 || Step number: 2000/30000
[[32m[1m INFO  [21m[0m] longdy = 1.81e+00      || longdy/dt = 1.79e-02  || dt = 7.38e-05
[[32m[1m INFO  [21m[0m] from nz = 34 and HCS
[[32m[1m INFO  [21m[0m] -----------------------------------------------------------------
[[32m[1m INFO  [21m[0m] Elapsed time: 7.63e+02 || Step number: 2100/30000
[[32m[1m INFO  [21m[0m] longdy = 1.04e+00      || longdy/dt = 1.39e-02  || dt = 1.57e+00
[[32m[1m INFO  [21m[0m] from nz = 34 and HCS
[[32m[1m INFO  [21m[0m] -----------------------------------------------------------------
[[32m[1m INFO  [21m[0m] Elapsed time: 8.31e+02 || Step number: 2200/30000
[[32m[1m INFO  [21m[0m] longdy = 7.82e-01      || longdy/dt = 1.19e-02  || dt = 2.59e+00
[[32m[1m INFO  [21m[0m] from nz = 32 and S8
[[32m[1m INFO  [21m[0m] -----------------------------------------------------------------
[[32m[1m INFO  [21m[0m] Elapsed time: 9.00e+02 || Step number: 2300/30000
[[32m[1m INFO  [21m[0m] longdy = 7.68e-01      || longdy/dt = 1.15e-02  || dt = 2.69e+00
[[32m[1m INFO  [21m[0m] from nz = 31 and S8
[[32m[1m INFO  [21m[0m] -----------------------------------------------------------------
[[32m[1m INFO  [21m[0m] Elapsed time: 9.77e+02 || Step number: 2400/30000
[[32m[1m INFO  [21m[0m] longdy = 8.41e-01      || longdy/dt = 1.09e-02  || dt = 7.47e-03
[[32m[1m INFO  [21m[0m] from nz = 33 and HCS
[[32m[1m INFO  [21m[0m] -----------------------------------------------------------------
[[32m[1m INFO  [21m[0m] Elapsed time: 1.02e+03 || Step number: 2500/30000
[[32m[1m INFO  [21m[0m] longdy = 5.74e-01      || longdy/dt = 1.26e-02  || dt = 3.11e-01
[[32m[1m INFO  [21m[0m] from nz = 30 and S8
[[32m[1m INFO  [21m[0m] -----------------------------------------------------------------
[[32m[1m INFO  [21m[0m] Elapsed time: 1.13e+03 || Step number: 2600/30000
[[32m[1m INFO  [21m[0m] longdy = 1.12e+00      || longdy/dt = 1.09e-02  || dt = 6.81e-02
[[32m[1m INFO  [21m[0m] from nz = 32 and HCS
[[32m[1m INFO  [21m[0m] -----------------------------------------------------------------
[[32m[1m INFO  [21m[0m] Elapsed time: 1.18e+03 || Step number: 2700/30000
[[32m[1m INFO  [21m[0m] longdy = 5.66e-01      || longdy/dt = 1.07e-02  || dt = 8.39e-03
[[32m[1m INFO  [21m[0m] from nz = 29 and S8
[[32m[1m INFO  [21m[0m] -----------------------------------------------------------------
[[32m[1m INFO  [21m[0m] Elapsed time: 1.23e+03 || Step number: 2800/30000
[[32m[1m INFO  [21m[0m] longdy = 5.70e-01      || longdy/dt = 1.04e-02  || dt = 7.22e-05
[[32m[1m INFO  [21m[0m] from nz = 29 and S8
[[32m[1m INFO  [21m[0m] -----------------------------------------------------------------
[[32m[1m INFO  [21m[0m] Elapsed time: 1.32e+03 || Step number: 2900/30000
[[32m[1m INFO  [21m[0m] longdy = 8.21e-01      || longdy/dt = 8.92e-03  || dt = 4.48e-04
[[32m[1m INFO  [21m[0m] from nz = 31 and HCS
[[32m[1m INFO  [21m[0m] -----------------------------------------------------------------
[[32m[1m INFO  [21m[0m] Elapsed time: 1.41e+03 || Step number: 3000/30000
[[32m[1m INFO  [21m[0m] longdy = 7.29e-01      || longdy/dt = 8.44e-03  || dt = 1.45e-01
[[32m[1m INFO  [21m[0m] from nz = 31 and HCS
[[32m[1m INFO  [21m[0m] -----------------------------------------------------------------
[[32m[1m INFO  [21m[0m] Elapsed time: 1.51e+03 || Step number: 3100/30000
[[32m[1m INFO  [21m[0m] longdy = 8.31e-01      || longdy/dt = 8.21e-03  || dt = 1.66e+00
[[32m[1m INFO  [21m[0m] from nz = 31 and HCS
[[32m[1m INFO  [21m[0m] -----------------------------------------------------------------
[[32m[1m INFO  [21m[0m] Elapsed time: 1.57e+03 || Step number: 3200/30000
[[32m[1m INFO  [21m[0m] longdy = 4.85e-01      || longdy/dt = 8.52e-03  || dt = 6.65e-01
[[32m[1m INFO  [21m[0m] from nz = 28 and S8
[[32m[1m INFO  [21m[0m] -----------------------------------------------------------------
[[32m[1m INFO  [21m[0m] Elapsed time: 1.71e+03 || Step number: 3300/30000
[[32m[1m INFO  [21m[0m] longdy = 1.21e+00      || longdy/dt = 8.53e-03  || dt = 1.06e-07
[[32m[1m INFO  [21m[0m] from nz = 30 and HCS
[[32m[1m INFO  [21m[0m] -----------------------------------------------------------------
[[32m[1m INFO  [21m[0m] Elapsed time: 1.83e+03 || Step number: 3400/30000
[[32m[1m INFO  [21m[0m] longdy = 7.79e-01      || longdy/dt = 6.95e-03  || dt = 1.51e+00
[[32m[1m INFO  [21m[0m] from nz = 29 and HCS
[[32m[1m INFO  [21m[0m] -----------------------------------------------------------------
[[32m[1m INFO  [21m[0m] Elapsed time: 1.95e+03 || Step number: 3500/30000
[[32m[1m INFO  [21m[0m] longdy = 8.10e-01      || longdy/dt = 6.60e-03  || dt = 4.79e-02
[[32m[1m INFO  [21m[0m] from nz = 29 and HCS
[[32m[1m INFO  [21m[0m] -----------------------------------------------------------------
[[32m[1m INFO  [21m[0m] Elapsed time: 2.06e+03 || Step number: 3600/30000
[[32m[1m INFO  [21m[0m] longdy = 6.09e-01      || longdy/dt = 5.81e-03  || dt = 3.40e+00
[[32m[1m INFO  [21m[0m] from nz = 25 and S8
[[32m[1m INFO  [21m[0m] -----------------------------------------------------------------
[[32m[1m INFO  [21m[0m] Elapsed time: 2.20e+03 || Step number: 3700/30000
[[32m[1m INFO  [21m[0m] longdy = 6.89e-01      || longdy/dt = 5.05e-03  || dt = 1.87e+00
[[32m[1m INFO  [21m[0m] from nz = 25 and S8
[[32m[1m INFO  [21m[0m] -----------------------------------------------------------------
[[32m[1m INFO  [21m[0m] Elapsed time: 2.33e+03 || Step number: 3800/30000
[[32m[1m INFO  [21m[0m] longdy = 6.39e-01      || longdy/dt = 5.19e-03  || dt = 1.27e+01
[[32m[1m INFO  [21m[0m] from nz = 23 and S8
[[32m[1m INFO  [21m[0m] -----------------------------------------------------------------
[[32m[1m INFO  [21m[0m] Elapsed time: 2.43e+03 || Step number: 3900/30000
[[32m[1m INFO  [21m[0m] longdy = 5.57e-01      || longdy/dt = 5.36e-03  || dt = 1.80e-04
[[32m[1m INFO  [21m[0m] from nz = 23 and S8
[[32m[1m INFO  [21m[0m] -----------------------------------------------------------------
[[32m[1m INFO  [21m[0m] Elapsed time: 2.49e+03 || Step number: 4000/30000
[[32m[1m INFO  [21m[0m] longdy = 3.32e-01      || longdy/dt = 6.16e-03  || dt = 7.59e-03
[[32m[1m INFO  [21m[0m] from nz = 22 and S8
[[32m[1m INFO  [21m[0m] -----------------------------------------------------------------
[[32m[1m INFO  [21m[0m] Elapsed time: 2.54e+03 || Step number: 4100/30000
[[32m[1m INFO  [21m[0m] longdy = 3.35e-01      || longdy/dt = 5.95e-03  || dt = 9.27e-03
[[32m[1m INFO  [21m[0m] from nz = 22 and S8
[[32m[1m INFO  [21m[0m] -----------------------------------------------------------------
[[32m[1m INFO  [21m[0m] Elapsed time: 2.61e+03 || Step number: 4200/30000
[[32m[1m INFO  [21m[0m] longdy = 3.51e-01      || longdy/dt = 5.66e-03  || dt = 7.19e-03
[[32m[1m INFO  [21m[0m] from nz = 22 and S8
[[32m[1m INFO  [21m[0m] -----------------------------------------------------------------
[[32m[1m INFO  [21m[0m] Elapsed time: 2.73e+03 || Step number: 4300/30000
[[32m[1m INFO  [21m[0m] longdy = 5.47e-01      || longdy/dt = 4.53e-03  || dt = 8.38e+00
[[32m[1m INFO  [21m[0m] from nz = 22 and S8
[[32m[1m INFO  [21m[0m] -----------------------------------------------------------------
[[32m[1m INFO  [21m[0m] Elapsed time: 2.84e+03 || Step number: 4400/30000
[[32m[1m INFO  [21m[0m] longdy = 4.86e-01      || longdy/dt = 4.42e-03  || dt = 5.78e+00
[[32m[1m INFO  [21m[0m] from nz = 22 and S8
[[32m[1m INFO  [21m[0m] -----------------------------------------------------------------
[[32m[1m INFO  [21m[0m] Elapsed time: 2.90e+03 || Step number: 4500/30000
[[32m[1m INFO  [21m[0m] longdy = 2.82e-01      || longdy/dt = 4.85e-03  || dt = 1.68e+00
[[32m[1m INFO  [21m[0m] from nz = 22 and S8
[[32m[1m INFO  [21m[0m] -----------------------------------------------------------------
[[32m[1m INFO  [21m[0m] Elapsed time: 2.97e+03 || Step number: 4600/30000
[[32m[1m INFO  [21m[0m] longdy = 3.10e-01      || longdy/dt = 4.55e-03  || dt = 6.50e-07
[[32m[1m INFO  [21m[0m] from nz = 22 and S8
[[32m[1m INFO  [21m[0m] -----------------------------------------------------------------
[[32m[1m INFO  [21m[0m] Elapsed time: 3.06e+03 || Step number: 4700/30000
[[32m[1m INFO  [21m[0m] longdy = 3.66e-01      || longdy/dt = 4.14e-03  || dt = 6.96e+00
[[32m[1m INFO  [21m[0m] from nz = 22 and S8
[[32m[1m INFO  [21m[0m] -----------------------------------------------------------------
[[32m[1m INFO  [21m[0m] Elapsed time: 3.11e+03 || Step number: 4800/30000
[[32m[1m INFO  [21m[0m] longdy = 2.14e-01      || longdy/dt = 4.35e-03  || dt = 2.68e-06
[[32m[1m INFO  [21m[0m] from nz = 22 and S8
[[32m[1m INFO  [21m[0m] -----------------------------------------------------------------
[[32m[1m INFO  [21m[0m] Elapsed time: 3.18e+03 || Step number: 4900/30000
[[32m[1m INFO  [21m[0m] longdy = 2.48e-01      || longdy/dt = 4.10e-03  || dt = 1.79e+00
[[32m[1m INFO  [21m[0m] from nz = 22 and S8
[[32m[1m INFO  [21m[0m] -----------------------------------------------------------------
[[32m[1m INFO  [21m[0m] Elapsed time: 3.25e+03 || Step number: 5000/30000
[[32m[1m INFO  [21m[0m] longdy = 2.68e-01      || longdy/dt = 3.86e-03  || dt = 5.29e+00
[[32m[1m INFO  [21m[0m] from nz = 22 and S8
[[32m[1m INFO  [21m[0m] -----------------------------------------------------------------
[[32m[1m INFO  [21m[0m] Elapsed time: 3.34e+03 || Step number: 5100/30000
[[32m[1m INFO  [21m[0m] longdy = 3.26e-01      || longdy/dt = 3.49e-03  || dt = 3.95e-04
[[32m[1m INFO  [21m[0m] from nz = 22 and S8
[[32m[1m INFO  [21m[0m] -----------------------------------------------------------------
[[32m[1m INFO  [21m[0m] Elapsed time: 3.45e+03 || Step number: 5200/30000
[[32m[1m INFO  [21m[0m] longdy = 3.43e-01      || longdy/dt = 3.21e-03  || dt = 4.56e+00
[[32m[1m INFO  [21m[0m] from nz = 22 and S8
[[32m[1m INFO  [21m[0m] -----------------------------------------------------------------
[[32m[1m INFO  [21m[0m] Elapsed time: 3.52e+03 || Step number: 5300/30000
[[32m[1m INFO  [21m[0m] longdy = 2.22e-01      || longdy/dt = 3.25e-03  || dt = 1.15e+00
[[32m[1m INFO  [21m[0m] from nz = 22 and S8
[[32m[1m INFO  [21m[0m] -----------------------------------------------------------------
[[32m[1m INFO  [21m[0m] Elapsed time: 3.68e+03 || Step number: 5400/30000
[[32m[1m INFO  [21m[0m] longdy = 4.14e-01      || longdy/dt = 2.62e-03  || dt = 1.77e-06
[[32m[1m INFO  [21m[0m] from nz = 22 and S8
[[32m[1m INFO  [21m[0m] -----------------------------------------------------------------
[[32m[1m INFO  [21m[0m] Elapsed time: 3.77e+03 || Step number: 5500/30000
[[32m[1m INFO  [21m[0m] longdy = 2.50e-01      || longdy/dt = 2.68e-03  || dt = 9.38e-01
[[32m[1m INFO  [21m[0m] from nz = 22 and S8
[[32m[1m INFO  [21m[0m] -----------------------------------------------------------------
[[32m[1m INFO  [21m[0m] Elapsed time: 3.90e+03 || Step number: 5600/30000
[[32m[1m INFO  [21m[0m] longdy = 2.93e-01      || longdy/dt = 2.42e-03  || dt = 3.21e+00
[[32m[1m INFO  [21m[0m] from nz = 22 and S8
[[32m[1m INFO  [21m[0m] -----------------------------------------------------------------
[[32m[1m INFO  [21m[0m] Elapsed time: 3.99e+03 || Step number: 5700/30000
[[32m[1m INFO  [21m[0m] longdy = 2.21e-01      || longdy/dt = 2.42e-03  || dt = 2.62e-05
[[32m[1m INFO  [21m[0m] from nz = 20 and NS
[[32m[1m INFO  [21m[0m] -----------------------------------------------------------------
[[32m[1m INFO  [21m[0m] Elapsed time: 4.07e+03 || Step number: 5800/30000
[[32m[1m INFO  [21m[0m] longdy = 1.90e-01      || longdy/dt = 2.39e-03  || dt = 4.33e+00
[[32m[1m INFO  [21m[0m] from nz = 20 and NS
[[32m[1m INFO  [21m[0m] -----------------------------------------------------------------
[[32m[1m INFO  [21m[0m] Elapsed time: 4.20e+03 || Step number: 5900/30000
[[32m[1m INFO  [21m[0m] longdy = 2.72e-01      || longdy/dt = 2.18e-03  || dt = 1.77e-07
[[32m[1m INFO  [21m[0m] from nz = 20 and NS
[[32m[1m INFO  [21m[0m] -----------------------------------------------------------------
[[32m[1m INFO  [21m[0m] Elapsed time: 4.33e+03 || Step number: 6000/30000
[[32m[1m INFO  [21m[0m] longdy = 2.86e-01      || longdy/dt = 2.05e-03  || dt = 2.14e-07
[[32m[1m INFO  [21m[0m] from nz = 20 and NS
[[32m[1m INFO  [21m[0m] -----------------------------------------------------------------
[[32m[1m INFO  [21m[0m] Elapsed time: 4.47e+03 || Step number: 6100/30000
[[32m[1m INFO  [21m[0m] longdy = 2.69e-01      || longdy/dt = 1.99e-03  || dt = 1.19e-04
[[32m[1m INFO  [21m[0m] from nz = 20 and NS
[[32m[1m INFO  [21m[0m] -----------------------------------------------------------------
[[32m[1m INFO  [21m[0m] Elapsed time: 4.66e+03 || Step number: 6200/30000
[[32m[1m INFO  [21m[0m] longdy = 3.39e-01      || longdy/dt = 1.83e-03  || dt = 6.64e-02
[[32m[1m INFO  [21m[0m] from nz = 19 and NS
[[32m[1m INFO  [21m[0m] -----------------------------------------------------------------
[[32m[1m INFO  [21m[0m] Elapsed time: 4.74e+03 || Step number: 6300/30000
[[32m[1m INFO  [21m[0m] longdy = 1.77e-01      || longdy/dt = 1.99e-03  || dt = 3.76e-02
[[32m[1m INFO  [21m[0m] from nz = 19 and NS
[[32m[1m INFO  [21m[0m] -----------------------------------------------------------------
[[32m[1m INFO  [21m[0m] Elapsed time: 4.88e+03 || Step number: 6400/30000
[[32m[1m INFO  [21m[0m] longdy = 2.55e-01      || longdy/dt = 1.86e-03  || dt = 2.89e-01
[[32m[1m INFO  [21m[0m] from nz = 19 and NS
[[32m[1m INFO  [21m[0m] -----------------------------------------------------------------
[[32m[1m INFO  [21m[0m] Elapsed time: 5.02e+03 || Step number: 6500/30000
[[32m[1m INFO  [21m[0m] longdy = 2.35e-01      || longdy/dt = 1.83e-03  || dt = 1.03e+01
[[32m[1m INFO  [21m[0m] from nz = 19 and NS
[[32m[1m INFO  [21m[0m] -----------------------------------------------------------------
[[32m[1m INFO  [21m[0m] Elapsed time: 5.14e+03 || Step number: 6600/30000
[[32m[1m INFO  [21m[0m] longdy = 2.28e-01      || longdy/dt = 1.82e-03  || dt = 7.28e-07
[[32m[1m INFO  [21m[0m] from nz = 21 and CS
[[32m[1m INFO  [21m[0m] -----------------------------------------------------------------
[[32m[1m INFO  [21m[0m] Elapsed time: 5.26e+03 || Step number: 6700/30000
[[32m[1m INFO  [21m[0m] longdy = 2.17e-01      || longdy/dt = 1.90e-03  || dt = 7.57e+00
[[32m[1m INFO  [21m[0m] from nz = 21 and CS
[[32m[1m INFO  [21m[0m] -----------------------------------------------------------------
[[32m[1m INFO  [21m[0m] Elapsed time: 5.49e+03 || Step number: 6800/30000
[[32m[1m INFO  [21m[0m] longdy = 5.09e-01      || longdy/dt = 2.24e-03  || dt = 1.28e-04
[[32m[1m INFO  [21m[0m] from nz = 21 and CS
[[32m[1m INFO  [21m[0m] -----------------------------------------------------------------
[[32m[1m INFO  [21m[0m] Elapsed time: 5.63e+03 || Step number: 6900/30000
[[32m[1m INFO  [21m[0m] longdy = 3.02e-01      || longdy/dt = 2.11e-03  || dt = 8.74e-03
[[32m[1m INFO  [21m[0m] from nz = 21 and CS
[[32m[1m INFO  [21m[0m] -----------------------------------------------------------------
[[32m[1m INFO  [21m[0m] Elapsed time: 5.80e+03 || Step number: 7000/30000
[[32m[1m INFO  [21m[0m] longdy = 3.84e-01      || longdy/dt = 2.33e-03  || dt = 2.86e+00
[[32m[1m INFO  [21m[0m] from nz = 22 and CS
[[32m[1m INFO  [21m[0m] -----------------------------------------------------------------
[[32m[1m INFO  [21m[0m] Elapsed time: 5.95e+03 || Step number: 7100/30000
[[32m[1m INFO  [21m[0m] longdy = 3.57e-01      || longdy/dt = 2.45e-03  || dt = 7.03e+00
[[32m[1m INFO  [21m[0m] from nz = 22 and CS
[[32m[1m INFO  [21m[0m] -----------------------------------------------------------------
[[32m[1m INFO  [21m[0m] Elapsed time: 6.10e+03 || Step number: 7200/30000
[[32m[1m INFO  [21m[0m] longdy = 3.92e-01      || longdy/dt = 2.62e-03  || dt = 1.30e-07
[[32m[1m INFO  [21m[0m] from nz = 22 and CS
[[32m[1m INFO  [21m[0m] -----------------------------------------------------------------
[[32m[1m INFO  [21m[0m] Elapsed time: 6.20e+03 || Step number: 7300/30000
[[32m[1m INFO  [21m[0m] longdy = 2.52e-01      || longdy/dt = 2.58e-03  || dt = 2.51e-01
[[32m[1m INFO  [21m[0m] from nz = 22 and CS
[[32m[1m INFO  [21m[0m] -----------------------------------------------------------------
[[32m[1m INFO  [21m[0m] Elapsed time: 6.34e+03 || Step number: 7400/30000
[[32m[1m INFO  [21m[0m] longdy = 4.00e-01      || longdy/dt = 2.83e-03  || dt = 3.77e-06
[[32m[1m INFO  [21m[0m] from nz = 22 and CS
[[32m[1m INFO  [21m[0m] -----------------------------------------------------------------
[[32m[1m INFO  [21m[0m] Elapsed time: 6.48e+03 || Step number: 7500/30000
[[32m[1m INFO  [21m[0m] longdy = 4.08e-01      || longdy/dt = 2.93e-03  || dt = 6.72e-01
[[32m[1m INFO  [21m[0m] from nz = 22 and CS
[[32m[1m INFO  [21m[0m] -----------------------------------------------------------------
[[32m[1m INFO  [21m[0m] Elapsed time: 6.59e+03 || Step number: 7600/30000
[[32m[1m INFO  [21m[0m] longdy = 3.36e-01      || longdy/dt = 2.93e-03  || dt = 2.89e-01
[[32m[1m INFO  [21m[0m] from nz = 22 and CS
[[32m[1m INFO  [21m[0m] -----------------------------------------------------------------
[[32m[1m INFO  [21m[0m] Elapsed time: 6.77e+03 || Step number: 7700/30000
[[32m[1m INFO  [21m[0m] longdy = 5.66e-01      || longdy/dt = 3.26e-03  || dt = 3.36e+00
[[32m[1m INFO  [21m[0m] from nz = 22 and CS
[[32m[1m INFO  [21m[0m] -----------------------------------------------------------------
[[32m[1m INFO  [21m[0m] Elapsed time: 7.04e+03 || Step number: 7800/30000
[[32m[1m INFO  [21m[0m] longdy = 1.03e+00      || longdy/dt = 3.83e-03  || dt = 8.02e+00
[[32m[1m INFO  [21m[0m] from nz = 22 and CS
[[32m[1m INFO  [21m[0m] -----------------------------------------------------------------
[[32m[1m INFO  [21m[0m] Elapsed time: 7.25e+03 || Step number: 7900/30000
[[32m[1m INFO  [21m[0m] longdy = 7.23e-01      || longdy/dt = 3.46e-03  || dt = 2.45e-05
[[32m[1m INFO  [21m[0m] from nz = 22 and CS
[[32m[1m INFO  [21m[0m] -----------------------------------------------------------------
[[32m[1m INFO  [21m[0m] Elapsed time: 7.37e+03 || Step number: 8000/30000
[[32m[1m INFO  [21m[0m] longdy = 3.36e-01      || longdy/dt = 2.94e-03  || dt = 1.11e-07
[[32m[1m INFO  [21m[0m] from nz = 22 and CS
[[32m[1m INFO  [21m[0m] -----------------------------------------------------------------
[[32m[1m INFO  [21m[0m] Elapsed time: 7.47e+03 || Step number: 8100/30000
[[32m[1m INFO  [21m[0m] longdy = 2.68e-01      || longdy/dt = 2.79e-03  || dt = 3.58e+00
[[32m[1m INFO  [21m[0m] from nz = 22 and CS
[[32m[1m INFO  [21m[0m] -----------------------------------------------------------------
[[32m[1m INFO  [21m[0m] Elapsed time: 7.57e+03 || Step number: 8200/30000
[[32m[1m INFO  [21m[0m] longdy = 2.68e-01      || longdy/dt = 2.68e-03  || dt = 1.14e-02
[[32m[1m INFO  [21m[0m] from nz = 22 and CS
[[32m[1m INFO  [21m[0m] -----------------------------------------------------------------
[[32m[1m INFO  [21m[0m] Elapsed time: 7.67e+03 || Step number: 8300/30000
[[32m[1m INFO  [21m[0m] longdy = 2.59e-01      || longdy/dt = 2.55e-03  || dt = 1.89e-03
[[32m[1m INFO  [21m[0m] from nz = 22 and CS
[[32m[1m INFO  [21m[0m] -----------------------------------------------------------------
[[32m[1m INFO  [21m[0m] Elapsed time: 7.81e+03 || Step number: 8400/30000
[[32m[1m INFO  [21m[0m] longdy = 3.50e-01      || longdy/dt = 2.56e-03  || dt = 5.86e+00
[[32m[1m INFO  [21m[0m] from nz = 23 and CS
[[32m[1m INFO  [21m[0m] -----------------------------------------------------------------
[[32m[1m INFO  [21m[0m] Elapsed time: 7.95e+03 || Step number: 8500/30000
[[32m[1m INFO  [21m[0m] longdy = 3.42e-01      || longdy/dt = 2.46e-03  || dt = 7.26e-01
[[32m[1m INFO  [21m[0m] from nz = 23 and CS
[[32m[1m INFO  [21m[0m] -----------------------------------------------------------------
[[32m[1m INFO  [21m[0m] Elapsed time: 8.05e+03 || Step number: 8600/30000
[[32m[1m INFO  [21m[0m] longdy = 2.21e-01      || longdy/dt = 2.26e-03  || dt = 1.01e+01
[[32m[1m INFO  [21m[0m] from nz = 23 and CS
[[32m[1m INFO  [21m[0m] -----------------------------------------------------------------
[[32m[1m INFO  [21m[0m] Elapsed time: 8.15e+03 || Step number: 8700/30000
[[32m[1m INFO  [21m[0m] longdy = 2.09e-01      || longdy/dt = 2.17e-03  || dt = 1.11e-01
[[32m[1m INFO  [21m[0m] from nz = 23 and CS
[[32m[1m INFO  [21m[0m] -----------------------------------------------------------------
[[32m[1m INFO  [21m[0m] Elapsed time: 8.46e+03 || Step number: 8800/30000
[[32m[1m INFO  [21m[0m] longdy = 7.32e-01      || longdy/dt = 2.46e-03  || dt = 9.26e+00
[[32m[1m INFO  [21m[0m] from nz = 23 and CS
[[32m[1m INFO  [21m[0m] -----------------------------------------------------------------
[[32m[1m INFO  [21m[0m] Elapsed time: 8.67e+03 || Step number: 8900/30000
[[32m[1m INFO  [21m[0m] longdy = 4.29e-01      || longdy/dt = 2.03e-03  || dt = 7.53e+00
[[32m[1m INFO  [21m[0m] from nz = 23 and CS
[[32m[1m INFO  [21m[0m] -----------------------------------------------------------------
[[32m[1m INFO  [21m[0m] Elapsed time: 8.84e+03 || Step number: 9000/30000
[[32m[1m INFO  [21m[0m] longdy = 2.93e-01      || longdy/dt = 1.81e-03  || dt = 5.24e-06
[[32m[1m INFO  [21m[0m] from nz = 23 and CS
[[32m[1m INFO  [21m[0m] -----------------------------------------------------------------
[[32m[1m INFO  [21m[0m] Elapsed time: 8.97e+03 || Step number: 9100/30000
[[32m[1m INFO  [21m[0m] longdy = 2.30e-01      || longdy/dt = 1.69e-03  || dt = 9.43e-06
[[32m[1m INFO  [21m[0m] from nz = 23 and CS
[[32m[1m INFO  [21m[0m] -----------------------------------------------------------------
[[32m[1m INFO  [21m[0m] Elapsed time: 9.11e+03 || Step number: 9200/30000
[[32m[1m INFO  [21m[0m] longdy = 2.35e-01      || longdy/dt = 1.64e-03  || dt = 1.74e-01
[[32m[1m INFO  [21m[0m] from nz = 23 and CS
[[32m[1m INFO  [21m[0m] -----------------------------------------------------------------
[[32m[1m INFO  [21m[0m] Elapsed time: 9.35e+03 || Step number: 9300/30000
[[32m[1m INFO  [21m[0m] longdy = 3.67e-01      || longdy/dt = 1.65e-03  || dt = 3.06e+01
[[32m[1m INFO  [21m[0m] from nz = 23 and CS
[[32m[1m INFO  [21m[0m] -----------------------------------------------------------------
[[32m[1m INFO  [21m[0m] Elapsed time: 9.62e+03 || Step number: 9400/30000
[[32m[1m INFO  [21m[0m] longdy = 4.30e-01      || longdy/dt = 1.59e-03  || dt = 2.66e-02
[[32m[1m INFO  [21m[0m] from nz = 23 and CS
[[32m[1m INFO  [21m[0m] -----------------------------------------------------------------
[[32m[1m INFO  [21m[0m] Elapsed time: 9.84e+03 || Step number: 9500/30000
[[32m[1m INFO  [21m[0m] longdy = 3.15e-01      || longdy/dt = 1.45e-03  || dt = 1.71e+00
[[32m[1m INFO  [21m[0m] from nz = 23 and CS
[[32m[1m INFO  [21m[0m] -----------------------------------------------------------------
[[32m[1m INFO  [21m[0m] Elapsed time: 1.00e+04 || Step number: 9600/30000
[[32m[1m INFO  [21m[0m] longdy = 2.69e-01      || longdy/dt = 1.36e-03  || dt = 2.39e+00
[[32m[1m INFO  [21m[0m] from nz = 23 and CS
[[32m[1m INFO  [21m[0m] -----------------------------------------------------------------
[[32m[1m INFO  [21m[0m] Elapsed time: 1.02e+04 || Step number: 9700/30000
[[32m[1m INFO  [21m[0m] longdy = 1.71e-01      || longdy/dt = 1.26e-03  || dt = 4.50e+00
[[32m[1m INFO  [21m[0m] from nz = 23 and CS
[[32m[1m INFO  [21m[0m] -----------------------------------------------------------------
[[32m[1m INFO  [21m[0m] Elapsed time: 1.04e+04 || Step number: 9800/30000
[[32m[1m INFO  [21m[0m] longdy = 2.63e-01      || longdy/dt = 1.26e-03  || dt = 1.31e+00
[[32m[1m INFO  [21m[0m] from nz = 23 and CS
[[32m[1m INFO  [21m[0m] -----------------------------------------------------------------
[[32m[1m INFO  [21m[0m] Elapsed time: 1.05e+04 || Step number: 9900/30000
[[32m[1m INFO  [21m[0m] longdy = 1.61e-01      || longdy/dt = 1.17e-03  || dt = 4.87e-02
[[32m[1m INFO  [21m[0m] from nz = 23 and CS
[[32m[1m INFO  [21m[0m] -----------------------------------------------------------------
[[32m[1m INFO  [21m[0m] Elapsed time: 1.07e+04 || Step number: 10000/30000
[[32m[1m INFO  [21m[0m] longdy = 1.62e-01      || longdy/dt = 1.13e-03  || dt = 1.47e-02
[[32m[1m INFO  [21m[0m] from nz = 23 and CS
[[32m[1m INFO  [21m[0m] -----------------------------------------------------------------
[[32m[1m INFO  [21m[0m] Elapsed time: 1.08e+04 || Step number: 10100/30000
[[32m[1m INFO  [21m[0m] longdy = 1.75e-01      || longdy/dt = 1.10e-03  || dt = 2.20e-05
[[32m[1m INFO  [21m[0m] from nz = 23 and CS
[[32m[1m INFO  [21m[0m] -----------------------------------------------------------------
[[32m[1m INFO  [21m[0m] Elapsed time: 1.10e+04 || Step number: 10200/30000
[[32m[1m INFO  [21m[0m] longdy = 1.33e-01      || longdy/dt = 1.05e-03  || dt = 2.56e-02
[[32m[1m INFO  [21m[0m] from nz = 23 and CS
[[32m[1m INFO  [21m[0m] -----------------------------------------------------------------
[[32m[1m INFO  [21m[0m] Elapsed time: 1.11e+04 || Step number: 10300/30000
[[32m[1m INFO  [21m[0m] longdy = 1.14e-01      || longdy/dt = 1.01e-03  || dt = 4.49e-03
[[32m[1m INFO  [21m[0m] from nz = 23 and CS
[[32m[1m INFO  [21m[0m] -----------------------------------------------------------------
[[32m[1m INFO  [21m[0m] Elapsed time: 1.13e+04 || Step number: 10400/30000
[[32m[1m INFO  [21m[0m] longdy = 2.83e-01      || longdy/dt = 1.02e-03  || dt = 7.29e-06
[[32m[1m INFO  [21m[0m] from nz = 23 and CS
[[32m[1m INFO  [21m[0m] -----------------------------------------------------------------
[[32m[1m INFO  [21m[0m] Elapsed time: 1.15e+04 || Step number: 10500/30000
[[32m[1m INFO  [21m[0m] longdy = 1.00e-01      || longdy/dt = 9.14e-04  || dt = 3.41e-05
[[32m[1m INFO  [21m[0m] from nz = 23 and CS
[[32m[1m INFO  [21m[0m] -----------------------------------------------------------------
[[32m[1m INFO  [21m[0m] Elapsed time: 1.16e+04 || Step number: 10600/30000
[[32m[1m INFO  [21m[0m] longdy = 1.49e-01      || longdy/dt = 8.88e-04  || dt = 8.80e+00
[[32m[1m INFO  [21m[0m] from nz = 24 and CS
[[32m[1m INFO  [21m[0m] -----------------------------------------------------------------
[[32m[1m INFO  [21m[0m] Elapsed time: 1.17e+04 || Step number: 10700/30000
[[32m[1m INFO  [21m[0m] longdy = 9.66e-02      || longdy/dt = 8.54e-04  || dt = 1.80e+00
[[32m[1m INFO  [21m[0m] from nz = 24 and CS
[[32m[1m INFO  [21m[0m] -----------------------------------------------------------------
[[32m[1m INFO  [21m[0m] Elapsed time: 1.19e+04 || Step number: 10800/30000
[[32m[1m INFO  [21m[0m] longdy = 1.14e-01      || longdy/dt = 8.50e-04  || dt = 4.21e+00
[[32m[1m INFO  [21m[0m] from nz = 24 and CS
[[32m[1m INFO  [21m[0m] -----------------------------------------------------------------
[[32m[1m INFO  [21m[0m] Elapsed time: 1.21e+04 || Step number: 10900/30000
[[32m[1m INFO  [21m[0m] longdy = 1.63e-01      || longdy/dt = 8.54e-04  || dt = 1.50e-04
[[32m[1m INFO  [21m[0m] from nz = 24 and CS
[[32m[1m INFO  [21m[0m] -----------------------------------------------------------------
[[32m[1m INFO  [21m[0m] Elapsed time: 1.22e+04 || Step number: 11000/30000
[[32m[1m INFO  [21m[0m] longdy = 1.42e-01      || longdy/dt = 8.32e-04  || dt = 3.04e+00
[[32m[1m INFO  [21m[0m] from nz = 24 and CS
[[32m[1m INFO  [21m[0m] -----------------------------------------------------------------
[[32m[1m INFO  [21m[0m] Elapsed time: 1.25e+04 || Step number: 11100/30000
[[32m[1m INFO  [21m[0m] longdy = 2.13e-01      || longdy/dt = 8.40e-04  || dt = 7.91e-05
[[32m[1m INFO  [21m[0m] from nz = 24 and CS
[[32m[1m INFO  [21m[0m] -----------------------------------------------------------------
[[32m[1m INFO  [21m[0m] Elapsed time: 1.27e+04 || Step number: 11200/30000
[[32m[1m INFO  [21m[0m] longdy = 1.22e-01      || longdy/dt = 7.93e-04  || dt = 5.51e-05
[[32m[1m INFO  [21m[0m] from nz = 24 and CS
[[32m[1m INFO  [21m[0m] -----------------------------------------------------------------
[[32m[1m INFO  [21m[0m] Elapsed time: 1.28e+04 || Step number: 11300/30000
[[32m[1m INFO  [21m[0m] longdy = 1.50e-01      || longdy/dt = 7.90e-04  || dt = 1.48e-02
[[32m[1m INFO  [21m[0m] from nz = 24 and CS
[[32m[1m INFO  [21m[0m] -----------------------------------------------------------------
[[32m[1m INFO  [21m[0m] Elapsed time: 1.33e+04 || Step number: 11400/30000
[[32m[1m INFO  [21m[0m] longdy = 3.49e-01      || longdy/dt = 8.34e-04  || dt = 6.17e-07
[[32m[1m INFO  [21m[0m] from nz = 24 and CS
[[32m[1m INFO  [21m[0m] -----------------------------------------------------------------
[[32m[1m INFO  [21m[0m] Elapsed time: 1.35e+04 || Step number: 11500/30000
[[32m[1m INFO  [21m[0m] longdy = 1.51e-01      || longdy/dt = 7.49e-04  || dt = 1.38e-01
[[32m[1m INFO  [21m[0m] from nz = 24 and CS
[[32m[1m INFO  [21m[0m] -----------------------------------------------------------------
[[32m[1m INFO  [21m[0m] Elapsed time: 1.38e+04 || Step number: 11600/30000
[[32m[1m INFO  [21m[0m] longdy = 2.91e-01      || longdy/dt = 7.72e-04  || dt = 7.24e+00
[[32m[1m INFO  [21m[0m] from nz = 24 and CS
[[32m[1m INFO  [21m[0m] -----------------------------------------------------------------
[[32m[1m INFO  [21m[0m] Elapsed time: 1.43e+04 || Step number: 11700/30000
[[32m[1m INFO  [21m[0m] longdy = 3.37e-01      || longdy/dt = 7.57e-04  || dt = 2.85e-05
[[32m[1m INFO  [21m[0m] from nz = 24 and CS
[[32m[1m INFO  [21m[0m] -----------------------------------------------------------------
[[32m[1m INFO  [21m[0m] Elapsed time: 1.45e+04 || Step number: 11800/30000
[[32m[1m INFO  [21m[0m] longdy = 1.55e-01      || longdy/dt = 6.84e-04  || dt = 9.10e+00
[[32m[1m INFO  [21m[0m] from nz = 24 and CS
[[32m[1m INFO  [21m[0m] -----------------------------------------------------------------
[[32m[1m INFO  [21m[0m] Elapsed time: 1.49e+04 || Step number: 11900/30000
[[32m[1m INFO  [21m[0m] longdy = 2.71e-01      || longdy/dt = 6.92e-04  || dt = 1.38e-06
[[32m[1m INFO  [21m[0m] from nz = 24 and CS
[[32m[1m INFO  [21m[0m] -----------------------------------------------------------------
[[32m[1m INFO  [21m[0m] Elapsed time: 1.53e+04 || Step number: 12000/30000
[[32m[1m INFO  [21m[0m] longdy = 2.13e-01      || longdy/dt = 6.53e-04  || dt = 1.26e+01
[[32m[1m INFO  [21m[0m] from nz = 24 and CS
[[32m[1m INFO  [21m[0m] -----------------------------------------------------------------
[[32m[1m INFO  [21m[0m] Elapsed time: 1.56e+04 || Step number: 12100/30000
[[32m[1m INFO  [21m[0m] longdy = 1.91e-01      || longdy/dt = 6.25e-04  || dt = 2.05e-01
[[32m[1m INFO  [21m[0m] from nz = 24 and CS
[[32m[1m INFO  [21m[0m] -----------------------------------------------------------------
[[32m[1m INFO  [21m[0m] Elapsed time: 1.59e+04 || Step number: 12200/30000
[[32m[1m INFO  [21m[0m] longdy = 1.73e-01      || longdy/dt = 5.99e-04  || dt = 4.06e+00
[[32m[1m INFO  [21m[0m] from nz = 24 and CS
[[32m[1m INFO  [21m[0m] -----------------------------------------------------------------
[[32m[1m INFO  [21m[0m] Elapsed time: 1.61e+04 || Step number: 12300/30000
[[32m[1m INFO  [21m[0m] longdy = 1.70e-01      || longdy/dt = 5.77e-04  || dt = 1.53e-05
[[32m[1m INFO  [21m[0m] from nz = 24 and CS
[[32m[1m INFO  [21m[0m] -----------------------------------------------------------------
[[32m[1m INFO  [21m[0m] Elapsed time: 1.65e+04 || Step number: 12400/30000
[[32m[1m INFO  [21m[0m] longdy = 1.70e-01      || longdy/dt = 5.55e-04  || dt = 5.28e-05
[[32m[1m INFO  [21m[0m] from nz = 24 and CS
[[32m[1m INFO  [21m[0m] -----------------------------------------------------------------
[[32m[1m INFO  [21m[0m] Elapsed time: 1.68e+04 || Step number: 12500/30000
[[32m[1m INFO  [21m[0m] longdy = 2.03e-01      || longdy/dt = 5.35e-04  || dt = 1.01e-02
[[32m[1m INFO  [21m[0m] from nz = 24 and CS
[[32m[1m INFO  [21m[0m] -----------------------------------------------------------------
[[32m[1m INFO  [21m[0m] Elapsed time: 1.72e+04 || Step number: 12600/30000
[[32m[1m INFO  [21m[0m] longdy = 1.72e-01      || longdy/dt = 5.15e-04  || dt = 5.12e+00
[[32m[1m INFO  [21m[0m] from nz = 25 and CS
[[32m[1m INFO  [21m[0m] -----------------------------------------------------------------
[[32m[1m INFO  [21m[0m] Elapsed time: 1.74e+04 || Step number: 12700/30000
[[32m[1m INFO  [21m[0m] longdy = 1.15e-01      || longdy/dt = 4.98e-04  || dt = 1.83e-02
[[32m[1m INFO  [21m[0m] from nz = 25 and CS
[[32m[1m INFO  [21m[0m] -----------------------------------------------------------------
[[32m[1m INFO  [21m[0m] Elapsed time: 1.76e+04 || Step number: 12800/30000
[[32m[1m INFO  [21m[0m] longdy = 1.13e-01      || longdy/dt = 4.94e-04  || dt = 7.83e-05
[[32m[1m INFO  [21m[0m] from nz = 25 and CS
[[32m[1m INFO  [21m[0m] -----------------------------------------------------------------
[[32m[1m INFO  [21m[0m] Elapsed time: 1.79e+04 || Step number: 12900/30000
[[32m[1m INFO  [21m[0m] longdy = 1.10e-01      || longdy/dt = 4.90e-04  || dt = 1.72e+00
[[32m[1m INFO  [21m[0m] from nz = 25 and CS
[[32m[1m INFO  [21m[0m] -----------------------------------------------------------------
[[32m[1m INFO  [21m[0m] Elapsed time: 1.82e+04 || Step number: 13000/30000
[[32m[1m INFO  [21m[0m] longdy = 1.55e-01      || longdy/dt = 4.97e-04  || dt = 1.58e-05
[[32m[1m INFO  [21m[0m] from nz = 25 and CS
[[32m[1m INFO  [21m[0m] -----------------------------------------------------------------
[[32m[1m INFO  [21m[0m] Elapsed time: 1.86e+04 || Step number: 13100/30000
[[32m[1m INFO  [21m[0m] longdy = 1.88e-01      || longdy/dt = 4.99e-04  || dt = 1.29e+01
[[32m[1m INFO  [21m[0m] from nz = 25 and CS
[[32m[1m INFO  [21m[0m] -----------------------------------------------------------------
[[32m[1m INFO  [21m[0m] Elapsed time: 1.88e+04 || Step number: 13200/30000
[[32m[1m INFO  [21m[0m] longdy = 1.15e-01      || longdy/dt = 4.79e-04  || dt = 5.54e-02
[[32m[1m INFO  [21m[0m] from nz = 25 and CS
[[32m[1m INFO  [21m[0m] -----------------------------------------------------------------
[[32m[1m INFO  [21m[0m] Elapsed time: 1.90e+04 || Step number: 13300/30000
[[32m[1m INFO  [21m[0m] longdy = 1.15e-01      || longdy/dt = 4.76e-04  || dt = 4.05e-04
[[32m[1m INFO  [21m[0m] from nz = 25 and CS
[[32m[1m INFO  [21m[0m] -----------------------------------------------------------------
[[32m[1m INFO  [21m[0m] Elapsed time: 1.94e+04 || Step number: 13400/30000
[[32m[1m INFO  [21m[0m] longdy = 1.96e-01      || longdy/dt = 4.88e-04  || dt = 5.79e+00
[[32m[1m INFO  [21m[0m] from nz = 25 and CS
[[32m[1m INFO  [21m[0m] -----------------------------------------------------------------
[[32m[1m INFO  [21m[0m] Elapsed time: 1.96e+04 || Step number: 13500/30000
[[32m[1m INFO  [21m[0m] longdy = 8.80e-02      || longdy/dt = 4.62e-04  || dt = 1.36e+01
[[32m[1m INFO  [21m[0m] from nz = 25 and CS
[[32m[1m INFO  [21m[0m] -----------------------------------------------------------------
[[32m[1m INFO  [21m[0m] Elapsed time: 2.02e+04 || Step number: 13600/30000
[[32m[1m INFO  [21m[0m] longdy = 2.46e-01      || longdy/dt = 4.89e-04  || dt = 3.41e-05
[[32m[1m INFO  [21m[0m] from nz = 25 and CS
[[32m[1m INFO  [21m[0m] -----------------------------------------------------------------
[[32m[1m INFO  [21m[0m] Elapsed time: 2.04e+04 || Step number: 13700/30000
[[32m[1m INFO  [21m[0m] longdy = 1.25e-01      || longdy/dt = 4.59e-04  || dt = 6.16e+00
[[32m[1m INFO  [21m[0m] from nz = 25 and CS
[[32m[1m INFO  [21m[0m] -----------------------------------------------------------------
[[32m[1m INFO  [21m[0m] Elapsed time: 2.07e+04 || Step number: 13800/30000
[[32m[1m INFO  [21m[0m] longdy = 1.42e-01      || longdy/dt = 4.57e-04  || dt = 1.44e-03
[[32m[1m INFO  [21m[0m] from nz = 25 and CS
[[32m[1m INFO  [21m[0m] -----------------------------------------------------------------
[[32m[1m INFO  [21m[0m] Elapsed time: 2.12e+04 || Step number: 13900/30000
[[32m[1m INFO  [21m[0m] longdy = 2.19e-01      || longdy/dt = 4.65e-04  || dt = 4.69e+00
[[32m[1m INFO  [21m[0m] from nz = 25 and CS
[[32m[1m INFO  [21m[0m] -----------------------------------------------------------------
[[32m[1m INFO  [21m[0m] Elapsed time: 2.16e+04 || Step number: 14000/30000
[[32m[1m INFO  [21m[0m] longdy = 1.88e-01      || longdy/dt = 4.51e-04  || dt = 1.01e-05
[[32m[1m INFO  [21m[0m] from nz = 25 and CS
[[32m[1m INFO  [21m[0m] -----------------------------------------------------------------
[[32m[1m INFO  [21m[0m] Elapsed time: 2.19e+04 || Step number: 14100/30000
[[32m[1m INFO  [21m[0m] longdy = 1.28e-01      || longdy/dt = 4.33e-04  || dt = 2.48e-06
[[32m[1m INFO  [21m[0m] from nz = 25 and CS
[[32m[1m INFO  [21m[0m] -----------------------------------------------------------------
[[32m[1m INFO  [21m[0m] Elapsed time: 2.22e+04 || Step number: 14200/30000
[[32m[1m INFO  [21m[0m] longdy = 9.63e-02      || longdy/dt = 4.22e-04  || dt = 2.96e+00
[[32m[1m INFO  [21m[0m] from nz = 25 and CS
[[32m[1m INFO  [21m[0m] -----------------------------------------------------------------
[[32m[1m INFO  [21m[0m] Elapsed time: 2.28e+04 || Step number: 14300/30000
[[32m[1m INFO  [21m[0m] longdy = 2.75e-01      || longdy/dt = 4.44e-04  || dt = 3.91e-05
[[32m[1m INFO  [21m[0m] from nz = 25 and CS
[[32m[1m INFO  [21m[0m] -----------------------------------------------------------------
[[32m[1m INFO  [21m[0m] Elapsed time: 2.32e+04 || Step number: 14400/30000
[[32m[1m INFO  [21m[0m] longdy = 1.63e-01      || longdy/dt = 4.12e-04  || dt = 1.95e-01
[[32m[1m INFO  [21m[0m] from nz = 25 and CS
[[32m[1m INFO  [21m[0m] -----------------------------------------------------------------
[[32m[1m INFO  [21m[0m] Elapsed time: 2.36e+04 || Step number: 14500/30000
[[32m[1m INFO  [21m[0m] longdy = 1.57e-01      || longdy/dt = 4.00e-04  || dt = 1.02e+01
[[32m[1m INFO  [21m[0m] from nz = 25 and CS
[[32m[1m INFO  [21m[0m] -----------------------------------------------------------------
[[32m[1m INFO  [21m[0m] Elapsed time: 2.43e+04 || Step number: 14600/30000
[[32m[1m INFO  [21m[0m] longdy = 3.09e-01      || longdy/dt = 4.07e-04  || dt = 6.34e-06
[[32m[1m INFO  [21m[0m] from nz = 25 and CS
[[32m[1m INFO  [21m[0m] -----------------------------------------------------------------
[[32m[1m INFO  [21m[0m] Elapsed time: 2.49e+04 || Step number: 14700/30000
[[32m[1m INFO  [21m[0m] longdy = 2.23e-01      || longdy/dt = 3.79e-04  || dt = 1.80e+01
[[32m[1m INFO  [21m[0m] from nz = 26 and CS
[[32m[1m INFO  [21m[0m] -----------------------------------------------------------------
[[32m[1m INFO  [21m[0m] Elapsed time: 2.51e+04 || Step number: 14800/30000
[[32m[1m INFO  [21m[0m] longdy = 6.70e-02      || longdy/dt = 3.52e-04  || dt = 2.38e+01
[[32m[1m INFO  [21m[0m] from nz = 26 and CS
[[32m[1m INFO  [21m[0m] -----------------------------------------------------------------
[[32m[1m INFO  [21m[0m] Elapsed time: 2.55e+04 || Step number: 14900/30000
[[32m[1m INFO  [21m[0m] longdy = 1.40e-01      || longdy/dt = 3.64e-04  || dt = 1.71e-02
[[32m[1m INFO  [21m[0m] from nz = 26 and CS
[[32m[1m INFO  [21m[0m] -----------------------------------------------------------------
[[32m[1m INFO  [21m[0m] Elapsed time: 2.62e+04 || Step number: 15000/30000
[[32m[1m INFO  [21m[0m] longdy = 2.28e-01      || longdy/dt = 3.76e-04  || dt = 2.49e+01
[[32m[1m INFO  [21m[0m] from nz = 26 and CS
[[32m[1m INFO  [21m[0m] -----------------------------------------------------------------
[[32m[1m INFO  [21m[0m] Elapsed time: 2.65e+04 || Step number: 15100/30000
[[32m[1m INFO  [21m[0m] longdy = 1.20e-01      || longdy/dt = 3.57e-04  || dt = 8.98e+00
[[32m[1m INFO  [21m[0m] from nz = 26 and CS
[[32m[1m INFO  [21m[0m] -----------------------------------------------------------------
[[32m[1m INFO  [21m[0m] Elapsed time: 2.71e+04 || Step number: 15200/30000
[[32m[1m INFO  [21m[0m] longdy = 2.13e-01      || longdy/dt = 3.69e-04  || dt = 1.16e+01
[[32m[1m INFO  [21m[0m] from nz = 26 and CS
[[32m[1m INFO  [21m[0m] -----------------------------------------------------------------
[[32m[1m INFO  [21m[0m] Elapsed time: 2.80e+04 || Step number: 15300/30000
[[32m[1m INFO  [21m[0m] longdy = 3.52e-01      || longdy/dt = 3.87e-04  || dt = 2.43e-04
[[32m[1m INFO  [21m[0m] from nz = 26 and CS
[[32m[1m INFO  [21m[0m] -----------------------------------------------------------------
[[32m[1m INFO  [21m[0m] Elapsed time: 2.85e+04 || Step number: 15400/30000
[[32m[1m INFO  [21m[0m] longdy = 1.74e-01      || longdy/dt = 3.55e-04  || dt = 1.19e+01
[[32m[1m INFO  [21m[0m] from nz = 26 and CS
[[32m[1m INFO  [21m[0m] -----------------------------------------------------------------
[[32m[1m INFO  [21m[0m] Elapsed time: 2.88e+04 || Step number: 15500/30000
[[32m[1m INFO  [21m[0m] longdy = 1.10e-01      || longdy/dt = 3.42e-04  || dt = 4.89e-07
[[32m[1m INFO  [21m[0m] from nz = 26 and CS
[[32m[1m INFO  [21m[0m] -----------------------------------------------------------------
[[32m[1m INFO  [21m[0m] Elapsed time: 2.96e+04 || Step number: 15600/30000
[[32m[1m INFO  [21m[0m] longdy = 2.89e-01      || longdy/dt = 3.65e-04  || dt = 4.48e-02
[[32m[1m INFO  [21m[0m] from nz = 26 and CS
[[32m[1m INFO  [21m[0m] -----------------------------------------------------------------
[[32m[1m INFO  [21m[0m] Elapsed time: 3.02e+04 || Step number: 15700/30000
[[32m[1m INFO  [21m[0m] longdy = 2.20e-01      || longdy/dt = 3.49e-04  || dt = 1.55e-03
[[32m[1m INFO  [21m[0m] from nz = 26 and CS
[[32m[1m INFO  [21m[0m] -----------------------------------------------------------------
[[32m[1m INFO  [21m[0m] Elapsed time: 3.07e+04 || Step number: 15800/30000
[[32m[1m INFO  [21m[0m] longdy = 1.48e-01      || longdy/dt = 3.33e-04  || dt = 4.41e+01
[[32m[1m INFO  [21m[0m] from nz = 26 and CS
[[32m[1m INFO  [21m[0m] -----------------------------------------------------------------
[[32m[1m INFO  [21m[0m] Elapsed time: 3.10e+04 || Step number: 15900/30000
[[32m[1m INFO  [21m[0m] longdy = 9.58e-02      || longdy/dt = 3.22e-04  || dt = 3.05e-01
[[32m[1m INFO  [21m[0m] from nz = 26 and CS
[[32m[1m INFO  [21m[0m] -----------------------------------------------------------------
[[32m[1m INFO  [21m[0m] Elapsed time: 3.17e+04 || Step number: 16000/30000
[[32m[1m INFO  [21m[0m] longdy = 2.26e-01      || longdy/dt = 3.35e-04  || dt = 2.37e+01
[[32m[1m INFO  [21m[0m] from nz = 26 and CS
[[32m[1m INFO  [21m[0m] -----------------------------------------------------------------
[[32m[1m INFO  [21m[0m] Elapsed time: 3.23e+04 || Step number: 16100/30000
[[32m[1m INFO  [21m[0m] longdy = 2.05e-01      || longdy/dt = 3.24e-04  || dt = 6.49e-06
[[32m[1m INFO  [21m[0m] from nz = 26 and CS
[[32m[1m INFO  [21m[0m] -----------------------------------------------------------------
[[32m[1m INFO  [21m[0m] Elapsed time: 3.28e+04 || Step number: 16200/30000
[[32m[1m INFO  [21m[0m] longdy = 1.48e-01      || longdy/dt = 3.09e-04  || dt = 1.33e+01
[[32m[1m INFO  [21m[0m] from nz = 26 and CS
[[32m[1m INFO  [21m[0m] -----------------------------------------------------------------
[[32m[1m INFO  [21m[0m] Elapsed time: 3.33e+04 || Step number: 16300/30000
[[32m[1m INFO  [21m[0m] longdy = 1.37e-01      || longdy/dt = 3.01e-04  || dt = 1.10e-02
[[32m[1m INFO  [21m[0m] from nz = 26 and CS
[[32m[1m INFO  [21m[0m] -----------------------------------------------------------------
[[32m[1m INFO  [21m[0m] Elapsed time: 3.36e+04 || Step number: 16400/30000
[[32m[1m INFO  [21m[0m] longdy = 1.13e-01      || longdy/dt = 2.92e-04  || dt = 5.00e-05
[[32m[1m INFO  [21m[0m] from nz = 26 and CS
[[32m[1m INFO  [21m[0m] -----------------------------------------------------------------
[[32m[1m INFO  [21m[0m] Elapsed time: 3.40e+04 || Step number: 16500/30000
[[32m[1m INFO  [21m[0m] longdy = 1.12e-01      || longdy/dt = 2.86e-04  || dt = 1.58e+01
[[32m[1m INFO  [21m[0m] from nz = 26 and CS
[[32m[1m INFO  [21m[0m] -----------------------------------------------------------------
[[32m[1m INFO  [21m[0m] Elapsed time: 3.47e+04 || Step number: 16600/30000
[[32m[1m INFO  [21m[0m] longdy = 1.89e-01      || longdy/dt = 2.87e-04  || dt = 1.11e+01
[[32m[1m INFO  [21m[0m] from nz = 26 and CS
[[32m[1m INFO  [21m[0m] -----------------------------------------------------------------
[[32m[1m INFO  [21m[0m] Elapsed time: 3.56e+04 || Step number: 16700/30000
[[32m[1m INFO  [21m[0m] longdy = 2.45e-01      || longdy/dt = 2.80e-04  || dt = 4.87e-08
[[32m[1m INFO  [21m[0m] from nz = 26 and CS
[[32m[1m INFO  [21m[0m] -----------------------------------------------------------------
[[32m[1m INFO  [21m[0m] Elapsed time: 3.64e+04 || Step number: 16800/30000
[[32m[1m INFO  [21m[0m] longdy = 2.07e-01      || longdy/dt = 2.68e-04  || dt = 3.72e-06
[[32m[1m INFO  [21m[0m] from nz = 27 and CS
[[32m[1m INFO  [21m[0m] -----------------------------------------------------------------
[[32m[1m INFO  [21m[0m] Elapsed time: 3.69e+04 || Step number: 16900/30000
[[32m[1m INFO  [21m[0m] longdy = 1.48e-01      || longdy/dt = 2.58e-04  || dt = 2.10e-01
[[32m[1m INFO  [21m[0m] from nz = 27 and CS
[[32m[1m INFO  [21m[0m] -----------------------------------------------------------------
[[32m[1m INFO  [21m[0m] Elapsed time: 3.80e+04 || Step number: 17000/30000
[[32m[1m INFO  [21m[0m] longdy = 2.85e-01      || longdy/dt = 2.69e-04  || dt = 1.12e+01
[[32m[1m INFO  [21m[0m] from nz = 27 and CS
[[32m[1m INFO  [21m[0m] -----------------------------------------------------------------
[[32m[1m INFO  [21m[0m] Elapsed time: 3.92e+04 || Step number: 17100/30000
[[32m[1m INFO  [21m[0m] longdy = 3.24e-01      || longdy/dt = 2.67e-04  || dt = 5.98e+01
[[32m[1m INFO  [21m[0m] from nz = 27 and CS
[[32m[1m INFO  [21m[0m] -----------------------------------------------------------------
[[32m[1m INFO  [21m[0m] Elapsed time: 4.01e+04 || Step number: 17200/30000
[[32m[1m INFO  [21m[0m] longdy = 2.24e-01      || longdy/dt = 2.50e-04  || dt = 2.02e-04
[[32m[1m INFO  [21m[0m] from nz = 27 and CS
[[32m[1m INFO  [21m[0m] -----------------------------------------------------------------
[[32m[1m INFO  [21m[0m] Elapsed time: 4.08e+04 || Step number: 17300/30000
[[32m[1m INFO  [21m[0m] longdy = 1.52e-01      || longdy/dt = 2.39e-04  || dt = 3.42e-06
[[32m[1m INFO  [21m[0m] from nz = 27 and CS
[[32m[1m INFO  [21m[0m] -----------------------------------------------------------------
[[32m[1m INFO  [21m[0m] Elapsed time: 4.48e+04 || Step number: 17400/30000
[[32m[1m INFO  [21m[0m] longdy = 1.32e+00      || longdy/dt = 3.30e-04  || dt = 1.71e-05
[[32m[1m INFO  [21m[0m] from nz = 27 and CS
[[32m[1m INFO  [21m[0m] -----------------------------------------------------------------
[[32m[1m INFO  [21m[0m] Elapsed time: 4.57e+04 || Step number: 17500/30000
[[32m[1m INFO  [21m[0m] longdy = 2.01e-01      || longdy/dt = 2.16e-04  || dt = 1.26e+01
[[32m[1m INFO  [21m[0m] from nz = 27 and CS
[[32m[1m INFO  [21m[0m] -----------------------------------------------------------------
[[32m[1m INFO  [21m[0m] Elapsed time: 4.69e+04 || Step number: 17600/30000
[[32m[1m INFO  [21m[0m] longdy = 2.52e-01      || longdy/dt = 2.14e-04  || dt = 1.64e-06
[[32m[1m INFO  [21m[0m] from nz = 27 and CS
[[32m[1m INFO  [21m[0m] -----------------------------------------------------------------
[[32m[1m INFO  [21m[0m] Elapsed time: 4.75e+04 || Step number: 17700/30000
[[32m[1m INFO  [21m[0m] longdy = 9.97e-02      || longdy/dt = 1.95e-04  || dt = 5.52e+01
[[32m[1m INFO  [21m[0m] from nz = 27 and CS
[[32m[1m INFO  [21m[0m] -----------------------------------------------------------------
[[32m[1m INFO  [21m[0m] Elapsed time: 4.94e+04 || Step number: 17800/30000
[[32m[1m INFO  [21m[0m] longdy = 4.19e-01      || longdy/dt = 2.14e-04  || dt = 1.11e-05
[[32m[1m INFO  [21m[0m] from nz = 27 and CS
[[32m[1m INFO  [21m[0m] -----------------------------------------------------------------
[[32m[1m INFO  [21m[0m] Elapsed time: 5.08e+04 || Step number: 17900/30000
[[32m[1m INFO  [21m[0m] longdy = 2.76e-01      || longdy/dt = 1.92e-04  || dt = 6.76e-02
[[32m[1m INFO  [21m[0m] from nz = 27 and CS
[[32m[1m INFO  [21m[0m] -----------------------------------------------------------------
[[32m[1m INFO  [21m[0m] Elapsed time: 5.22e+04 || Step number: 18000/30000
[[32m[1m INFO  [21m[0m] longdy = 2.27e-01      || longdy/dt = 1.79e-04  || dt = 1.16e+02
[[32m[1m INFO  [21m[0m] from nz = 27 and CS
[[32m[1m INFO  [21m[0m] -----------------------------------------------------------------
[[32m[1m INFO  [21m[0m] Elapsed time: 5.77e+04 || Step number: 18100/30000
[[32m[1m INFO  [21m[0m] longdy = 1.23e+00      || longdy/dt = 2.24e-04  || dt = 1.38e-07
[[32m[1m INFO  [21m[0m] from nz = 28 and CS
[[32m[1m INFO  [21m[0m] -----------------------------------------------------------------
[[32m[1m INFO  [21m[0m] Elapsed time: 5.99e+04 || Step number: 18200/30000
[[32m[1m INFO  [21m[0m] longdy = 3.66e-01      || longdy/dt = 1.64e-04  || dt = 2.79e-01
[[32m[1m INFO  [21m[0m] from nz = 28 and CS
[[32m[1m INFO  [21m[0m] -----------------------------------------------------------------
[[32m[1m INFO  [21m[0m] Elapsed time: 6.40e+04 || Step number: 18300/30000
[[32m[1m INFO  [21m[0m] longdy = 7.36e-01      || longdy/dt = 1.82e-04  || dt = 9.83e+01
[[32m[1m INFO  [21m[0m] from nz = 28 and CS
[[32m[1m INFO  [21m[0m] -----------------------------------------------------------------
[[32m[1m INFO  [21m[0m] Elapsed time: 8.05e+04 || Step number: 18400/30000
[[32m[1m INFO  [21m[0m] longdy = 6.80e+00      || longdy/dt = 4.14e-04  || dt = 7.43e+01
[[32m[1m INFO  [21m[0m] from nz = 28 and CS
[[32m[1m INFO  [21m[0m] -----------------------------------------------------------------
[[32m[1m INFO  [21m[0m] Elapsed time: 1.08e+05 || Step number: 18500/30000
[[32m[1m INFO  [21m[0m] longdy = 1.38e+01      || longdy/dt = 5.08e-04  || dt = 5.35e+02
[[32m[1m INFO  [21m[0m] from nz = 29 and CS
[[32m[1m INFO  [21m[0m] -----------------------------------------------------------------
[[32m[1m INFO  [21m[0m] Elapsed time: 1.32e+05 || Step number: 18600/30000
[[32m[1m INFO  [21m[0m] longdy = 4.45e+00      || longdy/dt = 1.88e-04  || dt = 4.31e+02
[[32m[1m INFO  [21m[0m] from nz = 29 and CS
[[32m[1m INFO  [21m[0m] -----------------------------------------------------------------
[[32m[1m INFO  [21m[0m] Elapsed time: 1.98e+05 || Step number: 18700/30000
[[32m[1m INFO  [21m[0m] longdy = 1.32e+01      || longdy/dt = 2.07e-04  || dt = 2.39e+03
[[32m[1m INFO  [21m[0m] from nz = 30 and CS
[[32m[1m INFO  [21m[0m] -----------------------------------------------------------------
[[32m[1m INFO  [21m[0m] Elapsed time: 2.71e+05 || Step number: 18800/30000
[[32m[1m INFO  [21m[0m] longdy = 3.47e+00      || longdy/dt = 4.78e-05  || dt = 3.17e+02
[[32m[1m INFO  [21m[0m] from nz = 30 and CS
[[32m[1m INFO  [21m[0m] -----------------------------------------------------------------
[[32m[1m INFO  [21m[0m] Elapsed time: 3.19e+05 || Step number: 18900/30000
[[32m[1m INFO  [21m[0m] longdy = 1.40e+00      || longdy/dt = 2.87e-05  || dt = 5.81e+01
[[32m[1m INFO  [21m[0m] from nz = 31 and CS
[[32m[1m INFO  [21m[0m] -----------------------------------------------------------------
[[32m[1m INFO  [21m[0m] Elapsed time: 3.64e+05 || Step number: 19000/30000
[[32m[1m INFO  [21m[0m] longdy = 1.33e+00      || longdy/dt = 3.10e-05  || dt = 3.27e+03
[[32m[1m INFO  [21m[0m] from nz = 31 and CS
[[32m[1m INFO  [21m[0m] -----------------------------------------------------------------
[[32m[1m INFO  [21m[0m] Elapsed time: 4.19e+05 || Step number: 19100/30000
[[32m[1m INFO  [21m[0m] longdy = 2.20e+00      || longdy/dt = 4.00e-05  || dt = 1.05e+03
[[32m[1m INFO  [21m[0m] from nz = 31 and CS
[[32m[1m INFO  [21m[0m] -----------------------------------------------------------------
[[32m[1m INFO  [21m[0m] Elapsed time: 4.49e+05 || Step number: 19200/30000
[[32m[1m INFO  [21m[0m] longdy = 7.80e-01      || longdy/dt = 2.70e-05  || dt = 2.28e+03
[[32m[1m INFO  [21m[0m] from nz = 47 and NH2
[[32m[1m INFO  [21m[0m] -----------------------------------------------------------------
[[32m[1m INFO  [21m[0m] Elapsed time: 5.27e+05 || Step number: 19300/30000
[[32m[1m INFO  [21m[0m] longdy = 3.08e+00      || longdy/dt = 4.05e-05  || dt = 2.64e+03
[[32m[1m INFO  [21m[0m] from nz = 32 and CS
[[32m[1m INFO  [21m[0m] -----------------------------------------------------------------
[[32m[1m INFO  [21m[0m] Elapsed time: 6.01e+05 || Step number: 19400/30000
[[32m[1m INFO  [21m[0m] longdy = 1.52e+00      || longdy/dt = 2.05e-05  || dt = 2.96e-02
[[32m[1m INFO  [21m[0m] from nz = 32 and CS
[[32m[1m INFO  [21m[0m] -----------------------------------------------------------------
[[32m[1m INFO  [21m[0m] Elapsed time: 6.87e+05 || Step number: 19500/30000
[[32m[1m INFO  [21m[0m] longdy = 1.11e+00      || longdy/dt = 1.30e-05  || dt = 2.74e+03
[[32m[1m INFO  [21m[0m] from nz = 32 and CS
[[32m[1m INFO  [21m[0m] -----------------------------------------------------------------
[[32m[1m INFO  [21m[0m] Elapsed time: 7.92e+05 || Step number: 19600/30000
[[32m[1m INFO  [21m[0m] longdy = 6.05e-01      || longdy/dt = 5.87e-06  || dt = 3.37e+03
[[32m[1m INFO  [21m[0m] from nz = 32 and CS
[[32m[1m INFO  [21m[0m] -----------------------------------------------------------------
[[32m[1m INFO  [21m[0m] Elapsed time: 8.89e+05 || Step number: 19700/30000
[[32m[1m INFO  [21m[0m] longdy = 2.64e-01      || longdy/dt = 2.75e-06  || dt = 2.75e+03
[[32m[1m INFO  [21m[0m] from nz = 33 and CS
[[32m[1m INFO  [21m[0m] -----------------------------------------------------------------
[[32m[1m INFO  [21m[0m] Elapsed time: 9.80e+05 || Step number: 19800/30000
[[32m[1m INFO  [21m[0m] longdy = 1.55e-01      || longdy/dt = 1.75e-06  || dt = 3.36e+03
[[32m[1m INFO  [21m[0m] from nz = 37 and CH2
[[32m[1m INFO  [21m[0m] -----------------------------------------------------------------
[[32m[1m INFO  [21m[0m] Elapsed time: 1.09e+06 || Step number: 19900/30000
[[32m[1m INFO  [21m[0m] longdy = 8.81e-02      || longdy/dt = 8.11e-07  || dt = 6.80e+02
[[32m[1m INFO  [21m[0m] from nz = 33 and CS
[[32m[1m INFO  [21m[0m] -----------------------------------------------------------------
[[32m[1m INFO  [21m[0m] Integration successful with 19959 steps
[[32m[1m INFO  [21m[0m] long dy, long dydt = 0.04879212852805967, 5.793385786155786e-07
[[32m[1m INFO  [21m[0m] Total atom loss:
[[32m[1m INFO  [21m[0m] H: 0.035504703020518814 
[[32m[1m INFO  [21m[0m] O: 0.04904761679741163 
[[32m[1m INFO  [21m[0m] C: 0.33615055643423225 
[[32m[1m INFO  [21m[0m] N: 0.04642301818846751 
[[32m[1m INFO  [21m[0m] S: 2.9700558399970496 
[[32m[1m INFO  [21m[0m] ------ Live long and prosper \V/ ------
[[32m[1m INFO  [21m[0m]     done
Atmodeller initialized with double precision (float64)
[[93m[1m WARNING [21m[0m] The archive tar file does not exist: /data/rdc49-2/K218b_project/simulation_data/grid_H1_C2_N1_S1_fO20__from_batch02_case_000037__7_crash_atmos_chem_step_vulcan_chem_funs_race_missing_symjac/data/data.tar
[[32m[1m INFO  [21m[0m] Observing the planet...
Loading PHOENIX star table in file '/data/rdc49-2/FWL_DATA/prt/input_data/stellar_spectra/phoenix/phoenix.startable.petitRADTRANS.h5'... Done.
