Atmodeller initialized with double precision (float64)
[[93m[1m WARNING [21m[0m] The archive tar file does not exist: /data/rdc49-2/K218b_project/simulation_data/grid_H3_C0_N0_S0_fO20__from_batch03_case_000032__7_crash_atmos_chem_step_vulcan_chem_funs_race_syntax_error/data/data.tar
[[32m[1m INFO  [21m[0m] Running atmospheric chemistry...
[[32m[1m INFO  [21m[0m]     Using vulcan module, offline
[[32m[1m INFO  [21m[0m] Elements conserved in the network.
[[32m[1m INFO  [21m[0m] No duplicates in the network.
[[32m[1m INFO  [21m[0m] Elements conserved in the network.
[[32m[1m INFO  [21m[0m] No duplicates in the network.
[[32m[1m INFO  [21m[0m] Running VULCAN
[[32m[1m INFO  [21m[0m] Initializing with compositions from ASCII file /data/rdc49-2/K218b_project/simulation_data/grid_H3_C0_N0_S0_fO20__from_batch03_case_000032__7_crash_atmos_chem_step_vulcan_chem_funs_race_syntax_error/offchem/vmrs.dat
[[32m[1m INFO  [21m[0m] Input stellar spectrum from 2.0 to 700.0
[[32m[1m INFO  [21m[0m] Using wavelength bins from 2.0 to 655.5
[[32m[1m INFO  [21m[0m] Include molecular diffusion.
[[32m[1m INFO  [21m[0m] Starting VULCAN integration with 1 threads...
[[93m[1m WARNING [21m[0m] Keep producing negative values! Clipping negative solutions and moving on!
[[93m[1m WARNING [21m[0m] Keep producing negative values! Clipping negative solutions and moving on!
[[93m[1m WARNING [21m[0m] Keep producing negative values! Clipping negative solutions and moving on!
[[93m[1m WARNING [21m[0m] Keep producing negative values! Clipping negative solutions and moving on!
[[93m[1m WARNING [21m[0m] Keep producing negative values! Clipping negative solutions and moving on!
[[32m[1m INFO  [21m[0m] Elapsed time: 1.86e-05 || Step number: 100/30000
[[32m[1m INFO  [21m[0m] longdy = 1.00e+00      || longdy/dt = 1.00e+00  || dt = 5.14e-07
[[32m[1m INFO  [21m[0m] from nz = 0 and OH
[[32m[1m INFO  [21m[0m] -----------------------------------------------------------------
[[32m[1m INFO  [21m[0m] Elapsed time: 9.71e-05 || Step number: 200/30000
[[32m[1m INFO  [21m[0m] longdy = 1.00e+00      || longdy/dt = 1.00e+00  || dt = 1.23e-06
[[32m[1m INFO  [21m[0m] from nz = 0 and OH
[[32m[1m INFO  [21m[0m] -----------------------------------------------------------------
[[32m[1m INFO  [21m[0m] Elapsed time: 5.05e-04 || Step number: 300/30000
[[32m[1m INFO  [21m[0m] longdy = 1.00e+00      || longdy/dt = 1.00e+00  || dt = 1.29e-05
[[32m[1m INFO  [21m[0m] from nz = 0 and OH
[[32m[1m INFO  [21m[0m] -----------------------------------------------------------------
[[32m[1m INFO  [21m[0m] Elapsed time: 2.11e-03 || Step number: 400/30000
[[32m[1m INFO  [21m[0m] longdy = 1.00e+00      || longdy/dt = 1.00e+00  || dt = 4.50e-05
[[32m[1m INFO  [21m[0m] from nz = 0 and OH
[[32m[1m INFO  [21m[0m] -----------------------------------------------------------------
[[32m[1m INFO  [21m[0m] Elapsed time: 1.36e-02 || Step number: 500/30000
[[32m[1m INFO  [21m[0m] longdy = 1.00e+00      || longdy/dt = 1.00e+00  || dt = 1.56e-04
[[32m[1m INFO  [21m[0m] from nz = 0 and OH
[[32m[1m INFO  [21m[0m] -----------------------------------------------------------------
[[32m[1m INFO  [21m[0m] Elapsed time: 6.74e-02 || Step number: 600/30000
[[32m[1m INFO  [21m[0m] longdy = 1.00e+00      || longdy/dt = 1.00e+00  || dt = 1.40e-03
[[32m[1m INFO  [21m[0m] from nz = 0 and OH
[[32m[1m INFO  [21m[0m] -----------------------------------------------------------------
[[32m[1m INFO  [21m[0m] Elapsed time: 2.81e-01 || Step number: 700/30000
[[32m[1m INFO  [21m[0m] longdy = 1.00e+00      || longdy/dt = 1.00e+00  || dt = 5.18e-03
[[32m[1m INFO  [21m[0m] from nz = 0 and OH
[[32m[1m INFO  [21m[0m] -----------------------------------------------------------------
[[32m[1m INFO  [21m[0m] Elapsed time: 2.13e+00 || Step number: 800/30000
[[32m[1m INFO  [21m[0m] longdy = 1.00e+00      || longdy/dt = 1.00e+00  || dt = 2.65e-02
[[32m[1m INFO  [21m[0m] from nz = 0 and OH
[[32m[1m INFO  [21m[0m] -----------------------------------------------------------------
[[32m[1m INFO  [21m[0m] Elapsed time: 9.82e+00 || Step number: 900/30000
[[32m[1m INFO  [21m[0m] longdy = 1.00e+00      || longdy/dt = 1.00e+00  || dt = 1.32e-01
[[32m[1m INFO  [21m[0m] from nz = 0 and OH
[[32m[1m INFO  [21m[0m] -----------------------------------------------------------------
[[32m[1m INFO  [21m[0m] Elapsed time: 3.15e+01 || Step number: 1000/30000
[[32m[1m INFO  [21m[0m] longdy = 1.00e+00      || longdy/dt = 1.00e+00  || dt = 3.27e-01
[[32m[1m INFO  [21m[0m] from nz = 0 and OH
[[32m[1m INFO  [21m[0m] -----------------------------------------------------------------
[[32m[1m INFO  [21m[0m] Elapsed time: 8.22e+01 || Step number: 1100/30000
[[32m[1m INFO  [21m[0m] longdy = 1.00e+00      || longdy/dt = 1.00e+00  || dt = 6.73e-01
[[32m[1m INFO  [21m[0m] from nz = 0 and OH
[[32m[1m INFO  [21m[0m] -----------------------------------------------------------------
[[32m[1m INFO  [21m[0m] Elapsed time: 1.80e+02 || Step number: 1200/30000
[[32m[1m INFO  [21m[0m] longdy = 3.84e+02      || longdy/dt = 4.29e+00  || dt = 1.47e+00
[[32m[1m INFO  [21m[0m] from nz = 46 and CH2
[[32m[1m INFO  [21m[0m] -----------------------------------------------------------------
[[32m[1m INFO  [21m[0m] Elapsed time: 3.30e+02 || Step number: 1300/30000
[[32m[1m INFO  [21m[0m] longdy = 3.19e+02      || longdy/dt = 2.15e+00  || dt = 2.46e+00
[[32m[1m INFO  [21m[0m] from nz = 45 and NH
[[32m[1m INFO  [21m[0m] -----------------------------------------------------------------
[[32m[1m INFO  [21m[0m] Elapsed time: 5.44e+02 || Step number: 1400/30000
[[32m[1m INFO  [21m[0m] longdy = 1.06e+02      || longdy/dt = 5.04e-01  || dt = 4.05e+00
[[32m[1m INFO  [21m[0m] from nz = 44 and NH
[[32m[1m INFO  [21m[0m] -----------------------------------------------------------------
[[32m[1m INFO  [21m[0m] Elapsed time: 8.79e+02 || Step number: 1500/30000
[[32m[1m INFO  [21m[0m] longdy = 3.86e+01      || longdy/dt = 1.17e-01  || dt = 5.09e+00
[[32m[1m INFO  [21m[0m] from nz = 43 and NH
[[32m[1m INFO  [21m[0m] -----------------------------------------------------------------
[[32m[1m INFO  [21m[0m] Elapsed time: 1.28e+03 || Step number: 1600/30000
[[32m[1m INFO  [21m[0m] longdy = 9.59e+00      || longdy/dt = 2.42e-02  || dt = 5.71e+00
[[32m[1m INFO  [21m[0m] from nz = 42 and NH
[[32m[1m INFO  [21m[0m] -----------------------------------------------------------------
[[32m[1m INFO  [21m[0m] Elapsed time: 1.83e+03 || Step number: 1700/30000
[[32m[1m INFO  [21m[0m] longdy = 1.16e+01      || longdy/dt = 2.16e-02  || dt = 8.01e+00
[[32m[1m INFO  [21m[0m] from nz = 12 and O2
[[32m[1m INFO  [21m[0m] -----------------------------------------------------------------
[[32m[1m INFO  [21m[0m] Elapsed time: 2.59e+03 || Step number: 1800/30000
[[32m[1m INFO  [21m[0m] longdy = 6.63e+00      || longdy/dt = 8.81e-03  || dt = 1.16e+01
[[32m[1m INFO  [21m[0m] from nz = 50 and H2S
[[32m[1m INFO  [21m[0m] -----------------------------------------------------------------
[[32m[1m INFO  [21m[0m] Elapsed time: 3.65e+03 || Step number: 1900/30000
[[32m[1m INFO  [21m[0m] longdy = 6.19e+00      || longdy/dt = 5.97e-03  || dt = 1.62e+01
[[32m[1m INFO  [21m[0m] from nz = 14 and O2
[[32m[1m INFO  [21m[0m] -----------------------------------------------------------------
[[32m[1m INFO  [21m[0m] Elapsed time: 5.13e+03 || Step number: 2000/30000
[[32m[1m INFO  [21m[0m] longdy = 6.00e+00      || longdy/dt = 4.12e-03  || dt = 2.56e+01
[[32m[1m INFO  [21m[0m] from nz = 13 and H2O2
[[32m[1m INFO  [21m[0m] -----------------------------------------------------------------
[[32m[1m INFO  [21m[0m] Elapsed time: 8.47e+03 || Step number: 2100/30000
[[32m[1m INFO  [21m[0m] longdy = 9.59e+00      || longdy/dt = 2.93e-03  || dt = 6.41e+01
[[32m[1m INFO  [21m[0m] from nz = 14 and H2O2
[[32m[1m INFO  [21m[0m] -----------------------------------------------------------------
[[32m[1m INFO  [21m[0m] Elapsed time: 1.54e+04 || Step number: 2200/30000
[[32m[1m INFO  [21m[0m] longdy = 9.00e+00      || longdy/dt = 1.32e-03  || dt = 1.24e+02
[[32m[1m INFO  [21m[0m] from nz = 14 and H2O2
[[32m[1m INFO  [21m[0m] -----------------------------------------------------------------
[[32m[1m INFO  [21m[0m] Elapsed time: 2.97e+04 || Step number: 2300/30000
[[32m[1m INFO  [21m[0m] longdy = 6.84e+00      || longdy/dt = 4.87e-04  || dt = 2.60e+02
[[32m[1m INFO  [21m[0m] from nz = 15 and H2O2
[[32m[1m INFO  [21m[0m] -----------------------------------------------------------------
[[32m[1m INFO  [21m[0m] Elapsed time: 6.16e+04 || Step number: 2400/30000
[[32m[1m INFO  [21m[0m] longdy = 5.32e+00      || longdy/dt = 1.74e-04  || dt = 5.57e+02
[[32m[1m INFO  [21m[0m] from nz = 16 and H2O2
[[32m[1m INFO  [21m[0m] -----------------------------------------------------------------
[[32m[1m INFO  [21m[0m] Elapsed time: 1.30e+05 || Step number: 2500/30000
[[32m[1m INFO  [21m[0m] longdy = 1.11e+02      || longdy/dt = 1.72e-03  || dt = 1.56e+03
[[32m[1m INFO  [21m[0m] from nz = 18 and O2
[[32m[1m INFO  [21m[0m] -----------------------------------------------------------------
[[32m[1m INFO  [21m[0m] Elapsed time: 7.30e+05 || Step number: 2600/30000
[[32m[1m INFO  [21m[0m] longdy = 5.88e+01      || longdy/dt = 1.66e-04  || dt = 1.16e+04
[[32m[1m INFO  [21m[0m] from nz = 18 and O2
[[32m[1m INFO  [21m[0m] -----------------------------------------------------------------
[[32m[1m INFO  [21m[0m] Elapsed time: 1.53e+06 || Step number: 2700/30000
[[32m[1m INFO  [21m[0m] longdy = 4.66e+02      || longdy/dt = 6.19e-04  || dt = 2.27e+04
[[32m[1m INFO  [21m[0m] from nz = 17 and O2
[[32m[1m INFO  [21m[0m] -----------------------------------------------------------------
[[32m[1m INFO  [21m[0m] Elapsed time: 3.02e+06 || Step number: 2800/30000
[[32m[1m INFO  [21m[0m] longdy = 5.78e+01      || longdy/dt = 3.89e-05  || dt = 1.02e+04
[[32m[1m INFO  [21m[0m] from nz = 24 and HCO
[[32m[1m INFO  [21m[0m] -----------------------------------------------------------------
[[32m[1m INFO  [21m[0m] Elapsed time: 1.51e+07 || Step number: 2900/30000
[[32m[1m INFO  [21m[0m] longdy = 1.60e-01      || longdy/dt = 2.10e-08  || dt = 5.27e+05
[[32m[1m INFO  [21m[0m] from nz = 24 and N2H3
[[32m[1m INFO  [21m[0m] -----------------------------------------------------------------
[[32m[1m INFO  [21m[0m] Elapsed time: 5.77e+19 || Step number: 3000/30000
[[32m[1m INFO  [21m[0m] longdy = 4.06e-03      || longdy/dt = 1.45e-22  || dt = 1.00e+18
[[32m[1m INFO  [21m[0m] from nz = 25 and HNO2
[[32m[1m INFO  [21m[0m] -----------------------------------------------------------------
[[32m[1m INFO  [21m[0m] Elapsed time: 1.37e+20 || Step number: 3100/30000
[[32m[1m INFO  [21m[0m] longdy = 1.69e-02      || longdy/dt = 2.48e-22  || dt = 1.00e+18
[[32m[1m INFO  [21m[0m] from nz = 17 and N2H4
[[32m[1m INFO  [21m[0m] -----------------------------------------------------------------
[[32m[1m INFO  [21m[0m] Elapsed time: 2.37e+20 || Step number: 3200/30000
[[32m[1m INFO  [21m[0m] longdy = 1.61e-02      || longdy/dt = 1.62e-22  || dt = 1.00e+18
[[32m[1m INFO  [21m[0m] from nz = 28 and C6H6
[[32m[1m INFO  [21m[0m] -----------------------------------------------------------------
[[32m[1m INFO  [21m[0m] Elapsed time: 3.37e+20 || Step number: 3300/30000
[[32m[1m INFO  [21m[0m] longdy = 2.23e-02      || longdy/dt = 2.26e-22  || dt = 1.00e+18
[[32m[1m INFO  [21m[0m] from nz = 19 and C6H6
[[32m[1m INFO  [21m[0m] -----------------------------------------------------------------
[[32m[1m INFO  [21m[0m] Elapsed time: 3.84e+20 || Step number: 3400/30000
[[32m[1m INFO  [21m[0m] longdy = 3.92e-02      || longdy/dt = 8.49e-22  || dt = 1.00e+18
[[32m[1m INFO  [21m[0m] from nz = 24 and C3H2
[[32m[1m INFO  [21m[0m] -----------------------------------------------------------------
[[32m[1m INFO  [21m[0m] Elapsed time: 4.84e+20 || Step number: 3500/30000
[[32m[1m INFO  [21m[0m] longdy = 7.35e-03      || longdy/dt = 7.43e-23  || dt = 1.00e+18
[[32m[1m INFO  [21m[0m] from nz = 19 and C6H6
[[32m[1m INFO  [21m[0m] -----------------------------------------------------------------
[[32m[1m INFO  [21m[0m] Elapsed time: 5.84e+20 || Step number: 3600/30000
[[32m[1m INFO  [21m[0m] longdy = 3.03e-02      || longdy/dt = 3.07e-22  || dt = 1.00e+18
[[32m[1m INFO  [21m[0m] from nz = 41 and N2H2
[[32m[1m INFO  [21m[0m] -----------------------------------------------------------------
[[32m[1m INFO  [21m[0m] Elapsed time: 6.84e+20 || Step number: 3700/30000
[[32m[1m INFO  [21m[0m] longdy = 4.83e-02      || longdy/dt = 4.88e-22  || dt = 1.00e+18
[[32m[1m INFO  [21m[0m] from nz = 28 and C6H6
[[32m[1m INFO  [21m[0m] -----------------------------------------------------------------
[[32m[1m INFO  [21m[0m] Elapsed time: 7.34e+20 || Step number: 3800/30000
[[32m[1m INFO  [21m[0m] longdy = 8.44e-02      || longdy/dt = 1.71e-21  || dt = 1.00e+18
[[32m[1m INFO  [21m[0m] from nz = 49 and H2S
[[32m[1m INFO  [21m[0m] -----------------------------------------------------------------
[[32m[1m INFO  [21m[0m] Integration successful with 3801 steps
[[32m[1m INFO  [21m[0m] long dy, long dydt = 0.06376874453958048, 1.268317944647673e-21
[[32m[1m INFO  [21m[0m] Total atom loss:
[[32m[1m INFO  [21m[0m] H: 5.621002452380153e-05 
[[32m[1m INFO  [21m[0m] O: -0.012089058472967866 
[[32m[1m INFO  [21m[0m] C: -0.004168169035517575 
[[32m[1m INFO  [21m[0m] N: 0.017811777286056336 
[[32m[1m INFO  [21m[0m] S: 0.014565499161954645 
[[32m[1m INFO  [21m[0m] ------ Live long and prosper \V/ ------
[[32m[1m INFO  [21m[0m]     done
Atmodeller initialized with double precision (float64)
[[93m[1m WARNING [21m[0m] The archive tar file does not exist: /data/rdc49-2/K218b_project/simulation_data/grid_H3_C0_N0_S0_fO20__from_batch03_case_000032__7_crash_atmos_chem_step_vulcan_chem_funs_race_syntax_error/data/data.tar
[[32m[1m INFO  [21m[0m] Observing the planet...
Loading PHOENIX star table in file '/data/rdc49-2/FWL_DATA/prt/input_data/stellar_spectra/phoenix/phoenix.startable.petitRADTRANS.h5'... Done.
