Atmodeller initialized with double precision (float64)
[[93m[1m WARNING [21m[0m] The archive tar file does not exist: /data/rdc49-2/K218b_project/simulation_data/grid_H1_C2_N0_S1_fO21__from_batch06_case_000033__7_crash_atmos_chem_step_vulcan_chem_funs_race_missing_symjac/data/data.tar
[[32m[1m INFO  [21m[0m] Running atmospheric chemistry...
[[32m[1m INFO  [21m[0m]     Using vulcan module, offline
[[32m[1m INFO  [21m[0m] Elements conserved in the network.
[[32m[1m INFO  [21m[0m] No duplicates in the network.
[[32m[1m INFO  [21m[0m] Elements conserved in the network.
[[32m[1m INFO  [21m[0m] No duplicates in the network.
[[32m[1m INFO  [21m[0m] Running VULCAN
[[93m[1m WARNING [21m[0m] P_b and P_t assgined in vulcan.cfg are out of range of the input. Constant extension is used.
[[32m[1m INFO  [21m[0m] Initializing with compositions from ASCII file /data/rdc49-2/K218b_project/simulation_data/grid_H1_C2_N0_S1_fO21__from_batch06_case_000033__7_crash_atmos_chem_step_vulcan_chem_funs_race_missing_symjac/offchem/vmrs.dat
[[32m[1m INFO  [21m[0m] Input stellar spectrum from 2.0 to 700.0
[[32m[1m INFO  [21m[0m] Using wavelength bins from 2.0 to 655.5
[[32m[1m INFO  [21m[0m] Include molecular diffusion.
[[32m[1m INFO  [21m[0m] Starting VULCAN integration with 1 threads...
[[93m[1m WARNING [21m[0m] Keep producing negative values! Clipping negative solutions and moving on!
[[93m[1m WARNING [21m[0m] Keep producing negative values! Clipping negative solutions and moving on!
[[93m[1m WARNING [21m[0m] Keep producing negative values! Clipping negative solutions and moving on!
[[93m[1m WARNING [21m[0m] Keep producing negative values! Clipping negative solutions and moving on!
[[93m[1m WARNING [21m[0m] Keep producing negative values! Clipping negative solutions and moving on!
[[93m[1m WARNING [21m[0m] Keep producing negative values! Clipping negative solutions and moving on!
[[93m[1m WARNING [21m[0m] Keep producing negative values! Clipping negative solutions and moving on!
[[93m[1m WARNING [21m[0m] Keep producing negative values! Clipping negative solutions and moving on!
[[93m[1m WARNING [21m[0m] Keep producing negative values! Clipping negative solutions and moving on!
[[93m[1m WARNING [21m[0m] Keep producing negative values! Clipping negative solutions and moving on!
[[93m[1m WARNING [21m[0m] Keep producing negative values! Clipping negative solutions and moving on!
[[93m[1m WARNING [21m[0m] Keep producing negative values! Clipping negative solutions and moving on!
[[93m[1m WARNING [21m[0m] Keep producing negative values! Clipping negative solutions and moving on!
[[93m[1m WARNING [21m[0m] Keep producing negative values! Clipping negative solutions and moving on!
[[93m[1m WARNING [21m[0m] Keep producing negative values! Clipping negative solutions and moving on!
[[93m[1m WARNING [21m[0m] Keep producing negative values! Clipping negative solutions and moving on!
[[93m[1m WARNING [21m[0m] Keep producing negative values! Clipping negative solutions and moving on!
[[93m[1m WARNING [21m[0m] Keep producing negative values! Clipping negative solutions and moving on!
[[32m[1m INFO  [21m[0m] Elapsed time: 7.69e-06 || Step number: 100/30000
[[32m[1m INFO  [21m[0m] longdy = 1.00e+00      || longdy/dt = 1.00e+00  || dt = 2.22e-07
[[32m[1m INFO  [21m[0m] from nz = 0 and OH
[[32m[1m INFO  [21m[0m] -----------------------------------------------------------------
[[32m[1m INFO  [21m[0m] Elapsed time: 5.58e-05 || Step number: 200/30000
[[32m[1m INFO  [21m[0m] longdy = 1.00e+00      || longdy/dt = 1.00e+00  || dt = 1.08e-06
[[32m[1m INFO  [21m[0m] from nz = 0 and OH
[[32m[1m INFO  [21m[0m] -----------------------------------------------------------------
[[32m[1m INFO  [21m[0m] Elapsed time: 3.46e-04 || Step number: 300/30000
[[32m[1m INFO  [21m[0m] longdy = 1.00e+00      || longdy/dt = 1.00e+00  || dt = 5.93e-06
[[32m[1m INFO  [21m[0m] from nz = 0 and OH
[[32m[1m INFO  [21m[0m] -----------------------------------------------------------------
[[32m[1m INFO  [21m[0m] Elapsed time: 1.86e-03 || Step number: 400/30000
[[32m[1m INFO  [21m[0m] longdy = 1.00e+00      || longdy/dt = 1.00e+00  || dt = 2.26e-05
[[32m[1m INFO  [21m[0m] from nz = 0 and OH
[[32m[1m INFO  [21m[0m] -----------------------------------------------------------------
[[32m[1m INFO  [21m[0m] Elapsed time: 9.37e-03 || Step number: 500/30000
[[32m[1m INFO  [21m[0m] longdy = 1.00e+00      || longdy/dt = 1.00e+00  || dt = 1.03e-04
[[32m[1m INFO  [21m[0m] from nz = 0 and OH
[[32m[1m INFO  [21m[0m] -----------------------------------------------------------------
[[32m[1m INFO  [21m[0m] Elapsed time: 4.55e-02 || Step number: 600/30000
[[32m[1m INFO  [21m[0m] longdy = 1.00e+00      || longdy/dt = 1.00e+00  || dt = 5.21e-04
[[32m[1m INFO  [21m[0m] from nz = 0 and OH
[[32m[1m INFO  [21m[0m] -----------------------------------------------------------------
[[32m[1m INFO  [21m[0m] Elapsed time: 2.13e-01 || Step number: 700/30000
[[32m[1m INFO  [21m[0m] longdy = 1.00e+00      || longdy/dt = 1.00e+00  || dt = 2.34e-03
[[32m[1m INFO  [21m[0m] from nz = 0 and OH
[[32m[1m INFO  [21m[0m] -----------------------------------------------------------------
[[32m[1m INFO  [21m[0m] Elapsed time: 9.55e-01 || Step number: 800/30000
[[32m[1m INFO  [21m[0m] longdy = 1.00e+00      || longdy/dt = 1.00e+00  || dt = 1.15e-02
[[32m[1m INFO  [21m[0m] from nz = 0 and OH
[[32m[1m INFO  [21m[0m] -----------------------------------------------------------------
[[32m[1m INFO  [21m[0m] Elapsed time: 3.76e+00 || Step number: 900/30000
[[32m[1m INFO  [21m[0m] longdy = 1.00e+00      || longdy/dt = 1.00e+00  || dt = 4.59e-02
[[32m[1m INFO  [21m[0m] from nz = 0 and OH
[[32m[1m INFO  [21m[0m] -----------------------------------------------------------------
[[32m[1m INFO  [21m[0m] Elapsed time: 1.05e+01 || Step number: 1000/30000
[[32m[1m INFO  [21m[0m] longdy = 1.00e+00      || longdy/dt = 1.00e+00  || dt = 9.48e-02
[[32m[1m INFO  [21m[0m] from nz = 0 and OH
[[32m[1m INFO  [21m[0m] -----------------------------------------------------------------
[[32m[1m INFO  [21m[0m] Elapsed time: 2.45e+01 || Step number: 1100/30000
[[32m[1m INFO  [21m[0m] longdy = 1.00e+00      || longdy/dt = 1.00e+00  || dt = 2.06e-01
[[32m[1m INFO  [21m[0m] from nz = 0 and OH
[[32m[1m INFO  [21m[0m] -----------------------------------------------------------------
[[32m[1m INFO  [21m[0m] Elapsed time: 5.23e+01 || Step number: 1200/30000
[[32m[1m INFO  [21m[0m] longdy = 1.00e+00      || longdy/dt = 1.00e+00  || dt = 3.86e-01
[[32m[1m INFO  [21m[0m] from nz = 0 and OH
[[32m[1m INFO  [21m[0m] -----------------------------------------------------------------
[[32m[1m INFO  [21m[0m] Elapsed time: 1.01e+02 || Step number: 1300/30000
[[32m[1m INFO  [21m[0m] longdy = 3.31e+00      || longdy/dt = 6.93e-02  || dt = 7.04e-01
[[32m[1m INFO  [21m[0m] from nz = 17 and O2
[[32m[1m INFO  [21m[0m] -----------------------------------------------------------------
[[32m[1m INFO  [21m[0m] Elapsed time: 1.39e+02 || Step number: 1400/30000
[[32m[1m INFO  [21m[0m] longdy = 1.85e+00      || longdy/dt = 4.94e-02  || dt = 8.45e-01
[[32m[1m INFO  [21m[0m] from nz = 17 and O2
[[32m[1m INFO  [21m[0m] -----------------------------------------------------------------
[[32m[1m INFO  [21m[0m] Elapsed time: 1.78e+02 || Step number: 1500/30000
[[32m[1m INFO  [21m[0m] longdy = 1.65e+00      || longdy/dt = 4.29e-02  || dt = 1.96e-06
[[32m[1m INFO  [21m[0m] from nz = 17 and O2
[[32m[1m INFO  [21m[0m] -----------------------------------------------------------------
[[32m[1m INFO  [21m[0m] Elapsed time: 2.03e+02 || Step number: 1600/30000
[[32m[1m INFO  [21m[0m] longdy = 8.91e-01      || longdy/dt = 3.48e-02  || dt = 2.70e-01
[[32m[1m INFO  [21m[0m] from nz = 28 and CS
[[32m[1m INFO  [21m[0m] -----------------------------------------------------------------
[[32m[1m INFO  [21m[0m] Elapsed time: 2.21e+02 || Step number: 1700/30000
[[32m[1m INFO  [21m[0m] longdy = 7.14e-01      || longdy/dt = 4.23e-02  || dt = 6.23e-01
[[32m[1m INFO  [21m[0m] from nz = 28 and CS
[[32m[1m INFO  [21m[0m] -----------------------------------------------------------------
[[32m[1m INFO  [21m[0m] Elapsed time: 2.63e+02 || Step number: 1800/30000
[[32m[1m INFO  [21m[0m] longdy = 1.16e+00      || longdy/dt = 2.85e-02  || dt = 1.81e+00
[[32m[1m INFO  [21m[0m] from nz = 37 and HCS
[[32m[1m INFO  [21m[0m] -----------------------------------------------------------------
[[32m[1m INFO  [21m[0m] Elapsed time: 2.86e+02 || Step number: 1900/30000
[[32m[1m INFO  [21m[0m] longdy = 7.18e-01      || longdy/dt = 3.18e-02  || dt = 4.56e-01
[[32m[1m INFO  [21m[0m] from nz = 26 and C2H4
[[32m[1m INFO  [21m[0m] -----------------------------------------------------------------
[[32m[1m INFO  [21m[0m] Elapsed time: 3.40e+02 || Step number: 2000/30000
[[32m[1m INFO  [21m[0m] longdy = 1.38e+00      || longdy/dt = 2.56e-02  || dt = 4.37e-03
[[32m[1m INFO  [21m[0m] from nz = 36 and HCS
[[32m[1m INFO  [21m[0m] -----------------------------------------------------------------
[[32m[1m INFO  [21m[0m] Elapsed time: 3.62e+02 || Step number: 2100/30000
[[32m[1m INFO  [21m[0m] longdy = 6.05e-01      || longdy/dt = 2.89e-02  || dt = 2.66e+00
[[32m[1m INFO  [21m[0m] from nz = 27 and CS2
[[32m[1m INFO  [21m[0m] -----------------------------------------------------------------
[[32m[1m INFO  [21m[0m] Elapsed time: 3.98e+02 || Step number: 2200/30000
[[32m[1m INFO  [21m[0m] longdy = 7.77e-01      || longdy/dt = 2.15e-02  || dt = 1.34e-01
[[32m[1m INFO  [21m[0m] from nz = 25 and CS
[[32m[1m INFO  [21m[0m] -----------------------------------------------------------------
[[32m[1m INFO  [21m[0m] Elapsed time: 4.26e+02 || Step number: 2300/30000
[[32m[1m INFO  [21m[0m] longdy = 6.54e-01      || longdy/dt = 2.35e-02  || dt = 2.62e-01
[[32m[1m INFO  [21m[0m] from nz = 26 and CS2
[[32m[1m INFO  [21m[0m] -----------------------------------------------------------------
[[32m[1m INFO  [21m[0m] Elapsed time: 4.54e+02 || Step number: 2400/30000
[[32m[1m INFO  [21m[0m] longdy = 6.00e-01      || longdy/dt = 2.28e-02  || dt = 1.23e+00
[[32m[1m INFO  [21m[0m] from nz = 26 and CS2
[[32m[1m INFO  [21m[0m] -----------------------------------------------------------------
[[32m[1m INFO  [21m[0m] Elapsed time: 4.93e+02 || Step number: 2500/30000
[[32m[1m INFO  [21m[0m] longdy = 7.28e-01      || longdy/dt = 1.85e-02  || dt = 1.98e-05
[[32m[1m INFO  [21m[0m] from nz = 24 and CS
[[32m[1m INFO  [21m[0m] -----------------------------------------------------------------
[[32m[1m INFO  [21m[0m] Elapsed time: 5.36e+02 || Step number: 2600/30000
[[32m[1m INFO  [21m[0m] longdy = 7.28e-01      || longdy/dt = 1.70e-02  || dt = 6.03e-08
[[32m[1m INFO  [21m[0m] from nz = 25 and CS2
[[32m[1m INFO  [21m[0m] -----------------------------------------------------------------
[[32m[1m INFO  [21m[0m] Elapsed time: 5.62e+02 || Step number: 2700/30000
[[32m[1m INFO  [21m[0m] longdy = 5.09e-01      || longdy/dt = 1.99e-02  || dt = 5.93e-01
[[32m[1m INFO  [21m[0m] from nz = 25 and CS2
[[32m[1m INFO  [21m[0m] -----------------------------------------------------------------
[[32m[1m INFO  [21m[0m] Elapsed time: 6.03e+02 || Step number: 2800/30000
[[32m[1m INFO  [21m[0m] longdy = 6.90e-01      || longdy/dt = 1.69e-02  || dt = 8.81e-01
[[32m[1m INFO  [21m[0m] from nz = 24 and CS2
[[32m[1m INFO  [21m[0m] -----------------------------------------------------------------
[[32m[1m INFO  [21m[0m] Elapsed time: 6.49e+02 || Step number: 2900/30000
[[32m[1m INFO  [21m[0m] longdy = 6.99e-01      || longdy/dt = 1.53e-02  || dt = 1.59e-02
[[32m[1m INFO  [21m[0m] from nz = 24 and CS2
[[32m[1m INFO  [21m[0m] -----------------------------------------------------------------
[[32m[1m INFO  [21m[0m] Elapsed time: 6.99e+02 || Step number: 3000/30000
[[32m[1m INFO  [21m[0m] longdy = 7.23e-01      || longdy/dt = 1.46e-02  || dt = 5.22e-01
[[32m[1m INFO  [21m[0m] from nz = 23 and CS2
[[32m[1m INFO  [21m[0m] -----------------------------------------------------------------
[[32m[1m INFO  [21m[0m] Elapsed time: 7.30e+02 || Step number: 3100/30000
[[32m[1m INFO  [21m[0m] longdy = 5.30e-01      || longdy/dt = 1.71e-02  || dt = 5.38e-02
[[32m[1m INFO  [21m[0m] from nz = 23 and CS2
[[32m[1m INFO  [21m[0m] -----------------------------------------------------------------
[[32m[1m INFO  [21m[0m] Elapsed time: 7.88e+02 || Step number: 3200/30000
[[32m[1m INFO  [21m[0m] longdy = 7.61e-01      || longdy/dt = 1.31e-02  || dt = 6.77e-01
[[32m[1m INFO  [21m[0m] from nz = 32 and HCS
[[32m[1m INFO  [21m[0m] -----------------------------------------------------------------
[[32m[1m INFO  [21m[0m] Elapsed time: 8.42e+02 || Step number: 3300/30000
[[32m[1m INFO  [21m[0m] longdy = 6.87e-01      || longdy/dt = 1.28e-02  || dt = 1.09e-05
[[32m[1m INFO  [21m[0m] from nz = 31 and HCS
[[32m[1m INFO  [21m[0m] -----------------------------------------------------------------
[[32m[1m INFO  [21m[0m] Elapsed time: 8.86e+02 || Step number: 3400/30000
[[32m[1m INFO  [21m[0m] longdy = 5.53e-01      || longdy/dt = 1.30e-02  || dt = 2.28e+00
[[32m[1m INFO  [21m[0m] from nz = 23 and CS2
[[32m[1m INFO  [21m[0m] -----------------------------------------------------------------
[[32m[1m INFO  [21m[0m] Elapsed time: 9.15e+02 || Step number: 3500/30000
[[32m[1m INFO  [21m[0m] longdy = 3.94e-01      || longdy/dt = 1.41e-02  || dt = 2.36e+00
[[32m[1m INFO  [21m[0m] from nz = 23 and CS2
[[32m[1m INFO  [21m[0m] -----------------------------------------------------------------
[[32m[1m INFO  [21m[0m] Elapsed time: 9.46e+02 || Step number: 3600/30000
[[32m[1m INFO  [21m[0m] longdy = 3.83e-01      || longdy/dt = 1.35e-02  || dt = 4.34e+00
[[32m[1m INFO  [21m[0m] from nz = 23 and CS2
[[32m[1m INFO  [21m[0m] -----------------------------------------------------------------
[[32m[1m INFO  [21m[0m] Elapsed time: 9.82e+02 || Step number: 3700/30000
[[32m[1m INFO  [21m[0m] longdy = 4.40e-01      || longdy/dt = 1.22e-02  || dt = 6.20e-06
[[32m[1m INFO  [21m[0m] from nz = 23 and CS2
[[32m[1m INFO  [21m[0m] -----------------------------------------------------------------
[[32m[1m INFO  [21m[0m] Elapsed time: 1.01e+03 || Step number: 3800/30000
[[32m[1m INFO  [21m[0m] longdy = 3.12e-01      || longdy/dt = 1.28e-02  || dt = 3.33e-04
[[32m[1m INFO  [21m[0m] from nz = 23 and CS2
[[32m[1m INFO  [21m[0m] -----------------------------------------------------------------
[[32m[1m INFO  [21m[0m] Elapsed time: 1.08e+03 || Step number: 3900/30000
[[32m[1m INFO  [21m[0m] longdy = 8.56e-01      || longdy/dt = 1.20e-02  || dt = 1.11e-07
[[32m[1m INFO  [21m[0m] from nz = 30 and HCS
[[32m[1m INFO  [21m[0m] -----------------------------------------------------------------
[[32m[1m INFO  [21m[0m] Elapsed time: 1.10e+03 || Step number: 4000/30000
[[32m[1m INFO  [21m[0m] longdy = 2.78e-01      || longdy/dt = 1.13e-02  || dt = 1.20e-04
[[32m[1m INFO  [21m[0m] from nz = 23 and CS2
[[32m[1m INFO  [21m[0m] -----------------------------------------------------------------
[[32m[1m INFO  [21m[0m] Elapsed time: 1.12e+03 || Step number: 4100/30000
[[32m[1m INFO  [21m[0m] longdy = 2.00e-01      || longdy/dt = 1.16e-02  || dt = 6.20e-01
[[32m[1m INFO  [21m[0m] from nz = 23 and CS2
[[32m[1m INFO  [21m[0m] -----------------------------------------------------------------
[[32m[1m INFO  [21m[0m] Elapsed time: 1.16e+03 || Step number: 4200/30000
[[32m[1m INFO  [21m[0m] longdy = 3.78e-01      || longdy/dt = 9.84e-03  || dt = 9.15e-01
[[32m[1m INFO  [21m[0m] from nz = 23 and CS2
[[32m[1m INFO  [21m[0m] -----------------------------------------------------------------
[[32m[1m INFO  [21m[0m] Elapsed time: 1.21e+03 || Step number: 4300/30000
[[32m[1m INFO  [21m[0m] longdy = 5.54e-01      || longdy/dt = 1.01e-02  || dt = 1.31e-04
[[32m[1m INFO  [21m[0m] from nz = 29 and HCS
[[32m[1m INFO  [21m[0m] -----------------------------------------------------------------
[[32m[1m INFO  [21m[0m] Elapsed time: 1.25e+03 || Step number: 4400/30000
[[32m[1m INFO  [21m[0m] longdy = 2.99e-01      || longdy/dt = 9.12e-03  || dt = 1.06e+00
[[32m[1m INFO  [21m[0m] from nz = 23 and CS2
[[32m[1m INFO  [21m[0m] -----------------------------------------------------------------
[[32m[1m INFO  [21m[0m] Elapsed time: 1.29e+03 || Step number: 4500/30000
[[32m[1m INFO  [21m[0m] longdy = 3.92e-01      || longdy/dt = 8.80e-03  || dt = 1.53e+00
[[32m[1m INFO  [21m[0m] from nz = 29 and HCS
[[32m[1m INFO  [21m[0m] -----------------------------------------------------------------
[[32m[1m INFO  [21m[0m] Elapsed time: 1.32e+03 || Step number: 4600/30000
[[32m[1m INFO  [21m[0m] longdy = 2.66e-01      || longdy/dt = 8.42e-03  || dt = 3.62e-04
[[32m[1m INFO  [21m[0m] from nz = 24 and CS2
[[32m[1m INFO  [21m[0m] -----------------------------------------------------------------
[[32m[1m INFO  [21m[0m] Elapsed time: 1.34e+03 || Step number: 4700/30000
[[32m[1m INFO  [21m[0m] longdy = 1.11e-01      || longdy/dt = 8.99e-03  || dt = 5.05e-04
[[32m[1m INFO  [21m[0m] from nz = 24 and CS2
[[32m[1m INFO  [21m[0m] -----------------------------------------------------------------
[[32m[1m INFO  [21m[0m] Elapsed time: 1.38e+03 || Step number: 4800/30000
[[32m[1m INFO  [21m[0m] longdy = 3.59e-01      || longdy/dt = 8.05e-03  || dt = 1.51e+00
[[32m[1m INFO  [21m[0m] from nz = 28 and HCS
[[32m[1m INFO  [21m[0m] -----------------------------------------------------------------
[[32m[1m INFO  [21m[0m] Elapsed time: 1.40e+03 || Step number: 4900/30000
[[32m[1m INFO  [21m[0m] longdy = 1.61e-01      || longdy/dt = 8.13e-03  || dt = 6.61e-05
[[32m[1m INFO  [21m[0m] from nz = 29 and S8
[[32m[1m INFO  [21m[0m] -----------------------------------------------------------------
[[32m[1m INFO  [21m[0m] Elapsed time: 1.44e+03 || Step number: 5000/30000
[[32m[1m INFO  [21m[0m] longdy = 2.56e-01      || longdy/dt = 7.46e-03  || dt = 1.04e+00
[[32m[1m INFO  [21m[0m] from nz = 29 and S8
[[32m[1m INFO  [21m[0m] -----------------------------------------------------------------
[[32m[1m INFO  [21m[0m] Elapsed time: 1.47e+03 || Step number: 5100/30000
[[32m[1m INFO  [21m[0m] longdy = 2.02e-01      || longdy/dt = 7.46e-03  || dt = 6.98e-01
[[32m[1m INFO  [21m[0m] from nz = 29 and S8
[[32m[1m INFO  [21m[0m] -----------------------------------------------------------------
[[32m[1m INFO  [21m[0m] Elapsed time: 1.49e+03 || Step number: 5200/30000
[[32m[1m INFO  [21m[0m] longdy = 1.93e-01      || longdy/dt = 7.32e-03  || dt = 4.18e-01
[[32m[1m INFO  [21m[0m] from nz = 28 and S8
[[32m[1m INFO  [21m[0m] -----------------------------------------------------------------
[[32m[1m INFO  [21m[0m] Elapsed time: 1.51e+03 || Step number: 5300/30000
[[32m[1m INFO  [21m[0m] longdy = 1.15e-01      || longdy/dt = 7.58e-03  || dt = 5.70e-06
[[32m[1m INFO  [21m[0m] from nz = 28 and S8
[[32m[1m INFO  [21m[0m] -----------------------------------------------------------------
[[32m[1m INFO  [21m[0m] Elapsed time: 1.52e+03 || Step number: 5400/30000
[[32m[1m INFO  [21m[0m] longdy = 1.16e-01      || longdy/dt = 7.51e-03  || dt = 2.18e-04
[[32m[1m INFO  [21m[0m] from nz = 28 and S8
[[32m[1m INFO  [21m[0m] -----------------------------------------------------------------
[[32m[1m INFO  [21m[0m] Elapsed time: 1.55e+03 || Step number: 5500/30000
[[32m[1m INFO  [21m[0m] longdy = 1.93e-01      || longdy/dt = 7.08e-03  || dt = 7.21e-01
[[32m[1m INFO  [21m[0m] from nz = 28 and S8
[[32m[1m INFO  [21m[0m] -----------------------------------------------------------------
[[32m[1m INFO  [21m[0m] Elapsed time: 1.56e+03 || Step number: 5600/30000
[[32m[1m INFO  [21m[0m] longdy = 8.73e-02      || longdy/dt = 7.41e-03  || dt = 4.09e-03
[[32m[1m INFO  [21m[0m] from nz = 28 and S8
[[32m[1m INFO  [21m[0m] -----------------------------------------------------------------
[[32m[1m INFO  [21m[0m] Elapsed time: 1.58e+03 || Step number: 5700/30000
[[32m[1m INFO  [21m[0m] longdy = 1.43e-01      || longdy/dt = 7.10e-03  || dt = 3.79e-01
[[32m[1m INFO  [21m[0m] from nz = 28 and S8
[[32m[1m INFO  [21m[0m] -----------------------------------------------------------------
[[32m[1m INFO  [21m[0m] Elapsed time: 1.60e+03 || Step number: 5800/30000
[[32m[1m INFO  [21m[0m] longdy = 1.13e-01      || longdy/dt = 7.11e-03  || dt = 9.43e-06
[[32m[1m INFO  [21m[0m] from nz = 28 and S8
[[32m[1m INFO  [21m[0m] -----------------------------------------------------------------
[[32m[1m INFO  [21m[0m] Elapsed time: 1.61e+03 || Step number: 5900/30000
[[32m[1m INFO  [21m[0m] longdy = 1.02e-01      || longdy/dt = 7.06e-03  || dt = 8.68e-01
[[32m[1m INFO  [21m[0m] from nz = 28 and S8
[[32m[1m INFO  [21m[0m] -----------------------------------------------------------------
[[32m[1m INFO  [21m[0m] Elapsed time: 1.65e+03 || Step number: 6000/30000
[[32m[1m INFO  [21m[0m] longdy = 2.12e-01      || longdy/dt = 6.48e-03  || dt = 5.26e-01
[[32m[1m INFO  [21m[0m] from nz = 28 and S8
[[32m[1m INFO  [21m[0m] -----------------------------------------------------------------
[[32m[1m INFO  [21m[0m] Elapsed time: 1.65e+03 || Step number: 6100/30000
[[32m[1m INFO  [21m[0m] longdy = 4.93e-02      || longdy/dt = 6.97e-03  || dt = 4.69e-01
[[32m[1m INFO  [21m[0m] from nz = 28 and S8
[[32m[1m INFO  [21m[0m] -----------------------------------------------------------------
[[32m[1m INFO  [21m[0m] Elapsed time: 2.06e+03 || Step number: 6200/30000
[[32m[1m INFO  [21m[0m] longdy = 9.11e-01      || longdy/dt = 2.35e-03  || dt = 1.81e+01
[[32m[1m INFO  [21m[0m] from nz = 21 and NS
[[32m[1m INFO  [21m[0m] -----------------------------------------------------------------
[[32m[1m INFO  [21m[0m] Elapsed time: 6.51e+03 || Step number: 6300/30000
[[32m[1m INFO  [21m[0m] longdy = 2.26e+04      || longdy/dt = 7.06e+00  || dt = 1.06e+02
[[32m[1m INFO  [21m[0m] from nz = 24 and CS
[[32m[1m INFO  [21m[0m] -----------------------------------------------------------------
[[32m[1m INFO  [21m[0m] Elapsed time: 8.01e+03 || Step number: 6400/30000
[[32m[1m INFO  [21m[0m] longdy = 1.04e+01      || longdy/dt = 6.95e-03  || dt = 5.51e-02
[[32m[1m INFO  [21m[0m] from nz = 25 and CS
[[32m[1m INFO  [21m[0m] -----------------------------------------------------------------
[[32m[1m INFO  [21m[0m] Elapsed time: 8.13e+03 || Step number: 6500/30000
[[32m[1m INFO  [21m[0m] longdy = 2.23e-01      || longdy/dt = 1.85e-03  || dt = 2.29e+00
[[32m[1m INFO  [21m[0m] from nz = 25 and CS
[[32m[1m INFO  [21m[0m] -----------------------------------------------------------------
[[32m[1m INFO  [21m[0m] Elapsed time: 8.24e+03 || Step number: 6600/30000
[[32m[1m INFO  [21m[0m] longdy = 1.71e-01      || longdy/dt = 1.53e-03  || dt = 8.82e-08
[[32m[1m INFO  [21m[0m] from nz = 26 and CS
[[32m[1m INFO  [21m[0m] -----------------------------------------------------------------
[[32m[1m INFO  [21m[0m] Elapsed time: 8.30e+03 || Step number: 6700/30000
[[32m[1m INFO  [21m[0m] longdy = 7.57e-02      || longdy/dt = 1.46e-03  || dt = 2.25e+00
[[32m[1m INFO  [21m[0m] from nz = 26 and CS
[[32m[1m INFO  [21m[0m] -----------------------------------------------------------------
[[32m[1m INFO  [21m[0m] Elapsed time: 8.40e+03 || Step number: 6800/30000
[[32m[1m INFO  [21m[0m] longdy = 1.55e-01      || longdy/dt = 1.51e-03  || dt = 2.30e-03
[[32m[1m INFO  [21m[0m] from nz = 26 and CS
[[32m[1m INFO  [21m[0m] -----------------------------------------------------------------
[[32m[1m INFO  [21m[0m] Elapsed time: 8.46e+03 || Step number: 6900/30000
[[32m[1m INFO  [21m[0m] longdy = 9.47e-02      || longdy/dt = 1.46e-03  || dt = 2.65e-03
[[32m[1m INFO  [21m[0m] from nz = 26 and CS
[[32m[1m INFO  [21m[0m] -----------------------------------------------------------------
[[32m[1m INFO  [21m[0m] Elapsed time: 8.55e+03 || Step number: 7000/30000
[[32m[1m INFO  [21m[0m] longdy = 1.30e-01      || longdy/dt = 1.48e-03  || dt = 5.19e-07
[[32m[1m INFO  [21m[0m] from nz = 26 and CS
[[32m[1m INFO  [21m[0m] -----------------------------------------------------------------
[[32m[1m INFO  [21m[0m] Elapsed time: 8.64e+03 || Step number: 7100/30000
[[32m[1m INFO  [21m[0m] longdy = 1.20e-01      || longdy/dt = 1.46e-03  || dt = 3.63e+00
[[32m[1m INFO  [21m[0m] from nz = 26 and CS
[[32m[1m INFO  [21m[0m] -----------------------------------------------------------------
[[32m[1m INFO  [21m[0m] Elapsed time: 8.79e+03 || Step number: 7200/30000
[[32m[1m INFO  [21m[0m] longdy = 2.36e-01      || longdy/dt = 1.53e-03  || dt = 6.52e-07
[[32m[1m INFO  [21m[0m] from nz = 26 and CS
[[32m[1m INFO  [21m[0m] -----------------------------------------------------------------
[[32m[1m INFO  [21m[0m] Elapsed time: 8.87e+03 || Step number: 7300/30000
[[32m[1m INFO  [21m[0m] longdy = 1.17e-01      || longdy/dt = 1.44e-03  || dt = 1.05e-06
[[32m[1m INFO  [21m[0m] from nz = 26 and CS
[[32m[1m INFO  [21m[0m] -----------------------------------------------------------------
[[32m[1m INFO  [21m[0m] Elapsed time: 9.04e+03 || Step number: 7400/30000
[[32m[1m INFO  [21m[0m] longdy = 2.33e-01      || longdy/dt = 1.50e-03  || dt = 9.48e+00
[[32m[1m INFO  [21m[0m] from nz = 26 and CS
[[32m[1m INFO  [21m[0m] -----------------------------------------------------------------
[[32m[1m INFO  [21m[0m] Elapsed time: 9.14e+03 || Step number: 7500/30000
[[32m[1m INFO  [21m[0m] longdy = 1.35e-01      || longdy/dt = 1.42e-03  || dt = 4.81e+00
[[32m[1m INFO  [21m[0m] from nz = 26 and CS
[[32m[1m INFO  [21m[0m] -----------------------------------------------------------------
[[32m[1m INFO  [21m[0m] Elapsed time: 9.44e+03 || Step number: 7600/30000
[[32m[1m INFO  [21m[0m] longdy = 4.82e-01      || longdy/dt = 1.60e-03  || dt = 7.08e+00
[[32m[1m INFO  [21m[0m] from nz = 26 and CS
[[32m[1m INFO  [21m[0m] -----------------------------------------------------------------
[[32m[1m INFO  [21m[0m] Elapsed time: 9.57e+03 || Step number: 7700/30000
[[32m[1m INFO  [21m[0m] longdy = 1.81e-01      || longdy/dt = 1.39e-03  || dt = 1.29e-01
[[32m[1m INFO  [21m[0m] from nz = 26 and CS
[[32m[1m INFO  [21m[0m] -----------------------------------------------------------------
[[32m[1m INFO  [21m[0m] Elapsed time: 9.73e+03 || Step number: 7800/30000
[[32m[1m INFO  [21m[0m] longdy = 2.12e-01      || longdy/dt = 1.38e-03  || dt = 2.45e-05
[[32m[1m INFO  [21m[0m] from nz = 26 and CS
[[32m[1m INFO  [21m[0m] -----------------------------------------------------------------
[[32m[1m INFO  [21m[0m] Elapsed time: 9.91e+03 || Step number: 7900/30000
[[32m[1m INFO  [21m[0m] longdy = 2.51e-01      || longdy/dt = 1.37e-03  || dt = 7.59e+00
[[32m[1m INFO  [21m[0m] from nz = 26 and CS
[[32m[1m INFO  [21m[0m] -----------------------------------------------------------------
[[32m[1m INFO  [21m[0m] Elapsed time: 1.01e+04 || Step number: 8000/30000
[[32m[1m INFO  [21m[0m] longdy = 1.96e-01      || longdy/dt = 1.30e-03  || dt = 1.84e-01
[[32m[1m INFO  [21m[0m] from nz = 26 and CS
[[32m[1m INFO  [21m[0m] -----------------------------------------------------------------
[[32m[1m INFO  [21m[0m] Elapsed time: 1.01e+04 || Step number: 8100/30000
[[32m[1m INFO  [21m[0m] longdy = 1.02e-01      || longdy/dt = 1.22e-03  || dt = 1.92e-01
[[32m[1m INFO  [21m[0m] from nz = 26 and CS
[[32m[1m INFO  [21m[0m] -----------------------------------------------------------------
[[32m[1m INFO  [21m[0m] Elapsed time: 1.03e+04 || Step number: 8200/30000
[[32m[1m INFO  [21m[0m] longdy = 1.33e-01      || longdy/dt = 1.22e-03  || dt = 2.53e-04
[[32m[1m INFO  [21m[0m] from nz = 26 and CS
[[32m[1m INFO  [21m[0m] -----------------------------------------------------------------
[[32m[1m INFO  [21m[0m] Elapsed time: 1.03e+04 || Step number: 8300/30000
[[32m[1m INFO  [21m[0m] longdy = 5.81e-02      || longdy/dt = 1.16e-03  || dt = 1.09e+00
[[32m[1m INFO  [21m[0m] from nz = 26 and CS
[[32m[1m INFO  [21m[0m] -----------------------------------------------------------------
[[32m[1m INFO  [21m[0m] Elapsed time: 1.04e+04 || Step number: 8400/30000
[[32m[1m INFO  [21m[0m] longdy = 1.04e-01      || longdy/dt = 1.16e-03  || dt = 1.45e+00
[[32m[1m INFO  [21m[0m] from nz = 26 and CS
[[32m[1m INFO  [21m[0m] -----------------------------------------------------------------
[[32m[1m INFO  [21m[0m] Elapsed time: 1.06e+04 || Step number: 8500/30000
[[32m[1m INFO  [21m[0m] longdy = 2.63e-01      || longdy/dt = 1.20e-03  || dt = 3.67e-04
[[32m[1m INFO  [21m[0m] from nz = 26 and CS
[[32m[1m INFO  [21m[0m] -----------------------------------------------------------------
[[32m[1m INFO  [21m[0m] Elapsed time: 1.08e+04 || Step number: 8600/30000
[[32m[1m INFO  [21m[0m] longdy = 2.39e-01      || longdy/dt = 1.17e-03  || dt = 5.31e+00
[[32m[1m INFO  [21m[0m] from nz = 27 and CS
[[32m[1m INFO  [21m[0m] -----------------------------------------------------------------
[[32m[1m INFO  [21m[0m] Elapsed time: 1.09e+04 || Step number: 8700/30000
[[32m[1m INFO  [21m[0m] longdy = 1.30e-01      || longdy/dt = 1.11e-03  || dt = 1.28e+00
[[32m[1m INFO  [21m[0m] from nz = 27 and CS
[[32m[1m INFO  [21m[0m] -----------------------------------------------------------------
[[32m[1m INFO  [21m[0m] Elapsed time: 1.12e+04 || Step number: 8800/30000
[[32m[1m INFO  [21m[0m] longdy = 2.40e-01      || longdy/dt = 1.16e-03  || dt = 1.64e+00
[[32m[1m INFO  [21m[0m] from nz = 27 and CS
[[32m[1m INFO  [21m[0m] -----------------------------------------------------------------
[[32m[1m INFO  [21m[0m] Elapsed time: 1.14e+04 || Step number: 8900/30000
[[32m[1m INFO  [21m[0m] longdy = 2.39e-01      || longdy/dt = 1.15e-03  || dt = 9.23e-06
[[32m[1m INFO  [21m[0m] from nz = 27 and CS
[[32m[1m INFO  [21m[0m] -----------------------------------------------------------------
[[32m[1m INFO  [21m[0m] Elapsed time: 1.15e+04 || Step number: 9000/30000
[[32m[1m INFO  [21m[0m] longdy = 1.50e-01      || longdy/dt = 1.10e-03  || dt = 9.88e-01
[[32m[1m INFO  [21m[0m] from nz = 27 and CS
[[32m[1m INFO  [21m[0m] -----------------------------------------------------------------
[[32m[1m INFO  [21m[0m] Elapsed time: 1.16e+04 || Step number: 9100/30000
[[32m[1m INFO  [21m[0m] longdy = 1.51e-01      || longdy/dt = 1.09e-03  || dt = 2.64e-03
[[32m[1m INFO  [21m[0m] from nz = 27 and CS
[[32m[1m INFO  [21m[0m] -----------------------------------------------------------------
[[32m[1m INFO  [21m[0m] Elapsed time: 1.19e+04 || Step number: 9200/30000
[[32m[1m INFO  [21m[0m] longdy = 3.52e-01      || longdy/dt = 1.17e-03  || dt = 3.93e-01
[[32m[1m INFO  [21m[0m] from nz = 27 and CS
[[32m[1m INFO  [21m[0m] -----------------------------------------------------------------
[[32m[1m INFO  [21m[0m] Elapsed time: 1.23e+04 || Step number: 9300/30000
[[32m[1m INFO  [21m[0m] longdy = 3.93e-01      || longdy/dt = 1.17e-03  || dt = 3.88e+00
[[32m[1m INFO  [21m[0m] from nz = 27 and CS
[[32m[1m INFO  [21m[0m] -----------------------------------------------------------------
[[32m[1m INFO  [21m[0m] Elapsed time: 1.25e+04 || Step number: 9400/30000
[[32m[1m INFO  [21m[0m] longdy = 2.08e-01      || longdy/dt = 1.07e-03  || dt = 1.45e+01
[[32m[1m INFO  [21m[0m] from nz = 27 and CS
[[32m[1m INFO  [21m[0m] -----------------------------------------------------------------
[[32m[1m INFO  [21m[0m] Elapsed time: 1.27e+04 || Step number: 9500/30000
[[32m[1m INFO  [21m[0m] longdy = 2.13e-01      || longdy/dt = 1.05e-03  || dt = 6.25e-06
[[32m[1m INFO  [21m[0m] from nz = 27 and CS
[[32m[1m INFO  [21m[0m] -----------------------------------------------------------------
[[32m[1m INFO  [21m[0m] Elapsed time: 1.29e+04 || Step number: 9600/30000
[[32m[1m INFO  [21m[0m] longdy = 1.79e-01      || longdy/dt = 1.02e-03  || dt = 1.01e+00
[[32m[1m INFO  [21m[0m] from nz = 27 and CS
[[32m[1m INFO  [21m[0m] -----------------------------------------------------------------
[[32m[1m INFO  [21m[0m] Elapsed time: 1.32e+04 || Step number: 9700/30000
[[32m[1m INFO  [21m[0m] longdy = 3.21e-01      || longdy/dt = 1.06e-03  || dt = 2.15e+00
[[32m[1m INFO  [21m[0m] from nz = 27 and CS
[[32m[1m INFO  [21m[0m] -----------------------------------------------------------------
[[32m[1m INFO  [21m[0m] Elapsed time: 1.33e+04 || Step number: 9800/30000
[[32m[1m INFO  [21m[0m] longdy = 1.72e-01      || longdy/dt = 9.73e-04  || dt = 2.48e-02
[[32m[1m INFO  [21m[0m] from nz = 27 and CS
[[32m[1m INFO  [21m[0m] -----------------------------------------------------------------
[[32m[1m INFO  [21m[0m] Elapsed time: 1.37e+04 || Step number: 9900/30000
[[32m[1m INFO  [21m[0m] longdy = 3.40e-01      || longdy/dt = 1.01e-03  || dt = 9.09e-04
[[32m[1m INFO  [21m[0m] from nz = 27 and CS
[[32m[1m INFO  [21m[0m] -----------------------------------------------------------------
[[32m[1m INFO  [21m[0m] Elapsed time: 1.40e+04 || Step number: 10000/30000
[[32m[1m INFO  [21m[0m] longdy = 3.29e-01      || longdy/dt = 9.67e-04  || dt = 4.96e-01
[[32m[1m INFO  [21m[0m] from nz = 27 and CS
[[32m[1m INFO  [21m[0m] -----------------------------------------------------------------
[[32m[1m INFO  [21m[0m] Elapsed time: 1.43e+04 || Step number: 10100/30000
[[32m[1m INFO  [21m[0m] longdy = 2.81e-01      || longdy/dt = 9.04e-04  || dt = 9.05e-01
[[32m[1m INFO  [21m[0m] from nz = 27 and CS
[[32m[1m INFO  [21m[0m] -----------------------------------------------------------------
[[32m[1m INFO  [21m[0m] Elapsed time: 1.45e+04 || Step number: 10200/30000
[[32m[1m INFO  [21m[0m] longdy = 1.29e-01      || longdy/dt = 8.14e-04  || dt = 1.07e-01
[[32m[1m INFO  [21m[0m] from nz = 27 and CS
[[32m[1m INFO  [21m[0m] -----------------------------------------------------------------
[[32m[1m INFO  [21m[0m] Elapsed time: 1.49e+04 || Step number: 10300/30000
[[32m[1m INFO  [21m[0m] longdy = 3.13e-01      || longdy/dt = 8.61e-04  || dt = 1.25e+00
[[32m[1m INFO  [21m[0m] from nz = 28 and CS
[[32m[1m INFO  [21m[0m] -----------------------------------------------------------------
[[32m[1m INFO  [21m[0m] Elapsed time: 1.50e+04 || Step number: 10400/30000
[[32m[1m INFO  [21m[0m] longdy = 1.50e-01      || longdy/dt = 7.93e-04  || dt = 1.43e-07
[[32m[1m INFO  [21m[0m] from nz = 28 and CS
[[32m[1m INFO  [21m[0m] -----------------------------------------------------------------
[[32m[1m INFO  [21m[0m] Elapsed time: 1.52e+04 || Step number: 10500/30000
[[32m[1m INFO  [21m[0m] longdy = 1.15e-01      || longdy/dt = 7.75e-04  || dt = 4.17e+00
[[32m[1m INFO  [21m[0m] from nz = 28 and CS
[[32m[1m INFO  [21m[0m] -----------------------------------------------------------------
[[32m[1m INFO  [21m[0m] Elapsed time: 1.55e+04 || Step number: 10600/30000
[[32m[1m INFO  [21m[0m] longdy = 2.19e-01      || longdy/dt = 8.03e-04  || dt = 3.48e-04
[[32m[1m INFO  [21m[0m] from nz = 28 and CS
[[32m[1m INFO  [21m[0m] -----------------------------------------------------------------
[[32m[1m INFO  [21m[0m] Elapsed time: 1.57e+04 || Step number: 10700/30000
[[32m[1m INFO  [21m[0m] longdy = 1.87e-01      || longdy/dt = 7.82e-04  || dt = 5.57e-07
[[32m[1m INFO  [21m[0m] from nz = 28 and CS
[[32m[1m INFO  [21m[0m] -----------------------------------------------------------------
[[32m[1m INFO  [21m[0m] Elapsed time: 1.61e+04 || Step number: 10800/30000
[[32m[1m INFO  [21m[0m] longdy = 3.16e-01      || longdy/dt = 8.12e-04  || dt = 7.02e-06
[[32m[1m INFO  [21m[0m] from nz = 28 and CS
[[32m[1m INFO  [21m[0m] -----------------------------------------------------------------
[[32m[1m INFO  [21m[0m] Elapsed time: 1.64e+04 || Step number: 10900/30000
[[32m[1m INFO  [21m[0m] longdy = 2.11e-01      || longdy/dt = 7.63e-04  || dt = 4.34e+00
[[32m[1m INFO  [21m[0m] from nz = 28 and CS
[[32m[1m INFO  [21m[0m] -----------------------------------------------------------------
[[32m[1m INFO  [21m[0m] Elapsed time: 1.66e+04 || Step number: 11000/30000
[[32m[1m INFO  [21m[0m] longdy = 1.66e-01      || longdy/dt = 7.37e-04  || dt = 1.57e-01
[[32m[1m INFO  [21m[0m] from nz = 28 and CS
[[32m[1m INFO  [21m[0m] -----------------------------------------------------------------
[[32m[1m INFO  [21m[0m] Elapsed time: 1.69e+04 || Step number: 11100/30000
[[32m[1m INFO  [21m[0m] longdy = 2.09e-01      || longdy/dt = 7.41e-04  || dt = 1.57e-03
[[32m[1m INFO  [21m[0m] from nz = 28 and CS
[[32m[1m INFO  [21m[0m] -----------------------------------------------------------------
[[32m[1m INFO  [21m[0m] Elapsed time: 1.73e+04 || Step number: 11200/30000
[[32m[1m INFO  [21m[0m] longdy = 2.71e-01      || longdy/dt = 7.45e-04  || dt = 7.41e+00
[[32m[1m INFO  [21m[0m] from nz = 28 and CS
[[32m[1m INFO  [21m[0m] -----------------------------------------------------------------
[[32m[1m INFO  [21m[0m] Elapsed time: 1.74e+04 || Step number: 11300/30000
[[32m[1m INFO  [21m[0m] longdy = 1.17e-01      || longdy/dt = 6.82e-04  || dt = 1.14e+01
[[32m[1m INFO  [21m[0m] from nz = 28 and CS
[[32m[1m INFO  [21m[0m] -----------------------------------------------------------------
[[32m[1m INFO  [21m[0m] Elapsed time: 1.80e+04 || Step number: 11400/30000
[[32m[1m INFO  [21m[0m] longdy = 3.86e-01      || longdy/dt = 7.46e-04  || dt = 9.71e+00
[[32m[1m INFO  [21m[0m] from nz = 28 and CS
[[32m[1m INFO  [21m[0m] -----------------------------------------------------------------
[[32m[1m INFO  [21m[0m] Elapsed time: 1.83e+04 || Step number: 11500/30000
[[32m[1m INFO  [21m[0m] longdy = 2.53e-01      || longdy/dt = 6.83e-04  || dt = 1.30e+00
[[32m[1m INFO  [21m[0m] from nz = 28 and CS
[[32m[1m INFO  [21m[0m] -----------------------------------------------------------------
[[32m[1m INFO  [21m[0m] Elapsed time: 1.85e+04 || Step number: 11600/30000
[[32m[1m INFO  [21m[0m] longdy = 1.30e-01      || longdy/dt = 6.31e-04  || dt = 1.25e+00
[[32m[1m INFO  [21m[0m] from nz = 28 and CS
[[32m[1m INFO  [21m[0m] -----------------------------------------------------------------
[[32m[1m INFO  [21m[0m] Elapsed time: 1.91e+04 || Step number: 11700/30000
[[32m[1m INFO  [21m[0m] longdy = 3.74e-01      || longdy/dt = 6.77e-04  || dt = 7.59e-07
[[32m[1m INFO  [21m[0m] from nz = 28 and CS
[[32m[1m INFO  [21m[0m] -----------------------------------------------------------------
[[32m[1m INFO  [21m[0m] Elapsed time: 1.94e+04 || Step number: 11800/30000
[[32m[1m INFO  [21m[0m] longdy = 1.64e-01      || longdy/dt = 5.93e-04  || dt = 8.26e-01
[[32m[1m INFO  [21m[0m] from nz = 28 and CS
[[32m[1m INFO  [21m[0m] -----------------------------------------------------------------
[[32m[1m INFO  [21m[0m] Elapsed time: 1.98e+04 || Step number: 11900/30000
[[32m[1m INFO  [21m[0m] longdy = 2.49e-01      || longdy/dt = 5.96e-04  || dt = 3.39e-07
[[32m[1m INFO  [21m[0m] from nz = 28 and CS
[[32m[1m INFO  [21m[0m] -----------------------------------------------------------------
[[32m[1m INFO  [21m[0m] Elapsed time: 2.02e+04 || Step number: 12000/30000
[[32m[1m INFO  [21m[0m] longdy = 2.33e-01      || longdy/dt = 5.63e-04  || dt = 7.54e-03
[[32m[1m INFO  [21m[0m] from nz = 28 and CS
[[32m[1m INFO  [21m[0m] -----------------------------------------------------------------
[[32m[1m INFO  [21m[0m] Elapsed time: 2.05e+04 || Step number: 12100/30000
[[32m[1m INFO  [21m[0m] longdy = 1.48e-01      || longdy/dt = 5.20e-04  || dt = 4.67e-05
[[32m[1m INFO  [21m[0m] from nz = 28 and CS
[[32m[1m INFO  [21m[0m] -----------------------------------------------------------------
[[32m[1m INFO  [21m[0m] Elapsed time: 2.13e+04 || Step number: 12200/30000
[[32m[1m INFO  [21m[0m] longdy = 4.40e-01      || longdy/dt = 5.62e-04  || dt = 1.65e-04
[[32m[1m INFO  [21m[0m] from nz = 29 and CS
[[32m[1m INFO  [21m[0m] -----------------------------------------------------------------
[[32m[1m INFO  [21m[0m] Elapsed time: 8.57e+04 || Step number: 12300/30000
[[32m[1m INFO  [21m[0m] longdy = 2.81e+02      || longdy/dt = 6.61e-03  || dt = 1.25e+03
[[32m[1m INFO  [21m[0m] from nz = 31 and CS
[[32m[1m INFO  [21m[0m] -----------------------------------------------------------------
[[32m[1m INFO  [21m[0m] Elapsed time: 1.10e+05 || Step number: 12400/30000
[[32m[1m INFO  [21m[0m] longdy = 1.48e+01      || longdy/dt = 6.22e-04  || dt = 3.18e-03
[[32m[1m INFO  [21m[0m] from nz = 32 and CS
[[32m[1m INFO  [21m[0m] -----------------------------------------------------------------
[[32m[1m INFO  [21m[0m] Elapsed time: 1.65e+05 || Step number: 12500/30000
[[32m[1m INFO  [21m[0m] longdy = 4.57e+01      || longdy/dt = 8.52e-04  || dt = 2.01e+03
[[32m[1m INFO  [21m[0m] from nz = 33 and CS
[[32m[1m INFO  [21m[0m] -----------------------------------------------------------------
[[32m[1m INFO  [21m[0m] Elapsed time: 2.50e+05 || Step number: 12600/30000
[[32m[1m INFO  [21m[0m] longdy = 7.93e+01      || longdy/dt = 9.48e-04  || dt = 1.48e+03
[[32m[1m INFO  [21m[0m] from nz = 34 and CS
[[32m[1m INFO  [21m[0m] -----------------------------------------------------------------
[[32m[1m INFO  [21m[0m] Elapsed time: 2.81e+05 || Step number: 12700/30000
[[32m[1m INFO  [21m[0m] longdy = 1.21e+01      || longdy/dt = 3.99e-04  || dt = 1.28e+03
[[32m[1m INFO  [21m[0m] from nz = 36 and CS
[[32m[1m INFO  [21m[0m] -----------------------------------------------------------------
[[32m[1m INFO  [21m[0m] Elapsed time: 3.15e+05 || Step number: 12800/30000
[[32m[1m INFO  [21m[0m] longdy = 2.98e+01      || longdy/dt = 8.83e-04  || dt = 5.22e+01
[[32m[1m INFO  [21m[0m] from nz = 37 and CS
[[32m[1m INFO  [21m[0m] -----------------------------------------------------------------
[[32m[1m INFO  [21m[0m] Elapsed time: 3.26e+05 || Step number: 12900/30000
[[32m[1m INFO  [21m[0m] longdy = 9.69e-01      || longdy/dt = 9.04e-05  || dt = 1.28e+01
[[32m[1m INFO  [21m[0m] from nz = 50 and SO2
[[32m[1m INFO  [21m[0m] -----------------------------------------------------------------
[[32m[1m INFO  [21m[0m] Elapsed time: 3.43e+05 || Step number: 13000/30000
[[32m[1m INFO  [21m[0m] longdy = 1.05e+00      || longdy/dt = 6.14e-05  || dt = 6.83e+01
[[32m[1m INFO  [21m[0m] from nz = 39 and CS
[[32m[1m INFO  [21m[0m] -----------------------------------------------------------------
[[32m[1m INFO  [21m[0m] Elapsed time: 3.84e+05 || Step number: 13100/30000
[[32m[1m INFO  [21m[0m] longdy = 1.64e+00      || longdy/dt = 4.03e-05  || dt = 1.70e+01
[[32m[1m INFO  [21m[0m] from nz = 40 and CS
[[32m[1m INFO  [21m[0m] -----------------------------------------------------------------
[[32m[1m INFO  [21m[0m] Elapsed time: 4.13e+05 || Step number: 13200/30000
[[32m[1m INFO  [21m[0m] longdy = 1.07e+00      || longdy/dt = 3.74e-05  || dt = 1.74e+03
[[32m[1m INFO  [21m[0m] from nz = 32 and C4H3
[[32m[1m INFO  [21m[0m] -----------------------------------------------------------------
[[32m[1m INFO  [21m[0m] Elapsed time: 4.69e+05 || Step number: 13300/30000
[[32m[1m INFO  [21m[0m] longdy = 5.57e-01      || longdy/dt = 1.05e-05  || dt = 3.70e+03
[[32m[1m INFO  [21m[0m] from nz = 41 and C6H5
[[32m[1m INFO  [21m[0m] -----------------------------------------------------------------
[[32m[1m INFO  [21m[0m] Elapsed time: 4.84e+05 || Step number: 13400/30000
[[32m[1m INFO  [21m[0m] longdy = 1.52e-01      || longdy/dt = 1.07e-05  || dt = 3.78e-01
[[32m[1m INFO  [21m[0m] from nz = 41 and C6H5
[[32m[1m INFO  [21m[0m] -----------------------------------------------------------------
[[32m[1m INFO  [21m[0m] Elapsed time: 5.38e+05 || Step number: 13500/30000
[[32m[1m INFO  [21m[0m] longdy = 2.43e-01      || longdy/dt = 4.49e-06  || dt = 2.68e-01
[[32m[1m INFO  [21m[0m] from nz = 41 and C6H5
[[32m[1m INFO  [21m[0m] -----------------------------------------------------------------
[[32m[1m INFO  [21m[0m] Elapsed time: 5.86e+05 || Step number: 13600/30000
[[32m[1m INFO  [21m[0m] longdy = 1.21e-01      || longdy/dt = 2.54e-06  || dt = 2.76e-06
[[32m[1m INFO  [21m[0m] from nz = 41 and C6H5
[[32m[1m INFO  [21m[0m] -----------------------------------------------------------------
[[32m[1m INFO  [21m[0m] Elapsed time: 6.17e+05 || Step number: 13700/30000
[[32m[1m INFO  [21m[0m] longdy = 4.51e-02      || longdy/dt = 1.45e-06  || dt = 3.60e-06
[[32m[1m INFO  [21m[0m] from nz = 41 and C6H5
[[32m[1m INFO  [21m[0m] -----------------------------------------------------------------
[[32m[1m INFO  [21m[0m] Elapsed time: 6.76e+05 || Step number: 13800/30000
[[32m[1m INFO  [21m[0m] longdy = 4.47e-02      || longdy/dt = 7.51e-07  || dt = 2.28e-06
[[32m[1m INFO  [21m[0m] from nz = 41 and C6H5
[[32m[1m INFO  [21m[0m] -----------------------------------------------------------------
[[32m[1m INFO  [21m[0m] Elapsed time: 7.10e+05 || Step number: 13900/30000
[[32m[1m INFO  [21m[0m] longdy = 1.58e-02      || longdy/dt = 4.61e-07  || dt = 3.92e-03
[[32m[1m INFO  [21m[0m] from nz = 18 and HC3N
[[32m[1m INFO  [21m[0m] -----------------------------------------------------------------
[[32m[1m INFO  [21m[0m] Integration successful with 13921 steps
[[32m[1m INFO  [21m[0m] long dy, long dydt = 0.014000102576564956, 3.47226847808659e-07
[[32m[1m INFO  [21m[0m] Total atom loss:
[[32m[1m INFO  [21m[0m] H: 0.2783769137364281 
[[32m[1m INFO  [21m[0m] O: 0.23954427896711536 
[[32m[1m INFO  [21m[0m] C: 2.0755638153025826 
[[32m[1m INFO  [21m[0m] N: 0.08939021390044705 
[[32m[1m INFO  [21m[0m] S: 4.414287238403714 
[[32m[1m INFO  [21m[0m] ------ Live long and prosper \V/ ------
[[32m[1m INFO  [21m[0m]     done
Atmodeller initialized with double precision (float64)
[[93m[1m WARNING [21m[0m] The archive tar file does not exist: /data/rdc49-2/K218b_project/simulation_data/grid_H1_C2_N0_S1_fO21__from_batch06_case_000033__7_crash_atmos_chem_step_vulcan_chem_funs_race_missing_symjac/data/data.tar
[[32m[1m INFO  [21m[0m] Observing the planet...
Loading PHOENIX star table in file '/data/rdc49-2/FWL_DATA/prt/input_data/stellar_spectra/phoenix/phoenix.startable.petitRADTRANS.h5'... Done.
