Atmodeller initialized with double precision (float64)
[[93m[1m WARNING [21m[0m] The archive tar file does not exist: /data/rdc49-2/K218b_project/simulation_data/grid_H1_C1_N2_S3_fO22__from_batch09_case_000059__7_crash_atmos_chem_step_vulcan_chem_funs_race_syntax_error/data/data.tar
[[32m[1m INFO  [21m[0m] Running atmospheric chemistry...
[[32m[1m INFO  [21m[0m]     Using vulcan module, offline
[[32m[1m INFO  [21m[0m] Elements conserved in the network.
[[32m[1m INFO  [21m[0m] No duplicates in the network.
[[32m[1m INFO  [21m[0m] Elements conserved in the network.
[[32m[1m INFO  [21m[0m] No duplicates in the network.
[[32m[1m INFO  [21m[0m] Running VULCAN
[[32m[1m INFO  [21m[0m] Initializing with compositions from ASCII file /data/rdc49-2/K218b_project/simulation_data/grid_H1_C1_N2_S3_fO22__from_batch09_case_000059__7_crash_atmos_chem_step_vulcan_chem_funs_race_syntax_error/offchem/vmrs.dat
[[32m[1m INFO  [21m[0m] Input stellar spectrum from 2.0 to 700.0
[[32m[1m INFO  [21m[0m] Using wavelength bins from 2.0 to 655.5
[[32m[1m INFO  [21m[0m] Include molecular diffusion.
[[32m[1m INFO  [21m[0m] Starting VULCAN integration with 1 threads...
[[93m[1m WARNING [21m[0m] Keep producing negative values! Clipping negative solutions and moving on!
[[93m[1m WARNING [21m[0m] Keep producing negative values! Clipping negative solutions and moving on!
[[93m[1m WARNING [21m[0m] Keep producing negative values! Clipping negative solutions and moving on!
[[93m[1m WARNING [21m[0m] Keep producing negative values! Clipping negative solutions and moving on!
[[93m[1m WARNING [21m[0m] Keep producing negative values! Clipping negative solutions and moving on!
[[93m[1m WARNING [21m[0m] Keep producing negative values! Clipping negative solutions and moving on!
[[93m[1m WARNING [21m[0m] Keep producing negative values! Clipping negative solutions and moving on!
[[93m[1m WARNING [21m[0m] Keep producing negative values! Clipping negative solutions and moving on!
[[32m[1m INFO  [21m[0m] Elapsed time: 3.80e-02 || Step number: 100/30000
[[32m[1m INFO  [21m[0m] longdy = 1.00e+00      || longdy/dt = 1.00e+00  || dt = 6.36e-03
[[32m[1m INFO  [21m[0m] from nz = 0 and OH
[[32m[1m INFO  [21m[0m] -----------------------------------------------------------------
[[32m[1m INFO  [21m[0m] Elapsed time: 1.48e+01 || Step number: 200/30000
[[32m[1m INFO  [21m[0m] longdy = 1.00e+00      || longdy/dt = 1.00e+00  || dt = 4.52e-01
[[32m[1m INFO  [21m[0m] from nz = 0 and OH
[[32m[1m INFO  [21m[0m] -----------------------------------------------------------------
[[32m[1m INFO  [21m[0m] Elapsed time: 1.58e+02 || Step number: 300/30000
[[32m[1m INFO  [21m[0m] longdy = 1.34e+01      || longdy/dt = 1.74e-01  || dt = 3.76e+00
[[32m[1m INFO  [21m[0m] from nz = 19 and S8
[[32m[1m INFO  [21m[0m] -----------------------------------------------------------------
[[32m[1m INFO  [21m[0m] Elapsed time: 1.02e+03 || Step number: 400/30000
[[32m[1m INFO  [21m[0m] longdy = 5.87e+01      || longdy/dt = 1.15e-01  || dt = 3.61e-01
[[32m[1m INFO  [21m[0m] from nz = 27 and CS
[[32m[1m INFO  [21m[0m] -----------------------------------------------------------------
[[32m[1m INFO  [21m[0m] Elapsed time: 5.79e+03 || Step number: 500/30000
[[32m[1m INFO  [21m[0m] longdy = 2.29e+05      || longdy/dt = 7.91e+01  || dt = 6.47e+00
[[32m[1m INFO  [21m[0m] from nz = 34 and CS
[[32m[1m INFO  [21m[0m] -----------------------------------------------------------------
[[32m[1m INFO  [21m[0m] Elapsed time: 1.88e+04 || Step number: 600/30000
[[32m[1m INFO  [21m[0m] longdy = 5.96e+01      || longdy/dt = 6.38e-03  || dt = 5.26e-01
[[32m[1m INFO  [21m[0m] from nz = 22 and S8
[[32m[1m INFO  [21m[0m] -----------------------------------------------------------------
[[32m[1m INFO  [21m[0m] Elapsed time: 4.35e+04 || Step number: 700/30000
[[32m[1m INFO  [21m[0m] longdy = 4.29e+01      || longdy/dt = 1.99e-03  || dt = 2.24e+02
[[32m[1m INFO  [21m[0m] from nz = 22 and S8
[[32m[1m INFO  [21m[0m] -----------------------------------------------------------------
[[32m[1m INFO  [21m[0m] Elapsed time: 7.47e+04 || Step number: 800/30000
[[32m[1m INFO  [21m[0m] longdy = 5.41e+01      || longdy/dt = 1.73e-03  || dt = 1.89e-01
[[32m[1m INFO  [21m[0m] from nz = 40 and CS
[[32m[1m INFO  [21m[0m] -----------------------------------------------------------------
[[32m[1m INFO  [21m[0m] Elapsed time: 1.20e+05 || Step number: 900/30000
[[32m[1m INFO  [21m[0m] longdy = 7.14e+00      || longdy/dt = 1.57e-04  || dt = 8.13e-07
[[32m[1m INFO  [21m[0m] from nz = 35 and CH2
[[32m[1m INFO  [21m[0m] -----------------------------------------------------------------
[[32m[1m INFO  [21m[0m] Elapsed time: 1.43e+05 || Step number: 1000/30000
[[32m[1m INFO  [21m[0m] longdy = 2.17e+01      || longdy/dt = 9.50e-04  || dt = 9.20e+01
[[32m[1m INFO  [21m[0m] from nz = 11 and C4H2
[[32m[1m INFO  [21m[0m] -----------------------------------------------------------------
[[32m[1m INFO  [21m[0m] Elapsed time: 1.69e+05 || Step number: 1100/30000
[[32m[1m INFO  [21m[0m] longdy = 4.24e-01      || longdy/dt = 1.73e-05  || dt = 1.55e+03
[[32m[1m INFO  [21m[0m] from nz = 35 and CH2
[[32m[1m INFO  [21m[0m] -----------------------------------------------------------------
[[32m[1m INFO  [21m[0m] Elapsed time: 2.01e+05 || Step number: 1200/30000
[[32m[1m INFO  [21m[0m] longdy = 3.23e-01      || longdy/dt = 1.00e-05  || dt = 1.37e+01
[[32m[1m INFO  [21m[0m] from nz = 17 and NO
[[32m[1m INFO  [21m[0m] -----------------------------------------------------------------
[[32m[1m INFO  [21m[0m] Elapsed time: 2.31e+05 || Step number: 1300/30000
[[32m[1m INFO  [21m[0m] longdy = 1.51e-01      || longdy/dt = 5.27e-06  || dt = 1.75e+03
[[32m[1m INFO  [21m[0m] from nz = 50 and N2
[[32m[1m INFO  [21m[0m] -----------------------------------------------------------------
[[32m[1m INFO  [21m[0m] Elapsed time: 2.66e+05 || Step number: 1400/30000
[[32m[1m INFO  [21m[0m] longdy = 9.68e-01      || longdy/dt = 2.72e-05  || dt = 3.55e-04
[[32m[1m INFO  [21m[0m] from nz = 11 and C4H2
[[32m[1m INFO  [21m[0m] -----------------------------------------------------------------
[[32m[1m INFO  [21m[0m] Elapsed time: 3.03e+05 || Step number: 1500/30000
[[32m[1m INFO  [21m[0m] longdy = 2.98e+01      || longdy/dt = 8.17e-04  || dt = 5.13e+01
[[32m[1m INFO  [21m[0m] from nz = 11 and C4H2
[[32m[1m INFO  [21m[0m] -----------------------------------------------------------------
[[32m[1m INFO  [21m[0m] Elapsed time: 3.42e+05 || Step number: 1600/30000
[[32m[1m INFO  [21m[0m] longdy = 2.70e-01      || longdy/dt = 7.23e-06  || dt = 3.76e+03
[[32m[1m INFO  [21m[0m] from nz = 8 and C6H6
[[32m[1m INFO  [21m[0m] -----------------------------------------------------------------
[[32m[1m INFO  [21m[0m] Elapsed time: 3.74e+05 || Step number: 1700/30000
[[32m[1m INFO  [21m[0m] longdy = 1.00e+00      || longdy/dt = 3.20e-05  || dt = 6.51e+01
[[32m[1m INFO  [21m[0m] from nz = 11 and C4H2
[[32m[1m INFO  [21m[0m] -----------------------------------------------------------------
[[32m[1m INFO  [21m[0m] Elapsed time: 4.20e+05 || Step number: 1800/30000
[[32m[1m INFO  [21m[0m] longdy = 6.29e-01      || longdy/dt = 1.36e-05  || dt = 8.62e-03
[[32m[1m INFO  [21m[0m] from nz = 10 and HC3N
[[32m[1m INFO  [21m[0m] -----------------------------------------------------------------
[[32m[1m INFO  [21m[0m] Elapsed time: 4.58e+05 || Step number: 1900/30000
[[32m[1m INFO  [21m[0m] longdy = 5.66e-01      || longdy/dt = 1.54e-05  || dt = 1.95e+03
[[32m[1m INFO  [21m[0m] from nz = 10 and HC3N
[[32m[1m INFO  [21m[0m] -----------------------------------------------------------------
[[32m[1m INFO  [21m[0m] Integration successful with 1957 steps
[[32m[1m INFO  [21m[0m] long dy, long dydt = 0.034972750889052176, 7.400393267263998e-07
[[32m[1m INFO  [21m[0m] Total atom loss:
[[32m[1m INFO  [21m[0m] H: -0.00048330795744586346 
[[32m[1m INFO  [21m[0m] O: -0.00048330697140116634 
[[32m[1m INFO  [21m[0m] C: -0.000483310140820468 
[[32m[1m INFO  [21m[0m] N: -0.00040418448282939314 
[[32m[1m INFO  [21m[0m] S: -0.00046579398756164497 
[[32m[1m INFO  [21m[0m] ------ Live long and prosper \V/ ------
[[32m[1m INFO  [21m[0m]     done
Atmodeller initialized with double precision (float64)
[[93m[1m WARNING [21m[0m] The archive tar file does not exist: /data/rdc49-2/K218b_project/simulation_data/grid_H1_C1_N2_S3_fO22__from_batch09_case_000059__7_crash_atmos_chem_step_vulcan_chem_funs_race_syntax_error/data/data.tar
[[32m[1m INFO  [21m[0m] Observing the planet...
Loading PHOENIX star table in file '/data/rdc49-2/FWL_DATA/prt/input_data/stellar_spectra/phoenix/phoenix.startable.petitRADTRANS.h5'... Done.
