Atmodeller initialized with double precision (float64)
[[93m[1m WARNING [21m[0m] The archive tar file does not exist: /data/rdc49-2/K218b_project/simulation_data/grid_H0_C2_N3_S3_fO20__from_batch02_case_000015__7_crash_atmos_chem_step_vulcan_chem_funs_race_missing_symjac/data/data.tar
[[32m[1m INFO  [21m[0m] Running atmospheric chemistry...
[[32m[1m INFO  [21m[0m]     Using vulcan module, offline
[[32m[1m INFO  [21m[0m] Elements conserved in the network.
[[32m[1m INFO  [21m[0m] No duplicates in the network.
[[32m[1m INFO  [21m[0m] Elements conserved in the network.
[[32m[1m INFO  [21m[0m] No duplicates in the network.
[[32m[1m INFO  [21m[0m] Running VULCAN
[[32m[1m INFO  [21m[0m] Initializing with compositions from ASCII file /data/rdc49-2/K218b_project/simulation_data/grid_H0_C2_N3_S3_fO20__from_batch02_case_000015__7_crash_atmos_chem_step_vulcan_chem_funs_race_missing_symjac/offchem/vmrs.dat
[[32m[1m INFO  [21m[0m] Input stellar spectrum from 2.0 to 700.0
[[32m[1m INFO  [21m[0m] Using wavelength bins from 2.0 to 655.5
[[32m[1m INFO  [21m[0m] Include molecular diffusion.
[[32m[1m INFO  [21m[0m] Starting VULCAN integration with 1 threads...
[[93m[1m WARNING [21m[0m] Keep producing negative values! Clipping negative solutions and moving on!
[[93m[1m WARNING [21m[0m] Keep producing negative values! Clipping negative solutions and moving on!
[[93m[1m WARNING [21m[0m] Keep producing negative values! Clipping negative solutions and moving on!
[[93m[1m WARNING [21m[0m] Keep producing negative values! Clipping negative solutions and moving on!
[[93m[1m WARNING [21m[0m] Keep producing negative values! Clipping negative solutions and moving on!
[[93m[1m WARNING [21m[0m] Keep producing negative values! Clipping negative solutions and moving on!
[[93m[1m WARNING [21m[0m] Keep producing negative values! Clipping negative solutions and moving on!
[[93m[1m WARNING [21m[0m] Keep producing negative values! Clipping negative solutions and moving on!
[[93m[1m WARNING [21m[0m] Keep producing negative values! Clipping negative solutions and moving on!
[[93m[1m WARNING [21m[0m] Keep producing negative values! Clipping negative solutions and moving on!
[[93m[1m WARNING [21m[0m] Keep producing negative values! Clipping negative solutions and moving on!
[[93m[1m WARNING [21m[0m] Keep producing negative values! Clipping negative solutions and moving on!
[[32m[1m INFO  [21m[0m] Elapsed time: 1.44e-05 || Step number: 100/30000
[[32m[1m INFO  [21m[0m] longdy = 1.00e+00      || longdy/dt = 1.00e+00  || dt = 5.23e-07
[[32m[1m INFO  [21m[0m] from nz = 0 and OH
[[32m[1m INFO  [21m[0m] -----------------------------------------------------------------
[[32m[1m INFO  [21m[0m] Elapsed time: 1.16e-04 || Step number: 200/30000
[[32m[1m INFO  [21m[0m] longdy = 1.00e+00      || longdy/dt = 1.00e+00  || dt = 3.12e-06
[[32m[1m INFO  [21m[0m] from nz = 0 and OH
[[32m[1m INFO  [21m[0m] -----------------------------------------------------------------
[[32m[1m INFO  [21m[0m] Elapsed time: 7.34e-04 || Step number: 300/30000
[[32m[1m INFO  [21m[0m] longdy = 1.00e+00      || longdy/dt = 1.00e+00  || dt = 9.80e-06
[[32m[1m INFO  [21m[0m] from nz = 0 and OH
[[32m[1m INFO  [21m[0m] -----------------------------------------------------------------
[[32m[1m INFO  [21m[0m] Elapsed time: 3.49e-03 || Step number: 400/30000
[[32m[1m INFO  [21m[0m] longdy = 1.00e+00      || longdy/dt = 1.00e+00  || dt = 7.06e-05
[[32m[1m INFO  [21m[0m] from nz = 0 and OH
[[32m[1m INFO  [21m[0m] -----------------------------------------------------------------
[[32m[1m INFO  [21m[0m] Elapsed time: 1.62e-02 || Step number: 500/30000
[[32m[1m INFO  [21m[0m] longdy = 1.00e+00      || longdy/dt = 1.00e+00  || dt = 2.88e-04
[[32m[1m INFO  [21m[0m] from nz = 0 and OH
[[32m[1m INFO  [21m[0m] -----------------------------------------------------------------
[[32m[1m INFO  [21m[0m] Elapsed time: 5.53e-02 || Step number: 600/30000
[[32m[1m INFO  [21m[0m] longdy = 1.00e+00      || longdy/dt = 1.00e+00  || dt = 8.12e-04
[[32m[1m INFO  [21m[0m] from nz = 0 and OH
[[32m[1m INFO  [21m[0m] -----------------------------------------------------------------
[[32m[1m INFO  [21m[0m] Elapsed time: 1.73e-01 || Step number: 700/30000
[[32m[1m INFO  [21m[0m] longdy = 1.00e+00      || longdy/dt = 1.00e+00  || dt = 2.29e-03
[[32m[1m INFO  [21m[0m] from nz = 0 and OH
[[32m[1m INFO  [21m[0m] -----------------------------------------------------------------
[[32m[1m INFO  [21m[0m] Elapsed time: 5.50e-01 || Step number: 800/30000
[[32m[1m INFO  [21m[0m] longdy = 1.00e+00      || longdy/dt = 1.00e+00  || dt = 7.87e-03
[[32m[1m INFO  [21m[0m] from nz = 0 and OH
[[32m[1m INFO  [21m[0m] -----------------------------------------------------------------
[[32m[1m INFO  [21m[0m] Elapsed time: 1.46e+00 || Step number: 900/30000
[[32m[1m INFO  [21m[0m] longdy = 1.00e+00      || longdy/dt = 1.00e+00  || dt = 2.08e-02
[[32m[1m INFO  [21m[0m] from nz = 0 and OH
[[32m[1m INFO  [21m[0m] -----------------------------------------------------------------
[[32m[1m INFO  [21m[0m] Elapsed time: 3.49e+00 || Step number: 1000/30000
[[32m[1m INFO  [21m[0m] longdy = 1.00e+00      || longdy/dt = 1.00e+00  || dt = 3.77e-02
[[32m[1m INFO  [21m[0m] from nz = 0 and OH
[[32m[1m INFO  [21m[0m] -----------------------------------------------------------------
[[32m[1m INFO  [21m[0m] Elapsed time: 7.35e+00 || Step number: 1100/30000
[[32m[1m INFO  [21m[0m] longdy = 1.00e+00      || longdy/dt = 1.00e+00  || dt = 7.41e-02
[[32m[1m INFO  [21m[0m] from nz = 0 and OH
[[32m[1m INFO  [21m[0m] -----------------------------------------------------------------
[[32m[1m INFO  [21m[0m] Elapsed time: 1.44e+01 || Step number: 1200/30000
[[32m[1m INFO  [21m[0m] longdy = 1.00e+00      || longdy/dt = 1.00e+00  || dt = 1.27e-01
[[32m[1m INFO  [21m[0m] from nz = 0 and OH
[[32m[1m INFO  [21m[0m] -----------------------------------------------------------------
[[32m[1m INFO  [21m[0m] Elapsed time: 2.67e+01 || Step number: 1300/30000
[[32m[1m INFO  [21m[0m] longdy = 1.00e+00      || longdy/dt = 1.00e+00  || dt = 2.07e-01
[[32m[1m INFO  [21m[0m] from nz = 0 and OH
[[32m[1m INFO  [21m[0m] -----------------------------------------------------------------
[[32m[1m INFO  [21m[0m] Elapsed time: 4.71e+01 || Step number: 1400/30000
[[32m[1m INFO  [21m[0m] longdy = 1.00e+00      || longdy/dt = 1.00e+00  || dt = 3.42e-01
[[32m[1m INFO  [21m[0m] from nz = 0 and OH
[[32m[1m INFO  [21m[0m] -----------------------------------------------------------------
[[32m[1m INFO  [21m[0m] Elapsed time: 8.19e+01 || Step number: 1500/30000
[[32m[1m INFO  [21m[0m] longdy = 1.00e+00      || longdy/dt = 1.00e+00  || dt = 5.75e-01
[[32m[1m INFO  [21m[0m] from nz = 0 and OH
[[32m[1m INFO  [21m[0m] -----------------------------------------------------------------
[[32m[1m INFO  [21m[0m] Elapsed time: 1.43e+02 || Step number: 1600/30000
[[32m[1m INFO  [21m[0m] longdy = 1.14e+01      || longdy/dt = 1.90e-01  || dt = 9.81e-01
[[32m[1m INFO  [21m[0m] from nz = 18 and S4
[[32m[1m INFO  [21m[0m] -----------------------------------------------------------------
[[32m[1m INFO  [21m[0m] Elapsed time: 2.53e+02 || Step number: 1700/30000
[[32m[1m INFO  [21m[0m] longdy = 4.81e+00      || longdy/dt = 4.44e-02  || dt = 1.70e+00
[[32m[1m INFO  [21m[0m] from nz = 36 and HCS
[[32m[1m INFO  [21m[0m] -----------------------------------------------------------------
[[32m[1m INFO  [21m[0m] Elapsed time: 4.45e+02 || Step number: 1800/30000
[[32m[1m INFO  [21m[0m] longdy = 8.02e+00      || longdy/dt = 4.22e-02  || dt = 2.80e+00
[[32m[1m INFO  [21m[0m] from nz = 32 and HCS
[[32m[1m INFO  [21m[0m] -----------------------------------------------------------------
[[32m[1m INFO  [21m[0m] Elapsed time: 9.41e+02 || Step number: 1900/30000
[[32m[1m INFO  [21m[0m] longdy = 1.22e+01      || longdy/dt = 2.62e-02  || dt = 7.90e+00
[[32m[1m INFO  [21m[0m] from nz = 27 and HCS
[[32m[1m INFO  [21m[0m] -----------------------------------------------------------------
[[32m[1m INFO  [21m[0m] Elapsed time: 1.81e+03 || Step number: 2000/30000
[[32m[1m INFO  [21m[0m] longdy = 1.84e+02      || longdy/dt = 2.12e-01  || dt = 3.56e-02
[[32m[1m INFO  [21m[0m] from nz = 23 and CS
[[32m[1m INFO  [21m[0m] -----------------------------------------------------------------
[[32m[1m INFO  [21m[0m] Elapsed time: 2.27e+03 || Step number: 2100/30000
[[32m[1m INFO  [21m[0m] longdy = 1.87e+01      || longdy/dt = 4.20e-02  || dt = 1.41e+01
[[32m[1m INFO  [21m[0m] from nz = 24 and CS
[[32m[1m INFO  [21m[0m] -----------------------------------------------------------------
[[32m[1m INFO  [21m[0m] Elapsed time: 2.79e+03 || Step number: 2200/30000
[[32m[1m INFO  [21m[0m] longdy = 2.33e+01      || longdy/dt = 4.63e-02  || dt = 1.41e+01
[[32m[1m INFO  [21m[0m] from nz = 24 and CS
[[32m[1m INFO  [21m[0m] -----------------------------------------------------------------
[[32m[1m INFO  [21m[0m] Elapsed time: 3.37e+03 || Step number: 2300/30000
[[32m[1m INFO  [21m[0m] longdy = 2.51e+01      || longdy/dt = 4.26e-02  || dt = 2.51e-03
[[32m[1m INFO  [21m[0m] from nz = 25 and CS
[[32m[1m INFO  [21m[0m] -----------------------------------------------------------------
[[32m[1m INFO  [21m[0m] Elapsed time: 3.83e+03 || Step number: 2400/30000
[[32m[1m INFO  [21m[0m] longdy = 7.77e+00      || longdy/dt = 1.70e-02  || dt = 1.61e-04
[[32m[1m INFO  [21m[0m] from nz = 26 and CS
[[32m[1m INFO  [21m[0m] -----------------------------------------------------------------
[[32m[1m INFO  [21m[0m] Elapsed time: 4.41e+03 || Step number: 2500/30000
[[32m[1m INFO  [21m[0m] longdy = 1.17e+01      || longdy/dt = 2.03e-02  || dt = 2.25e-05
[[32m[1m INFO  [21m[0m] from nz = 26 and CS
[[32m[1m INFO  [21m[0m] -----------------------------------------------------------------
[[32m[1m INFO  [21m[0m] Elapsed time: 5.03e+03 || Step number: 2600/30000
[[32m[1m INFO  [21m[0m] longdy = 8.45e+00      || longdy/dt = 1.38e-02  || dt = 1.81e+01
[[32m[1m INFO  [21m[0m] from nz = 27 and CS
[[32m[1m INFO  [21m[0m] -----------------------------------------------------------------
[[32m[1m INFO  [21m[0m] Elapsed time: 5.71e+03 || Step number: 2700/30000
[[32m[1m INFO  [21m[0m] longdy = 7.94e+00      || longdy/dt = 1.16e-02  || dt = 2.94e-04
[[32m[1m INFO  [21m[0m] from nz = 27 and CS
[[32m[1m INFO  [21m[0m] -----------------------------------------------------------------
[[32m[1m INFO  [21m[0m] Elapsed time: 6.63e+03 || Step number: 2800/30000
[[32m[1m INFO  [21m[0m] longdy = 8.93e+00      || longdy/dt = 9.76e-03  || dt = 2.47e-01
[[32m[1m INFO  [21m[0m] from nz = 28 and CS
[[32m[1m INFO  [21m[0m] -----------------------------------------------------------------
[[32m[1m INFO  [21m[0m] Elapsed time: 7.16e+03 || Step number: 2900/30000
[[32m[1m INFO  [21m[0m] longdy = 2.14e+00      || longdy/dt = 4.01e-03  || dt = 1.44e+00
[[32m[1m INFO  [21m[0m] from nz = 28 and CS
[[32m[1m INFO  [21m[0m] -----------------------------------------------------------------
[[32m[1m INFO  [21m[0m] Elapsed time: 7.75e+03 || Step number: 3000/30000
[[32m[1m INFO  [21m[0m] longdy = 1.79e+00      || longdy/dt = 3.26e-03  || dt = 3.41e+01
[[32m[1m INFO  [21m[0m] from nz = 28 and CS
[[32m[1m INFO  [21m[0m] -----------------------------------------------------------------
[[32m[1m INFO  [21m[0m] Elapsed time: 9.41e+03 || Step number: 3100/30000
[[32m[1m INFO  [21m[0m] longdy = 8.32e+00      || longdy/dt = 5.15e-03  || dt = 5.89e+01
[[32m[1m INFO  [21m[0m] from nz = 29 and CS
[[32m[1m INFO  [21m[0m] -----------------------------------------------------------------
[[32m[1m INFO  [21m[0m] Elapsed time: 1.09e+04 || Step number: 3200/30000
[[32m[1m INFO  [21m[0m] longdy = 3.22e+00      || longdy/dt = 2.23e-03  || dt = 1.84e+00
[[32m[1m INFO  [21m[0m] from nz = 29 and CS
[[32m[1m INFO  [21m[0m] -----------------------------------------------------------------
[[32m[1m INFO  [21m[0m] Elapsed time: 1.27e+04 || Step number: 3300/30000
[[32m[1m INFO  [21m[0m] longdy = 2.41e+00      || longdy/dt = 1.37e-03  || dt = 8.35e+01
[[32m[1m INFO  [21m[0m] from nz = 29 and CS
[[32m[1m INFO  [21m[0m] -----------------------------------------------------------------
[[32m[1m INFO  [21m[0m] Elapsed time: 1.38e+04 || Step number: 3400/30000
[[32m[1m INFO  [21m[0m] longdy = 7.72e-01      || longdy/dt = 6.93e-04  || dt = 1.21e+01
[[32m[1m INFO  [21m[0m] from nz = 30 and CS
[[32m[1m INFO  [21m[0m] -----------------------------------------------------------------
[[32m[1m INFO  [21m[0m] Elapsed time: 1.64e+04 || Step number: 3500/30000
[[32m[1m INFO  [21m[0m] longdy = 1.67e+00      || longdy/dt = 6.47e-04  || dt = 3.41e-01
[[32m[1m INFO  [21m[0m] from nz = 30 and CS
[[32m[1m INFO  [21m[0m] -----------------------------------------------------------------
[[32m[1m INFO  [21m[0m] Elapsed time: 1.92e+04 || Step number: 3600/30000
[[32m[1m INFO  [21m[0m] longdy = 9.86e-01      || longdy/dt = 3.59e-04  || dt = 8.70e+01
[[32m[1m INFO  [21m[0m] from nz = 30 and CS
[[32m[1m INFO  [21m[0m] -----------------------------------------------------------------
[[32m[1m INFO  [21m[0m] Elapsed time: 2.13e+04 || Step number: 3700/30000
[[32m[1m INFO  [21m[0m] longdy = 4.99e-01      || longdy/dt = 2.48e-04  || dt = 8.19e+01
[[32m[1m INFO  [21m[0m] from nz = 39 and CH3CN
[[32m[1m INFO  [21m[0m] -----------------------------------------------------------------
[[32m[1m INFO  [21m[0m] Elapsed time: 2.34e+04 || Step number: 3800/30000
[[32m[1m INFO  [21m[0m] longdy = 4.47e-01      || longdy/dt = 2.26e-04  || dt = 8.87e+01
[[32m[1m INFO  [21m[0m] from nz = 40 and CH3CN
[[32m[1m INFO  [21m[0m] -----------------------------------------------------------------
[[32m[1m INFO  [21m[0m] Elapsed time: 2.56e+04 || Step number: 3900/30000
[[32m[1m INFO  [21m[0m] longdy = 4.36e-01      || longdy/dt = 2.00e-04  || dt = 1.16e+02
[[32m[1m INFO  [21m[0m] from nz = 41 and CH3CN
[[32m[1m INFO  [21m[0m] -----------------------------------------------------------------
[[32m[1m INFO  [21m[0m] Elapsed time: 2.89e+04 || Step number: 4000/30000
[[32m[1m INFO  [21m[0m] longdy = 5.14e-01      || longdy/dt = 1.59e-04  || dt = 5.79e+01
[[32m[1m INFO  [21m[0m] from nz = 42 and CH3CN
[[32m[1m INFO  [21m[0m] -----------------------------------------------------------------
[[32m[1m INFO  [21m[0m] Elapsed time: 3.13e+04 || Step number: 4100/30000
[[32m[1m INFO  [21m[0m] longdy = 3.71e-01      || longdy/dt = 1.53e-04  || dt = 2.08e-05
[[32m[1m INFO  [21m[0m] from nz = 43 and CH3CN
[[32m[1m INFO  [21m[0m] -----------------------------------------------------------------
[[32m[1m INFO  [21m[0m] Elapsed time: 3.43e+04 || Step number: 4200/30000
[[32m[1m INFO  [21m[0m] longdy = 3.81e-01      || longdy/dt = 1.33e-04  || dt = 1.22e+02
[[32m[1m INFO  [21m[0m] from nz = 44 and CH3CN
[[32m[1m INFO  [21m[0m] -----------------------------------------------------------------
[[32m[1m INFO  [21m[0m] Elapsed time: 3.82e+04 || Step number: 4300/30000
[[32m[1m INFO  [21m[0m] longdy = 4.23e-01      || longdy/dt = 1.08e-04  || dt = 9.03e-02
[[32m[1m INFO  [21m[0m] from nz = 45 and CH3CN
[[32m[1m INFO  [21m[0m] -----------------------------------------------------------------
[[32m[1m INFO  [21m[0m] Elapsed time: 4.07e+04 || Step number: 4400/30000
[[32m[1m INFO  [21m[0m] longdy = 2.53e-01      || longdy/dt = 1.06e-04  || dt = 9.04e+01
[[32m[1m INFO  [21m[0m] from nz = 46 and CH3CN
[[32m[1m INFO  [21m[0m] -----------------------------------------------------------------
[[32m[1m INFO  [21m[0m] Elapsed time: 4.57e+04 || Step number: 4500/30000
[[32m[1m INFO  [21m[0m] longdy = 4.17e-01      || longdy/dt = 8.29e-05  || dt = 1.70e-05
[[32m[1m INFO  [21m[0m] from nz = 31 and CS
[[32m[1m INFO  [21m[0m] -----------------------------------------------------------------
[[32m[1m INFO  [21m[0m] Elapsed time: 5.03e+04 || Step number: 4600/30000
[[32m[1m INFO  [21m[0m] longdy = 5.00e-01      || longdy/dt = 1.13e-04  || dt = 2.67e+02
[[32m[1m INFO  [21m[0m] from nz = 31 and CS
[[32m[1m INFO  [21m[0m] -----------------------------------------------------------------
[[32m[1m INFO  [21m[0m] Elapsed time: 6.20e+04 || Step number: 4700/30000
[[32m[1m INFO  [21m[0m] longdy = 3.62e+00      || longdy/dt = 3.10e-04  || dt = 6.74e-03
[[32m[1m INFO  [21m[0m] from nz = 31 and CS
[[32m[1m INFO  [21m[0m] -----------------------------------------------------------------
[[32m[1m INFO  [21m[0m] Elapsed time: 7.55e+04 || Step number: 4800/30000
[[32m[1m INFO  [21m[0m] longdy = 6.49e+00      || longdy/dt = 4.90e-04  || dt = 4.65e+02
[[32m[1m INFO  [21m[0m] from nz = 31 and CS
[[32m[1m INFO  [21m[0m] -----------------------------------------------------------------
[[32m[1m INFO  [21m[0m] Elapsed time: 1.05e+05 || Step number: 4900/30000
[[32m[1m INFO  [21m[0m] longdy = 4.44e+01      || longdy/dt = 1.52e-03  || dt = 5.95e+02
[[32m[1m INFO  [21m[0m] from nz = 32 and CS
[[32m[1m INFO  [21m[0m] -----------------------------------------------------------------
[[32m[1m INFO  [21m[0m] Elapsed time: 1.29e+05 || Step number: 5000/30000
[[32m[1m INFO  [21m[0m] longdy = 6.70e+00      || longdy/dt = 2.93e-04  || dt = 1.18e+03
[[32m[1m INFO  [21m[0m] from nz = 33 and CS
[[32m[1m INFO  [21m[0m] -----------------------------------------------------------------
[[32m[1m INFO  [21m[0m] Elapsed time: 1.55e+05 || Step number: 5100/30000
[[32m[1m INFO  [21m[0m] longdy = 3.37e+00      || longdy/dt = 1.29e-04  || dt = 1.05e+02
[[32m[1m INFO  [21m[0m] from nz = 34 and CS
[[32m[1m INFO  [21m[0m] -----------------------------------------------------------------
[[32m[1m INFO  [21m[0m] Elapsed time: 1.72e+05 || Step number: 5200/30000
[[32m[1m INFO  [21m[0m] longdy = 9.87e-01      || longdy/dt = 6.10e-05  || dt = 3.30e+02
[[32m[1m INFO  [21m[0m] from nz = 34 and CS
[[32m[1m INFO  [21m[0m] -----------------------------------------------------------------
[[32m[1m INFO  [21m[0m] Elapsed time: 1.89e+05 || Step number: 5300/30000
[[32m[1m INFO  [21m[0m] longdy = 7.77e-01      || longdy/dt = 4.65e-05  || dt = 2.81e+02
[[32m[1m INFO  [21m[0m] from nz = 34 and CS
[[32m[1m INFO  [21m[0m] -----------------------------------------------------------------
[[32m[1m INFO  [21m[0m] Elapsed time: 2.04e+05 || Step number: 5400/30000
[[32m[1m INFO  [21m[0m] longdy = 5.05e-01      || longdy/dt = 3.41e-05  || dt = 3.44e+02
[[32m[1m INFO  [21m[0m] from nz = 34 and CS
[[32m[1m INFO  [21m[0m] -----------------------------------------------------------------
[[32m[1m INFO  [21m[0m] Elapsed time: 2.19e+05 || Step number: 5500/30000
[[32m[1m INFO  [21m[0m] longdy = 4.26e-01      || longdy/dt = 2.78e-05  || dt = 2.70e+02
[[32m[1m INFO  [21m[0m] from nz = 34 and CS
[[32m[1m INFO  [21m[0m] -----------------------------------------------------------------
[[32m[1m INFO  [21m[0m] Elapsed time: 2.32e+05 || Step number: 5600/30000
[[32m[1m INFO  [21m[0m] longdy = 2.86e-01      || longdy/dt = 2.36e-05  || dt = 2.31e+02
[[32m[1m INFO  [21m[0m] from nz = 35 and CS
[[32m[1m INFO  [21m[0m] -----------------------------------------------------------------
[[32m[1m INFO  [21m[0m] Elapsed time: 2.46e+05 || Step number: 5700/30000
[[32m[1m INFO  [21m[0m] longdy = 3.22e-01      || longdy/dt = 2.21e-05  || dt = 1.87e+02
[[32m[1m INFO  [21m[0m] from nz = 35 and CS
[[32m[1m INFO  [21m[0m] -----------------------------------------------------------------
[[32m[1m INFO  [21m[0m] Elapsed time: 2.57e+05 || Step number: 5800/30000
[[32m[1m INFO  [21m[0m] longdy = 1.95e-01      || longdy/dt = 1.87e-05  || dt = 1.28e+02
[[32m[1m INFO  [21m[0m] from nz = 35 and CS
[[32m[1m INFO  [21m[0m] -----------------------------------------------------------------
[[32m[1m INFO  [21m[0m] Elapsed time: 2.73e+05 || Step number: 5900/30000
[[32m[1m INFO  [21m[0m] longdy = 3.19e-01      || longdy/dt = 1.91e-05  || dt = 6.91e+00
[[32m[1m INFO  [21m[0m] from nz = 35 and CS
[[32m[1m INFO  [21m[0m] -----------------------------------------------------------------
[[32m[1m INFO  [21m[0m] Elapsed time: 2.87e+05 || Step number: 6000/30000
[[32m[1m INFO  [21m[0m] longdy = 2.33e-01      || longdy/dt = 1.71e-05  || dt = 2.60e+02
[[32m[1m INFO  [21m[0m] from nz = 35 and CS
[[32m[1m INFO  [21m[0m] -----------------------------------------------------------------
[[32m[1m INFO  [21m[0m] Elapsed time: 3.11e+05 || Step number: 6100/30000
[[32m[1m INFO  [21m[0m] longdy = 4.56e-01      || longdy/dt = 1.97e-05  || dt = 9.93e+00
[[32m[1m INFO  [21m[0m] from nz = 35 and CS
[[32m[1m INFO  [21m[0m] -----------------------------------------------------------------
[[32m[1m INFO  [21m[0m] Elapsed time: 3.35e+05 || Step number: 6200/30000
[[32m[1m INFO  [21m[0m] longdy = 3.27e-01      || longdy/dt = 1.35e-05  || dt = 9.04e+01
[[32m[1m INFO  [21m[0m] from nz = 35 and CS
[[32m[1m INFO  [21m[0m] -----------------------------------------------------------------
[[32m[1m INFO  [21m[0m] Elapsed time: 3.65e+05 || Step number: 6300/30000
[[32m[1m INFO  [21m[0m] longdy = 4.34e-01      || longdy/dt = 1.46e-05  || dt = 1.38e-02
[[32m[1m INFO  [21m[0m] from nz = 35 and CS
[[32m[1m INFO  [21m[0m] -----------------------------------------------------------------
[[32m[1m INFO  [21m[0m] Elapsed time: 4.12e+05 || Step number: 6400/30000
[[32m[1m INFO  [21m[0m] longdy = 5.90e-01      || longdy/dt = 1.31e-05  || dt = 3.89e+03
[[32m[1m INFO  [21m[0m] from nz = 36 and CS
[[32m[1m INFO  [21m[0m] -----------------------------------------------------------------
[[32m[1m INFO  [21m[0m] Elapsed time: 4.83e+05 || Step number: 6500/30000
[[32m[1m INFO  [21m[0m] longdy = 5.24e-01      || longdy/dt = 7.50e-06  || dt = 3.28e+03
[[32m[1m INFO  [21m[0m] from nz = 36 and CS
[[32m[1m INFO  [21m[0m] -----------------------------------------------------------------
[[32m[1m INFO  [21m[0m] Elapsed time: 5.31e+05 || Step number: 6600/30000
[[32m[1m INFO  [21m[0m] longdy = 4.36e-01      || longdy/dt = 9.32e-06  || dt = 3.14e+03
[[32m[1m INFO  [21m[0m] from nz = 35 and CH2
[[32m[1m INFO  [21m[0m] -----------------------------------------------------------------
[[32m[1m INFO  [21m[0m] Elapsed time: 6.49e+05 || Step number: 6700/30000
[[32m[1m INFO  [21m[0m] longdy = 3.45e-01      || longdy/dt = 2.99e-06  || dt = 3.46e+03
[[32m[1m INFO  [21m[0m] from nz = 36 and CS
[[32m[1m INFO  [21m[0m] -----------------------------------------------------------------
[[32m[1m INFO  [21m[0m] Elapsed time: 7.73e+05 || Step number: 6800/30000
[[32m[1m INFO  [21m[0m] longdy = 2.15e-01      || longdy/dt = 1.76e-06  || dt = 3.55e+03
[[32m[1m INFO  [21m[0m] from nz = 35 and CH2
[[32m[1m INFO  [21m[0m] -----------------------------------------------------------------
[[32m[1m INFO  [21m[0m] Elapsed time: 9.22e+05 || Step number: 6900/30000
[[32m[1m INFO  [21m[0m] longdy = 1.14e-01      || longdy/dt = 7.72e-07  || dt = 2.91e+03
[[32m[1m INFO  [21m[0m] from nz = 35 and CH2
[[32m[1m INFO  [21m[0m] -----------------------------------------------------------------
[[32m[1m INFO  [21m[0m] Elapsed time: 1.10e+06 || Step number: 7000/30000
[[32m[1m INFO  [21m[0m] longdy = 4.16e-02      || longdy/dt = 2.35e-07  || dt = 3.22e+03
[[32m[1m INFO  [21m[0m] from nz = 35 and CH2
[[32m[1m INFO  [21m[0m] -----------------------------------------------------------------
[[32m[1m INFO  [21m[0m] Integration successful with 7056 steps
[[32m[1m INFO  [21m[0m] long dy, long dydt = 0.01172263525916518, 7.360953878039927e-08
[[32m[1m INFO  [21m[0m] Total atom loss:
[[32m[1m INFO  [21m[0m] H: 0.02420953134367482 
[[32m[1m INFO  [21m[0m] O: -0.03948122982770401 
[[32m[1m INFO  [21m[0m] C: 0.1847582185173008 
[[32m[1m INFO  [21m[0m] N: -0.032748030945185684 
[[32m[1m INFO  [21m[0m] S: 0.4699043212414655 
[[32m[1m INFO  [21m[0m] ------ Live long and prosper \V/ ------
[[32m[1m INFO  [21m[0m]     done
Atmodeller initialized with double precision (float64)
[[93m[1m WARNING [21m[0m] The archive tar file does not exist: /data/rdc49-2/K218b_project/simulation_data/grid_H0_C2_N3_S3_fO20__from_batch02_case_000015__7_crash_atmos_chem_step_vulcan_chem_funs_race_missing_symjac/data/data.tar
[[32m[1m INFO  [21m[0m] Observing the planet...
Loading PHOENIX star table in file '/data/rdc49-2/FWL_DATA/prt/input_data/stellar_spectra/phoenix/phoenix.startable.petitRADTRANS.h5'... Done.
