Atmodeller initialized with double precision (float64)
[[93m[1m WARNING [21m[0m] The archive tar file does not exist: /data/rdc49-2/K218b_project/simulation_data/grid_H1_C0_N1_S2_fO22__from_batch09_case_000038__7_crash_atmos_chem_step_vulcan_chem_funs_race_missing_symjac/data/data.tar
[[32m[1m INFO  [21m[0m] Running atmospheric chemistry...
[[32m[1m INFO  [21m[0m]     Using vulcan module, offline
[[32m[1m INFO  [21m[0m] Elements conserved in the network.
[[32m[1m INFO  [21m[0m] No duplicates in the network.
[[32m[1m INFO  [21m[0m] Elements conserved in the network.
[[32m[1m INFO  [21m[0m] No duplicates in the network.
[[32m[1m INFO  [21m[0m] Running VULCAN
[[93m[1m WARNING [21m[0m] P_b and P_t assgined in vulcan.cfg are out of range of the input. Constant extension is used.
[[32m[1m INFO  [21m[0m] Initializing with compositions from ASCII file /data/rdc49-2/K218b_project/simulation_data/grid_H1_C0_N1_S2_fO22__from_batch09_case_000038__7_crash_atmos_chem_step_vulcan_chem_funs_race_missing_symjac/offchem/vmrs.dat
[[32m[1m INFO  [21m[0m] Input stellar spectrum from 2.0 to 700.0
[[32m[1m INFO  [21m[0m] Using wavelength bins from 2.0 to 655.5
[[32m[1m INFO  [21m[0m] Include molecular diffusion.
[[32m[1m INFO  [21m[0m] Starting VULCAN integration with 1 threads...
[[93m[1m WARNING [21m[0m] Keep producing negative values! Clipping negative solutions and moving on!
[[93m[1m WARNING [21m[0m] Keep producing negative values! Clipping negative solutions and moving on!
[[93m[1m WARNING [21m[0m] Keep producing negative values! Clipping negative solutions and moving on!
[[93m[1m WARNING [21m[0m] Keep producing negative values! Clipping negative solutions and moving on!
[[93m[1m WARNING [21m[0m] Keep producing negative values! Clipping negative solutions and moving on!
[[93m[1m WARNING [21m[0m] Keep producing negative values! Clipping negative solutions and moving on!
[[93m[1m WARNING [21m[0m] Keep producing negative values! Clipping negative solutions and moving on!
[[93m[1m WARNING [21m[0m] Keep producing negative values! Clipping negative solutions and moving on!
[[93m[1m WARNING [21m[0m] Keep producing negative values! Clipping negative solutions and moving on!
[[32m[1m INFO  [21m[0m] Elapsed time: 1.45e-05 || Step number: 100/30000
[[32m[1m INFO  [21m[0m] longdy = 1.00e+00      || longdy/dt = 1.00e+00  || dt = 2.48e-07
[[32m[1m INFO  [21m[0m] from nz = 0 and OH
[[32m[1m INFO  [21m[0m] -----------------------------------------------------------------
[[32m[1m INFO  [21m[0m] Elapsed time: 3.25e-05 || Step number: 200/30000
[[32m[1m INFO  [21m[0m] longdy = 1.00e+00      || longdy/dt = 1.00e+00  || dt = 5.08e-08
[[32m[1m INFO  [21m[0m] from nz = 0 and OH
[[32m[1m INFO  [21m[0m] -----------------------------------------------------------------
[[32m[1m INFO  [21m[0m] Elapsed time: 4.77e-05 || Step number: 300/30000
[[32m[1m INFO  [21m[0m] longdy = 1.00e+00      || longdy/dt = 1.00e+00  || dt = 4.22e-07
[[32m[1m INFO  [21m[0m] from nz = 0 and OH
[[32m[1m INFO  [21m[0m] -----------------------------------------------------------------
[[32m[1m INFO  [21m[0m] Elapsed time: 6.78e-05 || Step number: 400/30000
[[32m[1m INFO  [21m[0m] longdy = 1.00e+00      || longdy/dt = 1.00e+00  || dt = 1.51e-07
[[32m[1m INFO  [21m[0m] from nz = 0 and OH
[[32m[1m INFO  [21m[0m] -----------------------------------------------------------------
[[32m[1m INFO  [21m[0m] Elapsed time: 8.54e-05 || Step number: 500/30000
[[32m[1m INFO  [21m[0m] longdy = 1.00e+00      || longdy/dt = 1.00e+00  || dt = 6.60e-08
[[32m[1m INFO  [21m[0m] from nz = 0 and OH
[[32m[1m INFO  [21m[0m] -----------------------------------------------------------------
[[32m[1m INFO  [21m[0m] Elapsed time: 9.98e-05 || Step number: 600/30000
[[32m[1m INFO  [21m[0m] longdy = 1.00e+00      || longdy/dt = 1.00e+00  || dt = 3.24e-07
[[32m[1m INFO  [21m[0m] from nz = 0 and OH
[[32m[1m INFO  [21m[0m] -----------------------------------------------------------------
[[32m[1m INFO  [21m[0m] Elapsed time: 1.17e-04 || Step number: 700/30000
[[32m[1m INFO  [21m[0m] longdy = 1.00e+00      || longdy/dt = 1.00e+00  || dt = 2.37e-07
[[32m[1m INFO  [21m[0m] from nz = 0 and OH
[[32m[1m INFO  [21m[0m] -----------------------------------------------------------------
[[32m[1m INFO  [21m[0m] Elapsed time: 1.35e-04 || Step number: 800/30000
[[32m[1m INFO  [21m[0m] longdy = 1.00e+00      || longdy/dt = 1.00e+00  || dt = 2.59e-07
[[32m[1m INFO  [21m[0m] from nz = 0 and OH
[[32m[1m INFO  [21m[0m] -----------------------------------------------------------------
[[32m[1m INFO  [21m[0m] Elapsed time: 1.51e-04 || Step number: 900/30000
[[32m[1m INFO  [21m[0m] longdy = 1.00e+00      || longdy/dt = 1.00e+00  || dt = 3.41e-07
[[32m[1m INFO  [21m[0m] from nz = 0 and OH
[[32m[1m INFO  [21m[0m] -----------------------------------------------------------------
[[32m[1m INFO  [21m[0m] Elapsed time: 1.74e-04 || Step number: 1000/30000
[[32m[1m INFO  [21m[0m] longdy = 1.00e+00      || longdy/dt = 1.00e+00  || dt = 2.60e-07
[[32m[1m INFO  [21m[0m] from nz = 0 and OH
[[32m[1m INFO  [21m[0m] -----------------------------------------------------------------
[[32m[1m INFO  [21m[0m] Elapsed time: 1.95e-04 || Step number: 1100/30000
[[32m[1m INFO  [21m[0m] longdy = 1.00e+00      || longdy/dt = 1.00e+00  || dt = 2.19e-07
[[32m[1m INFO  [21m[0m] from nz = 0 and OH
[[32m[1m INFO  [21m[0m] -----------------------------------------------------------------
[[32m[1m INFO  [21m[0m] Elapsed time: 2.14e-04 || Step number: 1200/30000
[[32m[1m INFO  [21m[0m] longdy = 1.00e+00      || longdy/dt = 1.00e+00  || dt = 6.61e-08
[[32m[1m INFO  [21m[0m] from nz = 0 and OH
[[32m[1m INFO  [21m[0m] -----------------------------------------------------------------
[[32m[1m INFO  [21m[0m] Elapsed time: 2.32e-04 || Step number: 1300/30000
[[32m[1m INFO  [21m[0m] longdy = 1.00e+00      || longdy/dt = 1.00e+00  || dt = 6.36e-07
[[32m[1m INFO  [21m[0m] from nz = 0 and OH
[[32m[1m INFO  [21m[0m] -----------------------------------------------------------------
[[32m[1m INFO  [21m[0m] Elapsed time: 2.54e-04 || Step number: 1400/30000
[[32m[1m INFO  [21m[0m] longdy = 1.00e+00      || longdy/dt = 1.00e+00  || dt = 5.84e-07
[[32m[1m INFO  [21m[0m] from nz = 0 and OH
[[32m[1m INFO  [21m[0m] -----------------------------------------------------------------
[[32m[1m INFO  [21m[0m] Elapsed time: 2.78e-04 || Step number: 1500/30000
[[32m[1m INFO  [21m[0m] longdy = 1.00e+00      || longdy/dt = 1.00e+00  || dt = 4.28e-07
[[32m[1m INFO  [21m[0m] from nz = 0 and OH
[[32m[1m INFO  [21m[0m] -----------------------------------------------------------------
[[32m[1m INFO  [21m[0m] Elapsed time: 3.09e-04 || Step number: 1600/30000
[[32m[1m INFO  [21m[0m] longdy = 1.00e+00      || longdy/dt = 1.00e+00  || dt = 3.47e-07
[[32m[1m INFO  [21m[0m] from nz = 0 and OH
[[32m[1m INFO  [21m[0m] -----------------------------------------------------------------
[[32m[1m INFO  [21m[0m] Elapsed time: 3.39e-04 || Step number: 1700/30000
[[32m[1m INFO  [21m[0m] longdy = 1.00e+00      || longdy/dt = 1.00e+00  || dt = 2.88e-07
[[32m[1m INFO  [21m[0m] from nz = 0 and OH
[[32m[1m INFO  [21m[0m] -----------------------------------------------------------------
[[32m[1m INFO  [21m[0m] Elapsed time: 3.76e-04 || Step number: 1800/30000
[[32m[1m INFO  [21m[0m] longdy = 1.00e+00      || longdy/dt = 1.00e+00  || dt = 3.38e-07
[[32m[1m INFO  [21m[0m] from nz = 0 and OH
[[32m[1m INFO  [21m[0m] -----------------------------------------------------------------
[[32m[1m INFO  [21m[0m] Elapsed time: 4.16e-04 || Step number: 1900/30000
[[32m[1m INFO  [21m[0m] longdy = 1.00e+00      || longdy/dt = 1.00e+00  || dt = 2.16e-07
[[32m[1m INFO  [21m[0m] from nz = 0 and OH
[[32m[1m INFO  [21m[0m] -----------------------------------------------------------------
[[32m[1m INFO  [21m[0m] Elapsed time: 4.60e-04 || Step number: 2000/30000
[[32m[1m INFO  [21m[0m] longdy = 1.00e+00      || longdy/dt = 1.00e+00  || dt = 3.08e-07
[[32m[1m INFO  [21m[0m] from nz = 0 and OH
[[32m[1m INFO  [21m[0m] -----------------------------------------------------------------
[[32m[1m INFO  [21m[0m] Elapsed time: 5.39e-04 || Step number: 2100/30000
[[32m[1m INFO  [21m[0m] longdy = 1.00e+00      || longdy/dt = 1.00e+00  || dt = 3.21e-07
[[32m[1m INFO  [21m[0m] from nz = 0 and OH
[[32m[1m INFO  [21m[0m] -----------------------------------------------------------------
[[32m[1m INFO  [21m[0m] Elapsed time: 8.02e-04 || Step number: 2200/30000
[[32m[1m INFO  [21m[0m] longdy = 1.00e+00      || longdy/dt = 1.00e+00  || dt = 3.41e-06
[[32m[1m INFO  [21m[0m] from nz = 0 and OH
[[32m[1m INFO  [21m[0m] -----------------------------------------------------------------
[[32m[1m INFO  [21m[0m] Elapsed time: 3.81e-03 || Step number: 2300/30000
[[32m[1m INFO  [21m[0m] longdy = 1.00e+00      || longdy/dt = 1.00e+00  || dt = 5.94e-05
[[32m[1m INFO  [21m[0m] from nz = 0 and OH
[[32m[1m INFO  [21m[0m] -----------------------------------------------------------------
[[32m[1m INFO  [21m[0m] Elapsed time: 2.22e-02 || Step number: 2400/30000
[[32m[1m INFO  [21m[0m] longdy = 1.00e+00      || longdy/dt = 1.00e+00  || dt = 4.10e-04
[[32m[1m INFO  [21m[0m] from nz = 0 and OH
[[32m[1m INFO  [21m[0m] -----------------------------------------------------------------
[[32m[1m INFO  [21m[0m] Elapsed time: 8.08e-02 || Step number: 2500/30000
[[32m[1m INFO  [21m[0m] longdy = 1.00e+00      || longdy/dt = 1.00e+00  || dt = 2.54e-03
[[32m[1m INFO  [21m[0m] from nz = 0 and OH
[[32m[1m INFO  [21m[0m] -----------------------------------------------------------------
[[32m[1m INFO  [21m[0m] Elapsed time: 2.89e-01 || Step number: 2600/30000
[[32m[1m INFO  [21m[0m] longdy = 1.00e+00      || longdy/dt = 1.00e+00  || dt = 3.20e-03
[[32m[1m INFO  [21m[0m] from nz = 0 and OH
[[32m[1m INFO  [21m[0m] -----------------------------------------------------------------
[[32m[1m INFO  [21m[0m] Elapsed time: 9.16e-01 || Step number: 2700/30000
[[32m[1m INFO  [21m[0m] longdy = 1.00e+00      || longdy/dt = 1.00e+00  || dt = 1.40e-02
[[32m[1m INFO  [21m[0m] from nz = 0 and OH
[[32m[1m INFO  [21m[0m] -----------------------------------------------------------------
[[32m[1m INFO  [21m[0m] Elapsed time: 2.60e+00 || Step number: 2800/30000
[[32m[1m INFO  [21m[0m] longdy = 1.00e+00      || longdy/dt = 1.00e+00  || dt = 3.56e-02
[[32m[1m INFO  [21m[0m] from nz = 0 and OH
[[32m[1m INFO  [21m[0m] -----------------------------------------------------------------
[[32m[1m INFO  [21m[0m] Elapsed time: 6.15e+00 || Step number: 2900/30000
[[32m[1m INFO  [21m[0m] longdy = 1.00e+00      || longdy/dt = 1.00e+00  || dt = 6.61e-02
[[32m[1m INFO  [21m[0m] from nz = 0 and OH
[[32m[1m INFO  [21m[0m] -----------------------------------------------------------------
[[32m[1m INFO  [21m[0m] Elapsed time: 1.29e+01 || Step number: 3000/30000
[[32m[1m INFO  [21m[0m] longdy = 1.00e+00      || longdy/dt = 1.00e+00  || dt = 1.34e-01
[[32m[1m INFO  [21m[0m] from nz = 0 and OH
[[32m[1m INFO  [21m[0m] -----------------------------------------------------------------
[[32m[1m INFO  [21m[0m] Elapsed time: 2.52e+01 || Step number: 3100/30000
[[32m[1m INFO  [21m[0m] longdy = 1.00e+00      || longdy/dt = 1.00e+00  || dt = 2.30e-01
[[32m[1m INFO  [21m[0m] from nz = 0 and OH
[[32m[1m INFO  [21m[0m] -----------------------------------------------------------------
[[32m[1m INFO  [21m[0m] Elapsed time: 4.65e+01 || Step number: 3200/30000
[[32m[1m INFO  [21m[0m] longdy = 1.00e+00      || longdy/dt = 1.00e+00  || dt = 3.57e-01
[[32m[1m INFO  [21m[0m] from nz = 0 and OH
[[32m[1m INFO  [21m[0m] -----------------------------------------------------------------
[[32m[1m INFO  [21m[0m] Elapsed time: 8.20e+01 || Step number: 3300/30000
[[32m[1m INFO  [21m[0m] longdy = 1.00e+00      || longdy/dt = 1.00e+00  || dt = 6.27e-01
[[32m[1m INFO  [21m[0m] from nz = 0 and OH
[[32m[1m INFO  [21m[0m] -----------------------------------------------------------------
[[32m[1m INFO  [21m[0m] Elapsed time: 1.51e+02 || Step number: 3400/30000
[[32m[1m INFO  [21m[0m] longdy = 1.40e+01      || longdy/dt = 2.05e-01  || dt = 1.15e+00
[[32m[1m INFO  [21m[0m] from nz = 16 and O2
[[32m[1m INFO  [21m[0m] -----------------------------------------------------------------
[[32m[1m INFO  [21m[0m] Elapsed time: 2.85e+02 || Step number: 3500/30000
[[32m[1m INFO  [21m[0m] longdy = 1.12e+01      || longdy/dt = 8.48e-02  || dt = 1.93e+00
[[32m[1m INFO  [21m[0m] from nz = 14 and SO2
[[32m[1m INFO  [21m[0m] -----------------------------------------------------------------
[[32m[1m INFO  [21m[0m] Elapsed time: 6.32e+02 || Step number: 3600/30000
[[32m[1m INFO  [21m[0m] longdy = 1.01e+01      || longdy/dt = 3.21e-02  || dt = 5.82e+00
[[32m[1m INFO  [21m[0m] from nz = 15 and SO2
[[32m[1m INFO  [21m[0m] -----------------------------------------------------------------
[[32m[1m INFO  [21m[0m] Elapsed time: 1.75e+03 || Step number: 3700/30000
[[32m[1m INFO  [21m[0m] longdy = 9.97e+02      || longdy/dt = 1.14e+00  || dt = 1.94e+01
[[32m[1m INFO  [21m[0m] from nz = 26 and CS
[[32m[1m INFO  [21m[0m] -----------------------------------------------------------------
[[32m[1m INFO  [21m[0m] Elapsed time: 4.10e+03 || Step number: 3800/30000
[[32m[1m INFO  [21m[0m] longdy = 2.43e+03      || longdy/dt = 1.21e+00  || dt = 4.23e+01
[[32m[1m INFO  [21m[0m] from nz = 28 and CS
[[32m[1m INFO  [21m[0m] -----------------------------------------------------------------
[[32m[1m INFO  [21m[0m] Elapsed time: 1.14e+04 || Step number: 3900/30000
[[32m[1m INFO  [21m[0m] longdy = 8.01e+01      || longdy/dt = 1.42e-02  || dt = 1.60e+02
[[32m[1m INFO  [21m[0m] from nz = 30 and CS
[[32m[1m INFO  [21m[0m] -----------------------------------------------------------------
[[32m[1m INFO  [21m[0m] Elapsed time: 4.29e+04 || Step number: 4000/30000
[[32m[1m INFO  [21m[0m] longdy = 4.65e+00      || longdy/dt = 2.18e-04  || dt = 3.55e+00
[[32m[1m INFO  [21m[0m] from nz = 22 and S4
[[32m[1m INFO  [21m[0m] -----------------------------------------------------------------
[[32m[1m INFO  [21m[0m] Elapsed time: 5.02e+04 || Step number: 4100/30000
[[32m[1m INFO  [21m[0m] longdy = 4.93e-01      || longdy/dt = 6.81e-05  || dt = 8.76e+01
[[32m[1m INFO  [21m[0m] from nz = 19 and S3
[[32m[1m INFO  [21m[0m] -----------------------------------------------------------------
[[32m[1m INFO  [21m[0m] Elapsed time: 5.80e+04 || Step number: 4200/30000
[[32m[1m INFO  [21m[0m] longdy = 5.12e-01      || longdy/dt = 6.54e-05  || dt = 1.04e+02
[[32m[1m INFO  [21m[0m] from nz = 19 and S3
[[32m[1m INFO  [21m[0m] -----------------------------------------------------------------
[[32m[1m INFO  [21m[0m] Elapsed time: 6.35e+04 || Step number: 4300/30000
[[32m[1m INFO  [21m[0m] longdy = 3.18e-01      || longdy/dt = 5.85e-05  || dt = 6.97e-04
[[32m[1m INFO  [21m[0m] from nz = 19 and SO2
[[32m[1m INFO  [21m[0m] -----------------------------------------------------------------
[[32m[1m INFO  [21m[0m] Elapsed time: 6.90e+04 || Step number: 4400/30000
[[32m[1m INFO  [21m[0m] longdy = 2.98e-01      || longdy/dt = 5.72e-05  || dt = 3.67e+02
[[32m[1m INFO  [21m[0m] from nz = 19 and SO2
[[32m[1m INFO  [21m[0m] -----------------------------------------------------------------
[[32m[1m INFO  [21m[0m] Elapsed time: 8.05e+04 || Step number: 4500/30000
[[32m[1m INFO  [21m[0m] longdy = 7.63e-01      || longdy/dt = 6.62e-05  || dt = 1.57e-04
[[32m[1m INFO  [21m[0m] from nz = 33 and S2O
[[32m[1m INFO  [21m[0m] -----------------------------------------------------------------
[[32m[1m INFO  [21m[0m] Elapsed time: 9.42e+04 || Step number: 4600/30000
[[32m[1m INFO  [21m[0m] longdy = 9.38e-01      || longdy/dt = 6.90e-05  || dt = 1.30e+02
[[32m[1m INFO  [21m[0m] from nz = 50 and S2O
[[32m[1m INFO  [21m[0m] -----------------------------------------------------------------
[[32m[1m INFO  [21m[0m] Elapsed time: 1.02e+05 || Step number: 4700/30000
[[32m[1m INFO  [21m[0m] longdy = 4.30e-01      || longdy/dt = 5.67e-05  || dt = 7.10e-04
[[32m[1m INFO  [21m[0m] from nz = 50 and S2O
[[32m[1m INFO  [21m[0m] -----------------------------------------------------------------
[[32m[1m INFO  [21m[0m] Elapsed time: 1.11e+05 || Step number: 4800/30000
[[32m[1m INFO  [21m[0m] longdy = 4.88e-01      || longdy/dt = 5.55e-05  || dt = 3.48e-01
[[32m[1m INFO  [21m[0m] from nz = 50 and S2O
[[32m[1m INFO  [21m[0m] -----------------------------------------------------------------
[[32m[1m INFO  [21m[0m] Elapsed time: 1.21e+05 || Step number: 4900/30000
[[32m[1m INFO  [21m[0m] longdy = 5.62e-01      || longdy/dt = 5.24e-05  || dt = 3.43e+01
[[32m[1m INFO  [21m[0m] from nz = 50 and S2O
[[32m[1m INFO  [21m[0m] -----------------------------------------------------------------
[[32m[1m INFO  [21m[0m] Elapsed time: 1.26e+05 || Step number: 5000/30000
[[32m[1m INFO  [21m[0m] longdy = 2.03e-01      || longdy/dt = 4.15e-05  || dt = 1.93e+01
[[32m[1m INFO  [21m[0m] from nz = 50 and S2O
[[32m[1m INFO  [21m[0m] -----------------------------------------------------------------
[[32m[1m INFO  [21m[0m] Elapsed time: 1.30e+05 || Step number: 5100/30000
[[32m[1m INFO  [21m[0m] longdy = 1.50e-01      || longdy/dt = 3.77e-05  || dt = 1.22e+01
[[32m[1m INFO  [21m[0m] from nz = 50 and S2O
[[32m[1m INFO  [21m[0m] -----------------------------------------------------------------
[[32m[1m INFO  [21m[0m] Elapsed time: 1.33e+05 || Step number: 5200/30000
[[32m[1m INFO  [21m[0m] longdy = 1.00e-01      || longdy/dt = 3.47e-05  || dt = 4.19e+01
[[32m[1m INFO  [21m[0m] from nz = 50 and S2O
[[32m[1m INFO  [21m[0m] -----------------------------------------------------------------
[[32m[1m INFO  [21m[0m] Elapsed time: 1.34e+05 || Step number: 5300/30000
[[32m[1m INFO  [21m[0m] longdy = 4.16e-02      || longdy/dt = 3.23e-05  || dt = 5.00e+01
[[32m[1m INFO  [21m[0m] from nz = 50 and S2O
[[32m[1m INFO  [21m[0m] -----------------------------------------------------------------
[[32m[1m INFO  [21m[0m] Elapsed time: 1.37e+05 || Step number: 5400/30000
[[32m[1m INFO  [21m[0m] longdy = 8.44e-02      || longdy/dt = 3.16e-05  || dt = 3.32e+01
[[32m[1m INFO  [21m[0m] from nz = 50 and S2O
[[32m[1m INFO  [21m[0m] -----------------------------------------------------------------
[[32m[1m INFO  [21m[0m] Elapsed time: 1.40e+05 || Step number: 5500/30000
[[32m[1m INFO  [21m[0m] longdy = 7.82e-02      || longdy/dt = 2.96e-05  || dt = 1.06e+02
[[32m[1m INFO  [21m[0m] from nz = 50 and S2O
[[32m[1m INFO  [21m[0m] -----------------------------------------------------------------
[[32m[1m INFO  [21m[0m] Elapsed time: 1.42e+05 || Step number: 5600/30000
[[32m[1m INFO  [21m[0m] longdy = 6.00e-02      || longdy/dt = 2.76e-05  || dt = 6.19e-02
[[32m[1m INFO  [21m[0m] from nz = 50 and S2O
[[32m[1m INFO  [21m[0m] -----------------------------------------------------------------
[[32m[1m INFO  [21m[0m] Elapsed time: 1.45e+05 || Step number: 5700/30000
[[32m[1m INFO  [21m[0m] longdy = 6.71e-02      || longdy/dt = 2.60e-05  || dt = 2.04e+01
[[32m[1m INFO  [21m[0m] from nz = 50 and S2O
[[32m[1m INFO  [21m[0m] -----------------------------------------------------------------
[[32m[1m INFO  [21m[0m] Elapsed time: 1.47e+05 || Step number: 5800/30000
[[32m[1m INFO  [21m[0m] longdy = 4.60e-02      || longdy/dt = 2.41e-05  || dt = 1.38e-02
[[32m[1m INFO  [21m[0m] from nz = 50 and S2O
[[32m[1m INFO  [21m[0m] -----------------------------------------------------------------
[[32m[1m INFO  [21m[0m] Elapsed time: 1.48e+05 || Step number: 5900/30000
[[32m[1m INFO  [21m[0m] longdy = 3.71e-02      || longdy/dt = 2.28e-05  || dt = 3.29e+01
[[32m[1m INFO  [21m[0m] from nz = 50 and S2O
[[32m[1m INFO  [21m[0m] -----------------------------------------------------------------
[[32m[1m INFO  [21m[0m] Elapsed time: 1.52e+05 || Step number: 6000/30000
[[32m[1m INFO  [21m[0m] longdy = 8.82e-02      || longdy/dt = 2.39e-05  || dt = 4.53e+01
[[32m[1m INFO  [21m[0m] from nz = 32 and CS
[[32m[1m INFO  [21m[0m] -----------------------------------------------------------------
[[32m[1m INFO  [21m[0m] Elapsed time: 1.54e+05 || Step number: 6100/30000
[[32m[1m INFO  [21m[0m] longdy = 3.29e-02      || longdy/dt = 1.92e-05  || dt = 6.20e+01
[[32m[1m INFO  [21m[0m] from nz = 50 and S2O
[[32m[1m INFO  [21m[0m] -----------------------------------------------------------------
[[32m[1m INFO  [21m[0m] Elapsed time: 1.55e+05 || Step number: 6200/30000
[[32m[1m INFO  [21m[0m] longdy = 3.58e-02      || longdy/dt = 2.14e-05  || dt = 7.51e+01
[[32m[1m INFO  [21m[0m] from nz = 32 and CS
[[32m[1m INFO  [21m[0m] -----------------------------------------------------------------
[[32m[1m INFO  [21m[0m] Elapsed time: 1.57e+05 || Step number: 6300/30000
[[32m[1m INFO  [21m[0m] longdy = 4.09e-02      || longdy/dt = 2.18e-05  || dt = 1.16e+02
[[32m[1m INFO  [21m[0m] from nz = 32 and CS
[[32m[1m INFO  [21m[0m] -----------------------------------------------------------------
[[32m[1m INFO  [21m[0m] Elapsed time: 1.61e+05 || Step number: 6400/30000
[[32m[1m INFO  [21m[0m] longdy = 9.58e-02      || longdy/dt = 2.43e-05  || dt = 2.24e-01
[[32m[1m INFO  [21m[0m] from nz = 32 and CS
[[32m[1m INFO  [21m[0m] -----------------------------------------------------------------
[[32m[1m INFO  [21m[0m] Elapsed time: 1.64e+05 || Step number: 6500/30000
[[32m[1m INFO  [21m[0m] longdy = 5.89e-02      || longdy/dt = 1.98e-05  || dt = 2.32e+02
[[32m[1m INFO  [21m[0m] from nz = 32 and CS
[[32m[1m INFO  [21m[0m] -----------------------------------------------------------------
[[32m[1m INFO  [21m[0m] Elapsed time: 1.67e+05 || Step number: 6600/30000
[[32m[1m INFO  [21m[0m] longdy = 4.93e-02      || longdy/dt = 2.05e-05  || dt = 5.93e-04
[[32m[1m INFO  [21m[0m] from nz = 32 and CS
[[32m[1m INFO  [21m[0m] -----------------------------------------------------------------
[[32m[1m INFO  [21m[0m] Elapsed time: 1.70e+05 || Step number: 6700/30000
[[32m[1m INFO  [21m[0m] longdy = 6.39e-02      || longdy/dt = 2.26e-05  || dt = 2.35e+02
[[32m[1m INFO  [21m[0m] from nz = 32 and CS
[[32m[1m INFO  [21m[0m] -----------------------------------------------------------------
[[32m[1m INFO  [21m[0m] Elapsed time: 1.71e+05 || Step number: 6800/30000
[[32m[1m INFO  [21m[0m] longdy = 2.03e-02      || longdy/dt = 2.10e-05  || dt = 4.45e+00
[[32m[1m INFO  [21m[0m] from nz = 33 and CH2
[[32m[1m INFO  [21m[0m] -----------------------------------------------------------------
[[32m[1m INFO  [21m[0m] Elapsed time: 1.74e+05 || Step number: 6900/30000
[[32m[1m INFO  [21m[0m] longdy = 7.80e-02      || longdy/dt = 2.38e-05  || dt = 1.16e+02
[[32m[1m INFO  [21m[0m] from nz = 32 and CS
[[32m[1m INFO  [21m[0m] -----------------------------------------------------------------
[[32m[1m INFO  [21m[0m] Elapsed time: 1.76e+05 || Step number: 7000/30000
[[32m[1m INFO  [21m[0m] longdy = 3.30e-02      || longdy/dt = 1.72e-05  || dt = 7.30e+01
[[32m[1m INFO  [21m[0m] from nz = 32 and CS
[[32m[1m INFO  [21m[0m] -----------------------------------------------------------------
[[32m[1m INFO  [21m[0m] Elapsed time: 1.81e+05 || Step number: 7100/30000
[[32m[1m INFO  [21m[0m] longdy = 1.10e-01      || longdy/dt = 2.13e-05  || dt = 6.43e+00
[[32m[1m INFO  [21m[0m] from nz = 32 and CS
[[32m[1m INFO  [21m[0m] -----------------------------------------------------------------
[[32m[1m INFO  [21m[0m] Elapsed time: 1.89e+05 || Step number: 7200/30000
[[32m[1m INFO  [21m[0m] longdy = 1.90e-01      || longdy/dt = 2.54e-05  || dt = 6.24e-01
[[32m[1m INFO  [21m[0m] from nz = 32 and CS
[[32m[1m INFO  [21m[0m] -----------------------------------------------------------------
[[32m[1m INFO  [21m[0m] Elapsed time: 1.91e+05 || Step number: 7300/30000
[[32m[1m INFO  [21m[0m] longdy = 6.96e-02      || longdy/dt = 2.54e-05  || dt = 3.22e-01
[[32m[1m INFO  [21m[0m] from nz = 33 and CH2
[[32m[1m INFO  [21m[0m] -----------------------------------------------------------------
[[32m[1m INFO  [21m[0m] Elapsed time: 1.95e+05 || Step number: 7400/30000
[[32m[1m INFO  [21m[0m] longdy = 8.79e-02      || longdy/dt = 2.34e-05  || dt = 9.40e-01
[[32m[1m INFO  [21m[0m] from nz = 32 and CS
[[32m[1m INFO  [21m[0m] -----------------------------------------------------------------
[[32m[1m INFO  [21m[0m] Elapsed time: 1.97e+05 || Step number: 7500/30000
[[32m[1m INFO  [21m[0m] longdy = 4.12e-02      || longdy/dt = 1.72e-05  || dt = 1.15e-02
[[32m[1m INFO  [21m[0m] from nz = 33 and CH2
[[32m[1m INFO  [21m[0m] -----------------------------------------------------------------
[[32m[1m INFO  [21m[0m] Elapsed time: 2.00e+05 || Step number: 7600/30000
[[32m[1m INFO  [21m[0m] longdy = 5.74e-02      || longdy/dt = 1.99e-05  || dt = 1.54e+02
[[32m[1m INFO  [21m[0m] from nz = 32 and CS
[[32m[1m INFO  [21m[0m] -----------------------------------------------------------------
[[32m[1m INFO  [21m[0m] Elapsed time: 2.03e+05 || Step number: 7700/30000
[[32m[1m INFO  [21m[0m] longdy = 3.32e-02      || longdy/dt = 1.56e-05  || dt = 8.13e-04
[[32m[1m INFO  [21m[0m] from nz = 32 and CS
[[32m[1m INFO  [21m[0m] -----------------------------------------------------------------
[[32m[1m INFO  [21m[0m] Elapsed time: 2.06e+05 || Step number: 7800/30000
[[32m[1m INFO  [21m[0m] longdy = 6.95e-02      || longdy/dt = 1.80e-05  || dt = 1.55e-03
[[32m[1m INFO  [21m[0m] from nz = 32 and CS
[[32m[1m INFO  [21m[0m] -----------------------------------------------------------------
[[32m[1m INFO  [21m[0m] Elapsed time: 2.10e+05 || Step number: 7900/30000
[[32m[1m INFO  [21m[0m] longdy = 7.83e-02      || longdy/dt = 2.11e-05  || dt = 3.85e+01
[[32m[1m INFO  [21m[0m] from nz = 32 and CS
[[32m[1m INFO  [21m[0m] -----------------------------------------------------------------
[[32m[1m INFO  [21m[0m] Elapsed time: 2.12e+05 || Step number: 8000/30000
[[32m[1m INFO  [21m[0m] longdy = 3.84e-02      || longdy/dt = 2.01e-05  || dt = 8.36e+01
[[32m[1m INFO  [21m[0m] from nz = 33 and CH2
[[32m[1m INFO  [21m[0m] -----------------------------------------------------------------
[[32m[1m INFO  [21m[0m] Elapsed time: 2.18e+05 || Step number: 8100/30000
[[32m[1m INFO  [21m[0m] longdy = 9.27e-02      || longdy/dt = 1.60e-05  || dt = 3.52e+01
[[32m[1m INFO  [21m[0m] from nz = 32 and CS
[[32m[1m INFO  [21m[0m] -----------------------------------------------------------------
[[32m[1m INFO  [21m[0m] Elapsed time: 2.23e+05 || Step number: 8200/30000
[[32m[1m INFO  [21m[0m] longdy = 9.12e-02      || longdy/dt = 1.82e-05  || dt = 8.42e-03
[[32m[1m INFO  [21m[0m] from nz = 32 and CS
[[32m[1m INFO  [21m[0m] -----------------------------------------------------------------
[[32m[1m INFO  [21m[0m] Elapsed time: 2.27e+05 || Step number: 8300/30000
[[32m[1m INFO  [21m[0m] longdy = 6.76e-02      || longdy/dt = 1.57e-05  || dt = 4.35e-01
[[32m[1m INFO  [21m[0m] from nz = 32 and CS
[[32m[1m INFO  [21m[0m] -----------------------------------------------------------------
[[32m[1m INFO  [21m[0m] Elapsed time: 2.39e+05 || Step number: 8400/30000
[[32m[1m INFO  [21m[0m] longdy = 2.04e-01      || longdy/dt = 1.78e-05  || dt = 5.32e-03
[[32m[1m INFO  [21m[0m] from nz = 33 and CS
[[32m[1m INFO  [21m[0m] -----------------------------------------------------------------
[[32m[1m INFO  [21m[0m] Elapsed time: 2.49e+05 || Step number: 8500/30000
[[32m[1m INFO  [21m[0m] longdy = 1.38e-01      || longdy/dt = 1.32e-05  || dt = 9.38e+01
[[32m[1m INFO  [21m[0m] from nz = 33 and CH2
[[32m[1m INFO  [21m[0m] -----------------------------------------------------------------
[[32m[1m INFO  [21m[0m] Elapsed time: 2.70e+05 || Step number: 8600/30000
[[32m[1m INFO  [21m[0m] longdy = 2.58e-01      || longdy/dt = 1.28e-05  || dt = 6.28e+02
[[32m[1m INFO  [21m[0m] from nz = 33 and CS
[[32m[1m INFO  [21m[0m] -----------------------------------------------------------------
[[32m[1m INFO  [21m[0m] Elapsed time: 2.92e+05 || Step number: 8700/30000
[[32m[1m INFO  [21m[0m] longdy = 1.94e-01      || longdy/dt = 8.76e-06  || dt = 2.03e+02
[[32m[1m INFO  [21m[0m] from nz = 33 and CS
[[32m[1m INFO  [21m[0m] -----------------------------------------------------------------
[[32m[1m INFO  [21m[0m] Elapsed time: 3.15e+05 || Step number: 8800/30000
[[32m[1m INFO  [21m[0m] longdy = 1.00e+00      || longdy/dt = 4.29e-05  || dt = 3.61e+00
[[32m[1m INFO  [21m[0m] from nz = 12 and C4H2
[[32m[1m INFO  [21m[0m] -----------------------------------------------------------------
[[32m[1m INFO  [21m[0m] Elapsed time: 3.23e+05 || Step number: 8900/30000
[[32m[1m INFO  [21m[0m] longdy = 4.02e-02      || longdy/dt = 5.56e-06  || dt = 3.65e+00
[[32m[1m INFO  [21m[0m] from nz = 33 and CS
[[32m[1m INFO  [21m[0m] -----------------------------------------------------------------
[[32m[1m INFO  [21m[0m] Elapsed time: 3.33e+05 || Step number: 9000/30000
[[32m[1m INFO  [21m[0m] longdy = 5.95e-02      || longdy/dt = 5.60e-06  || dt = 3.49e+01
[[32m[1m INFO  [21m[0m] from nz = 33 and CS
[[32m[1m INFO  [21m[0m] -----------------------------------------------------------------
[[32m[1m INFO  [21m[0m] Elapsed time: 3.46e+05 || Step number: 9100/30000
[[32m[1m INFO  [21m[0m] longdy = 5.13e-02      || longdy/dt = 3.96e-06  || dt = 4.07e+00
[[32m[1m INFO  [21m[0m] from nz = 33 and CH2
[[32m[1m INFO  [21m[0m] -----------------------------------------------------------------
[[32m[1m INFO  [21m[0m] Elapsed time: 3.54e+05 || Step number: 9200/30000
[[32m[1m INFO  [21m[0m] longdy = 2.92e-02      || longdy/dt = 3.55e-06  || dt = 4.15e+00
[[32m[1m INFO  [21m[0m] from nz = 33 and CS
[[32m[1m INFO  [21m[0m] -----------------------------------------------------------------
[[32m[1m INFO  [21m[0m] Elapsed time: 3.61e+05 || Step number: 9300/30000
[[32m[1m INFO  [21m[0m] longdy = 2.28e-02      || longdy/dt = 3.37e-06  || dt = 3.69e+00
[[32m[1m INFO  [21m[0m] from nz = 33 and CS
[[32m[1m INFO  [21m[0m] -----------------------------------------------------------------
[[32m[1m INFO  [21m[0m] Elapsed time: 3.74e+05 || Step number: 9400/30000
[[32m[1m INFO  [21m[0m] longdy = 4.85e-02      || longdy/dt = 3.68e-06  || dt = 1.67e+02
[[32m[1m INFO  [21m[0m] from nz = 33 and CS
[[32m[1m INFO  [21m[0m] -----------------------------------------------------------------
[[32m[1m INFO  [21m[0m] Elapsed time: 4.00e+05 || Step number: 9500/30000
[[32m[1m INFO  [21m[0m] longdy = 5.62e-02      || longdy/dt = 2.21e-06  || dt = 3.84e+00
[[32m[1m INFO  [21m[0m] from nz = 33 and CS
[[32m[1m INFO  [21m[0m] -----------------------------------------------------------------
[[32m[1m INFO  [21m[0m] Elapsed time: 4.15e+05 || Step number: 9600/30000
[[32m[1m INFO  [21m[0m] longdy = 2.60e-02      || longdy/dt = 1.72e-06  || dt = 8.58e+00
[[32m[1m INFO  [21m[0m] from nz = 33 and CS
[[32m[1m INFO  [21m[0m] -----------------------------------------------------------------
[[32m[1m INFO  [21m[0m] Elapsed time: 4.21e+05 || Step number: 9700/30000
[[32m[1m INFO  [21m[0m] longdy = 9.08e-03      || longdy/dt = 1.60e-06  || dt = 3.93e+00
[[32m[1m INFO  [21m[0m] from nz = 33 and CH2
[[32m[1m INFO  [21m[0m] -----------------------------------------------------------------
[[32m[1m INFO  [21m[0m] Integration successful with 9701 steps
[[32m[1m INFO  [21m[0m] long dy, long dydt = 0.008817033814579876, 1.5624645850141707e-06
[[32m[1m INFO  [21m[0m] Total atom loss:
[[32m[1m INFO  [21m[0m] H: 0.0007880289242320528 
[[32m[1m INFO  [21m[0m] O: -0.019265592217626488 
[[32m[1m INFO  [21m[0m] C: 0.3252172079982105 
[[32m[1m INFO  [21m[0m] N: 0.012326851492210307 
[[32m[1m INFO  [21m[0m] S: 0.46357339146353127 
[[32m[1m INFO  [21m[0m] ------ Live long and prosper \V/ ------
[[32m[1m INFO  [21m[0m]     done
Atmodeller initialized with double precision (float64)
[[93m[1m WARNING [21m[0m] The archive tar file does not exist: /data/rdc49-2/K218b_project/simulation_data/grid_H1_C0_N1_S2_fO22__from_batch09_case_000038__7_crash_atmos_chem_step_vulcan_chem_funs_race_missing_symjac/data/data.tar
[[32m[1m INFO  [21m[0m] Observing the planet...
Loading PHOENIX star table in file '/data/rdc49-2/FWL_DATA/prt/input_data/stellar_spectra/phoenix/phoenix.startable.petitRADTRANS.h5'... Done.
