Atmodeller initialized with double precision (float64)
[[93m[1m WARNING [21m[0m] The archive tar file does not exist: /data/rdc49-2/K218b_project/simulation_data/grid_H0_C1_N3_S2_fO23__from_batch13_case_000030__7_crash_atmos_chem_step_vulcan_chem_funs_race_missing_symjac/data/data.tar
[[32m[1m INFO  [21m[0m] Running atmospheric chemistry...
[[32m[1m INFO  [21m[0m]     Using vulcan module, offline
[[32m[1m INFO  [21m[0m] Elements conserved in the network.
[[32m[1m INFO  [21m[0m] No duplicates in the network.
[[32m[1m INFO  [21m[0m] Elements conserved in the network.
[[32m[1m INFO  [21m[0m] No duplicates in the network.
[[32m[1m INFO  [21m[0m] Running VULCAN
[[32m[1m INFO  [21m[0m] Initializing with compositions from ASCII file /data/rdc49-2/K218b_project/simulation_data/grid_H0_C1_N3_S2_fO23__from_batch13_case_000030__7_crash_atmos_chem_step_vulcan_chem_funs_race_missing_symjac/offchem/vmrs.dat
[[32m[1m INFO  [21m[0m] Input stellar spectrum from 2.0 to 700.0
[[32m[1m INFO  [21m[0m] Using wavelength bins from 2.0 to 655.5
[[32m[1m INFO  [21m[0m] Include molecular diffusion.
[[32m[1m INFO  [21m[0m] Starting VULCAN integration with 1 threads...
[[93m[1m WARNING [21m[0m] Keep producing negative values! Clipping negative solutions and moving on!
[[93m[1m WARNING [21m[0m] Keep producing negative values! Clipping negative solutions and moving on!
[[93m[1m WARNING [21m[0m] Keep producing negative values! Clipping negative solutions and moving on!
[[93m[1m WARNING [21m[0m] Keep producing negative values! Clipping negative solutions and moving on!
[[93m[1m WARNING [21m[0m] Keep producing negative values! Clipping negative solutions and moving on!
[[93m[1m WARNING [21m[0m] Keep producing negative values! Clipping negative solutions and moving on!
[[32m[1m INFO  [21m[0m] Elapsed time: 1.41e-02 || Step number: 100/30000
[[32m[1m INFO  [21m[0m] longdy = 1.00e+00      || longdy/dt = 1.00e+00  || dt = 1.41e-03
[[32m[1m INFO  [21m[0m] from nz = 0 and OH
[[32m[1m INFO  [21m[0m] -----------------------------------------------------------------
[[32m[1m INFO  [21m[0m] Elapsed time: 8.53e-01 || Step number: 200/30000
[[32m[1m INFO  [21m[0m] longdy = 1.00e+00      || longdy/dt = 1.00e+00  || dt = 1.25e-02
[[32m[1m INFO  [21m[0m] from nz = 0 and OH
[[32m[1m INFO  [21m[0m] -----------------------------------------------------------------
[[32m[1m INFO  [21m[0m] Elapsed time: 1.61e+00 || Step number: 300/30000
[[32m[1m INFO  [21m[0m] longdy = 1.00e+00      || longdy/dt = 1.00e+00  || dt = 1.68e-02
[[32m[1m INFO  [21m[0m] from nz = 0 and OH
[[32m[1m INFO  [21m[0m] -----------------------------------------------------------------
[[32m[1m INFO  [21m[0m] Elapsed time: 3.32e+00 || Step number: 400/30000
[[32m[1m INFO  [21m[0m] longdy = 1.00e+00      || longdy/dt = 1.00e+00  || dt = 3.13e-02
[[32m[1m INFO  [21m[0m] from nz = 0 and OH
[[32m[1m INFO  [21m[0m] -----------------------------------------------------------------
[[32m[1m INFO  [21m[0m] Elapsed time: 6.16e+00 || Step number: 500/30000
[[32m[1m INFO  [21m[0m] longdy = 1.00e+00      || longdy/dt = 1.00e+00  || dt = 4.91e-02
[[32m[1m INFO  [21m[0m] from nz = 0 and OH
[[32m[1m INFO  [21m[0m] -----------------------------------------------------------------
[[32m[1m INFO  [21m[0m] Elapsed time: 1.08e+01 || Step number: 600/30000
[[32m[1m INFO  [21m[0m] longdy = 1.00e+00      || longdy/dt = 1.00e+00  || dt = 8.26e-02
[[32m[1m INFO  [21m[0m] from nz = 0 and OH
[[32m[1m INFO  [21m[0m] -----------------------------------------------------------------
[[32m[1m INFO  [21m[0m] Elapsed time: 1.85e+01 || Step number: 700/30000
[[32m[1m INFO  [21m[0m] longdy = 1.00e+00      || longdy/dt = 1.00e+00  || dt = 1.26e-01
[[32m[1m INFO  [21m[0m] from nz = 0 and OH
[[32m[1m INFO  [21m[0m] -----------------------------------------------------------------
[[32m[1m INFO  [21m[0m] Elapsed time: 3.10e+01 || Step number: 800/30000
[[32m[1m INFO  [21m[0m] longdy = 1.00e+00      || longdy/dt = 1.00e+00  || dt = 2.10e-01
[[32m[1m INFO  [21m[0m] from nz = 0 and OH
[[32m[1m INFO  [21m[0m] -----------------------------------------------------------------
[[32m[1m INFO  [21m[0m] Elapsed time: 5.17e+01 || Step number: 900/30000
[[32m[1m INFO  [21m[0m] longdy = 1.00e+00      || longdy/dt = 1.00e+00  || dt = 3.23e-01
[[32m[1m INFO  [21m[0m] from nz = 0 and OH
[[32m[1m INFO  [21m[0m] -----------------------------------------------------------------
[[32m[1m INFO  [21m[0m] Elapsed time: 8.76e+01 || Step number: 1000/30000
[[32m[1m INFO  [21m[0m] longdy = 1.00e+00      || longdy/dt = 1.00e+00  || dt = 6.01e-01
[[32m[1m INFO  [21m[0m] from nz = 0 and OH
[[32m[1m INFO  [21m[0m] -----------------------------------------------------------------
[[32m[1m INFO  [21m[0m] Elapsed time: 1.56e+02 || Step number: 1100/30000
[[32m[1m INFO  [21m[0m] longdy = 3.40e+01      || longdy/dt = 5.03e-01  || dt = 1.16e+00
[[32m[1m INFO  [21m[0m] from nz = 32 and N
[[32m[1m INFO  [21m[0m] -----------------------------------------------------------------
[[32m[1m INFO  [21m[0m] Elapsed time: 2.90e+02 || Step number: 1200/30000
[[32m[1m INFO  [21m[0m] longdy = 6.88e+00      || longdy/dt = 5.24e-02  || dt = 2.25e+00
[[32m[1m INFO  [21m[0m] from nz = 32 and N
[[32m[1m INFO  [21m[0m] -----------------------------------------------------------------
[[32m[1m INFO  [21m[0m] Elapsed time: 5.88e+02 || Step number: 1300/30000
[[32m[1m INFO  [21m[0m] longdy = 2.06e+02      || longdy/dt = 7.09e-01  || dt = 5.22e+00
[[32m[1m INFO  [21m[0m] from nz = 27 and CS
[[32m[1m INFO  [21m[0m] -----------------------------------------------------------------
[[32m[1m INFO  [21m[0m] Elapsed time: 1.43e+03 || Step number: 1400/30000
[[32m[1m INFO  [21m[0m] longdy = 1.30e+03      || longdy/dt = 1.83e+00  || dt = 1.74e+01
[[32m[1m INFO  [21m[0m] from nz = 30 and CS
[[32m[1m INFO  [21m[0m] -----------------------------------------------------------------
[[32m[1m INFO  [21m[0m] Elapsed time: 7.08e+03 || Step number: 1500/30000
[[32m[1m INFO  [21m[0m] longdy = 7.80e+00      || longdy/dt = 2.25e-03  || dt = 1.29e+02
[[32m[1m INFO  [21m[0m] from nz = 21 and S8
[[32m[1m INFO  [21m[0m] -----------------------------------------------------------------
[[32m[1m INFO  [21m[0m] Elapsed time: 1.08e+04 || Step number: 1600/30000
[[32m[1m INFO  [21m[0m] longdy = 5.57e+00      || longdy/dt = 1.60e-03  || dt = 2.10e+02
[[32m[1m INFO  [21m[0m] from nz = 21 and S8
[[32m[1m INFO  [21m[0m] -----------------------------------------------------------------
[[32m[1m INFO  [21m[0m] Elapsed time: 2.70e+04 || Step number: 1700/30000
[[32m[1m INFO  [21m[0m] longdy = 2.63e+01      || longdy/dt = 1.95e-03  || dt = 1.34e-01
[[32m[1m INFO  [21m[0m] from nz = 22 and S8
[[32m[1m INFO  [21m[0m] -----------------------------------------------------------------
[[32m[1m INFO  [21m[0m] Elapsed time: 4.79e+04 || Step number: 1800/30000
[[32m[1m INFO  [21m[0m] longdy = 8.38e+00      || longdy/dt = 4.13e-04  || dt = 1.09e+03
[[32m[1m INFO  [21m[0m] from nz = 36 and CH2
[[32m[1m INFO  [21m[0m] -----------------------------------------------------------------
[[32m[1m INFO  [21m[0m] Elapsed time: 6.70e+04 || Step number: 1900/30000
[[32m[1m INFO  [21m[0m] longdy = 4.29e+00      || longdy/dt = 2.24e-04  || dt = 4.19e-04
[[32m[1m INFO  [21m[0m] from nz = 36 and CH2
[[32m[1m INFO  [21m[0m] -----------------------------------------------------------------
[[32m[1m INFO  [21m[0m] Elapsed time: 7.04e+04 || Step number: 2000/30000
[[32m[1m INFO  [21m[0m] longdy = 8.41e+00      || longdy/dt = 2.51e-03  || dt = 1.38e-01
[[32m[1m INFO  [21m[0m] from nz = 11 and C4H2
[[32m[1m INFO  [21m[0m] -----------------------------------------------------------------
[[32m[1m INFO  [21m[0m] Elapsed time: 8.19e+04 || Step number: 2100/30000
[[32m[1m INFO  [21m[0m] longdy = 1.83e+00      || longdy/dt = 1.60e-04  || dt = 1.30e-01
[[32m[1m INFO  [21m[0m] from nz = 12 and C4H2
[[32m[1m INFO  [21m[0m] -----------------------------------------------------------------
[[32m[1m INFO  [21m[0m] Elapsed time: 9.31e+04 || Step number: 2200/30000
[[32m[1m INFO  [21m[0m] longdy = 9.21e-01      || longdy/dt = 8.21e-05  || dt = 1.83e-01
[[32m[1m INFO  [21m[0m] from nz = 12 and C4H2
[[32m[1m INFO  [21m[0m] -----------------------------------------------------------------
[[32m[1m INFO  [21m[0m] Elapsed time: 1.01e+05 || Step number: 2300/30000
[[32m[1m INFO  [21m[0m] longdy = 4.43e+00      || longdy/dt = 5.41e-04  || dt = 1.01e-01
[[32m[1m INFO  [21m[0m] from nz = 12 and C4H2
[[32m[1m INFO  [21m[0m] -----------------------------------------------------------------
[[32m[1m INFO  [21m[0m] Elapsed time: 1.33e+05 || Step number: 2400/30000
[[32m[1m INFO  [21m[0m] longdy = 7.76e-01      || longdy/dt = 2.48e-05  || dt = 1.41e+03
[[32m[1m INFO  [21m[0m] from nz = 23 and C4H2
[[32m[1m INFO  [21m[0m] -----------------------------------------------------------------
[[32m[1m INFO  [21m[0m] Elapsed time: 1.43e+05 || Step number: 2500/30000
[[32m[1m INFO  [21m[0m] longdy = 3.22e-01      || longdy/dt = 3.39e-05  || dt = 2.10e+00
[[32m[1m INFO  [21m[0m] from nz = 34 and N
[[32m[1m INFO  [21m[0m] -----------------------------------------------------------------
[[32m[1m INFO  [21m[0m] Elapsed time: 1.53e+05 || Step number: 2600/30000
[[32m[1m INFO  [21m[0m] longdy = 4.05e-01      || longdy/dt = 4.01e-05  || dt = 2.89e-01
[[32m[1m INFO  [21m[0m] from nz = 12 and C4H2
[[32m[1m INFO  [21m[0m] -----------------------------------------------------------------
[[32m[1m INFO  [21m[0m] Elapsed time: 1.60e+05 || Step number: 2700/30000
[[32m[1m INFO  [21m[0m] longdy = 5.71e-01      || longdy/dt = 8.14e-05  || dt = 1.37e+02
[[32m[1m INFO  [21m[0m] from nz = 12 and C4H2
[[32m[1m INFO  [21m[0m] -----------------------------------------------------------------
[[32m[1m INFO  [21m[0m] Elapsed time: 1.71e+05 || Step number: 2800/30000
[[32m[1m INFO  [21m[0m] longdy = 3.52e-01      || longdy/dt = 3.29e-05  || dt = 7.07e-02
[[32m[1m INFO  [21m[0m] from nz = 11 and C4H2
[[32m[1m INFO  [21m[0m] -----------------------------------------------------------------
[[32m[1m INFO  [21m[0m] Elapsed time: 1.82e+05 || Step number: 2900/30000
[[32m[1m INFO  [21m[0m] longdy = 8.09e-01      || longdy/dt = 6.96e-05  || dt = 8.88e+00
[[32m[1m INFO  [21m[0m] from nz = 12 and C4H2
[[32m[1m INFO  [21m[0m] -----------------------------------------------------------------
[[32m[1m INFO  [21m[0m] Elapsed time: 2.05e+05 || Step number: 3000/30000
[[32m[1m INFO  [21m[0m] longdy = 2.97e-01      || longdy/dt = 1.33e-05  || dt = 1.42e+03
[[32m[1m INFO  [21m[0m] from nz = 31 and C2H3
[[32m[1m INFO  [21m[0m] -----------------------------------------------------------------
[[32m[1m INFO  [21m[0m] Elapsed time: 2.25e+05 || Step number: 3100/30000
[[32m[1m INFO  [21m[0m] longdy = 2.21e-01      || longdy/dt = 1.15e-05  || dt = 1.52e+03
[[32m[1m INFO  [21m[0m] from nz = 31 and C2H3
[[32m[1m INFO  [21m[0m] -----------------------------------------------------------------
[[32m[1m INFO  [21m[0m] Elapsed time: 2.39e+05 || Step number: 3200/30000
[[32m[1m INFO  [21m[0m] longdy = 1.42e-01      || longdy/dt = 1.04e-05  || dt = 6.29e-03
[[32m[1m INFO  [21m[0m] from nz = 31 and C2H3
[[32m[1m INFO  [21m[0m] -----------------------------------------------------------------
[[32m[1m INFO  [21m[0m] Elapsed time: 2.49e+05 || Step number: 3300/30000
[[32m[1m INFO  [21m[0m] longdy = 9.30e-01      || longdy/dt = 8.99e-05  || dt = 3.44e-02
[[32m[1m INFO  [21m[0m] from nz = 11 and C4H2
[[32m[1m INFO  [21m[0m] -----------------------------------------------------------------
[[32m[1m INFO  [21m[0m] Elapsed time: 3.03e+05 || Step number: 3400/30000
[[32m[1m INFO  [21m[0m] longdy = 6.43e-01      || longdy/dt = 1.22e-05  || dt = 1.48e+03
[[32m[1m INFO  [21m[0m] from nz = 11 and C4H2
[[32m[1m INFO  [21m[0m] -----------------------------------------------------------------
[[32m[1m INFO  [21m[0m] Elapsed time: 3.27e+05 || Step number: 3500/30000
[[32m[1m INFO  [21m[0m] longdy = 1.06e-01      || longdy/dt = 4.42e-06  || dt = 1.15e-02
[[32m[1m INFO  [21m[0m] from nz = 31 and C2H3
[[32m[1m INFO  [21m[0m] -----------------------------------------------------------------
[[32m[1m INFO  [21m[0m] Elapsed time: 3.47e+05 || Step number: 3600/30000
[[32m[1m INFO  [21m[0m] longdy = 9.80e-01      || longdy/dt = 4.83e-05  || dt = 1.24e+03
[[32m[1m INFO  [21m[0m] from nz = 12 and C4H2
[[32m[1m INFO  [21m[0m] -----------------------------------------------------------------
[[32m[1m INFO  [21m[0m] Elapsed time: 3.74e+05 || Step number: 3700/30000
[[32m[1m INFO  [21m[0m] longdy = 7.56e-02      || longdy/dt = 2.85e-06  || dt = 1.58e+01
[[32m[1m INFO  [21m[0m] from nz = 31 and C2H3
[[32m[1m INFO  [21m[0m] -----------------------------------------------------------------
[[32m[1m INFO  [21m[0m] Elapsed time: 4.11e+05 || Step number: 3800/30000
[[32m[1m INFO  [21m[0m] longdy = 7.07e-02      || longdy/dt = 1.97e-06  || dt = 1.25e+03
[[32m[1m INFO  [21m[0m] from nz = 31 and C2H3
[[32m[1m INFO  [21m[0m] -----------------------------------------------------------------
[[32m[1m INFO  [21m[0m] Elapsed time: 4.40e+05 || Step number: 3900/30000
[[32m[1m INFO  [21m[0m] longdy = 5.32e+00      || longdy/dt = 1.79e-04  || dt = 2.26e-02
[[32m[1m INFO  [21m[0m] from nz = 11 and C4H2
[[32m[1m INFO  [21m[0m] -----------------------------------------------------------------
[[32m[1m INFO  [21m[0m] Elapsed time: 4.79e+05 || Step number: 4000/30000
[[32m[1m INFO  [21m[0m] longdy = 4.62e-01      || longdy/dt = 1.19e-05  || dt = 4.13e-02
[[32m[1m INFO  [21m[0m] from nz = 11 and C4H2
[[32m[1m INFO  [21m[0m] -----------------------------------------------------------------
[[32m[1m INFO  [21m[0m] Elapsed time: 5.35e+05 || Step number: 4100/30000
[[32m[1m INFO  [21m[0m] longdy = 5.67e-01      || longdy/dt = 1.03e-05  || dt = 1.41e+03
[[32m[1m INFO  [21m[0m] from nz = 11 and C4H2
[[32m[1m INFO  [21m[0m] -----------------------------------------------------------------
[[32m[1m INFO  [21m[0m] Integration successful with 4196 steps
[[32m[1m INFO  [21m[0m] long dy, long dydt = 0.014324926501814514, 2.0512155019058433e-07
[[32m[1m INFO  [21m[0m] Total atom loss:
[[32m[1m INFO  [21m[0m] H: -0.018985847343297835 
[[32m[1m INFO  [21m[0m] O: -0.01898524266110446 
[[32m[1m INFO  [21m[0m] C: -0.01897966525913635 
[[32m[1m INFO  [21m[0m] N: -0.01898601423757556 
[[32m[1m INFO  [21m[0m] S: -0.01898588807375265 
[[32m[1m INFO  [21m[0m] ------ Live long and prosper \V/ ------
[[32m[1m INFO  [21m[0m]     done
Atmodeller initialized with double precision (float64)
[[93m[1m WARNING [21m[0m] The archive tar file does not exist: /data/rdc49-2/K218b_project/simulation_data/grid_H0_C1_N3_S2_fO23__from_batch13_case_000030__7_crash_atmos_chem_step_vulcan_chem_funs_race_missing_symjac/data/data.tar
[[32m[1m INFO  [21m[0m] Observing the planet...
Loading PHOENIX star table in file '/data/rdc49-2/FWL_DATA/prt/input_data/stellar_spectra/phoenix/phoenix.startable.petitRADTRANS.h5'... Done.
