Atmodeller initialized with double precision (float64)
[[93m[1m WARNING [21m[0m] The archive tar file does not exist: /data/rdc49-2/K218b_project/simulation_data/grid_H3_C0_N2_S0_fO20__from_batch03_case_000040__7_crash_atmos_chem_step_vulcan_chem_funs_race_syntax_error/data/data.tar
[[32m[1m INFO  [21m[0m] Running atmospheric chemistry...
[[32m[1m INFO  [21m[0m]     Using vulcan module, offline
[[32m[1m INFO  [21m[0m] Elements conserved in the network.
[[32m[1m INFO  [21m[0m] No duplicates in the network.
[[32m[1m INFO  [21m[0m] Elements conserved in the network.
[[32m[1m INFO  [21m[0m] No duplicates in the network.
[[32m[1m INFO  [21m[0m] Running VULCAN
[[32m[1m INFO  [21m[0m] Initializing with compositions from ASCII file /data/rdc49-2/K218b_project/simulation_data/grid_H3_C0_N2_S0_fO20__from_batch03_case_000040__7_crash_atmos_chem_step_vulcan_chem_funs_race_syntax_error/offchem/vmrs.dat
[[32m[1m INFO  [21m[0m] Input stellar spectrum from 2.0 to 700.0
[[32m[1m INFO  [21m[0m] Using wavelength bins from 2.0 to 655.5
[[32m[1m INFO  [21m[0m] Include molecular diffusion.
[[32m[1m INFO  [21m[0m] Starting VULCAN integration with 1 threads...
[[93m[1m WARNING [21m[0m] Keep producing negative values! Clipping negative solutions and moving on!
[[93m[1m WARNING [21m[0m] Keep producing negative values! Clipping negative solutions and moving on!
[[93m[1m WARNING [21m[0m] Keep producing negative values! Clipping negative solutions and moving on!
[[93m[1m WARNING [21m[0m] Keep producing negative values! Clipping negative solutions and moving on!
[[93m[1m WARNING [21m[0m] Keep producing negative values! Clipping negative solutions and moving on!
[[93m[1m WARNING [21m[0m] Keep producing negative values! Clipping negative solutions and moving on!
[[93m[1m WARNING [21m[0m] Keep producing negative values! Clipping negative solutions and moving on!
[[93m[1m WARNING [21m[0m] Keep producing negative values! Clipping negative solutions and moving on!
[[93m[1m WARNING [21m[0m] Keep producing negative values! Clipping negative solutions and moving on!
[[93m[1m WARNING [21m[0m] Keep producing negative values! Clipping negative solutions and moving on!
[[93m[1m WARNING [21m[0m] Keep producing negative values! Clipping negative solutions and moving on!
[[93m[1m WARNING [21m[0m] Keep producing negative values! Clipping negative solutions and moving on!
[[93m[1m WARNING [21m[0m] Keep producing negative values! Clipping negative solutions and moving on!
[[93m[1m WARNING [21m[0m] Keep producing negative values! Clipping negative solutions and moving on!
[[93m[1m WARNING [21m[0m] Keep producing negative values! Clipping negative solutions and moving on!
[[93m[1m WARNING [21m[0m] Keep producing negative values! Clipping negative solutions and moving on!
[[93m[1m WARNING [21m[0m] Keep producing negative values! Clipping negative solutions and moving on!
[[93m[1m WARNING [21m[0m] Keep producing negative values! Clipping negative solutions and moving on!
[[93m[1m WARNING [21m[0m] Keep producing negative values! Clipping negative solutions and moving on!
[[32m[1m INFO  [21m[0m] Elapsed time: 7.75e-06 || Step number: 100/30000
[[32m[1m INFO  [21m[0m] longdy = 1.00e+00      || longdy/dt = 1.00e+00  || dt = 3.66e-07
[[32m[1m INFO  [21m[0m] from nz = 0 and OH
[[32m[1m INFO  [21m[0m] -----------------------------------------------------------------
[[32m[1m INFO  [21m[0m] Elapsed time: 9.67e-05 || Step number: 200/30000
[[32m[1m INFO  [21m[0m] longdy = 1.00e+00      || longdy/dt = 1.00e+00  || dt = 1.58e-06
[[32m[1m INFO  [21m[0m] from nz = 0 and OH
[[32m[1m INFO  [21m[0m] -----------------------------------------------------------------
[[32m[1m INFO  [21m[0m] Elapsed time: 8.74e-04 || Step number: 300/30000
[[32m[1m INFO  [21m[0m] longdy = 1.00e+00      || longdy/dt = 1.00e+00  || dt = 1.01e-05
[[32m[1m INFO  [21m[0m] from nz = 0 and OH
[[32m[1m INFO  [21m[0m] -----------------------------------------------------------------
[[32m[1m INFO  [21m[0m] Elapsed time: 7.86e-03 || Step number: 400/30000
[[32m[1m INFO  [21m[0m] longdy = 1.00e+00      || longdy/dt = 1.00e+00  || dt = 9.13e-05
[[32m[1m INFO  [21m[0m] from nz = 0 and OH
[[32m[1m INFO  [21m[0m] -----------------------------------------------------------------
[[32m[1m INFO  [21m[0m] Elapsed time: 6.04e-02 || Step number: 500/30000
[[32m[1m INFO  [21m[0m] longdy = 1.00e+00      || longdy/dt = 1.00e+00  || dt = 1.11e-03
[[32m[1m INFO  [21m[0m] from nz = 0 and OH
[[32m[1m INFO  [21m[0m] -----------------------------------------------------------------
[[32m[1m INFO  [21m[0m] Elapsed time: 2.53e-01 || Step number: 600/30000
[[32m[1m INFO  [21m[0m] longdy = 1.00e+00      || longdy/dt = 1.00e+00  || dt = 5.29e-03
[[32m[1m INFO  [21m[0m] from nz = 0 and OH
[[32m[1m INFO  [21m[0m] -----------------------------------------------------------------
[[32m[1m INFO  [21m[0m] Elapsed time: 1.61e+00 || Step number: 700/30000
[[32m[1m INFO  [21m[0m] longdy = 1.00e+00      || longdy/dt = 1.00e+00  || dt = 2.11e-02
[[32m[1m INFO  [21m[0m] from nz = 0 and OH
[[32m[1m INFO  [21m[0m] -----------------------------------------------------------------
[[32m[1m INFO  [21m[0m] Elapsed time: 8.86e+00 || Step number: 800/30000
[[32m[1m INFO  [21m[0m] longdy = 1.00e+00      || longdy/dt = 1.00e+00  || dt = 1.31e-01
[[32m[1m INFO  [21m[0m] from nz = 0 and OH
[[32m[1m INFO  [21m[0m] -----------------------------------------------------------------
[[32m[1m INFO  [21m[0m] Elapsed time: 2.92e+01 || Step number: 900/30000
[[32m[1m INFO  [21m[0m] longdy = 1.00e+00      || longdy/dt = 1.00e+00  || dt = 3.21e-01
[[32m[1m INFO  [21m[0m] from nz = 0 and OH
[[32m[1m INFO  [21m[0m] -----------------------------------------------------------------
[[32m[1m INFO  [21m[0m] Elapsed time: 7.63e+01 || Step number: 1000/30000
[[32m[1m INFO  [21m[0m] longdy = 1.00e+00      || longdy/dt = 1.00e+00  || dt = 7.26e-01
[[32m[1m INFO  [21m[0m] from nz = 0 and OH
[[32m[1m INFO  [21m[0m] -----------------------------------------------------------------
[[32m[1m INFO  [21m[0m] Elapsed time: 1.78e+02 || Step number: 1100/30000
[[32m[1m INFO  [21m[0m] longdy = 7.20e+01      || longdy/dt = 8.16e-01  || dt = 1.47e+00
[[32m[1m INFO  [21m[0m] from nz = 47 and CH2
[[32m[1m INFO  [21m[0m] -----------------------------------------------------------------
[[32m[1m INFO  [21m[0m] Elapsed time: 3.57e+02 || Step number: 1200/30000
[[32m[1m INFO  [21m[0m] longdy = 2.91e+02      || longdy/dt = 1.66e+00  || dt = 2.83e+00
[[32m[1m INFO  [21m[0m] from nz = 45 and CH2
[[32m[1m INFO  [21m[0m] -----------------------------------------------------------------
[[32m[1m INFO  [21m[0m] Elapsed time: 6.16e+02 || Step number: 1300/30000
[[32m[1m INFO  [21m[0m] longdy = 1.10e+02      || longdy/dt = 4.33e-01  || dt = 4.36e+00
[[32m[1m INFO  [21m[0m] from nz = 44 and NH
[[32m[1m INFO  [21m[0m] -----------------------------------------------------------------
[[32m[1m INFO  [21m[0m] Elapsed time: 9.86e+02 || Step number: 1400/30000
[[32m[1m INFO  [21m[0m] longdy = 3.34e+01      || longdy/dt = 9.16e-02  || dt = 6.64e+00
[[32m[1m INFO  [21m[0m] from nz = 43 and NH
[[32m[1m INFO  [21m[0m] -----------------------------------------------------------------
[[32m[1m INFO  [21m[0m] Elapsed time: 1.44e+03 || Step number: 1500/30000
[[32m[1m INFO  [21m[0m] longdy = 8.70e+00      || longdy/dt = 1.94e-02  || dt = 6.60e+00
[[32m[1m INFO  [21m[0m] from nz = 42 and NH
[[32m[1m INFO  [21m[0m] -----------------------------------------------------------------
[[32m[1m INFO  [21m[0m] Elapsed time: 2.03e+03 || Step number: 1600/30000
[[32m[1m INFO  [21m[0m] longdy = 4.21e+00      || longdy/dt = 7.20e-03  || dt = 8.52e+00
[[32m[1m INFO  [21m[0m] from nz = 41 and NH
[[32m[1m INFO  [21m[0m] -----------------------------------------------------------------
[[32m[1m INFO  [21m[0m] Elapsed time: 2.84e+03 || Step number: 1700/30000
[[32m[1m INFO  [21m[0m] longdy = 9.80e+00      || longdy/dt = 1.23e-02  || dt = 1.14e+01
[[32m[1m INFO  [21m[0m] from nz = 33 and N
[[32m[1m INFO  [21m[0m] -----------------------------------------------------------------
[[32m[1m INFO  [21m[0m] Elapsed time: 3.92e+03 || Step number: 1800/30000
[[32m[1m INFO  [21m[0m] longdy = 1.94e+00      || longdy/dt = 1.82e-03  || dt = 1.52e+01
[[32m[1m INFO  [21m[0m] from nz = 50 and H2S
[[32m[1m INFO  [21m[0m] -----------------------------------------------------------------
[[32m[1m INFO  [21m[0m] Elapsed time: 5.39e+03 || Step number: 1900/30000
[[32m[1m INFO  [21m[0m] longdy = 1.75e+00      || longdy/dt = 1.21e-03  || dt = 2.30e+01
[[32m[1m INFO  [21m[0m] from nz = 14 and O2
[[32m[1m INFO  [21m[0m] -----------------------------------------------------------------
[[32m[1m INFO  [21m[0m] Elapsed time: 7.94e+03 || Step number: 2000/30000
[[32m[1m INFO  [21m[0m] longdy = 2.62e+00      || longdy/dt = 1.05e-03  || dt = 5.13e+01
[[32m[1m INFO  [21m[0m] from nz = 14 and O2
[[32m[1m INFO  [21m[0m] -----------------------------------------------------------------
[[32m[1m INFO  [21m[0m] Elapsed time: 1.35e+04 || Step number: 2100/30000
[[32m[1m INFO  [21m[0m] longdy = 3.49e+00      || longdy/dt = 6.41e-04  || dt = 9.74e+01
[[32m[1m INFO  [21m[0m] from nz = 14 and O2
[[32m[1m INFO  [21m[0m] -----------------------------------------------------------------
[[32m[1m INFO  [21m[0m] Elapsed time: 2.42e+04 || Step number: 2200/30000
[[32m[1m INFO  [21m[0m] longdy = 3.32e+00      || longdy/dt = 3.14e-04  || dt = 1.83e+02
[[32m[1m INFO  [21m[0m] from nz = 15 and O2
[[32m[1m INFO  [21m[0m] -----------------------------------------------------------------
[[32m[1m INFO  [21m[0m] Elapsed time: 4.46e+04 || Step number: 2300/30000
[[32m[1m INFO  [21m[0m] longdy = 3.06e+00      || longdy/dt = 1.53e-04  || dt = 4.13e+02
[[32m[1m INFO  [21m[0m] from nz = 15 and O2
[[32m[1m INFO  [21m[0m] -----------------------------------------------------------------
[[32m[1m INFO  [21m[0m] Elapsed time: 7.41e+04 || Step number: 2400/30000
[[32m[1m INFO  [21m[0m] longdy = 8.34e+00      || longdy/dt = 2.90e-04  || dt = 6.54e+02
[[32m[1m INFO  [21m[0m] from nz = 24 and S
[[32m[1m INFO  [21m[0m] -----------------------------------------------------------------
[[32m[1m INFO  [21m[0m] Elapsed time: 1.40e+05 || Step number: 2500/30000
[[32m[1m INFO  [21m[0m] longdy = 3.08e+01      || longdy/dt = 4.81e-04  || dt = 1.76e+03
[[32m[1m INFO  [21m[0m] from nz = 18 and O2
[[32m[1m INFO  [21m[0m] -----------------------------------------------------------------
[[32m[1m INFO  [21m[0m] Elapsed time: 6.77e+05 || Step number: 2600/30000
[[32m[1m INFO  [21m[0m] longdy = 9.55e-01      || longdy/dt = 2.88e-06  || dt = 3.42e+04
[[32m[1m INFO  [21m[0m] from nz = 11 and S3
[[32m[1m INFO  [21m[0m] -----------------------------------------------------------------
[[32m[1m INFO  [21m[0m] Elapsed time: 1.49e+06 || Step number: 2700/30000
[[32m[1m INFO  [21m[0m] longdy = 1.50e+00      || longdy/dt = 2.01e-06  || dt = 2.35e+04
[[32m[1m INFO  [21m[0m] from nz = 21 and COS
[[32m[1m INFO  [21m[0m] -----------------------------------------------------------------
[[32m[1m INFO  [21m[0m] Elapsed time: 2.16e+06 || Step number: 2800/30000
[[32m[1m INFO  [21m[0m] longdy = 2.79e+00      || longdy/dt = 4.16e-06  || dt = 3.05e+03
[[32m[1m INFO  [21m[0m] from nz = 41 and C2H5
[[32m[1m INFO  [21m[0m] -----------------------------------------------------------------
[[32m[1m INFO  [21m[0m] Elapsed time: 2.87e+06 || Step number: 2900/30000
[[32m[1m INFO  [21m[0m] longdy = 2.08e+00      || longdy/dt = 2.98e-06  || dt = 1.05e+04
[[32m[1m INFO  [21m[0m] from nz = 41 and C2H5
[[32m[1m INFO  [21m[0m] -----------------------------------------------------------------
[[32m[1m INFO  [21m[0m] Elapsed time: 3.70e+06 || Step number: 3000/30000
[[32m[1m INFO  [21m[0m] longdy = 1.50e+00      || longdy/dt = 1.84e-06  || dt = 3.10e+04
[[32m[1m INFO  [21m[0m] from nz = 39 and NH2
[[32m[1m INFO  [21m[0m] -----------------------------------------------------------------
[[32m[1m INFO  [21m[0m] Elapsed time: 4.33e+06 || Step number: 3100/30000
[[32m[1m INFO  [21m[0m] longdy = 1.56e+00      || longdy/dt = 2.45e-06  || dt = 7.67e+02
[[32m[1m INFO  [21m[0m] from nz = 36 and O
[[32m[1m INFO  [21m[0m] -----------------------------------------------------------------
[[32m[1m INFO  [21m[0m] Elapsed time: 6.42e+06 || Step number: 3200/30000
[[32m[1m INFO  [21m[0m] longdy = 3.09e-01      || longdy/dt = 1.49e-07  || dt = 2.93e+04
[[32m[1m INFO  [21m[0m] from nz = 45 and NH2
[[32m[1m INFO  [21m[0m] -----------------------------------------------------------------
[[32m[1m INFO  [21m[0m] Elapsed time: 1.99e+07 || Step number: 3300/30000
[[32m[1m INFO  [21m[0m] longdy = 3.66e-03      || longdy/dt = 3.73e-10  || dt = 2.53e+05
[[32m[1m INFO  [21m[0m] from nz = 26 and HNO2
[[32m[1m INFO  [21m[0m] -----------------------------------------------------------------
[[32m[1m INFO  [21m[0m] Elapsed time: 4.06e+07 || Step number: 3400/30000
[[32m[1m INFO  [21m[0m] longdy = 7.44e-03      || longdy/dt = 3.68e-10  || dt = 1.65e+05
[[32m[1m INFO  [21m[0m] from nz = 26 and HNO2
[[32m[1m INFO  [21m[0m] -----------------------------------------------------------------
[[32m[1m INFO  [21m[0m] Elapsed time: 6.27e+07 || Step number: 3500/30000
[[32m[1m INFO  [21m[0m] longdy = 5.49e-03      || longdy/dt = 2.50e-10  || dt = 2.60e+05
[[32m[1m INFO  [21m[0m] from nz = 26 and HNO2
[[32m[1m INFO  [21m[0m] -----------------------------------------------------------------
[[32m[1m INFO  [21m[0m] Elapsed time: 8.02e+07 || Step number: 3600/30000
[[32m[1m INFO  [21m[0m] longdy = 4.02e-03      || longdy/dt = 2.32e-10  || dt = 2.65e+05
[[32m[1m INFO  [21m[0m] from nz = 26 and HNO2
[[32m[1m INFO  [21m[0m] -----------------------------------------------------------------
[[32m[1m INFO  [21m[0m] Elapsed time: 1.02e+08 || Step number: 3700/30000
[[32m[1m INFO  [21m[0m] longdy = 3.07e-03      || longdy/dt = 1.39e-10  || dt = 2.26e+05
[[32m[1m INFO  [21m[0m] from nz = 26 and HNO2
[[32m[1m INFO  [21m[0m] -----------------------------------------------------------------
[[32m[1m INFO  [21m[0m] Elapsed time: 1.25e+08 || Step number: 3800/30000
[[32m[1m INFO  [21m[0m] longdy = 2.42e-03      || longdy/dt = 1.08e-10  || dt = 1.79e+05
[[32m[1m INFO  [21m[0m] from nz = 26 and HNO2
[[32m[1m INFO  [21m[0m] -----------------------------------------------------------------
[[32m[1m INFO  [21m[0m] Elapsed time: 1.46e+08 || Step number: 3900/30000
[[32m[1m INFO  [21m[0m] longdy = 1.96e-03      || longdy/dt = 9.22e-11  || dt = 1.61e+05
[[32m[1m INFO  [21m[0m] from nz = 26 and HNO2
[[32m[1m INFO  [21m[0m] -----------------------------------------------------------------
[[32m[1m INFO  [21m[0m] Elapsed time: 1.67e+08 || Step number: 4000/30000
[[32m[1m INFO  [21m[0m] longdy = 1.61e-03      || longdy/dt = 7.98e-11  || dt = 1.07e+05
[[32m[1m INFO  [21m[0m] from nz = 26 and HNO2
[[32m[1m INFO  [21m[0m] -----------------------------------------------------------------
[[32m[1m INFO  [21m[0m] Integration successful with 4001 steps
[[32m[1m INFO  [21m[0m] long dy, long dydt = 0.0015901928919738885, 7.970872436675055e-11
[[32m[1m INFO  [21m[0m] Total atom loss:
[[32m[1m INFO  [21m[0m] H: 8.781462842447233e-05 
[[32m[1m INFO  [21m[0m] O: -0.0037766910516181117 
[[32m[1m INFO  [21m[0m] C: 0.20991815400009686 
[[32m[1m INFO  [21m[0m] N: 0.03055432299170548 
[[32m[1m INFO  [21m[0m] S: 0.8249333395436758 
[[32m[1m INFO  [21m[0m] ------ Live long and prosper \V/ ------
[[32m[1m INFO  [21m[0m]     done
Atmodeller initialized with double precision (float64)
[[93m[1m WARNING [21m[0m] The archive tar file does not exist: /data/rdc49-2/K218b_project/simulation_data/grid_H3_C0_N2_S0_fO20__from_batch03_case_000040__7_crash_atmos_chem_step_vulcan_chem_funs_race_syntax_error/data/data.tar
[[32m[1m INFO  [21m[0m] Observing the planet...
Loading PHOENIX star table in file '/data/rdc49-2/FWL_DATA/prt/input_data/stellar_spectra/phoenix/phoenix.startable.petitRADTRANS.h5'... Done.
