SUCCESS /data/rdc49-2/K218b_project/grid_sweep_configs/vulcan_rerun_configs/full_run_20260730/cap003d/grid_H0_C1_N1_S3_fO22__from_batch09_case_000023__7_crash_atmos_chem_step_vulcan_chem_funs_race_missing_symjac.toml
SUCCESS /data/rdc49-2/K218b_project/grid_sweep_configs/vulcan_rerun_configs/full_run_20260730/cap003d/grid_H0_C1_N3_S2_fO23__from_batch13_case_000030__7_crash_atmos_chem_step_vulcan_chem_funs_race_missing_symjac.toml
SUCCESS /data/rdc49-2/K218b_project/grid_sweep_configs/vulcan_rerun_configs/full_run_20260730/cap003d/grid_H0_C2_N3_S3_fO20__from_batch02_case_000015__7_crash_atmos_chem_step_vulcan_chem_funs_race_missing_symjac.toml
SUCCESS /data/rdc49-2/K218b_project/grid_sweep_configs/vulcan_rerun_configs/full_run_20260730/cap003d/grid_H0_C2_N2_S1_fO20__from_batch02_case_000009__7_crash_atmos_chem_step_vulcan_chem_funs_race_missing_symjac.toml
SUCCESS /data/rdc49-2/K218b_project/grid_sweep_configs/vulcan_rerun_configs/full_run_20260730/cap003d/grid_H0_C2_N0_S3_fO21__from_batch06_case_000003__7_crash_atmos_chem_step_vulcan_chem_funs_race_syntax_error.toml
SUCCESS /data/rdc49-2/K218b_project/grid_sweep_configs/vulcan_rerun_configs/full_run_20260730/cap003d/grid_H0_C3_N1_S1_fO22__from_batch10_case_000021__7_crash_atmos_chem_step_vulcan_chem_funs_race_syntax_error.toml
SUCCESS /data/rdc49-2/K218b_project/grid_sweep_configs/vulcan_rerun_configs/full_run_20260730/cap003d/grid_H0_C3_N3_S0_fO22__from_batch10_case_000028__7_crash_atmos_chem_step_vulcan_chem_funs_race_syntax_error.toml
SUCCESS /data/rdc49-2/K218b_project/grid_sweep_configs/vulcan_rerun_configs/full_run_20260730/cap003d/grid_H1_C0_N3_S1_fO21__from_batch05_case_000045__7_crash_atmos_chem_step_vulcan_chem_funs_race_missing_symjac.toml
SUCCESS /data/rdc49-2/K218b_project/grid_sweep_configs/vulcan_rerun_configs/full_run_20260730/cap003d/grid_H1_C1_N1_S3_fO21__from_batch05_case_000055__7_crash_atmos_chem_step_vulcan_chem_funs_race_syntax_error.toml
SUCCESS /data/rdc49-2/K218b_project/grid_sweep_configs/vulcan_rerun_configs/full_run_20260730/cap003d/grid_H1_C0_N1_S2_fO22__from_batch09_case_000038__7_crash_atmos_chem_step_vulcan_chem_funs_race_missing_symjac.toml
SUCCESS /data/rdc49-2/K218b_project/grid_sweep_configs/vulcan_rerun_configs/full_run_20260730/cap003d/grid_H1_C1_N2_S3_fO22__from_batch09_case_000059__7_crash_atmos_chem_step_vulcan_chem_funs_race_syntax_error.toml
SUCCESS /data/rdc49-2/K218b_project/grid_sweep_configs/vulcan_rerun_configs/full_run_20260730/cap003d/grid_H1_C1_N3_S2_fO23__from_batch13_case_000062__7_crash_atmos_chem_step_vulcan_chem_funs_race_missing_symjac.toml
SUCCESS /data/rdc49-2/K218b_project/grid_sweep_configs/vulcan_rerun_configs/full_run_20260730/cap003d/grid_H1_C2_N3_S0_fO21__from_batch06_case_000044__7_crash_atmos_chem_step_vulcan_chem_funs_race_syntax_error.toml
SUCCESS /data/rdc49-2/K218b_project/grid_sweep_configs/vulcan_rerun_configs/full_run_20260730/cap003d/grid_H1_C2_N1_S2_fO23__from_batch14_case_000038__7_crash_atmos_chem_step_vulcan_chem_funs_race_missing_symjac.toml
SUCCESS /data/rdc49-2/K218b_project/grid_sweep_configs/vulcan_rerun_configs/full_run_20260730/cap003d/grid_H1_C2_N0_S2_fO22__from_batch10_case_000034__7_crash_atmos_chem_step_vulcan_chem_funs_race_syntax_error.toml
SUCCESS /data/rdc49-2/K218b_project/grid_sweep_configs/vulcan_rerun_configs/full_run_20260730/cap003d/grid_H1_C2_N3_S3_fO22__from_batch10_case_000047__7_crash_atmos_chem_step_vulcan_chem_funs_race_syntax_error.toml
SUCCESS /data/rdc49-2/K218b_project/grid_sweep_configs/vulcan_rerun_configs/full_run_20260730/cap003d/grid_H1_C3_N1_S0_fO22__from_batch10_case_000052__7_crash_atmos_chem_step_vulcan_chem_funs_race_syntax_error.toml
SUCCESS /data/rdc49-2/K218b_project/grid_sweep_configs/vulcan_rerun_configs/full_run_20260730/cap003d/grid_H1_C3_N2_S3_fO22__from_batch10_case_000059__7_crash_atmos_chem_step_vulcan_chem_funs_race_syntax_error.toml
SUCCESS /data/rdc49-2/K218b_project/grid_sweep_configs/vulcan_rerun_configs/full_run_20260730/cap003d/grid_H2_C1_N0_S0_fO21__from_batch07_case_000016__7_crash_atmos_chem_step_vulcan_chem_funs_race_missing_symjac.toml
SUCCESS /data/rdc49-2/K218b_project/grid_sweep_configs/vulcan_rerun_configs/full_run_20260730/cap003d/grid_H2_C1_N3_S0_fO22__from_batch11_case_000028__7_crash_atmos_chem_step_vulcan_chem_funs_race_missing_symjac.toml
SUCCESS /data/rdc49-2/K218b_project/grid_sweep_configs/vulcan_rerun_configs/full_run_20260730/cap003d/grid_H2_C2_N0_S2_fO22__from_batch12_case_000002__7_crash_atmos_chem_step_vulcan_chem_funs_race_syntax_error.toml
FAILED /data/rdc49-2/K218b_project/grid_sweep_configs/vulcan_rerun_configs/full_run_20260730/cap003d/grid_H2_C2_N3_S3_fO22__from_batch12_case_000015__7_crash_atmos_chem_step_vulcan_chem_funs_race_syntax_error.toml
SUCCESS /data/rdc49-2/K218b_project/grid_sweep_configs/vulcan_rerun_configs/full_run_20260730/cap003d/grid_H2_C1_N1_S0_fO23__from_batch15_case_000020__7_crash_atmos_chem_step_vulcan_chem_funs_race_syntax_error.toml
SUCCESS /data/rdc49-2/K218b_project/grid_sweep_configs/vulcan_rerun_configs/full_run_20260730/cap003d/grid_H2_C1_N2_S0_fO23__from_batch15_case_000024__7_crash_atmos_chem_step_vulcan_chem_funs_race_syntax_error.toml
FAILED /data/rdc49-2/K218b_project/grid_sweep_configs/vulcan_rerun_configs/full_run_20260730/cap003d/grid_H3_C0_N0_S1_fO22__from_batch11_case_000033__7_crash_atmos_chem_step.toml
SUCCESS /data/rdc49-2/K218b_project/grid_sweep_configs/vulcan_rerun_configs/full_run_20260730/cap003d/grid_H2_C0_N2_S2_fO23__from_batch15_case_000010__7_crash_atmos_chem_step_vulcan_chem_funs_race_syntax_error.toml
SUCCESS /data/rdc49-2/K218b_project/grid_sweep_configs/vulcan_rerun_configs/full_run_20260730/cap003d/grid_H2_C0_N1_S1_fO23__from_batch15_case_000005__7_crash_atmos_chem_step_vulcan_chem_funs_race_syntax_error.toml
SUCCESS /data/rdc49-2/K218b_project/grid_sweep_configs/vulcan_rerun_configs/full_run_20260730/cap003d/grid_H2_C2_N3_S1_fO20__from_batch04_case_000013__7_crash_atmos_chem_step_vulcan_chem_funs_race_missing_symjac.toml
SUCCESS /data/rdc49-2/K218b_project/grid_sweep_configs/vulcan_rerun_configs/full_run_20260730/cap003d/grid_H3_C0_N1_S0_fO20__from_batch03_case_000036__7_crash_atmos_chem_step_vulcan_chem_funs_race_syntax_error.toml
FAILED /data/rdc49-2/K218b_project/grid_sweep_configs/vulcan_rerun_configs/full_run_20260730/cap003d/grid_H3_C0_N3_S2_fO22__from_batch11_case_000046__7_crash_atmos_chem_step_vulcan_chem_funs_race_missing_symjac.toml
SUCCESS /data/rdc49-2/K218b_project/grid_sweep_configs/vulcan_rerun_configs/full_run_20260730/cap003d/grid_H3_C0_N2_S0_fO20__from_batch03_case_000040__7_crash_atmos_chem_step_vulcan_chem_funs_race_syntax_error.toml
SUCCESS /data/rdc49-2/K218b_project/grid_sweep_configs/vulcan_rerun_configs/full_run_20260730/cap003d/grid_H2_C2_N1_S3_fO22__from_batch12_case_000007__7_crash_atmos_chem_step_vulcan_chem_funs_race_syntax_error.toml
