Atmodeller initialized with double precision (float64)
[[93m[1m WARNING [21m[0m] The archive tar file does not exist: /data/rdc49-2/K218b_project/simulation_data/grid_H1_C1_N3_S3_fO21__from_batch05_case_000063__7_crash_atmos_chem_step_vulcan_chem_funs_race_syntax_error/data/data.tar
[[32m[1m INFO  [21m[0m] Running atmospheric chemistry...
[[32m[1m INFO  [21m[0m]     Using vulcan module, offline
[[32m[1m INFO  [21m[0m] Elements conserved in the network.
[[32m[1m INFO  [21m[0m] No duplicates in the network.
[[32m[1m INFO  [21m[0m] Elements conserved in the network.
[[32m[1m INFO  [21m[0m] No duplicates in the network.
[[32m[1m INFO  [21m[0m] Running VULCAN
[[93m[1m WARNING [21m[0m] P_b and P_t assgined in vulcan.cfg are out of range of the input. Constant extension is used.
[[32m[1m INFO  [21m[0m] Initializing with compositions from ASCII file /data/rdc49-2/K218b_project/simulation_data/grid_H1_C1_N3_S3_fO21__from_batch05_case_000063__7_crash_atmos_chem_step_vulcan_chem_funs_race_syntax_error/offchem/vmrs.dat
[[32m[1m INFO  [21m[0m] Input stellar spectrum from 2.0 to 700.0
[[32m[1m INFO  [21m[0m] Using wavelength bins from 2.0 to 655.5
[[32m[1m INFO  [21m[0m] Include molecular diffusion.
[[32m[1m INFO  [21m[0m] Starting VULCAN integration with 1 threads...
[[93m[1m WARNING [21m[0m] Keep producing negative values! Clipping negative solutions and moving on!
[[93m[1m WARNING [21m[0m] Keep producing negative values! Clipping negative solutions and moving on!
[[93m[1m WARNING [21m[0m] Keep producing negative values! Clipping negative solutions and moving on!
[[93m[1m WARNING [21m[0m] Keep producing negative values! Clipping negative solutions and moving on!
[[93m[1m WARNING [21m[0m] Keep producing negative values! Clipping negative solutions and moving on!
[[93m[1m WARNING [21m[0m] Keep producing negative values! Clipping negative solutions and moving on!
[[93m[1m WARNING [21m[0m] Keep producing negative values! Clipping negative solutions and moving on!
[[93m[1m WARNING [21m[0m] Keep producing negative values! Clipping negative solutions and moving on!
[[32m[1m INFO  [21m[0m] Elapsed time: 1.21e-02 || Step number: 100/30000
[[32m[1m INFO  [21m[0m] longdy = 1.00e+00      || longdy/dt = 1.00e+00  || dt = 1.31e-03
[[32m[1m INFO  [21m[0m] from nz = 0 and OH
[[32m[1m INFO  [21m[0m] -----------------------------------------------------------------
[[32m[1m INFO  [21m[0m] Elapsed time: 6.99e+00 || Step number: 200/30000
[[32m[1m INFO  [21m[0m] longdy = 1.00e+00      || longdy/dt = 1.00e+00  || dt = 2.25e-01
[[32m[1m INFO  [21m[0m] from nz = 0 and OH
[[32m[1m INFO  [21m[0m] -----------------------------------------------------------------
[[32m[1m INFO  [21m[0m] Elapsed time: 8.09e+01 || Step number: 300/30000
[[32m[1m INFO  [21m[0m] longdy = 1.00e+00      || longdy/dt = 1.00e+00  || dt = 1.83e+00
[[32m[1m INFO  [21m[0m] from nz = 0 and OH
[[32m[1m INFO  [21m[0m] -----------------------------------------------------------------
[[32m[1m INFO  [21m[0m] Elapsed time: 1.65e+03 || Step number: 400/30000
[[32m[1m INFO  [21m[0m] longdy = 6.29e+03      || longdy/dt = 8.02e+00  || dt = 9.02e+01
[[32m[1m INFO  [21m[0m] from nz = 27 and CS
[[32m[1m INFO  [21m[0m] -----------------------------------------------------------------
[[32m[1m INFO  [21m[0m] Elapsed time: 5.39e+04 || Step number: 500/30000
[[32m[1m INFO  [21m[0m] longdy = 2.59e+02      || longdy/dt = 9.61e-03  || dt = 1.37e-01
[[32m[1m INFO  [21m[0m] from nz = 33 and CS
[[32m[1m INFO  [21m[0m] -----------------------------------------------------------------
[[32m[1m INFO  [21m[0m] Elapsed time: 2.38e+05 || Step number: 600/30000
[[32m[1m INFO  [21m[0m] longdy = 8.19e+00      || longdy/dt = 6.96e-05  || dt = 8.38e-01
[[32m[1m INFO  [21m[0m] from nz = 9 and C6H6
[[32m[1m INFO  [21m[0m] -----------------------------------------------------------------
[[32m[1m INFO  [21m[0m] Elapsed time: 3.18e+05 || Step number: 700/30000
[[32m[1m INFO  [21m[0m] longdy = 2.58e-01      || longdy/dt = 3.26e-06  || dt = 2.02e+03
[[32m[1m INFO  [21m[0m] from nz = 26 and S
[[32m[1m INFO  [21m[0m] -----------------------------------------------------------------
[[32m[1m INFO  [21m[0m] Elapsed time: 4.49e+05 || Step number: 800/30000
[[32m[1m INFO  [21m[0m] longdy = 2.06e-01      || longdy/dt = 1.57e-06  || dt = 3.06e+02
[[32m[1m INFO  [21m[0m] from nz = 50 and S4
[[32m[1m INFO  [21m[0m] -----------------------------------------------------------------
[[32m[1m INFO  [21m[0m] Elapsed time: 6.31e+05 || Step number: 900/30000
[[32m[1m INFO  [21m[0m] longdy = 9.17e-01      || longdy/dt = 5.06e-06  || dt = 1.46e+00
[[32m[1m INFO  [21m[0m] from nz = 9 and C6H6
[[32m[1m INFO  [21m[0m] -----------------------------------------------------------------
[[32m[1m INFO  [21m[0m] Elapsed time: 8.73e+05 || Step number: 1000/30000
[[32m[1m INFO  [21m[0m] longdy = 8.05e-02      || longdy/dt = 3.33e-07  || dt = 3.02e+02
[[32m[1m INFO  [21m[0m] from nz = 13 and C6H6
[[32m[1m INFO  [21m[0m] -----------------------------------------------------------------
[[32m[1m INFO  [21m[0m] Elapsed time: 1.06e+06 || Step number: 1100/30000
[[32m[1m INFO  [21m[0m] longdy = 1.35e-02      || longdy/dt = 7.31e-08  || dt = 1.84e+03
[[32m[1m INFO  [21m[0m] from nz = 16 and C6H6
[[32m[1m INFO  [21m[0m] -----------------------------------------------------------------
[[32m[1m INFO  [21m[0m] Elapsed time: 1.38e+06 || Step number: 1200/30000
[[32m[1m INFO  [21m[0m] longdy = 9.90e-01      || longdy/dt = 3.08e-06  || dt = 7.25e-02
[[32m[1m INFO  [21m[0m] from nz = 15 and C4H2
[[32m[1m INFO  [21m[0m] -----------------------------------------------------------------
[[32m[1m INFO  [21m[0m] Integration successful with 1212 steps
[[32m[1m INFO  [21m[0m] long dy, long dydt = 0.016883209110667687, 6.935794375784768e-08
[[32m[1m INFO  [21m[0m] Total atom loss:
[[32m[1m INFO  [21m[0m] H: -7.13694758050254e-05 
[[32m[1m INFO  [21m[0m] O: -6.929965966616857e-05 
[[32m[1m INFO  [21m[0m] C: -6.477626351320043e-05 
[[32m[1m INFO  [21m[0m] N: -0.00011189849176476695 
[[32m[1m INFO  [21m[0m] S: -5.608851938427485e-05 
[[32m[1m INFO  [21m[0m] ------ Live long and prosper \V/ ------
[[32m[1m INFO  [21m[0m]     done
Atmodeller initialized with double precision (float64)
[[93m[1m WARNING [21m[0m] The archive tar file does not exist: /data/rdc49-2/K218b_project/simulation_data/grid_H1_C1_N3_S3_fO21__from_batch05_case_000063__7_crash_atmos_chem_step_vulcan_chem_funs_race_syntax_error/data/data.tar
[[32m[1m INFO  [21m[0m] Observing the planet...
Loading PHOENIX star table in file '/data/rdc49-2/FWL_DATA/prt/input_data/stellar_spectra/phoenix/phoenix.startable.petitRADTRANS.h5'... Done.
