Atmodeller initialized with double precision (float64)
[[93m[1m WARNING [21m[0m] The archive tar file does not exist: /data/rdc49-2/K218b_project/simulation_data/grid_H2_C1_N2_S1_fO22__from_batch11_case_000025__7_crash_atmos_chem_step_vulcan_chem_funs_race_missing_symjac/data/data.tar
[[32m[1m INFO  [21m[0m] Running atmospheric chemistry...
[[32m[1m INFO  [21m[0m]     Using vulcan module, offline
[[32m[1m INFO  [21m[0m] Elements conserved in the network.
[[32m[1m INFO  [21m[0m] No duplicates in the network.
[[32m[1m INFO  [21m[0m] Elements conserved in the network.
[[32m[1m INFO  [21m[0m] No duplicates in the network.
[[32m[1m INFO  [21m[0m] Running VULCAN
[[93m[1m WARNING [21m[0m] P_b and P_t assgined in vulcan.cfg are out of range of the input. Constant extension is used.
[[32m[1m INFO  [21m[0m] Initializing with compositions from ASCII file /data/rdc49-2/K218b_project/simulation_data/grid_H2_C1_N2_S1_fO22__from_batch11_case_000025__7_crash_atmos_chem_step_vulcan_chem_funs_race_missing_symjac/offchem/vmrs.dat
[[32m[1m INFO  [21m[0m] Input stellar spectrum from 2.0 to 700.0
[[32m[1m INFO  [21m[0m] Using wavelength bins from 2.0 to 655.5
[[32m[1m INFO  [21m[0m] Include molecular diffusion.
[[32m[1m INFO  [21m[0m] Starting VULCAN integration with 1 threads...
[[93m[1m WARNING [21m[0m] Keep producing negative values! Clipping negative solutions and moving on!
[[93m[1m WARNING [21m[0m] Keep producing negative values! Clipping negative solutions and moving on!
[[93m[1m WARNING [21m[0m] Keep producing negative values! Clipping negative solutions and moving on!
[[93m[1m WARNING [21m[0m] Keep producing negative values! Clipping negative solutions and moving on!
[[93m[1m WARNING [21m[0m] Keep producing negative values! Clipping negative solutions and moving on!
[[93m[1m WARNING [21m[0m] Keep producing negative values! Clipping negative solutions and moving on!
[[93m[1m WARNING [21m[0m] Keep producing negative values! Clipping negative solutions and moving on!
[[93m[1m WARNING [21m[0m] Keep producing negative values! Clipping negative solutions and moving on!
[[93m[1m WARNING [21m[0m] Keep producing negative values! Clipping negative solutions and moving on!
[[93m[1m WARNING [21m[0m] Keep producing negative values! Clipping negative solutions and moving on!
[[93m[1m WARNING [21m[0m] Keep producing negative values! Clipping negative solutions and moving on!
[[93m[1m WARNING [21m[0m] Keep producing negative values! Clipping negative solutions and moving on!
[[93m[1m WARNING [21m[0m] Keep producing negative values! Clipping negative solutions and moving on!
[[93m[1m WARNING [21m[0m] Keep producing negative values! Clipping negative solutions and moving on!
[[32m[1m INFO  [21m[0m] Elapsed time: 6.92e-06 || Step number: 100/30000
[[32m[1m INFO  [21m[0m] longdy = 1.00e+00      || longdy/dt = 1.00e+00  || dt = 1.90e-07
[[32m[1m INFO  [21m[0m] from nz = 0 and OH
[[32m[1m INFO  [21m[0m] -----------------------------------------------------------------
[[32m[1m INFO  [21m[0m] Elapsed time: 5.16e-05 || Step number: 200/30000
[[32m[1m INFO  [21m[0m] longdy = 1.00e+00      || longdy/dt = 1.00e+00  || dt = 8.25e-07
[[32m[1m INFO  [21m[0m] from nz = 0 and OH
[[32m[1m INFO  [21m[0m] -----------------------------------------------------------------
[[32m[1m INFO  [21m[0m] Elapsed time: 3.20e-04 || Step number: 300/30000
[[32m[1m INFO  [21m[0m] longdy = 1.00e+00      || longdy/dt = 1.00e+00  || dt = 4.28e-06
[[32m[1m INFO  [21m[0m] from nz = 0 and OH
[[32m[1m INFO  [21m[0m] -----------------------------------------------------------------
[[32m[1m INFO  [21m[0m] Elapsed time: 1.90e-03 || Step number: 400/30000
[[32m[1m INFO  [21m[0m] longdy = 1.00e+00      || longdy/dt = 1.00e+00  || dt = 2.38e-05
[[32m[1m INFO  [21m[0m] from nz = 0 and OH
[[32m[1m INFO  [21m[0m] -----------------------------------------------------------------
[[32m[1m INFO  [21m[0m] Elapsed time: 1.13e-02 || Step number: 500/30000
[[32m[1m INFO  [21m[0m] longdy = 1.00e+00      || longdy/dt = 1.00e+00  || dt = 1.19e-04
[[32m[1m INFO  [21m[0m] from nz = 0 and OH
[[32m[1m INFO  [21m[0m] -----------------------------------------------------------------
[[32m[1m INFO  [21m[0m] Elapsed time: 6.63e-02 || Step number: 600/30000
[[32m[1m INFO  [21m[0m] longdy = 1.00e+00      || longdy/dt = 1.00e+00  || dt = 6.74e-04
[[32m[1m INFO  [21m[0m] from nz = 0 and OH
[[32m[1m INFO  [21m[0m] -----------------------------------------------------------------
[[32m[1m INFO  [21m[0m] Elapsed time: 3.55e-01 || Step number: 700/30000
[[32m[1m INFO  [21m[0m] longdy = 1.00e+00      || longdy/dt = 1.00e+00  || dt = 3.86e-03
[[32m[1m INFO  [21m[0m] from nz = 0 and OH
[[32m[1m INFO  [21m[0m] -----------------------------------------------------------------
[[32m[1m INFO  [21m[0m] Elapsed time: 1.62e+00 || Step number: 800/30000
[[32m[1m INFO  [21m[0m] longdy = 1.00e+00      || longdy/dt = 1.00e+00  || dt = 1.93e-02
[[32m[1m INFO  [21m[0m] from nz = 0 and OH
[[32m[1m INFO  [21m[0m] -----------------------------------------------------------------
[[32m[1m INFO  [21m[0m] Elapsed time: 5.42e+00 || Step number: 900/30000
[[32m[1m INFO  [21m[0m] longdy = 1.00e+00      || longdy/dt = 1.00e+00  || dt = 6.04e-02
[[32m[1m INFO  [21m[0m] from nz = 0 and OH
[[32m[1m INFO  [21m[0m] -----------------------------------------------------------------
[[32m[1m INFO  [21m[0m] Elapsed time: 1.46e+01 || Step number: 1000/30000
[[32m[1m INFO  [21m[0m] longdy = 1.00e+00      || longdy/dt = 1.00e+00  || dt = 1.30e-01
[[32m[1m INFO  [21m[0m] from nz = 0 and OH
[[32m[1m INFO  [21m[0m] -----------------------------------------------------------------
[[32m[1m INFO  [21m[0m] Elapsed time: 3.36e+01 || Step number: 1100/30000
[[32m[1m INFO  [21m[0m] longdy = 1.00e+00      || longdy/dt = 1.00e+00  || dt = 2.69e-01
[[32m[1m INFO  [21m[0m] from nz = 0 and OH
[[32m[1m INFO  [21m[0m] -----------------------------------------------------------------
[[32m[1m INFO  [21m[0m] Elapsed time: 7.34e+01 || Step number: 1200/30000
[[32m[1m INFO  [21m[0m] longdy = 1.00e+00      || longdy/dt = 1.00e+00  || dt = 5.58e-01
[[32m[1m INFO  [21m[0m] from nz = 0 and OH
[[32m[1m INFO  [21m[0m] -----------------------------------------------------------------
[[32m[1m INFO  [21m[0m] Elapsed time: 1.37e+02 || Step number: 1300/30000
[[32m[1m INFO  [21m[0m] longdy = 1.65e+01      || longdy/dt = 2.65e-01  || dt = 1.04e+00
[[32m[1m INFO  [21m[0m] from nz = 18 and O2
[[32m[1m INFO  [21m[0m] -----------------------------------------------------------------
[[32m[1m INFO  [21m[0m] Elapsed time: 2.47e+02 || Step number: 1400/30000
[[32m[1m INFO  [21m[0m] longdy = 5.55e+00      || longdy/dt = 5.13e-02  || dt = 1.88e+00
[[32m[1m INFO  [21m[0m] from nz = 18 and O2
[[32m[1m INFO  [21m[0m] -----------------------------------------------------------------
[[32m[1m INFO  [21m[0m] Elapsed time: 4.60e+02 || Step number: 1500/30000
[[32m[1m INFO  [21m[0m] longdy = 6.29e+00      || longdy/dt = 3.00e-02  || dt = 3.19e+00
[[32m[1m INFO  [21m[0m] from nz = 35 and HCS
[[32m[1m INFO  [21m[0m] -----------------------------------------------------------------
[[32m[1m INFO  [21m[0m] Elapsed time: 8.59e+02 || Step number: 1600/30000
[[32m[1m INFO  [21m[0m] longdy = 1.41e+01      || longdy/dt = 3.59e-02  || dt = 7.87e+00
[[32m[1m INFO  [21m[0m] from nz = 31 and HCS
[[32m[1m INFO  [21m[0m] -----------------------------------------------------------------
[[32m[1m INFO  [21m[0m] Elapsed time: 2.12e+03 || Step number: 1700/30000
[[32m[1m INFO  [21m[0m] longdy = 2.47e+01      || longdy/dt = 2.35e-02  || dt = 2.05e+01
[[32m[1m INFO  [21m[0m] from nz = 30 and CS
[[32m[1m INFO  [21m[0m] -----------------------------------------------------------------
[[32m[1m INFO  [21m[0m] Elapsed time: 4.33e+03 || Step number: 1800/30000
[[32m[1m INFO  [21m[0m] longdy = 3.94e+04      || longdy/dt = 1.84e+01  || dt = 5.79e+01
[[32m[1m INFO  [21m[0m] from nz = 27 and CS
[[32m[1m INFO  [21m[0m] -----------------------------------------------------------------
[[32m[1m INFO  [21m[0m] Elapsed time: 1.94e+04 || Step number: 1900/30000
[[32m[1m INFO  [21m[0m] longdy = 2.48e+01      || longdy/dt = 2.62e-03  || dt = 3.23e+02
[[32m[1m INFO  [21m[0m] from nz = 30 and CS
[[32m[1m INFO  [21m[0m] -----------------------------------------------------------------
[[32m[1m INFO  [21m[0m] Elapsed time: 5.04e+04 || Step number: 2000/30000
[[32m[1m INFO  [21m[0m] longdy = 1.91e+01      || longdy/dt = 7.66e-04  || dt = 5.45e+02
[[32m[1m INFO  [21m[0m] from nz = 31 and CS
[[32m[1m INFO  [21m[0m] -----------------------------------------------------------------
[[32m[1m INFO  [21m[0m] Elapsed time: 5.41e+04 || Step number: 2100/30000
[[32m[1m INFO  [21m[0m] longdy = 8.05e-01      || longdy/dt = 2.21e-04  || dt = 2.17e+01
[[32m[1m INFO  [21m[0m] from nz = 9 and C6H5
[[32m[1m INFO  [21m[0m] -----------------------------------------------------------------
[[32m[1m INFO  [21m[0m] Elapsed time: 5.54e+04 || Step number: 2200/30000
[[32m[1m INFO  [21m[0m] longdy = 4.65e-01      || longdy/dt = 3.48e-04  || dt = 1.55e+01
[[32m[1m INFO  [21m[0m] from nz = 10 and C6H6
[[32m[1m INFO  [21m[0m] -----------------------------------------------------------------
[[32m[1m INFO  [21m[0m] Elapsed time: 5.61e+04 || Step number: 2300/30000
[[32m[1m INFO  [21m[0m] longdy = 2.74e-01      || longdy/dt = 3.97e-04  || dt = 6.59e+00
[[32m[1m INFO  [21m[0m] from nz = 10 and C6H6
[[32m[1m INFO  [21m[0m] -----------------------------------------------------------------
[[32m[1m INFO  [21m[0m] Elapsed time: 5.68e+04 || Step number: 2400/30000
[[32m[1m INFO  [21m[0m] longdy = 2.84e-01      || longdy/dt = 3.90e-04  || dt = 1.36e+01
[[32m[1m INFO  [21m[0m] from nz = 11 and C6H6
[[32m[1m INFO  [21m[0m] -----------------------------------------------------------------
[[32m[1m INFO  [21m[0m] Elapsed time: 5.74e+04 || Step number: 2500/30000
[[32m[1m INFO  [21m[0m] longdy = 2.44e-01      || longdy/dt = 4.04e-04  || dt = 2.96e+00
[[32m[1m INFO  [21m[0m] from nz = 11 and C6H6
[[32m[1m INFO  [21m[0m] -----------------------------------------------------------------
[[32m[1m INFO  [21m[0m] Elapsed time: 5.81e+04 || Step number: 2600/30000
[[32m[1m INFO  [21m[0m] longdy = 2.81e-01      || longdy/dt = 3.93e-04  || dt = 6.97e+00
[[32m[1m INFO  [21m[0m] from nz = 11 and C6H6
[[32m[1m INFO  [21m[0m] -----------------------------------------------------------------
[[32m[1m INFO  [21m[0m] Elapsed time: 5.87e+04 || Step number: 2700/30000
[[32m[1m INFO  [21m[0m] longdy = 2.23e-01      || longdy/dt = 4.13e-04  || dt = 6.06e+00
[[32m[1m INFO  [21m[0m] from nz = 12 and C6H6
[[32m[1m INFO  [21m[0m] -----------------------------------------------------------------
[[32m[1m INFO  [21m[0m] Elapsed time: 5.93e+04 || Step number: 2800/30000
[[32m[1m INFO  [21m[0m] longdy = 2.36e-01      || longdy/dt = 4.11e-04  || dt = 1.74e+00
[[32m[1m INFO  [21m[0m] from nz = 13 and C6H6
[[32m[1m INFO  [21m[0m] -----------------------------------------------------------------
[[32m[1m INFO  [21m[0m] Elapsed time: 6.06e+04 || Step number: 2900/30000
[[32m[1m INFO  [21m[0m] longdy = 4.63e-01      || longdy/dt = 3.49e-04  || dt = 2.18e+01
[[32m[1m INFO  [21m[0m] from nz = 13 and C6H6
[[32m[1m INFO  [21m[0m] -----------------------------------------------------------------
[[32m[1m INFO  [21m[0m] Elapsed time: 6.18e+04 || Step number: 3000/30000
[[32m[1m INFO  [21m[0m] longdy = 4.22e-01      || longdy/dt = 3.66e-04  || dt = 3.43e+01
[[32m[1m INFO  [21m[0m] from nz = 13 and C6H6
[[32m[1m INFO  [21m[0m] -----------------------------------------------------------------
[[32m[1m INFO  [21m[0m] Elapsed time: 6.30e+04 || Step number: 3100/30000
[[32m[1m INFO  [21m[0m] longdy = 4.45e-01      || longdy/dt = 3.64e-04  || dt = 1.85e+00
[[32m[1m INFO  [21m[0m] from nz = 14 and C6H6
[[32m[1m INFO  [21m[0m] -----------------------------------------------------------------
[[32m[1m INFO  [21m[0m] Elapsed time: 6.41e+04 || Step number: 3200/30000
[[32m[1m INFO  [21m[0m] longdy = 4.11e-01      || longdy/dt = 3.76e-04  || dt = 1.69e+01
[[32m[1m INFO  [21m[0m] from nz = 15 and C6H6
[[32m[1m INFO  [21m[0m] -----------------------------------------------------------------
[[32m[1m INFO  [21m[0m] Elapsed time: 6.50e+04 || Step number: 3300/30000
[[32m[1m INFO  [21m[0m] longdy = 3.52e-01      || longdy/dt = 3.96e-04  || dt = 1.43e+01
[[32m[1m INFO  [21m[0m] from nz = 15 and C6H6
[[32m[1m INFO  [21m[0m] -----------------------------------------------------------------
[[32m[1m INFO  [21m[0m] Elapsed time: 6.60e+04 || Step number: 3400/30000
[[32m[1m INFO  [21m[0m] longdy = 3.94e-01      || longdy/dt = 3.84e-04  || dt = 4.23e-01
[[32m[1m INFO  [21m[0m] from nz = 16 and C6H6
[[32m[1m INFO  [21m[0m] -----------------------------------------------------------------
[[32m[1m INFO  [21m[0m] Elapsed time: 6.72e+04 || Step number: 3500/30000
[[32m[1m INFO  [21m[0m] longdy = 4.38e-01      || longdy/dt = 3.73e-04  || dt = 4.82e+00
[[32m[1m INFO  [21m[0m] from nz = 16 and C6H6
[[32m[1m INFO  [21m[0m] -----------------------------------------------------------------
[[32m[1m INFO  [21m[0m] Elapsed time: 6.88e+04 || Step number: 3600/30000
[[32m[1m INFO  [21m[0m] longdy = 5.44e-01      || longdy/dt = 3.39e-04  || dt = 3.25e-01
[[32m[1m INFO  [21m[0m] from nz = 17 and C6H6
[[32m[1m INFO  [21m[0m] -----------------------------------------------------------------
[[32m[1m INFO  [21m[0m] Elapsed time: 7.32e+04 || Step number: 3700/30000
[[32m[1m INFO  [21m[0m] longdy = 8.72e-01      || longdy/dt = 2.02e-04  || dt = 6.06e+01
[[32m[1m INFO  [21m[0m] from nz = 19 and C6H6
[[32m[1m INFO  [21m[0m] -----------------------------------------------------------------
[[32m[1m INFO  [21m[0m] Elapsed time: 8.66e+04 || Step number: 3800/30000
[[32m[1m INFO  [21m[0m] longdy = 7.11e+00      || longdy/dt = 5.39e-04  || dt = 2.41e+02
[[32m[1m INFO  [21m[0m] from nz = 33 and CS
[[32m[1m INFO  [21m[0m] -----------------------------------------------------------------
[[32m[1m INFO  [21m[0m] Elapsed time: 1.05e+05 || Step number: 3900/30000
[[32m[1m INFO  [21m[0m] longdy = 4.59e+02      || longdy/dt = 2.55e-02  || dt = 2.23e+02
[[32m[1m INFO  [21m[0m] from nz = 35 and CS
[[32m[1m INFO  [21m[0m] -----------------------------------------------------------------
[[32m[1m INFO  [21m[0m] Elapsed time: 1.15e+05 || Step number: 4000/30000
[[32m[1m INFO  [21m[0m] longdy = 2.17e+02      || longdy/dt = 2.17e-02  || dt = 2.44e+02
[[32m[1m INFO  [21m[0m] from nz = 38 and CS
[[32m[1m INFO  [21m[0m] -----------------------------------------------------------------
[[32m[1m INFO  [21m[0m] Elapsed time: 1.24e+05 || Step number: 4100/30000
[[32m[1m INFO  [21m[0m] longdy = 2.84e+01      || longdy/dt = 3.37e-03  || dt = 4.00e+02
[[32m[1m INFO  [21m[0m] from nz = 41 and CS
[[32m[1m INFO  [21m[0m] -----------------------------------------------------------------
[[32m[1m INFO  [21m[0m] Elapsed time: 1.29e+05 || Step number: 4200/30000
[[32m[1m INFO  [21m[0m] longdy = 1.93e+00      || longdy/dt = 4.14e-04  || dt = 5.09e+02
[[32m[1m INFO  [21m[0m] from nz = 50 and SO2
[[32m[1m INFO  [21m[0m] -----------------------------------------------------------------
[[32m[1m INFO  [21m[0m] Elapsed time: 1.37e+05 || Step number: 4300/30000
[[32m[1m INFO  [21m[0m] longdy = 4.68e+00      || longdy/dt = 5.86e-04  || dt = 5.37e+02
[[32m[1m INFO  [21m[0m] from nz = 25 and H2O2
[[32m[1m INFO  [21m[0m] -----------------------------------------------------------------
[[32m[1m INFO  [21m[0m] Elapsed time: 1.41e+05 || Step number: 4400/30000
[[32m[1m INFO  [21m[0m] longdy = 1.69e+00      || longdy/dt = 4.25e-04  || dt = 1.55e+01
[[32m[1m INFO  [21m[0m] from nz = 49 and C3H3
[[32m[1m INFO  [21m[0m] -----------------------------------------------------------------
[[32m[1m INFO  [21m[0m] Elapsed time: 1.51e+05 || Step number: 4500/30000
[[32m[1m INFO  [21m[0m] longdy = 2.44e+00      || longdy/dt = 2.42e-04  || dt = 5.24e+02
[[32m[1m INFO  [21m[0m] from nz = 24 and H2O2
[[32m[1m INFO  [21m[0m] -----------------------------------------------------------------
[[32m[1m INFO  [21m[0m] Elapsed time: 1.57e+05 || Step number: 4600/30000
[[32m[1m INFO  [21m[0m] longdy = 7.54e-01      || longdy/dt = 1.36e-04  || dt = 4.96e+02
[[32m[1m INFO  [21m[0m] from nz = 48 and C3H3
[[32m[1m INFO  [21m[0m] -----------------------------------------------------------------
[[32m[1m INFO  [21m[0m] Elapsed time: 1.66e+05 || Step number: 4700/30000
[[32m[1m INFO  [21m[0m] longdy = 3.63e-01      || longdy/dt = 3.92e-05  || dt = 6.88e+00
[[32m[1m INFO  [21m[0m] from nz = 35 and NCO
[[32m[1m INFO  [21m[0m] -----------------------------------------------------------------
[[32m[1m INFO  [21m[0m] Elapsed time: 1.86e+05 || Step number: 4800/30000
[[32m[1m INFO  [21m[0m] longdy = 2.89e-01      || longdy/dt = 1.52e-05  || dt = 6.29e+02
[[32m[1m INFO  [21m[0m] from nz = 35 and NCO
[[32m[1m INFO  [21m[0m] -----------------------------------------------------------------
[[32m[1m INFO  [21m[0m] Elapsed time: 2.10e+05 || Step number: 4900/30000
[[32m[1m INFO  [21m[0m] longdy = 1.43e-01      || longdy/dt = 6.06e-06  || dt = 6.68e+02
[[32m[1m INFO  [21m[0m] from nz = 35 and NCO
[[32m[1m INFO  [21m[0m] -----------------------------------------------------------------
[[32m[1m INFO  [21m[0m] Elapsed time: 2.33e+05 || Step number: 5000/30000
[[32m[1m INFO  [21m[0m] longdy = 5.97e-02      || longdy/dt = 2.53e-06  || dt = 5.52e+02
[[32m[1m INFO  [21m[0m] from nz = 35 and NCO
[[32m[1m INFO  [21m[0m] -----------------------------------------------------------------
[[32m[1m INFO  [21m[0m] Elapsed time: 2.72e+05 || Step number: 5100/30000
[[32m[1m INFO  [21m[0m] longdy = 1.95e-02      || longdy/dt = 5.18e-07  || dt = 7.67e+02
[[32m[1m INFO  [21m[0m] from nz = 35 and NCO
[[32m[1m INFO  [21m[0m] -----------------------------------------------------------------
[[32m[1m INFO  [21m[0m] Elapsed time: 3.10e+05 || Step number: 5200/30000
[[32m[1m INFO  [21m[0m] longdy = 4.41e-03      || longdy/dt = 1.16e-07  || dt = 7.67e+02
[[32m[1m INFO  [21m[0m] from nz = 35 and NCO
[[32m[1m INFO  [21m[0m] -----------------------------------------------------------------
[[32m[1m INFO  [21m[0m] Elapsed time: 3.48e+05 || Step number: 5300/30000
[[32m[1m INFO  [21m[0m] longdy = 9.19e-04      || longdy/dt = 2.42e-08  || dt = 7.67e+02
[[32m[1m INFO  [21m[0m] from nz = 12 and C4H3
[[32m[1m INFO  [21m[0m] -----------------------------------------------------------------
[[32m[1m INFO  [21m[0m] Integration successful with 5351 steps
[[32m[1m INFO  [21m[0m] long dy, long dydt = 0.0009370233806815702, 2.4683088037031422e-08
[[32m[1m INFO  [21m[0m] Total atom loss:
[[32m[1m INFO  [21m[0m] H: 0.18046913361178143 
[[32m[1m INFO  [21m[0m] O: 0.0863219535451844 
[[32m[1m INFO  [21m[0m] C: 12.695541387135712 
[[32m[1m INFO  [21m[0m] N: 23.342044050265166 
[[32m[1m INFO  [21m[0m] S: 25.238451432675188 
[[32m[1m INFO  [21m[0m] ------ Live long and prosper \V/ ------
[[32m[1m INFO  [21m[0m]     done
Atmodeller initialized with double precision (float64)
[[93m[1m WARNING [21m[0m] The archive tar file does not exist: /data/rdc49-2/K218b_project/simulation_data/grid_H2_C1_N2_S1_fO22__from_batch11_case_000025__7_crash_atmos_chem_step_vulcan_chem_funs_race_missing_symjac/data/data.tar
[[32m[1m INFO  [21m[0m] Observing the planet...
Loading PHOENIX star table in file '/data/rdc49-2/FWL_DATA/prt/input_data/stellar_spectra/phoenix/phoenix.startable.petitRADTRANS.h5'... Done.
