Atmodeller initialized with double precision (float64)
[[93m[1m WARNING [21m[0m] The archive tar file does not exist: /data/rdc49-2/K218b_project/simulation_data/grid_H2_C0_N3_S0_fO20__from_batch03_case_000012__7_crash_atmos_chem_step_vulcan_chem_funs_race_syntax_error/data/data.tar
[[32m[1m INFO  [21m[0m] Running atmospheric chemistry...
[[32m[1m INFO  [21m[0m]     Using vulcan module, offline
[[32m[1m INFO  [21m[0m] Elements conserved in the network.
[[32m[1m INFO  [21m[0m] No duplicates in the network.
[[32m[1m INFO  [21m[0m] Elements conserved in the network.
[[32m[1m INFO  [21m[0m] No duplicates in the network.
[[32m[1m INFO  [21m[0m] Running VULCAN
[[32m[1m INFO  [21m[0m] Initializing with compositions from ASCII file /data/rdc49-2/K218b_project/simulation_data/grid_H2_C0_N3_S0_fO20__from_batch03_case_000012__7_crash_atmos_chem_step_vulcan_chem_funs_race_syntax_error/offchem/vmrs.dat
[[93m[1m WARNING [21m[0m] Temperatures exceed the valid range of Gibbs free energy.

[[32m[1m INFO  [21m[0m] Input stellar spectrum from 2.0 to 700.0
[[32m[1m INFO  [21m[0m] Using wavelength bins from 2.0 to 655.5
[[32m[1m INFO  [21m[0m] Include molecular diffusion.
[[32m[1m INFO  [21m[0m] Starting VULCAN integration with 1 threads...
[[93m[1m WARNING [21m[0m] Keep producing negative values! Clipping negative solutions and moving on!
[[93m[1m WARNING [21m[0m] Keep producing negative values! Clipping negative solutions and moving on!
[[93m[1m WARNING [21m[0m] Keep producing negative values! Clipping negative solutions and moving on!
[[93m[1m WARNING [21m[0m] Keep producing negative values! Clipping negative solutions and moving on!
[[93m[1m WARNING [21m[0m] Keep producing negative values! Clipping negative solutions and moving on!
[[93m[1m WARNING [21m[0m] Keep producing negative values! Clipping negative solutions and moving on!
[[93m[1m WARNING [21m[0m] Keep producing negative values! Clipping negative solutions and moving on!
[[32m[1m INFO  [21m[0m] Elapsed time: 6.85e-06 || Step number: 100/30000
[[32m[1m INFO  [21m[0m] longdy = 1.00e+00      || longdy/dt = 1.00e+00  || dt = 1.19e-07
[[32m[1m INFO  [21m[0m] from nz = 0 and OH
[[32m[1m INFO  [21m[0m] -----------------------------------------------------------------
[[32m[1m INFO  [21m[0m] Elapsed time: 2.20e-05 || Step number: 200/30000
[[32m[1m INFO  [21m[0m] longdy = 1.00e+00      || longdy/dt = 1.00e+00  || dt = 2.42e-07
[[32m[1m INFO  [21m[0m] from nz = 0 and OH
[[32m[1m INFO  [21m[0m] -----------------------------------------------------------------
[[32m[1m INFO  [21m[0m] Elapsed time: 7.14e-05 || Step number: 300/30000
[[32m[1m INFO  [21m[0m] longdy = 1.00e+00      || longdy/dt = 1.00e+00  || dt = 8.79e-07
[[32m[1m INFO  [21m[0m] from nz = 0 and OH
[[32m[1m INFO  [21m[0m] -----------------------------------------------------------------
[[32m[1m INFO  [21m[0m] Elapsed time: 2.41e-04 || Step number: 400/30000
[[32m[1m INFO  [21m[0m] longdy = 1.00e+00      || longdy/dt = 1.00e+00  || dt = 3.02e-06
[[32m[1m INFO  [21m[0m] from nz = 0 and OH
[[32m[1m INFO  [21m[0m] -----------------------------------------------------------------
[[32m[1m INFO  [21m[0m] Elapsed time: 7.77e-04 || Step number: 500/30000
[[32m[1m INFO  [21m[0m] longdy = 1.00e+00      || longdy/dt = 1.00e+00  || dt = 7.73e-06
[[32m[1m INFO  [21m[0m] from nz = 0 and OH
[[32m[1m INFO  [21m[0m] -----------------------------------------------------------------
[[32m[1m INFO  [21m[0m] Elapsed time: 2.07e-03 || Step number: 600/30000
[[32m[1m INFO  [21m[0m] longdy = 1.00e+00      || longdy/dt = 1.00e+00  || dt = 1.96e-05
[[32m[1m INFO  [21m[0m] from nz = 0 and OH
[[32m[1m INFO  [21m[0m] -----------------------------------------------------------------
[[32m[1m INFO  [21m[0m] Elapsed time: 5.01e-03 || Step number: 700/30000
[[32m[1m INFO  [21m[0m] longdy = 1.00e+00      || longdy/dt = 1.00e+00  || dt = 4.25e-05
[[32m[1m INFO  [21m[0m] from nz = 0 and OH
[[32m[1m INFO  [21m[0m] -----------------------------------------------------------------
[[32m[1m INFO  [21m[0m] Elapsed time: 1.12e-02 || Step number: 800/30000
[[32m[1m INFO  [21m[0m] longdy = 1.00e+00      || longdy/dt = 1.00e+00  || dt = 9.17e-05
[[32m[1m INFO  [21m[0m] from nz = 0 and OH
[[32m[1m INFO  [21m[0m] -----------------------------------------------------------------
[[32m[1m INFO  [21m[0m] Elapsed time: 2.37e-02 || Step number: 900/30000
[[32m[1m INFO  [21m[0m] longdy = 1.00e+00      || longdy/dt = 1.00e+00  || dt = 1.72e-04
[[32m[1m INFO  [21m[0m] from nz = 0 and OH
[[32m[1m INFO  [21m[0m] -----------------------------------------------------------------
[[32m[1m INFO  [21m[0m] Elapsed time: 4.95e-02 || Step number: 1000/30000
[[32m[1m INFO  [21m[0m] longdy = 1.00e+00      || longdy/dt = 1.00e+00  || dt = 3.47e-04
[[32m[1m INFO  [21m[0m] from nz = 0 and OH
[[32m[1m INFO  [21m[0m] -----------------------------------------------------------------
[[32m[1m INFO  [21m[0m] Elapsed time: 1.03e-01 || Step number: 1100/30000
[[32m[1m INFO  [21m[0m] longdy = 1.00e+00      || longdy/dt = 1.00e+00  || dt = 7.33e-04
[[32m[1m INFO  [21m[0m] from nz = 0 and OH
[[32m[1m INFO  [21m[0m] -----------------------------------------------------------------
[[32m[1m INFO  [21m[0m] Elapsed time: 2.10e-01 || Step number: 1200/30000
[[32m[1m INFO  [21m[0m] longdy = 1.00e+00      || longdy/dt = 1.00e+00  || dt = 1.57e-03
[[32m[1m INFO  [21m[0m] from nz = 0 and OH
[[32m[1m INFO  [21m[0m] -----------------------------------------------------------------
[[32m[1m INFO  [21m[0m] Elapsed time: 4.23e-01 || Step number: 1300/30000
[[32m[1m INFO  [21m[0m] longdy = 1.00e+00      || longdy/dt = 1.00e+00  || dt = 2.74e-03
[[32m[1m INFO  [21m[0m] from nz = 0 and OH
[[32m[1m INFO  [21m[0m] -----------------------------------------------------------------
[[32m[1m INFO  [21m[0m] Elapsed time: 8.41e-01 || Step number: 1400/30000
[[32m[1m INFO  [21m[0m] longdy = 1.00e+00      || longdy/dt = 1.00e+00  || dt = 5.76e-03
[[32m[1m INFO  [21m[0m] from nz = 0 and OH
[[32m[1m INFO  [21m[0m] -----------------------------------------------------------------
[[32m[1m INFO  [21m[0m] Elapsed time: 1.74e+00 || Step number: 1500/30000
[[32m[1m INFO  [21m[0m] longdy = 1.00e+00      || longdy/dt = 1.00e+00  || dt = 1.26e-02
[[32m[1m INFO  [21m[0m] from nz = 0 and OH
[[32m[1m INFO  [21m[0m] -----------------------------------------------------------------
[[32m[1m INFO  [21m[0m] Elapsed time: 3.90e+00 || Step number: 1600/30000
[[32m[1m INFO  [21m[0m] longdy = 1.00e+00      || longdy/dt = 1.00e+00  || dt = 3.25e-02
[[32m[1m INFO  [21m[0m] from nz = 0 and OH
[[32m[1m INFO  [21m[0m] -----------------------------------------------------------------
[[32m[1m INFO  [21m[0m] Elapsed time: 9.44e+00 || Step number: 1700/30000
[[32m[1m INFO  [21m[0m] longdy = 1.00e+00      || longdy/dt = 1.00e+00  || dt = 9.09e-02
[[32m[1m INFO  [21m[0m] from nz = 0 and OH
[[32m[1m INFO  [21m[0m] -----------------------------------------------------------------
[[32m[1m INFO  [21m[0m] Elapsed time: 1.44e+01 || Step number: 1800/30000
[[32m[1m INFO  [21m[0m] longdy = 1.00e+00      || longdy/dt = 1.00e+00  || dt = 1.21e-01
[[32m[1m INFO  [21m[0m] from nz = 0 and OH
[[32m[1m INFO  [21m[0m] -----------------------------------------------------------------
[[32m[1m INFO  [21m[0m] Elapsed time: 1.80e+01 || Step number: 1900/30000
[[32m[1m INFO  [21m[0m] longdy = 1.00e+00      || longdy/dt = 1.00e+00  || dt = 1.20e-01
[[32m[1m INFO  [21m[0m] from nz = 0 and OH
[[32m[1m INFO  [21m[0m] -----------------------------------------------------------------
[[32m[1m INFO  [21m[0m] Elapsed time: 2.15e+01 || Step number: 2000/30000
[[32m[1m INFO  [21m[0m] longdy = 1.00e+00      || longdy/dt = 1.00e+00  || dt = 2.10e-01
[[32m[1m INFO  [21m[0m] from nz = 0 and OH
[[32m[1m INFO  [21m[0m] -----------------------------------------------------------------
[[32m[1m INFO  [21m[0m] Elapsed time: 2.61e+01 || Step number: 2100/30000
[[32m[1m INFO  [21m[0m] longdy = 1.00e+00      || longdy/dt = 1.00e+00  || dt = 7.54e-03
[[32m[1m INFO  [21m[0m] from nz = 0 and OH
[[32m[1m INFO  [21m[0m] -----------------------------------------------------------------
[[32m[1m INFO  [21m[0m] Elapsed time: 3.17e+01 || Step number: 2200/30000
[[32m[1m INFO  [21m[0m] longdy = 1.00e+00      || longdy/dt = 1.00e+00  || dt = 1.34e-03
[[32m[1m INFO  [21m[0m] from nz = 0 and OH
[[32m[1m INFO  [21m[0m] -----------------------------------------------------------------
[[32m[1m INFO  [21m[0m] Elapsed time: 3.67e+01 || Step number: 2300/30000
[[32m[1m INFO  [21m[0m] longdy = 1.00e+00      || longdy/dt = 1.00e+00  || dt = 1.26e-01
[[32m[1m INFO  [21m[0m] from nz = 0 and OH
[[32m[1m INFO  [21m[0m] -----------------------------------------------------------------
[[32m[1m INFO  [21m[0m] Elapsed time: 4.22e+01 || Step number: 2400/30000
[[32m[1m INFO  [21m[0m] longdy = 1.00e+00      || longdy/dt = 1.00e+00  || dt = 2.37e-04
[[32m[1m INFO  [21m[0m] from nz = 0 and OH
[[32m[1m INFO  [21m[0m] -----------------------------------------------------------------
[[32m[1m INFO  [21m[0m] Elapsed time: 5.10e+01 || Step number: 2500/30000
[[32m[1m INFO  [21m[0m] longdy = 1.00e+00      || longdy/dt = 1.00e+00  || dt = 6.30e-03
[[32m[1m INFO  [21m[0m] from nz = 0 and OH
[[32m[1m INFO  [21m[0m] -----------------------------------------------------------------
[[32m[1m INFO  [21m[0m] Elapsed time: 5.61e+01 || Step number: 2600/30000
[[32m[1m INFO  [21m[0m] longdy = 1.00e+00      || longdy/dt = 1.00e+00  || dt = 2.31e-04
[[32m[1m INFO  [21m[0m] from nz = 0 and OH
[[32m[1m INFO  [21m[0m] -----------------------------------------------------------------
[[32m[1m INFO  [21m[0m] Elapsed time: 6.52e+01 || Step number: 2700/30000
[[32m[1m INFO  [21m[0m] longdy = 1.00e+00      || longdy/dt = 1.00e+00  || dt = 2.41e-01
[[32m[1m INFO  [21m[0m] from nz = 0 and OH
[[32m[1m INFO  [21m[0m] -----------------------------------------------------------------
[[32m[1m INFO  [21m[0m] Elapsed time: 7.27e+01 || Step number: 2800/30000
[[32m[1m INFO  [21m[0m] longdy = 1.00e+00      || longdy/dt = 1.00e+00  || dt = 1.05e-01
[[32m[1m INFO  [21m[0m] from nz = 0 and OH
[[32m[1m INFO  [21m[0m] -----------------------------------------------------------------
[[32m[1m INFO  [21m[0m] Elapsed time: 8.21e+01 || Step number: 2900/30000
[[32m[1m INFO  [21m[0m] longdy = 1.00e+00      || longdy/dt = 1.00e+00  || dt = 4.64e-02
[[32m[1m INFO  [21m[0m] from nz = 0 and OH
[[32m[1m INFO  [21m[0m] -----------------------------------------------------------------
[[32m[1m INFO  [21m[0m] Elapsed time: 9.32e+01 || Step number: 3000/30000
[[32m[1m INFO  [21m[0m] longdy = 1.00e+00      || longdy/dt = 1.00e+00  || dt = 3.61e-01
[[32m[1m INFO  [21m[0m] from nz = 0 and OH
[[32m[1m INFO  [21m[0m] -----------------------------------------------------------------
[[32m[1m INFO  [21m[0m] Elapsed time: 1.12e+02 || Step number: 3100/30000
[[32m[1m INFO  [21m[0m] longdy = 5.51e+00      || longdy/dt = 2.95e-01  || dt = 1.21e-01
[[32m[1m INFO  [21m[0m] from nz = 35 and CO2
[[32m[1m INFO  [21m[0m] -----------------------------------------------------------------
[[32m[1m INFO  [21m[0m] Elapsed time: 1.24e+02 || Step number: 3200/30000
[[32m[1m INFO  [21m[0m] longdy = 2.03e+00      || longdy/dt = 1.72e-01  || dt = 2.87e-02
[[32m[1m INFO  [21m[0m] from nz = 35 and CO2
[[32m[1m INFO  [21m[0m] -----------------------------------------------------------------
[[32m[1m INFO  [21m[0m] Elapsed time: 1.51e+02 || Step number: 3300/30000
[[32m[1m INFO  [21m[0m] longdy = 5.08e+00      || longdy/dt = 1.91e-01  || dt = 2.10e-01
[[32m[1m INFO  [21m[0m] from nz = 36 and CO2
[[32m[1m INFO  [21m[0m] -----------------------------------------------------------------
[[32m[1m INFO  [21m[0m] Elapsed time: 1.68e+02 || Step number: 3400/30000
[[32m[1m INFO  [21m[0m] longdy = 1.72e+00      || longdy/dt = 1.01e-01  || dt = 2.12e-04
[[32m[1m INFO  [21m[0m] from nz = 36 and CO2
[[32m[1m INFO  [21m[0m] -----------------------------------------------------------------
[[32m[1m INFO  [21m[0m] Elapsed time: 1.82e+02 || Step number: 3500/30000
[[32m[1m INFO  [21m[0m] longdy = 1.18e+00      || longdy/dt = 8.52e-02  || dt = 5.39e-01
[[32m[1m INFO  [21m[0m] from nz = 36 and CO2
[[32m[1m INFO  [21m[0m] -----------------------------------------------------------------
[[32m[1m INFO  [21m[0m] Elapsed time: 2.05e+02 || Step number: 3600/30000
[[32m[1m INFO  [21m[0m] longdy = 2.41e+00      || longdy/dt = 1.04e-01  || dt = 3.09e-01
[[32m[1m INFO  [21m[0m] from nz = 36 and CO2
[[32m[1m INFO  [21m[0m] -----------------------------------------------------------------
[[32m[1m INFO  [21m[0m] Elapsed time: 2.21e+02 || Step number: 3700/30000
[[32m[1m INFO  [21m[0m] longdy = 1.04e+00      || longdy/dt = 7.01e-02  || dt = 4.98e-01
[[32m[1m INFO  [21m[0m] from nz = 36 and CO2
[[32m[1m INFO  [21m[0m] -----------------------------------------------------------------
[[32m[1m INFO  [21m[0m] Elapsed time: 2.44e+02 || Step number: 3800/30000
[[32m[1m INFO  [21m[0m] longdy = 1.33e+00      || longdy/dt = 5.75e-02  || dt = 1.06e-02
[[32m[1m INFO  [21m[0m] from nz = 37 and CO2
[[32m[1m INFO  [21m[0m] -----------------------------------------------------------------
[[32m[1m INFO  [21m[0m] Elapsed time: 2.60e+02 || Step number: 3900/30000
[[32m[1m INFO  [21m[0m] longdy = 7.39e-01      || longdy/dt = 4.58e-02  || dt = 3.24e-01
[[32m[1m INFO  [21m[0m] from nz = 37 and CO2
[[32m[1m INFO  [21m[0m] -----------------------------------------------------------------
[[32m[1m INFO  [21m[0m] Elapsed time: 2.90e+02 || Step number: 4000/30000
[[32m[1m INFO  [21m[0m] longdy = 1.66e+00      || longdy/dt = 5.56e-02  || dt = 1.45e-03
[[32m[1m INFO  [21m[0m] from nz = 37 and CO2
[[32m[1m INFO  [21m[0m] -----------------------------------------------------------------
[[32m[1m INFO  [21m[0m] Elapsed time: 3.14e+02 || Step number: 4100/30000
[[32m[1m INFO  [21m[0m] longdy = 1.10e+00      || longdy/dt = 4.61e-02  || dt = 6.67e-01
[[32m[1m INFO  [21m[0m] from nz = 37 and CO2
[[32m[1m INFO  [21m[0m] -----------------------------------------------------------------
[[32m[1m INFO  [21m[0m] Elapsed time: 3.36e+02 || Step number: 4200/30000
[[32m[1m INFO  [21m[0m] longdy = 8.76e-01      || longdy/dt = 4.07e-02  || dt = 1.38e-02
[[32m[1m INFO  [21m[0m] from nz = 37 and CO2
[[32m[1m INFO  [21m[0m] -----------------------------------------------------------------
[[32m[1m INFO  [21m[0m] Elapsed time: 3.54e+02 || Step number: 4300/30000
[[32m[1m INFO  [21m[0m] longdy = 6.51e-01      || longdy/dt = 3.57e-02  || dt = 4.98e-01
[[32m[1m INFO  [21m[0m] from nz = 37 and CO2
[[32m[1m INFO  [21m[0m] -----------------------------------------------------------------
[[32m[1m INFO  [21m[0m] Elapsed time: 3.69e+02 || Step number: 4400/30000
[[32m[1m INFO  [21m[0m] longdy = 4.73e-01      || longdy/dt = 3.18e-02  || dt = 7.28e-01
[[32m[1m INFO  [21m[0m] from nz = 37 and CO2
[[32m[1m INFO  [21m[0m] -----------------------------------------------------------------
[[32m[1m INFO  [21m[0m] Elapsed time: 3.92e+02 || Step number: 4500/30000
[[32m[1m INFO  [21m[0m] longdy = 7.45e-01      || longdy/dt = 3.31e-02  || dt = 6.46e-01
[[32m[1m INFO  [21m[0m] from nz = 37 and CO2
[[32m[1m INFO  [21m[0m] -----------------------------------------------------------------
[[32m[1m INFO  [21m[0m] Elapsed time: 4.14e+02 || Step number: 4600/30000
[[32m[1m INFO  [21m[0m] longdy = 5.43e-01      || longdy/dt = 2.50e-02  || dt = 8.16e-01
[[32m[1m INFO  [21m[0m] from nz = 38 and CO2
[[32m[1m INFO  [21m[0m] -----------------------------------------------------------------
[[32m[1m INFO  [21m[0m] Elapsed time: 4.38e+02 || Step number: 4700/30000
[[32m[1m INFO  [21m[0m] longdy = 5.63e-01      || longdy/dt = 2.44e-02  || dt = 2.72e-02
[[32m[1m INFO  [21m[0m] from nz = 38 and CO2
[[32m[1m INFO  [21m[0m] -----------------------------------------------------------------
[[32m[1m INFO  [21m[0m] Elapsed time: 4.59e+02 || Step number: 4800/30000
[[32m[1m INFO  [21m[0m] longdy = 4.84e-01      || longdy/dt = 2.31e-02  || dt = 6.75e-01
[[32m[1m INFO  [21m[0m] from nz = 38 and CO2
[[32m[1m INFO  [21m[0m] -----------------------------------------------------------------
[[32m[1m INFO  [21m[0m] Elapsed time: 4.78e+02 || Step number: 4900/30000
[[32m[1m INFO  [21m[0m] longdy = 4.07e-01      || longdy/dt = 2.19e-02  || dt = 5.70e-01
[[32m[1m INFO  [21m[0m] from nz = 38 and CO2
[[32m[1m INFO  [21m[0m] -----------------------------------------------------------------
[[32m[1m INFO  [21m[0m] Elapsed time: 5.01e+02 || Step number: 5000/30000
[[32m[1m INFO  [21m[0m] longdy = 5.15e-01      || longdy/dt = 2.21e-02  || dt = 2.70e-03
[[32m[1m INFO  [21m[0m] from nz = 38 and CO2
[[32m[1m INFO  [21m[0m] -----------------------------------------------------------------
[[32m[1m INFO  [21m[0m] Elapsed time: 5.27e+02 || Step number: 5100/30000
[[32m[1m INFO  [21m[0m] longdy = 5.45e-01      || longdy/dt = 2.14e-02  || dt = 8.19e-01
[[32m[1m INFO  [21m[0m] from nz = 38 and CO2
[[32m[1m INFO  [21m[0m] -----------------------------------------------------------------
[[32m[1m INFO  [21m[0m] Elapsed time: 5.44e+02 || Step number: 5200/30000
[[32m[1m INFO  [21m[0m] longdy = 3.28e-01      || longdy/dt = 1.91e-02  || dt = 5.08e-01
[[32m[1m INFO  [21m[0m] from nz = 38 and CO2
[[32m[1m INFO  [21m[0m] -----------------------------------------------------------------
[[32m[1m INFO  [21m[0m] Elapsed time: 5.72e+02 || Step number: 5300/30000
[[32m[1m INFO  [21m[0m] longdy = 5.46e-01      || longdy/dt = 1.99e-02  || dt = 2.02e-01
[[32m[1m INFO  [21m[0m] from nz = 38 and CO2
[[32m[1m INFO  [21m[0m] -----------------------------------------------------------------
[[32m[1m INFO  [21m[0m] Elapsed time: 6.04e+02 || Step number: 5400/30000
[[32m[1m INFO  [21m[0m] longdy = 6.29e-01      || longdy/dt = 1.94e-02  || dt = 1.52e-02
[[32m[1m INFO  [21m[0m] from nz = 38 and CO2
[[32m[1m INFO  [21m[0m] -----------------------------------------------------------------
[[32m[1m INFO  [21m[0m] Elapsed time: 6.30e+02 || Step number: 5500/30000
[[32m[1m INFO  [21m[0m] longdy = 4.49e-01      || longdy/dt = 1.75e-02  || dt = 6.61e-01
[[32m[1m INFO  [21m[0m] from nz = 38 and CO2
[[32m[1m INFO  [21m[0m] -----------------------------------------------------------------
[[32m[1m INFO  [21m[0m] Elapsed time: 6.58e+02 || Step number: 5600/30000
[[32m[1m INFO  [21m[0m] longdy = 4.62e-01      || longdy/dt = 1.70e-02  || dt = 8.97e-01
[[32m[1m INFO  [21m[0m] from nz = 38 and CO2
[[32m[1m INFO  [21m[0m] -----------------------------------------------------------------
[[32m[1m INFO  [21m[0m] Elapsed time: 6.83e+02 || Step number: 5700/30000
[[32m[1m INFO  [21m[0m] longdy = 3.26e-01      || longdy/dt = 1.32e-02  || dt = 1.06e+00
[[32m[1m INFO  [21m[0m] from nz = 39 and CO2
[[32m[1m INFO  [21m[0m] -----------------------------------------------------------------
[[32m[1m INFO  [21m[0m] Elapsed time: 7.10e+02 || Step number: 5800/30000
[[32m[1m INFO  [21m[0m] longdy = 3.45e-01      || longdy/dt = 1.30e-02  || dt = 8.99e-02
[[32m[1m INFO  [21m[0m] from nz = 39 and CO2
[[32m[1m INFO  [21m[0m] -----------------------------------------------------------------
[[32m[1m INFO  [21m[0m] Elapsed time: 7.41e+02 || Step number: 5900/30000
[[32m[1m INFO  [21m[0m] longdy = 4.01e-01      || longdy/dt = 1.30e-02  || dt = 6.93e-01
[[32m[1m INFO  [21m[0m] from nz = 39 and CO2
[[32m[1m INFO  [21m[0m] -----------------------------------------------------------------
[[32m[1m INFO  [21m[0m] Elapsed time: 7.69e+02 || Step number: 6000/30000
[[32m[1m INFO  [21m[0m] longdy = 3.50e-01      || longdy/dt = 1.24e-02  || dt = 6.83e-03
[[32m[1m INFO  [21m[0m] from nz = 39 and CO2
[[32m[1m INFO  [21m[0m] -----------------------------------------------------------------
[[32m[1m INFO  [21m[0m] Elapsed time: 7.95e+02 || Step number: 6100/30000
[[32m[1m INFO  [21m[0m] longdy = 3.03e-01      || longdy/dt = 1.19e-02  || dt = 3.51e-01
[[32m[1m INFO  [21m[0m] from nz = 39 and CO2
[[32m[1m INFO  [21m[0m] -----------------------------------------------------------------
[[32m[1m INFO  [21m[0m] Elapsed time: 8.35e+02 || Step number: 6200/30000
[[32m[1m INFO  [21m[0m] longdy = 4.98e-01      || longdy/dt = 1.25e-02  || dt = 9.34e-01
[[32m[1m INFO  [21m[0m] from nz = 39 and CO2
[[32m[1m INFO  [21m[0m] -----------------------------------------------------------------
[[32m[1m INFO  [21m[0m] Elapsed time: 8.76e+02 || Step number: 6300/30000
[[32m[1m INFO  [21m[0m] longdy = 4.85e-01      || longdy/dt = 1.19e-02  || dt = 7.62e-01
[[32m[1m INFO  [21m[0m] from nz = 39 and CO2
[[32m[1m INFO  [21m[0m] -----------------------------------------------------------------
[[32m[1m INFO  [21m[0m] Elapsed time: 9.01e+02 || Step number: 6400/30000
[[32m[1m INFO  [21m[0m] longdy = 2.58e-01      || longdy/dt = 1.06e-02  || dt = 1.16e-01
[[32m[1m INFO  [21m[0m] from nz = 39 and CO2
[[32m[1m INFO  [21m[0m] -----------------------------------------------------------------
[[32m[1m INFO  [21m[0m] Elapsed time: 9.46e+02 || Step number: 6500/30000
[[32m[1m INFO  [21m[0m] longdy = 5.13e-01      || longdy/dt = 1.13e-02  || dt = 9.27e-01
[[32m[1m INFO  [21m[0m] from nz = 39 and CO2
[[32m[1m INFO  [21m[0m] -----------------------------------------------------------------
[[32m[1m INFO  [21m[0m] Elapsed time: 9.80e+02 || Step number: 6600/30000
[[32m[1m INFO  [21m[0m] longdy = 3.44e-01      || longdy/dt = 1.03e-02  || dt = 4.96e-02
[[32m[1m INFO  [21m[0m] from nz = 39 and CO2
[[32m[1m INFO  [21m[0m] -----------------------------------------------------------------
[[32m[1m INFO  [21m[0m] Elapsed time: 1.02e+03 || Step number: 6700/30000
[[32m[1m INFO  [21m[0m] longdy = 4.07e-01      || longdy/dt = 1.03e-02  || dt = 9.62e-01
[[32m[1m INFO  [21m[0m] from nz = 39 and CO2
[[32m[1m INFO  [21m[0m] -----------------------------------------------------------------
[[32m[1m INFO  [21m[0m] Elapsed time: 1.06e+03 || Step number: 6800/30000
[[32m[1m INFO  [21m[0m] longdy = 4.40e-01      || longdy/dt = 1.01e-02  || dt = 1.01e-02
[[32m[1m INFO  [21m[0m] from nz = 39 and CO2
[[32m[1m INFO  [21m[0m] -----------------------------------------------------------------
[[32m[1m INFO  [21m[0m] Elapsed time: 1.10e+03 || Step number: 6900/30000
[[32m[1m INFO  [21m[0m] longdy = 3.03e-01      || longdy/dt = 9.37e-03  || dt = 7.36e-02
[[32m[1m INFO  [21m[0m] from nz = 39 and CO2
[[32m[1m INFO  [21m[0m] -----------------------------------------------------------------
[[32m[1m INFO  [21m[0m] Elapsed time: 1.13e+03 || Step number: 7000/30000
[[32m[1m INFO  [21m[0m] longdy = 2.52e-01      || longdy/dt = 7.48e-03  || dt = 8.98e-01
[[32m[1m INFO  [21m[0m] from nz = 40 and CO2
[[32m[1m INFO  [21m[0m] -----------------------------------------------------------------
[[32m[1m INFO  [21m[0m] Elapsed time: 1.16e+03 || Step number: 7100/30000
[[32m[1m INFO  [21m[0m] longdy = 2.47e-01      || longdy/dt = 7.34e-03  || dt = 9.55e-01
[[32m[1m INFO  [21m[0m] from nz = 40 and CO2
[[32m[1m INFO  [21m[0m] -----------------------------------------------------------------
[[32m[1m INFO  [21m[0m] Elapsed time: 1.20e+03 || Step number: 7200/30000
[[32m[1m INFO  [21m[0m] longdy = 2.41e-01      || longdy/dt = 7.21e-03  || dt = 9.47e-01
[[32m[1m INFO  [21m[0m] from nz = 40 and CO2
[[32m[1m INFO  [21m[0m] -----------------------------------------------------------------
[[32m[1m INFO  [21m[0m] Elapsed time: 1.23e+03 || Step number: 7300/30000
[[32m[1m INFO  [21m[0m] longdy = 2.27e-01      || longdy/dt = 7.05e-03  || dt = 9.07e-01
[[32m[1m INFO  [21m[0m] from nz = 40 and CO2
[[32m[1m INFO  [21m[0m] -----------------------------------------------------------------
[[32m[1m INFO  [21m[0m] Elapsed time: 1.27e+03 || Step number: 7400/30000
[[32m[1m INFO  [21m[0m] longdy = 2.72e-01      || longdy/dt = 7.06e-03  || dt = 6.44e-01
[[32m[1m INFO  [21m[0m] from nz = 40 and CO2
[[32m[1m INFO  [21m[0m] -----------------------------------------------------------------
[[32m[1m INFO  [21m[0m] Elapsed time: 1.31e+03 || Step number: 7500/30000
[[32m[1m INFO  [21m[0m] longdy = 2.54e-01      || longdy/dt = 6.87e-03  || dt = 4.17e-02
[[32m[1m INFO  [21m[0m] from nz = 40 and CO2
[[32m[1m INFO  [21m[0m] -----------------------------------------------------------------
[[32m[1m INFO  [21m[0m] Elapsed time: 1.34e+03 || Step number: 7600/30000
[[32m[1m INFO  [21m[0m] longdy = 2.37e-01      || longdy/dt = 6.70e-03  || dt = 7.14e-01
[[32m[1m INFO  [21m[0m] from nz = 40 and CO2
[[32m[1m INFO  [21m[0m] -----------------------------------------------------------------
[[32m[1m INFO  [21m[0m] Elapsed time: 1.39e+03 || Step number: 7700/30000
[[32m[1m INFO  [21m[0m] longdy = 2.94e-01      || longdy/dt = 6.72e-03  || dt = 2.16e-02
[[32m[1m INFO  [21m[0m] from nz = 40 and CO2
[[32m[1m INFO  [21m[0m] -----------------------------------------------------------------
[[32m[1m INFO  [21m[0m] Elapsed time: 1.43e+03 || Step number: 7800/30000
[[32m[1m INFO  [21m[0m] longdy = 2.46e-01      || longdy/dt = 6.46e-03  || dt = 8.63e-01
[[32m[1m INFO  [21m[0m] from nz = 40 and CO2
[[32m[1m INFO  [21m[0m] -----------------------------------------------------------------
[[32m[1m INFO  [21m[0m] Elapsed time: 1.47e+03 || Step number: 7900/30000
[[32m[1m INFO  [21m[0m] longdy = 2.97e-01      || longdy/dt = 6.47e-03  || dt = 5.15e-02
[[32m[1m INFO  [21m[0m] from nz = 40 and CO2
[[32m[1m INFO  [21m[0m] -----------------------------------------------------------------
[[32m[1m INFO  [21m[0m] Elapsed time: 1.51e+03 || Step number: 8000/30000
[[32m[1m INFO  [21m[0m] longdy = 2.48e-01      || longdy/dt = 6.22e-03  || dt = 1.13e+00
[[32m[1m INFO  [21m[0m] from nz = 40 and CO2
[[32m[1m INFO  [21m[0m] -----------------------------------------------------------------
[[32m[1m INFO  [21m[0m] Elapsed time: 1.55e+03 || Step number: 8100/30000
[[32m[1m INFO  [21m[0m] longdy = 2.47e-01      || longdy/dt = 6.12e-03  || dt = 7.10e-01
[[32m[1m INFO  [21m[0m] from nz = 40 and CO2
[[32m[1m INFO  [21m[0m] -----------------------------------------------------------------
[[32m[1m INFO  [21m[0m] Elapsed time: 1.59e+03 || Step number: 8200/30000
[[32m[1m INFO  [21m[0m] longdy = 2.35e-01      || longdy/dt = 6.00e-03  || dt = 6.11e-01
[[32m[1m INFO  [21m[0m] from nz = 40 and CO2
[[32m[1m INFO  [21m[0m] -----------------------------------------------------------------
[[32m[1m INFO  [21m[0m] Elapsed time: 1.63e+03 || Step number: 8300/30000
[[32m[1m INFO  [21m[0m] longdy = 2.02e-01      || longdy/dt = 5.84e-03  || dt = 3.62e-02
[[32m[1m INFO  [21m[0m] from nz = 40 and CO2
[[32m[1m INFO  [21m[0m] -----------------------------------------------------------------
[[32m[1m INFO  [21m[0m] Elapsed time: 1.66e+03 || Step number: 8400/30000
[[32m[1m INFO  [21m[0m] longdy = 2.13e-01      || longdy/dt = 5.79e-03  || dt = 2.37e-01
[[32m[1m INFO  [21m[0m] from nz = 40 and CO2
[[32m[1m INFO  [21m[0m] -----------------------------------------------------------------
[[32m[1m INFO  [21m[0m] Elapsed time: 1.70e+03 || Step number: 8500/30000
[[32m[1m INFO  [21m[0m] longdy = 2.33e-01      || longdy/dt = 5.77e-03  || dt = 4.00e-02
[[32m[1m INFO  [21m[0m] from nz = 40 and CO2
[[32m[1m INFO  [21m[0m] -----------------------------------------------------------------
[[32m[1m INFO  [21m[0m] Elapsed time: 1.75e+03 || Step number: 8600/30000
[[32m[1m INFO  [21m[0m] longdy = 2.36e-01      || longdy/dt = 5.70e-03  || dt = 3.65e-01
[[32m[1m INFO  [21m[0m] from nz = 40 and CO2
[[32m[1m INFO  [21m[0m] -----------------------------------------------------------------
[[32m[1m INFO  [21m[0m] Elapsed time: 1.79e+03 || Step number: 8700/30000
[[32m[1m INFO  [21m[0m] longdy = 2.28e-01      || longdy/dt = 5.62e-03  || dt = 8.86e-01
[[32m[1m INFO  [21m[0m] from nz = 40 and CO2
[[32m[1m INFO  [21m[0m] -----------------------------------------------------------------
[[32m[1m INFO  [21m[0m] Elapsed time: 1.84e+03 || Step number: 8800/30000
[[32m[1m INFO  [21m[0m] longdy = 2.87e-01      || longdy/dt = 4.99e-03  || dt = 7.55e-02
[[32m[1m INFO  [21m[0m] from nz = 36 and CH4
[[32m[1m INFO  [21m[0m] -----------------------------------------------------------------
[[32m[1m INFO  [21m[0m] Elapsed time: 1.91e+03 || Step number: 8900/30000
[[32m[1m INFO  [21m[0m] longdy = 2.97e-01      || longdy/dt = 4.92e-03  || dt = 1.42e+00
[[32m[1m INFO  [21m[0m] from nz = 37 and CH4
[[32m[1m INFO  [21m[0m] -----------------------------------------------------------------
[[32m[1m INFO  [21m[0m] Elapsed time: 1.97e+03 || Step number: 9000/30000
[[32m[1m INFO  [21m[0m] longdy = 3.11e-01      || longdy/dt = 4.84e-03  || dt = 3.93e-01
[[32m[1m INFO  [21m[0m] from nz = 37 and CH4
[[32m[1m INFO  [21m[0m] -----------------------------------------------------------------
[[32m[1m INFO  [21m[0m] Elapsed time: 2.03e+03 || Step number: 9100/30000
[[32m[1m INFO  [21m[0m] longdy = 2.95e-01      || longdy/dt = 4.84e-03  || dt = 6.13e-02
[[32m[1m INFO  [21m[0m] from nz = 37 and CH4
[[32m[1m INFO  [21m[0m] -----------------------------------------------------------------
[[32m[1m INFO  [21m[0m] Elapsed time: 2.10e+03 || Step number: 9200/30000
[[32m[1m INFO  [21m[0m] longdy = 3.13e-01      || longdy/dt = 4.70e-03  || dt = 5.38e-01
[[32m[1m INFO  [21m[0m] from nz = 37 and CH4
[[32m[1m INFO  [21m[0m] -----------------------------------------------------------------
[[32m[1m INFO  [21m[0m] Elapsed time: 2.17e+03 || Step number: 9300/30000
[[32m[1m INFO  [21m[0m] longdy = 3.19e-01      || longdy/dt = 4.59e-03  || dt = 9.29e-01
[[32m[1m INFO  [21m[0m] from nz = 37 and CH4
[[32m[1m INFO  [21m[0m] -----------------------------------------------------------------
[[32m[1m INFO  [21m[0m] Elapsed time: 2.25e+03 || Step number: 9400/30000
[[32m[1m INFO  [21m[0m] longdy = 3.84e-01      || longdy/dt = 4.61e-03  || dt = 1.26e+00
[[32m[1m INFO  [21m[0m] from nz = 41 and CO2
[[32m[1m INFO  [21m[0m] -----------------------------------------------------------------
[[32m[1m INFO  [21m[0m] Elapsed time: 2.34e+03 || Step number: 9500/30000
[[32m[1m INFO  [21m[0m] longdy = 3.99e-01      || longdy/dt = 4.63e-03  || dt = 1.04e+00
[[32m[1m INFO  [21m[0m] from nz = 41 and CO2
[[32m[1m INFO  [21m[0m] -----------------------------------------------------------------
[[32m[1m INFO  [21m[0m] Elapsed time: 2.44e+03 || Step number: 9600/30000
[[32m[1m INFO  [21m[0m] longdy = 4.52e-01      || longdy/dt = 4.73e-03  || dt = 9.09e-01
[[32m[1m INFO  [21m[0m] from nz = 41 and CO2
[[32m[1m INFO  [21m[0m] -----------------------------------------------------------------
[[32m[1m INFO  [21m[0m] Elapsed time: 2.55e+03 || Step number: 9700/30000
[[32m[1m INFO  [21m[0m] longdy = 5.33e-01      || longdy/dt = 4.90e-03  || dt = 1.52e+00
[[32m[1m INFO  [21m[0m] from nz = 41 and CO2
[[32m[1m INFO  [21m[0m] -----------------------------------------------------------------
[[32m[1m INFO  [21m[0m] Elapsed time: 2.67e+03 || Step number: 9800/30000
[[32m[1m INFO  [21m[0m] longdy = 5.92e-01      || longdy/dt = 5.06e-03  || dt = 1.43e+00
[[32m[1m INFO  [21m[0m] from nz = 41 and CO2
[[32m[1m INFO  [21m[0m] -----------------------------------------------------------------
[[32m[1m INFO  [21m[0m] Elapsed time: 2.80e+03 || Step number: 9900/30000
[[32m[1m INFO  [21m[0m] longdy = 5.93e-01      || longdy/dt = 4.42e-03  || dt = 2.15e+00
[[32m[1m INFO  [21m[0m] from nz = 42 and CO2
[[32m[1m INFO  [21m[0m] -----------------------------------------------------------------
[[32m[1m INFO  [21m[0m] Elapsed time: 2.96e+03 || Step number: 10000/30000
[[32m[1m INFO  [21m[0m] longdy = 7.88e-01      || longdy/dt = 4.93e-03  || dt = 1.95e+00
[[32m[1m INFO  [21m[0m] from nz = 42 and CO2
[[32m[1m INFO  [21m[0m] -----------------------------------------------------------------
[[32m[1m INFO  [21m[0m] Elapsed time: 3.11e+03 || Step number: 10100/30000
[[32m[1m INFO  [21m[0m] longdy = 7.33e-01      || longdy/dt = 5.11e-03  || dt = 5.75e-02
[[32m[1m INFO  [21m[0m] from nz = 42 and CO2
[[32m[1m INFO  [21m[0m] -----------------------------------------------------------------
[[32m[1m INFO  [21m[0m] Elapsed time: 3.27e+03 || Step number: 10200/30000
[[32m[1m INFO  [21m[0m] longdy = 9.25e-01      || longdy/dt = 5.72e-03  || dt = 1.85e+00
[[32m[1m INFO  [21m[0m] from nz = 42 and CO2
[[32m[1m INFO  [21m[0m] -----------------------------------------------------------------
[[32m[1m INFO  [21m[0m] Elapsed time: 3.41e+03 || Step number: 10300/30000
[[32m[1m INFO  [21m[0m] longdy = 7.99e-01      || longdy/dt = 5.82e-03  || dt = 3.82e+00
[[32m[1m INFO  [21m[0m] from nz = 42 and CO2
[[32m[1m INFO  [21m[0m] -----------------------------------------------------------------
[[32m[1m INFO  [21m[0m] Elapsed time: 3.65e+03 || Step number: 10400/30000
[[32m[1m INFO  [21m[0m] longdy = 1.63e+00      || longdy/dt = 6.91e-03  || dt = 1.34e-01
[[32m[1m INFO  [21m[0m] from nz = 43 and CO2
[[32m[1m INFO  [21m[0m] -----------------------------------------------------------------
[[32m[1m INFO  [21m[0m] Elapsed time: 3.82e+03 || Step number: 10500/30000
[[32m[1m INFO  [21m[0m] longdy = 1.18e+00      || longdy/dt = 6.74e-03  || dt = 1.36e-01
[[32m[1m INFO  [21m[0m] from nz = 43 and CO2
[[32m[1m INFO  [21m[0m] -----------------------------------------------------------------
[[32m[1m INFO  [21m[0m] Elapsed time: 3.96e+03 || Step number: 10600/30000
[[32m[1m INFO  [21m[0m] longdy = 8.23e-01      || longdy/dt = 6.44e-03  || dt = 8.02e+00
[[32m[1m INFO  [21m[0m] from nz = 43 and CO2
[[32m[1m INFO  [21m[0m] -----------------------------------------------------------------
[[32m[1m INFO  [21m[0m] Elapsed time: 4.05e+03 || Step number: 10700/30000
[[32m[1m INFO  [21m[0m] longdy = 5.65e-01      || longdy/dt = 6.13e-03  || dt = 3.15e-01
[[32m[1m INFO  [21m[0m] from nz = 43 and CO2
[[32m[1m INFO  [21m[0m] -----------------------------------------------------------------
[[32m[1m INFO  [21m[0m] Elapsed time: 4.12e+03 || Step number: 10800/30000
[[32m[1m INFO  [21m[0m] longdy = 3.78e-01      || longdy/dt = 5.02e-03  || dt = 1.34e-01
[[32m[1m INFO  [21m[0m] from nz = 44 and CO2
[[32m[1m INFO  [21m[0m] -----------------------------------------------------------------
[[32m[1m INFO  [21m[0m] Elapsed time: 4.24e+03 || Step number: 10900/30000
[[32m[1m INFO  [21m[0m] longdy = 6.14e-01      || longdy/dt = 5.44e-03  || dt = 1.35e-01
[[32m[1m INFO  [21m[0m] from nz = 44 and CO2
[[32m[1m INFO  [21m[0m] -----------------------------------------------------------------
[[32m[1m INFO  [21m[0m] Elapsed time: 4.32e+03 || Step number: 11000/30000
[[32m[1m INFO  [21m[0m] longdy = 3.92e-01      || longdy/dt = 4.93e-03  || dt = 1.34e-01
[[32m[1m INFO  [21m[0m] from nz = 44 and CO2
[[32m[1m INFO  [21m[0m] -----------------------------------------------------------------
[[32m[1m INFO  [21m[0m] Elapsed time: 4.37e+03 || Step number: 11100/30000
[[32m[1m INFO  [21m[0m] longdy = 2.43e-01      || longdy/dt = 4.54e-03  || dt = 3.17e-01
[[32m[1m INFO  [21m[0m] from nz = 44 and CO2
[[32m[1m INFO  [21m[0m] -----------------------------------------------------------------
[[32m[1m INFO  [21m[0m] Elapsed time: 4.48e+03 || Step number: 11200/30000
[[32m[1m INFO  [21m[0m] longdy = 5.24e-01      || longdy/dt = 4.82e-03  || dt = 3.16e-01
[[32m[1m INFO  [21m[0m] from nz = 44 and CO2
[[32m[1m INFO  [21m[0m] -----------------------------------------------------------------
[[32m[1m INFO  [21m[0m] Elapsed time: 4.53e+03 || Step number: 11300/30000
[[32m[1m INFO  [21m[0m] longdy = 2.22e-01      || longdy/dt = 4.04e-03  || dt = 1.34e-01
[[32m[1m INFO  [21m[0m] from nz = 44 and CO2
[[32m[1m INFO  [21m[0m] -----------------------------------------------------------------
[[32m[1m INFO  [21m[0m] Elapsed time: 4.67e+03 || Step number: 11400/30000
[[32m[1m INFO  [21m[0m] longdy = 3.06e-01      || longdy/dt = 2.25e-03  || dt = 7.50e-01
[[32m[1m INFO  [21m[0m] from nz = 40 and CH3
[[32m[1m INFO  [21m[0m] -----------------------------------------------------------------
[[32m[1m INFO  [21m[0m] Elapsed time: 4.79e+03 || Step number: 11500/30000
[[32m[1m INFO  [21m[0m] longdy = 2.69e-01      || longdy/dt = 2.21e-03  || dt = 1.37e-01
[[32m[1m INFO  [21m[0m] from nz = 40 and CH3
[[32m[1m INFO  [21m[0m] -----------------------------------------------------------------
[[32m[1m INFO  [21m[0m] Elapsed time: 4.88e+03 || Step number: 11600/30000
[[32m[1m INFO  [21m[0m] longdy = 1.86e-01      || longdy/dt = 2.25e-03  || dt = 9.49e-01
[[32m[1m INFO  [21m[0m] from nz = 40 and CH3
[[32m[1m INFO  [21m[0m] -----------------------------------------------------------------
[[32m[1m INFO  [21m[0m] Elapsed time: 5.01e+03 || Step number: 11700/30000
[[32m[1m INFO  [21m[0m] longdy = 2.73e-01      || longdy/dt = 2.06e-03  || dt = 1.38e-01
[[32m[1m INFO  [21m[0m] from nz = 40 and CH3
[[32m[1m INFO  [21m[0m] -----------------------------------------------------------------
[[32m[1m INFO  [21m[0m] Elapsed time: 5.09e+03 || Step number: 11800/30000
[[32m[1m INFO  [21m[0m] longdy = 1.79e-01      || longdy/dt = 2.11e-03  || dt = 3.19e-01
[[32m[1m INFO  [21m[0m] from nz = 40 and CH3
[[32m[1m INFO  [21m[0m] -----------------------------------------------------------------
[[32m[1m INFO  [21m[0m] Elapsed time: 5.25e+03 || Step number: 11900/30000
[[32m[1m INFO  [21m[0m] longdy = 2.91e-01      || longdy/dt = 1.89e-03  || dt = 3.15e-01
[[32m[1m INFO  [21m[0m] from nz = 40 and CH3
[[32m[1m INFO  [21m[0m] -----------------------------------------------------------------
[[32m[1m INFO  [21m[0m] Elapsed time: 5.38e+03 || Step number: 12000/30000
[[32m[1m INFO  [21m[0m] longdy = 2.53e-01      || longdy/dt = 1.89e-03  || dt = 1.26e+00
[[32m[1m INFO  [21m[0m] from nz = 41 and CH3
[[32m[1m INFO  [21m[0m] -----------------------------------------------------------------
[[32m[1m INFO  [21m[0m] Elapsed time: 5.55e+03 || Step number: 12100/30000
[[32m[1m INFO  [21m[0m] longdy = 2.98e-01      || longdy/dt = 1.78e-03  || dt = 3.15e-01
[[32m[1m INFO  [21m[0m] from nz = 41 and CH3
[[32m[1m INFO  [21m[0m] -----------------------------------------------------------------
[[32m[1m INFO  [21m[0m] Elapsed time: 5.67e+03 || Step number: 12200/30000
[[32m[1m INFO  [21m[0m] longdy = 9.94e-01      || longdy/dt = 8.68e-03  || dt = 1.63e+00
[[32m[1m INFO  [21m[0m] from nz = 14 and HCN
[[32m[1m INFO  [21m[0m] -----------------------------------------------------------------
[[32m[1m INFO  [21m[0m] Elapsed time: 5.82e+03 || Step number: 12300/30000
[[32m[1m INFO  [21m[0m] longdy = 2.62e-01      || longdy/dt = 1.72e-03  || dt = 3.15e-01
[[32m[1m INFO  [21m[0m] from nz = 41 and CH3
[[32m[1m INFO  [21m[0m] -----------------------------------------------------------------
[[32m[1m INFO  [21m[0m] Elapsed time: 5.97e+03 || Step number: 12400/30000
[[32m[1m INFO  [21m[0m] longdy = 2.46e-01      || longdy/dt = 1.68e-03  || dt = 7.37e-01
[[32m[1m INFO  [21m[0m] from nz = 41 and CH3
[[32m[1m INFO  [21m[0m] -----------------------------------------------------------------
[[32m[1m INFO  [21m[0m] Elapsed time: 6.08e+03 || Step number: 12500/30000
[[32m[1m INFO  [21m[0m] longdy = 1.94e-01      || longdy/dt = 1.68e-03  || dt = 8.36e-01
[[32m[1m INFO  [21m[0m] from nz = 41 and CH3
[[32m[1m INFO  [21m[0m] -----------------------------------------------------------------
[[32m[1m INFO  [21m[0m] Elapsed time: 6.19e+03 || Step number: 12600/30000
[[32m[1m INFO  [21m[0m] longdy = 1.78e-01      || longdy/dt = 1.65e-03  || dt = 3.25e-01
[[32m[1m INFO  [21m[0m] from nz = 41 and CH3
[[32m[1m INFO  [21m[0m] -----------------------------------------------------------------
[[32m[1m INFO  [21m[0m] Elapsed time: 6.35e+03 || Step number: 12700/30000
[[32m[1m INFO  [21m[0m] longdy = 2.47e-01      || longdy/dt = 1.53e-03  || dt = 1.71e+00
[[32m[1m INFO  [21m[0m] from nz = 41 and CH3
[[32m[1m INFO  [21m[0m] -----------------------------------------------------------------
[[32m[1m INFO  [21m[0m] Elapsed time: 6.63e+03 || Step number: 12800/30000
[[32m[1m INFO  [21m[0m] longdy = 3.71e-01      || longdy/dt = 1.33e-03  || dt = 1.37e-01
[[32m[1m INFO  [21m[0m] from nz = 41 and CH3
[[32m[1m INFO  [21m[0m] -----------------------------------------------------------------
[[32m[1m INFO  [21m[0m] Elapsed time: 6.85e+03 || Step number: 12900/30000
[[32m[1m INFO  [21m[0m] longdy = 2.86e-01      || longdy/dt = 1.33e-03  || dt = 4.49e+00
[[32m[1m INFO  [21m[0m] from nz = 41 and CH3
[[32m[1m INFO  [21m[0m] -----------------------------------------------------------------
[[32m[1m INFO  [21m[0m] Elapsed time: 7.06e+03 || Step number: 13000/30000
[[32m[1m INFO  [21m[0m] longdy = 2.61e-01      || longdy/dt = 1.28e-03  || dt = 1.71e+00
[[32m[1m INFO  [21m[0m] from nz = 41 and CH3
[[32m[1m INFO  [21m[0m] -----------------------------------------------------------------
[[32m[1m INFO  [21m[0m] Elapsed time: 7.27e+03 || Step number: 13100/30000
[[32m[1m INFO  [21m[0m] longdy = 2.57e-01      || longdy/dt = 1.24e-03  || dt = 3.14e-01
[[32m[1m INFO  [21m[0m] from nz = 42 and CH3
[[32m[1m INFO  [21m[0m] -----------------------------------------------------------------
[[32m[1m INFO  [21m[0m] Elapsed time: 7.79e+03 || Step number: 13200/30000
[[32m[1m INFO  [21m[0m] longdy = 9.98e-01      || longdy/dt = 1.90e-03  || dt = 3.17e-01
[[32m[1m INFO  [21m[0m] from nz = 15 and HCN
[[32m[1m INFO  [21m[0m] -----------------------------------------------------------------
[[32m[1m INFO  [21m[0m] Elapsed time: 8.05e+03 || Step number: 13300/30000
[[32m[1m INFO  [21m[0m] longdy = 2.73e-01      || longdy/dt = 1.09e-03  || dt = 1.74e+00
[[32m[1m INFO  [21m[0m] from nz = 42 and CH3
[[32m[1m INFO  [21m[0m] -----------------------------------------------------------------
[[32m[1m INFO  [21m[0m] Elapsed time: 8.47e+03 || Step number: 13400/30000
[[32m[1m INFO  [21m[0m] longdy = 3.99e-01      || longdy/dt = 9.39e-04  || dt = 3.14e-01
[[32m[1m INFO  [21m[0m] from nz = 46 and CO2
[[32m[1m INFO  [21m[0m] -----------------------------------------------------------------
[[32m[1m INFO  [21m[0m] Elapsed time: 8.71e+03 || Step number: 13500/30000
[[32m[1m INFO  [21m[0m] longdy = 2.30e-01      || longdy/dt = 9.83e-04  || dt = 1.69e+00
[[32m[1m INFO  [21m[0m] from nz = 42 and CH3
[[32m[1m INFO  [21m[0m] -----------------------------------------------------------------
[[32m[1m INFO  [21m[0m] Elapsed time: 8.93e+03 || Step number: 13600/30000
[[32m[1m INFO  [21m[0m] longdy = 2.07e-01      || longdy/dt = 9.54e-04  || dt = 2.52e+00
[[32m[1m INFO  [21m[0m] from nz = 42 and CH3
[[32m[1m INFO  [21m[0m] -----------------------------------------------------------------
[[32m[1m INFO  [21m[0m] Elapsed time: 9.39e+03 || Step number: 13700/30000
[[32m[1m INFO  [21m[0m] longdy = 9.98e-01      || longdy/dt = 2.18e-03  || dt = 3.15e-01
[[32m[1m INFO  [21m[0m] from nz = 14 and HCN
[[32m[1m INFO  [21m[0m] -----------------------------------------------------------------
[[32m[1m INFO  [21m[0m] Elapsed time: 9.89e+03 || Step number: 13800/30000
[[32m[1m INFO  [21m[0m] longdy = 4.21e-01      || longdy/dt = 8.26e-04  || dt = 8.18e-01
[[32m[1m INFO  [21m[0m] from nz = 47 and CO2
[[32m[1m INFO  [21m[0m] -----------------------------------------------------------------
[[32m[1m INFO  [21m[0m] Elapsed time: 1.12e+04 || Step number: 13900/30000
[[32m[1m INFO  [21m[0m] longdy = 1.56e+00      || longdy/dt = 1.16e-03  || dt = 1.88e+00
[[32m[1m INFO  [21m[0m] from nz = 47 and CO2
[[32m[1m INFO  [21m[0m] -----------------------------------------------------------------
[[32m[1m INFO  [21m[0m] Elapsed time: 1.24e+04 || Step number: 14000/30000
[[32m[1m INFO  [21m[0m] longdy = 1.16e+00      || longdy/dt = 1.08e-03  || dt = 8.50e+01
[[32m[1m INFO  [21m[0m] from nz = 47 and CO2
[[32m[1m INFO  [21m[0m] -----------------------------------------------------------------
[[32m[1m INFO  [21m[0m] Elapsed time: 1.42e+04 || Step number: 14100/30000
[[32m[1m INFO  [21m[0m] longdy = 2.68e+00      || longdy/dt = 1.44e-03  || dt = 7.39e-01
[[32m[1m INFO  [21m[0m] from nz = 48 and CO2
[[32m[1m INFO  [21m[0m] -----------------------------------------------------------------
[[32m[1m INFO  [21m[0m] Elapsed time: 3.33e+04 || Step number: 14200/30000
[[32m[1m INFO  [21m[0m] longdy = 4.41e+01      || longdy/dt = 2.69e-03  || dt = 6.15e+02
[[32m[1m INFO  [21m[0m] from nz = 21 and N2
[[32m[1m INFO  [21m[0m] -----------------------------------------------------------------
[[32m[1m INFO  [21m[0m] Elapsed time: 1.94e+05 || Step number: 14300/30000
[[32m[1m INFO  [21m[0m] longdy = 2.77e+02      || longdy/dt = 2.90e-03  || dt = 2.40e+03
[[32m[1m INFO  [21m[0m] from nz = 46 and CO
[[32m[1m INFO  [21m[0m] -----------------------------------------------------------------
[[32m[1m INFO  [21m[0m] Elapsed time: 3.95e+06 || Step number: 14400/30000
[[32m[1m INFO  [21m[0m] longdy = 5.91e-02      || longdy/dt = 3.00e-08  || dt = 5.19e+04
[[32m[1m INFO  [21m[0m] from nz = 38 and NH3
[[32m[1m INFO  [21m[0m] -----------------------------------------------------------------
[[93m[1m WARNING [21m[0m] Element conservation is violated too large
[[93m[1m WARNING [21m[0m] at step: 14471
[[93m[1m WARNING [21m[0m] -----------------------------------------------------------------
[[32m[1m INFO  [21m[0m] Elapsed time: 9.81e+06 || Step number: 14500/30000
[[32m[1m INFO  [21m[0m] longdy = 1.16e-01      || longdy/dt = 2.38e-08  || dt = 8.23e+04
[[32m[1m INFO  [21m[0m] from nz = 38 and NH3
[[32m[1m INFO  [21m[0m] -----------------------------------------------------------------
[[93m[1m WARNING [21m[0m] Element conservation is violated too large
[[93m[1m WARNING [21m[0m] at step: 14513
[[93m[1m WARNING [21m[0m] -----------------------------------------------------------------
[[93m[1m WARNING [21m[0m] Element conservation is violated too large
[[93m[1m WARNING [21m[0m] at step: 14562
[[93m[1m WARNING [21m[0m] -----------------------------------------------------------------
[[32m[1m INFO  [21m[0m] Elapsed time: 1.55e+07 || Step number: 14600/30000
[[32m[1m INFO  [21m[0m] longdy = 2.23e-01      || longdy/dt = 4.04e-08  || dt = 1.81e+05
[[32m[1m INFO  [21m[0m] from nz = 39 and NH3
[[32m[1m INFO  [21m[0m] -----------------------------------------------------------------
[[93m[1m WARNING [21m[0m] Element conservation is violated too large
[[93m[1m WARNING [21m[0m] at step: 14605
[[93m[1m WARNING [21m[0m] -----------------------------------------------------------------
[[32m[1m INFO  [21m[0m] Elapsed time: 2.20e+07 || Step number: 14700/30000
[[32m[1m INFO  [21m[0m] longdy = 4.93e-01      || longdy/dt = 7.56e-08  || dt = 3.24e+04
[[32m[1m INFO  [21m[0m] from nz = 0 and NH3
[[32m[1m INFO  [21m[0m] -----------------------------------------------------------------
[[32m[1m INFO  [21m[0m] Elapsed time: 2.62e+07 || Step number: 14800/30000
[[32m[1m INFO  [21m[0m] longdy = 1.25e-01      || longdy/dt = 3.01e-08  || dt = 5.71e+04
[[32m[1m INFO  [21m[0m] from nz = 0 and NH3
[[32m[1m INFO  [21m[0m] -----------------------------------------------------------------
[[32m[1m INFO  [21m[0m] Integration successful with 14803 steps
[[32m[1m INFO  [21m[0m] long dy, long dydt = 0.04293193685829468, 1.0461612189346657e-08
[[32m[1m INFO  [21m[0m] Total atom loss:
[[32m[1m INFO  [21m[0m] H: -1.8999133215021183e-07 
[[32m[1m INFO  [21m[0m] O: 0.010513098054384275 
[[32m[1m INFO  [21m[0m] C: 0.010461502856236987 
[[32m[1m INFO  [21m[0m] N: -0.22326377436748282 
[[32m[1m INFO  [21m[0m] S: 14.968952570873624 
[[32m[1m INFO  [21m[0m] ------ Live long and prosper \V/ ------
[[32m[1m INFO  [21m[0m]     done
Atmodeller initialized with double precision (float64)
[[93m[1m WARNING [21m[0m] The archive tar file does not exist: /data/rdc49-2/K218b_project/simulation_data/grid_H2_C0_N3_S0_fO20__from_batch03_case_000012__7_crash_atmos_chem_step_vulcan_chem_funs_race_syntax_error/data/data.tar
[[32m[1m INFO  [21m[0m] Observing the planet...
Loading PHOENIX star table in file '/data/rdc49-2/FWL_DATA/prt/input_data/stellar_spectra/phoenix/phoenix.startable.petitRADTRANS.h5'... Done.
Uncaught exception
Traceback (most recent call last):
  File "/data/rdc49-2/anaconda3/envs/proteus/bin/proteus", line 7, in <module>
    sys.exit(cli())
             ^^^^^
  File "/data/rdc49-2/anaconda3/envs/proteus/lib/python3.12/site-packages/click/core.py", line 1485, in __call__
    return self.main(*args, **kwargs)
           ^^^^^^^^^^^^^^^^^^^^^^^^^^
  File "/data/rdc49-2/anaconda3/envs/proteus/lib/python3.12/site-packages/click/core.py", line 1406, in main
    rv = self.invoke(ctx)
         ^^^^^^^^^^^^^^^^
  File "/data/rdc49-2/anaconda3/envs/proteus/lib/python3.12/site-packages/click/core.py", line 1873, in invoke
    return _process_result(sub_ctx.command.invoke(sub_ctx))
                           ^^^^^^^^^^^^^^^^^^^^^^^^^^^^^^^
  File "/data/rdc49-2/anaconda3/envs/proteus/lib/python3.12/site-packages/click/core.py", line 1269, in invoke
    return ctx.invoke(self.callback, **ctx.params)
           ^^^^^^^^^^^^^^^^^^^^^^^^^^^^^^^^^^^^^^^
  File "/data/rdc49-2/anaconda3/envs/proteus/lib/python3.12/site-packages/click/core.py", line 824, in invoke
    return callback(*args, **kwargs)
           ^^^^^^^^^^^^^^^^^^^^^^^^^
  File "/data/rdc49-2/PROTEUS/src/proteus/cli.py", line 662, in observe
    runner.observe()
  File "/data/rdc49-2/PROTEUS/src/proteus/proteus.py", line 1311, in observe
    run_observe(hf_row, self.config, self.directories)
  File "/data/rdc49-2/PROTEUS/src/proteus/observe/wrapper.py", line 101, in run_observe
    calc_synthetic_spectra(hf_row, config, dirs)
  File "/data/rdc49-2/PROTEUS/src/proteus/observe/wrapper.py", line 76, in calc_synthetic_spectra
    transit_depth(hf_row, config, source, dirs)
  File "/data/rdc49-2/PROTEUS/src/proteus/observe/petitRADTRANS.py", line 505, in transit_depth
    wl, base_depth = _compute_transit_column(
                     ^^^^^^^^^^^^^^^^^^^^^^^^
  File "/data/rdc49-2/PROTEUS/src/proteus/observe/petitRADTRANS.py", line 479, in _compute_transit_column
    radtrans = _init_radtrans(
               ^^^^^^^^^^^^^^^
  File "/data/rdc49-2/PROTEUS/src/proteus/observe/petitRADTRANS.py", line 240, in _init_radtrans
    return radtrans_cls(**kwargs)
           ^^^^^^^^^^^^^^^^^^^^^^
  File "/data/rdc49-2/PROTEUS/prt/petitRADTRANS/radtrans.py", line 177, in __init__
    self._frequencies, self._frequency_bins_edges = self._init_frequency_grid()
                                                    ^^^^^^^^^^^^^^^^^^^^^^^^^^^
  File "/data/rdc49-2/PROTEUS/prt/petitRADTRANS/radtrans.py", line 3124, in _init_frequency_grid
    frequencies, frequency_bins_edges = self._init_frequency_grid_from_frequency_grid(
                                        ^^^^^^^^^^^^^^^^^^^^^^^^^^^^^^^^^^^^^^^^^^^^^^
  File "/data/rdc49-2/PROTEUS/prt/petitRADTRANS/radtrans.py", line 3170, in _init_frequency_grid_from_frequency_grid
    raise ValueError(f"Requested wavelength interval "
ValueError: Requested wavelength interval (0.05--300.0) is out of opacities table wavelength grid (0.6070000000000001--250.0)
