Atmodeller initialized with double precision (float64)
[[93m[1m WARNING [21m[0m] The archive tar file does not exist: /data/rdc49-2/K218b_project/simulation_data/grid_H0_C3_N1_S2_fO22__from_batch10_case_000022__7_crash_atmos_chem_step_vulcan_chem_funs_race_syntax_error/data/data.tar
[[32m[1m INFO  [21m[0m] Running atmospheric chemistry...
[[32m[1m INFO  [21m[0m]     Using vulcan module, offline
[[32m[1m INFO  [21m[0m] Elements conserved in the network.
[[32m[1m INFO  [21m[0m] No duplicates in the network.
[[32m[1m INFO  [21m[0m] Elements conserved in the network.
[[32m[1m INFO  [21m[0m] No duplicates in the network.
[[32m[1m INFO  [21m[0m] Running VULCAN
[[93m[1m WARNING [21m[0m] P_b and P_t assgined in vulcan.cfg are out of range of the input. Constant extension is used.
[[32m[1m INFO  [21m[0m] Initializing with compositions from ASCII file /data/rdc49-2/K218b_project/simulation_data/grid_H0_C3_N1_S2_fO22__from_batch10_case_000022__7_crash_atmos_chem_step_vulcan_chem_funs_race_syntax_error/offchem/vmrs.dat
[[32m[1m INFO  [21m[0m] Input stellar spectrum from 2.0 to 700.0
[[32m[1m INFO  [21m[0m] Using wavelength bins from 2.0 to 655.5
[[32m[1m INFO  [21m[0m] Include molecular diffusion.
[[32m[1m INFO  [21m[0m] Starting VULCAN integration with 1 threads...
[[93m[1m WARNING [21m[0m] Keep producing negative values! Clipping negative solutions and moving on!
[[93m[1m WARNING [21m[0m] Keep producing negative values! Clipping negative solutions and moving on!
[[93m[1m WARNING [21m[0m] Keep producing negative values! Clipping negative solutions and moving on!
[[93m[1m WARNING [21m[0m] Keep producing negative values! Clipping negative solutions and moving on!
[[93m[1m WARNING [21m[0m] Keep producing negative values! Clipping negative solutions and moving on!
[[93m[1m WARNING [21m[0m] Keep producing negative values! Clipping negative solutions and moving on!
[[93m[1m WARNING [21m[0m] Keep producing negative values! Clipping negative solutions and moving on!
[[93m[1m WARNING [21m[0m] Keep producing negative values! Clipping negative solutions and moving on!
[[32m[1m INFO  [21m[0m] Elapsed time: 6.49e-06 || Step number: 100/30000
[[32m[1m INFO  [21m[0m] longdy = 1.00e+00      || longdy/dt = 1.00e+00  || dt = 1.51e-07
[[32m[1m INFO  [21m[0m] from nz = 0 and OH
[[32m[1m INFO  [21m[0m] -----------------------------------------------------------------
[[93m[1m WARNING [21m[0m] Keep producing negative values! Clipping negative solutions and moving on!
[[32m[1m INFO  [21m[0m] Elapsed time: 3.08e-05 || Step number: 200/30000
[[32m[1m INFO  [21m[0m] longdy = 1.00e+00      || longdy/dt = 1.00e+00  || dt = 4.85e-07
[[32m[1m INFO  [21m[0m] from nz = 0 and OH
[[32m[1m INFO  [21m[0m] -----------------------------------------------------------------
[[32m[1m INFO  [21m[0m] Elapsed time: 1.40e-04 || Step number: 300/30000
[[32m[1m INFO  [21m[0m] longdy = 1.00e+00      || longdy/dt = 1.00e+00  || dt = 2.34e-06
[[32m[1m INFO  [21m[0m] from nz = 0 and OH
[[32m[1m INFO  [21m[0m] -----------------------------------------------------------------
[[32m[1m INFO  [21m[0m] Elapsed time: 5.45e-04 || Step number: 400/30000
[[32m[1m INFO  [21m[0m] longdy = 1.00e+00      || longdy/dt = 1.00e+00  || dt = 8.13e-06
[[32m[1m INFO  [21m[0m] from nz = 0 and OH
[[32m[1m INFO  [21m[0m] -----------------------------------------------------------------
[[32m[1m INFO  [21m[0m] Elapsed time: 1.80e-03 || Step number: 500/30000
[[32m[1m INFO  [21m[0m] longdy = 1.00e+00      || longdy/dt = 1.00e+00  || dt = 2.87e-05
[[32m[1m INFO  [21m[0m] from nz = 0 and OH
[[32m[1m INFO  [21m[0m] -----------------------------------------------------------------
[[32m[1m INFO  [21m[0m] Elapsed time: 4.27e-03 || Step number: 600/30000
[[32m[1m INFO  [21m[0m] longdy = 1.00e+00      || longdy/dt = 1.00e+00  || dt = 5.59e-05
[[32m[1m INFO  [21m[0m] from nz = 0 and OH
[[32m[1m INFO  [21m[0m] -----------------------------------------------------------------
[[32m[1m INFO  [21m[0m] Elapsed time: 8.65e-03 || Step number: 700/30000
[[32m[1m INFO  [21m[0m] longdy = 1.00e+00      || longdy/dt = 1.00e+00  || dt = 9.40e-05
[[32m[1m INFO  [21m[0m] from nz = 0 and OH
[[32m[1m INFO  [21m[0m] -----------------------------------------------------------------
[[32m[1m INFO  [21m[0m] Elapsed time: 2.29e-02 || Step number: 800/30000
[[32m[1m INFO  [21m[0m] longdy = 1.00e+00      || longdy/dt = 1.00e+00  || dt = 1.94e-04
[[32m[1m INFO  [21m[0m] from nz = 0 and OH
[[32m[1m INFO  [21m[0m] -----------------------------------------------------------------
[[32m[1m INFO  [21m[0m] Elapsed time: 3.72e-02 || Step number: 900/30000
[[32m[1m INFO  [21m[0m] longdy = 1.00e+00      || longdy/dt = 1.00e+00  || dt = 1.85e-04
[[32m[1m INFO  [21m[0m] from nz = 0 and OH
[[32m[1m INFO  [21m[0m] -----------------------------------------------------------------
[[32m[1m INFO  [21m[0m] Elapsed time: 6.15e-02 || Step number: 1000/30000
[[32m[1m INFO  [21m[0m] longdy = 1.00e+00      || longdy/dt = 1.00e+00  || dt = 2.91e-04
[[32m[1m INFO  [21m[0m] from nz = 0 and OH
[[32m[1m INFO  [21m[0m] -----------------------------------------------------------------
[[32m[1m INFO  [21m[0m] Elapsed time: 2.08e-01 || Step number: 1100/30000
[[32m[1m INFO  [21m[0m] longdy = 1.00e+00      || longdy/dt = 1.00e+00  || dt = 2.96e-03
[[32m[1m INFO  [21m[0m] from nz = 0 and OH
[[32m[1m INFO  [21m[0m] -----------------------------------------------------------------
[[32m[1m INFO  [21m[0m] Elapsed time: 6.91e-01 || Step number: 1200/30000
[[32m[1m INFO  [21m[0m] longdy = 1.00e+00      || longdy/dt = 1.00e+00  || dt = 9.08e-03
[[32m[1m INFO  [21m[0m] from nz = 0 and OH
[[32m[1m INFO  [21m[0m] -----------------------------------------------------------------
[[32m[1m INFO  [21m[0m] Elapsed time: 1.75e+00 || Step number: 1300/30000
[[32m[1m INFO  [21m[0m] longdy = 1.00e+00      || longdy/dt = 1.00e+00  || dt = 2.14e-02
[[32m[1m INFO  [21m[0m] from nz = 0 and OH
[[32m[1m INFO  [21m[0m] -----------------------------------------------------------------
[[32m[1m INFO  [21m[0m] Elapsed time: 4.04e+00 || Step number: 1400/30000
[[32m[1m INFO  [21m[0m] longdy = 1.00e+00      || longdy/dt = 1.00e+00  || dt = 4.23e-02
[[32m[1m INFO  [21m[0m] from nz = 0 and OH
[[32m[1m INFO  [21m[0m] -----------------------------------------------------------------
[[32m[1m INFO  [21m[0m] Elapsed time: 8.04e+00 || Step number: 1500/30000
[[32m[1m INFO  [21m[0m] longdy = 1.00e+00      || longdy/dt = 1.00e+00  || dt = 6.95e-02
[[32m[1m INFO  [21m[0m] from nz = 0 and OH
[[32m[1m INFO  [21m[0m] -----------------------------------------------------------------
[[32m[1m INFO  [21m[0m] Elapsed time: 1.51e+01 || Step number: 1600/30000
[[32m[1m INFO  [21m[0m] longdy = 1.00e+00      || longdy/dt = 1.00e+00  || dt = 1.28e-01
[[32m[1m INFO  [21m[0m] from nz = 0 and OH
[[32m[1m INFO  [21m[0m] -----------------------------------------------------------------
[[32m[1m INFO  [21m[0m] Elapsed time: 2.76e+01 || Step number: 1700/30000
[[32m[1m INFO  [21m[0m] longdy = 1.00e+00      || longdy/dt = 1.00e+00  || dt = 2.19e-01
[[32m[1m INFO  [21m[0m] from nz = 0 and OH
[[32m[1m INFO  [21m[0m] -----------------------------------------------------------------
[[32m[1m INFO  [21m[0m] Elapsed time: 5.07e+01 || Step number: 1800/30000
[[32m[1m INFO  [21m[0m] longdy = 1.00e+00      || longdy/dt = 1.00e+00  || dt = 3.80e-01
[[32m[1m INFO  [21m[0m] from nz = 0 and OH
[[32m[1m INFO  [21m[0m] -----------------------------------------------------------------
[[32m[1m INFO  [21m[0m] Elapsed time: 9.05e+01 || Step number: 1900/30000
[[32m[1m INFO  [21m[0m] longdy = 1.00e+00      || longdy/dt = 1.00e+00  || dt = 6.38e-01
[[32m[1m INFO  [21m[0m] from nz = 0 and OH
[[32m[1m INFO  [21m[0m] -----------------------------------------------------------------
[[32m[1m INFO  [21m[0m] Elapsed time: 1.62e+02 || Step number: 2000/30000
[[32m[1m INFO  [21m[0m] longdy = 9.74e+00      || longdy/dt = 1.39e-01  || dt = 1.08e+00
[[32m[1m INFO  [21m[0m] from nz = 16 and O2
[[32m[1m INFO  [21m[0m] -----------------------------------------------------------------
[[32m[1m INFO  [21m[0m] Elapsed time: 2.95e+02 || Step number: 2100/30000
[[32m[1m INFO  [21m[0m] longdy = 1.87e+01      || longdy/dt = 1.43e-01  || dt = 1.66e+00
[[32m[1m INFO  [21m[0m] from nz = 35 and HCS
[[32m[1m INFO  [21m[0m] -----------------------------------------------------------------
[[32m[1m INFO  [21m[0m] Elapsed time: 5.10e+02 || Step number: 2200/30000
[[32m[1m INFO  [21m[0m] longdy = 1.43e+01      || longdy/dt = 6.72e-02  || dt = 3.79e+00
[[32m[1m INFO  [21m[0m] from nz = 31 and HCS
[[32m[1m INFO  [21m[0m] -----------------------------------------------------------------
[[32m[1m INFO  [21m[0m] Elapsed time: 1.02e+03 || Step number: 2300/30000
[[32m[1m INFO  [21m[0m] longdy = 7.55e+00      || longdy/dt = 1.52e-02  || dt = 8.69e+00
[[32m[1m INFO  [21m[0m] from nz = 24 and CS
[[32m[1m INFO  [21m[0m] -----------------------------------------------------------------
[[32m[1m INFO  [21m[0m] Elapsed time: 2.15e+03 || Step number: 2400/30000
[[32m[1m INFO  [21m[0m] longdy = 6.12e+04      || longdy/dt = 5.73e+01  || dt = 1.75e+01
[[32m[1m INFO  [21m[0m] from nz = 26 and CS
[[32m[1m INFO  [21m[0m] -----------------------------------------------------------------
[[32m[1m INFO  [21m[0m] Elapsed time: 4.37e+03 || Step number: 2500/30000
[[32m[1m INFO  [21m[0m] longdy = 1.11e+07      || longdy/dt = 5.10e+03  || dt = 3.17e+01
[[32m[1m INFO  [21m[0m] from nz = 29 and CS
[[32m[1m INFO  [21m[0m] -----------------------------------------------------------------
[[32m[1m INFO  [21m[0m] Elapsed time: 4.81e+03 || Step number: 2600/30000
[[32m[1m INFO  [21m[0m] longdy = 1.52e+01      || longdy/dt = 3.41e-02  || dt = 1.25e-07
[[32m[1m INFO  [21m[0m] from nz = 31 and CS
[[32m[1m INFO  [21m[0m] -----------------------------------------------------------------
[[32m[1m INFO  [21m[0m] Elapsed time: 4.90e+03 || Step number: 2700/30000
[[32m[1m INFO  [21m[0m] longdy = 5.21e+00      || longdy/dt = 6.32e-02  || dt = 4.86e-05
[[32m[1m INFO  [21m[0m] from nz = 0 and N2O
[[32m[1m INFO  [21m[0m] -----------------------------------------------------------------
[[32m[1m INFO  [21m[0m] Elapsed time: 5.01e+03 || Step number: 2800/30000
[[32m[1m INFO  [21m[0m] longdy = 9.33e-01      || longdy/dt = 8.44e-03  || dt = 1.35e-07
[[32m[1m INFO  [21m[0m] from nz = 31 and CS
[[32m[1m INFO  [21m[0m] -----------------------------------------------------------------
[[32m[1m INFO  [21m[0m] Elapsed time: 5.26e+03 || Step number: 2900/30000
[[32m[1m INFO  [21m[0m] longdy = 3.18e+00      || longdy/dt = 1.27e-02  || dt = 1.09e-01
[[32m[1m INFO  [21m[0m] from nz = 31 and CS
[[32m[1m INFO  [21m[0m] -----------------------------------------------------------------
[[32m[1m INFO  [21m[0m] Elapsed time: 5.51e+03 || Step number: 3000/30000
[[32m[1m INFO  [21m[0m] longdy = 2.66e+00      || longdy/dt = 1.05e-02  || dt = 1.22e-07
[[32m[1m INFO  [21m[0m] from nz = 31 and CS
[[32m[1m INFO  [21m[0m] -----------------------------------------------------------------
[[32m[1m INFO  [21m[0m] Elapsed time: 5.63e+03 || Step number: 3100/30000
[[32m[1m INFO  [21m[0m] longdy = 7.03e+00      || longdy/dt = 5.75e-02  || dt = 9.53e-04
[[32m[1m INFO  [21m[0m] from nz = 0 and N2O
[[32m[1m INFO  [21m[0m] -----------------------------------------------------------------
[[32m[1m INFO  [21m[0m] Elapsed time: 5.77e+03 || Step number: 3200/30000
[[32m[1m INFO  [21m[0m] longdy = 8.90e-01      || longdy/dt = 6.71e-03  || dt = 5.30e-05
[[32m[1m INFO  [21m[0m] from nz = 32 and CS
[[32m[1m INFO  [21m[0m] -----------------------------------------------------------------
[[32m[1m INFO  [21m[0m] Elapsed time: 5.93e+03 || Step number: 3300/30000
[[32m[1m INFO  [21m[0m] longdy = 1.19e+00      || longdy/dt = 7.10e-03  || dt = 1.60e-07
[[32m[1m INFO  [21m[0m] from nz = 32 and CS
[[32m[1m INFO  [21m[0m] -----------------------------------------------------------------
[[32m[1m INFO  [21m[0m] Elapsed time: 6.01e+03 || Step number: 3400/30000
[[32m[1m INFO  [21m[0m] longdy = 1.18e+00      || longdy/dt = 1.53e-02  || dt = 1.69e+00
[[32m[1m INFO  [21m[0m] from nz = 0 and N2O
[[32m[1m INFO  [21m[0m] -----------------------------------------------------------------
[[32m[1m INFO  [21m[0m] Elapsed time: 6.11e+03 || Step number: 3500/30000
[[32m[1m INFO  [21m[0m] longdy = 5.44e-01      || longdy/dt = 5.62e-03  || dt = 2.31e-07
[[32m[1m INFO  [21m[0m] from nz = 32 and CS
[[32m[1m INFO  [21m[0m] -----------------------------------------------------------------
[[32m[1m INFO  [21m[0m] Elapsed time: 6.46e+03 || Step number: 3600/30000
[[32m[1m INFO  [21m[0m] longdy = 3.11e+00      || longdy/dt = 9.22e-03  || dt = 2.02e+01
[[32m[1m INFO  [21m[0m] from nz = 32 and CS
[[32m[1m INFO  [21m[0m] -----------------------------------------------------------------
[[93m[1m WARNING [21m[0m] Keep producing negative values! Clipping negative solutions and moving on!
[[32m[1m INFO  [21m[0m] Elapsed time: 6.57e+03 || Step number: 3700/30000
[[32m[1m INFO  [21m[0m] longdy = 1.00e+00      || longdy/dt = 9.19e-03  || dt = 2.59e-01
[[32m[1m INFO  [21m[0m] from nz = 0 and N2O
[[32m[1m INFO  [21m[0m] -----------------------------------------------------------------
[[32m[1m INFO  [21m[0m] Elapsed time: 6.92e+03 || Step number: 3800/30000
[[32m[1m INFO  [21m[0m] longdy = 2.63e+00      || longdy/dt = 7.61e-03  || dt = 1.46e-07
[[32m[1m INFO  [21m[0m] from nz = 33 and CS
[[32m[1m INFO  [21m[0m] -----------------------------------------------------------------
[[32m[1m INFO  [21m[0m] Elapsed time: 7.12e+03 || Step number: 3900/30000
[[32m[1m INFO  [21m[0m] longdy = 9.94e-01      || longdy/dt = 5.19e-03  || dt = 2.16e+01
[[32m[1m INFO  [21m[0m] from nz = 33 and CS
[[32m[1m INFO  [21m[0m] -----------------------------------------------------------------
[[32m[1m INFO  [21m[0m] Elapsed time: 7.35e+03 || Step number: 4000/30000
[[32m[1m INFO  [21m[0m] longdy = 1.22e+00      || longdy/dt = 5.31e-03  || dt = 3.89e-03
[[32m[1m INFO  [21m[0m] from nz = 33 and CS
[[32m[1m INFO  [21m[0m] -----------------------------------------------------------------
[[93m[1m WARNING [21m[0m] Keep producing negative values! Clipping negative solutions and moving on!
[[32m[1m INFO  [21m[0m] Elapsed time: 7.75e+03 || Step number: 4100/30000
[[32m[1m INFO  [21m[0m] longdy = 2.62e+00      || longdy/dt = 6.50e-03  || dt = 1.19e-07
[[32m[1m INFO  [21m[0m] from nz = 33 and CS
[[32m[1m INFO  [21m[0m] -----------------------------------------------------------------
[[32m[1m INFO  [21m[0m] Elapsed time: 7.79e+03 || Step number: 4200/30000
[[32m[1m INFO  [21m[0m] longdy = 9.34e+00      || longdy/dt = 2.52e-01  || dt = 1.28e-03
[[32m[1m INFO  [21m[0m] from nz = 0 and N2O
[[32m[1m INFO  [21m[0m] -----------------------------------------------------------------
[[32m[1m INFO  [21m[0m] Elapsed time: 7.88e+03 || Step number: 4300/30000
[[32m[1m INFO  [21m[0m] longdy = 2.82e-01      || longdy/dt = 3.37e-03  || dt = 6.87e-07
[[32m[1m INFO  [21m[0m] from nz = 34 and CS
[[32m[1m INFO  [21m[0m] -----------------------------------------------------------------
[[32m[1m INFO  [21m[0m] Elapsed time: 8.13e+03 || Step number: 4400/30000
[[32m[1m INFO  [21m[0m] longdy = 1.06e+00      || longdy/dt = 4.30e-03  || dt = 9.15e+00
[[32m[1m INFO  [21m[0m] from nz = 34 and CS
[[32m[1m INFO  [21m[0m] -----------------------------------------------------------------
[[32m[1m INFO  [21m[0m] Elapsed time: 9.01e+03 || Step number: 4500/30000
[[32m[1m INFO  [21m[0m] longdy = 9.65e+00      || longdy/dt = 1.12e-02  || dt = 3.29e+01
[[32m[1m INFO  [21m[0m] from nz = 34 and CS
[[32m[1m INFO  [21m[0m] -----------------------------------------------------------------
[[32m[1m INFO  [21m[0m] Elapsed time: 9.07e+03 || Step number: 4600/30000
[[32m[1m INFO  [21m[0m] longdy = 4.32e+01      || longdy/dt = 7.69e-01  || dt = 1.48e-07
[[32m[1m INFO  [21m[0m] from nz = 0 and N2O
[[32m[1m INFO  [21m[0m] -----------------------------------------------------------------
[[32m[1m INFO  [21m[0m] Elapsed time: 9.61e+03 || Step number: 4700/30000
[[32m[1m INFO  [21m[0m] longdy = 2.62e+00      || longdy/dt = 4.81e-03  || dt = 1.96e-03
[[32m[1m INFO  [21m[0m] from nz = 35 and CS
[[32m[1m INFO  [21m[0m] -----------------------------------------------------------------
[[32m[1m INFO  [21m[0m] Elapsed time: 9.90e+03 || Step number: 4800/30000
[[32m[1m INFO  [21m[0m] longdy = 9.30e-01      || longdy/dt = 3.23e-03  || dt = 1.22e-06
[[32m[1m INFO  [21m[0m] from nz = 35 and CS
[[32m[1m INFO  [21m[0m] -----------------------------------------------------------------
[[32m[1m INFO  [21m[0m] Elapsed time: 1.02e+04 || Step number: 4900/30000
[[32m[1m INFO  [21m[0m] longdy = 8.79e-01      || longdy/dt = 3.20e-03  || dt = 1.20e-07
[[32m[1m INFO  [21m[0m] from nz = 0 and N2O
[[32m[1m INFO  [21m[0m] -----------------------------------------------------------------
[[32m[1m INFO  [21m[0m] Elapsed time: 1.04e+04 || Step number: 5000/30000
[[32m[1m INFO  [21m[0m] longdy = 5.62e+00      || longdy/dt = 2.29e-02  || dt = 7.50e-07
[[32m[1m INFO  [21m[0m] from nz = 0 and N2O
[[32m[1m INFO  [21m[0m] -----------------------------------------------------------------
[[32m[1m INFO  [21m[0m] Elapsed time: 1.05e+04 || Step number: 5100/30000
[[32m[1m INFO  [21m[0m] longdy = 6.52e-01      || longdy/dt = 5.12e-03  || dt = 1.42e-07
[[32m[1m INFO  [21m[0m] from nz = 0 and N2O
[[32m[1m INFO  [21m[0m] -----------------------------------------------------------------
[[32m[1m INFO  [21m[0m] Elapsed time: 1.07e+04 || Step number: 5200/30000
[[32m[1m INFO  [21m[0m] longdy = 1.85e+00      || longdy/dt = 1.79e-02  || dt = 1.41e+01
[[32m[1m INFO  [21m[0m] from nz = 0 and N2O
[[32m[1m INFO  [21m[0m] -----------------------------------------------------------------
[[93m[1m WARNING [21m[0m] Keep producing negative values! Clipping negative solutions and moving on!
[[32m[1m INFO  [21m[0m] Elapsed time: 1.09e+04 || Step number: 5300/30000
[[32m[1m INFO  [21m[0m] longdy = 1.00e+00      || longdy/dt = 3.69e-03  || dt = 1.19e-06
[[32m[1m INFO  [21m[0m] from nz = 0 and N2O
[[32m[1m INFO  [21m[0m] -----------------------------------------------------------------
[[32m[1m INFO  [21m[0m] Elapsed time: 1.12e+04 || Step number: 5400/30000
[[32m[1m INFO  [21m[0m] longdy = 4.63e-01      || longdy/dt = 2.28e-03  || dt = 2.87e+01
[[32m[1m INFO  [21m[0m] from nz = 36 and CS
[[32m[1m INFO  [21m[0m] -----------------------------------------------------------------
[[32m[1m INFO  [21m[0m] Elapsed time: 1.15e+04 || Step number: 5500/30000
[[32m[1m INFO  [21m[0m] longdy = 1.00e+00      || longdy/dt = 2.80e-03  || dt = 7.30e-07
[[32m[1m INFO  [21m[0m] from nz = 0 and N2O
[[32m[1m INFO  [21m[0m] -----------------------------------------------------------------
[[32m[1m INFO  [21m[0m] Elapsed time: 1.19e+04 || Step number: 5600/30000
[[32m[1m INFO  [21m[0m] longdy = 8.78e-01      || longdy/dt = 2.44e-03  || dt = 9.04e-01
[[32m[1m INFO  [21m[0m] from nz = 36 and CS
[[32m[1m INFO  [21m[0m] -----------------------------------------------------------------
[[32m[1m INFO  [21m[0m] Elapsed time: 1.22e+04 || Step number: 5700/30000
[[32m[1m INFO  [21m[0m] longdy = 8.78e-01      || longdy/dt = 2.62e-03  || dt = 1.20e-07
[[32m[1m INFO  [21m[0m] from nz = 0 and N2O
[[32m[1m INFO  [21m[0m] -----------------------------------------------------------------
[[32m[1m INFO  [21m[0m] Elapsed time: 1.27e+04 || Step number: 5800/30000
[[32m[1m INFO  [21m[0m] longdy = 6.11e+00      || longdy/dt = 1.34e-02  || dt = 1.37e-04
[[32m[1m INFO  [21m[0m] from nz = 0 and N2O
[[32m[1m INFO  [21m[0m] -----------------------------------------------------------------
[[32m[1m INFO  [21m[0m] Elapsed time: 1.29e+04 || Step number: 5900/30000
[[32m[1m INFO  [21m[0m] longdy = 8.47e-01      || longdy/dt = 3.37e-03  || dt = 6.33e+01
[[32m[1m INFO  [21m[0m] from nz = 0 and N2O
[[32m[1m INFO  [21m[0m] -----------------------------------------------------------------
[[32m[1m INFO  [21m[0m] Elapsed time: 1.55e+04 || Step number: 6000/30000
[[32m[1m INFO  [21m[0m] longdy = 1.72e+01      || longdy/dt = 6.74e-03  || dt = 3.62e+01
[[32m[1m INFO  [21m[0m] from nz = 38 and CS
[[32m[1m INFO  [21m[0m] -----------------------------------------------------------------
[[32m[1m INFO  [21m[0m] Elapsed time: 1.79e+04 || Step number: 6100/30000
[[32m[1m INFO  [21m[0m] longdy = 5.52e+00      || longdy/dt = 2.38e-03  || dt = 3.58e+01
[[32m[1m INFO  [21m[0m] from nz = 39 and CS
[[32m[1m INFO  [21m[0m] -----------------------------------------------------------------
[[93m[1m WARNING [21m[0m] Keep producing negative values! Clipping negative solutions and moving on!
[[93m[1m WARNING [21m[0m] Keep producing negative values! Clipping negative solutions and moving on!
[[32m[1m INFO  [21m[0m] Elapsed time: 1.94e+04 || Step number: 6200/30000
[[32m[1m INFO  [21m[0m] longdy = 1.63e+00      || longdy/dt = 1.05e-03  || dt = 8.00e-08
[[32m[1m INFO  [21m[0m] from nz = 39 and CS
[[32m[1m INFO  [21m[0m] -----------------------------------------------------------------
[[93m[1m WARNING [21m[0m] Keep producing negative values! Clipping negative solutions and moving on!
[[32m[1m INFO  [21m[0m] Elapsed time: 2.07e+04 || Step number: 6300/30000
[[32m[1m INFO  [21m[0m] longdy = 9.45e-01      || longdy/dt = 7.26e-04  || dt = 2.77e+00
[[32m[1m INFO  [21m[0m] from nz = 40 and CS
[[32m[1m INFO  [21m[0m] -----------------------------------------------------------------
[[93m[1m WARNING [21m[0m] Keep producing negative values! Clipping negative solutions and moving on!
[[32m[1m INFO  [21m[0m] Elapsed time: 2.21e+04 || Step number: 6400/30000
[[32m[1m INFO  [21m[0m] longdy = 8.16e-01      || longdy/dt = 5.95e-04  || dt = 4.10e-05
[[32m[1m INFO  [21m[0m] from nz = 40 and CS
[[32m[1m INFO  [21m[0m] -----------------------------------------------------------------
[[93m[1m WARNING [21m[0m] Keep producing negative values! Clipping negative solutions and moving on!
[[32m[1m INFO  [21m[0m] Elapsed time: 2.29e+04 || Step number: 6500/30000
[[32m[1m INFO  [21m[0m] longdy = 3.21e-01      || longdy/dt = 4.32e-04  || dt = 2.60e+01
[[32m[1m INFO  [21m[0m] from nz = 40 and CS
[[32m[1m INFO  [21m[0m] -----------------------------------------------------------------
[[93m[1m WARNING [21m[0m] Keep producing negative values! Clipping negative solutions and moving on!
[[32m[1m INFO  [21m[0m] Elapsed time: 2.46e+04 || Step number: 6600/30000
[[32m[1m INFO  [21m[0m] longdy = 7.48e-01      || longdy/dt = 4.25e-04  || dt = 1.24e+01
[[32m[1m INFO  [21m[0m] from nz = 41 and CS
[[32m[1m INFO  [21m[0m] -----------------------------------------------------------------
[[93m[1m WARNING [21m[0m] Keep producing negative values! Clipping negative solutions and moving on!
[[32m[1m INFO  [21m[0m] Elapsed time: 2.52e+04 || Step number: 6700/30000
[[32m[1m INFO  [21m[0m] longdy = 1.82e-01      || longdy/dt = 3.06e-04  || dt = 3.10e+01
[[32m[1m INFO  [21m[0m] from nz = 41 and CS
[[32m[1m INFO  [21m[0m] -----------------------------------------------------------------
[[93m[1m WARNING [21m[0m] Keep producing negative values! Clipping negative solutions and moving on!
[[93m[1m WARNING [21m[0m] Keep producing negative values! Clipping negative solutions and moving on!
[[32m[1m INFO  [21m[0m] Elapsed time: 2.61e+04 || Step number: 6800/30000
[[32m[1m INFO  [21m[0m] longdy = 2.34e-01      || longdy/dt = 2.90e-04  || dt = 7.65e+00
[[32m[1m INFO  [21m[0m] from nz = 41 and CS
[[32m[1m INFO  [21m[0m] -----------------------------------------------------------------
[[93m[1m WARNING [21m[0m] Keep producing negative values! Clipping negative solutions and moving on!
[[32m[1m INFO  [21m[0m] Elapsed time: 2.68e+04 || Step number: 6900/30000
[[32m[1m INFO  [21m[0m] longdy = 1.93e-01      || longdy/dt = 2.67e-04  || dt = 1.06e-07
[[32m[1m INFO  [21m[0m] from nz = 42 and C6H5
[[32m[1m INFO  [21m[0m] -----------------------------------------------------------------
[[32m[1m INFO  [21m[0m] Elapsed time: 2.75e+04 || Step number: 7000/30000
[[32m[1m INFO  [21m[0m] longdy = 8.32e-01      || longdy/dt = 1.22e-03  || dt = 5.89e-02
[[32m[1m INFO  [21m[0m] from nz = 1 and N2O
[[32m[1m INFO  [21m[0m] -----------------------------------------------------------------
[[32m[1m INFO  [21m[0m] Elapsed time: 2.81e+04 || Step number: 7100/30000
[[32m[1m INFO  [21m[0m] longdy = 1.64e-01      || longdy/dt = 2.50e-04  || dt = 3.95e-06
[[32m[1m INFO  [21m[0m] from nz = 42 and C6H5
[[32m[1m INFO  [21m[0m] -----------------------------------------------------------------
[[93m[1m WARNING [21m[0m] Keep producing negative values! Clipping negative solutions and moving on!
[[32m[1m INFO  [21m[0m] Elapsed time: 2.88e+04 || Step number: 7200/30000
[[32m[1m INFO  [21m[0m] longdy = 1.54e-01      || longdy/dt = 2.43e-04  || dt = 3.44e-03
[[32m[1m INFO  [21m[0m] from nz = 42 and C6H5
[[32m[1m INFO  [21m[0m] -----------------------------------------------------------------
[[93m[1m WARNING [21m[0m] Keep producing negative values! Clipping negative solutions and moving on!
[[32m[1m INFO  [21m[0m] Elapsed time: 2.94e+04 || Step number: 7300/30000
[[32m[1m INFO  [21m[0m] longdy = 1.60e-01      || longdy/dt = 2.33e-04  || dt = 3.95e-06
[[32m[1m INFO  [21m[0m] from nz = 42 and C6H5
[[32m[1m INFO  [21m[0m] -----------------------------------------------------------------
[[32m[1m INFO  [21m[0m] Elapsed time: 2.99e+04 || Step number: 7400/30000
[[32m[1m INFO  [21m[0m] longdy = 1.07e-01      || longdy/dt = 2.33e-04  || dt = 3.15e+01
[[32m[1m INFO  [21m[0m] from nz = 43 and C6H5
[[32m[1m INFO  [21m[0m] -----------------------------------------------------------------
[[93m[1m WARNING [21m[0m] Keep producing negative values! Clipping negative solutions and moving on!
[[32m[1m INFO  [21m[0m] Elapsed time: 3.07e+04 || Step number: 7500/30000
[[32m[1m INFO  [21m[0m] longdy = 1.61e-01      || longdy/dt = 2.18e-04  || dt = 6.38e+01
[[32m[1m INFO  [21m[0m] from nz = 43 and C6H5
[[32m[1m INFO  [21m[0m] -----------------------------------------------------------------
[[32m[1m INFO  [21m[0m] Elapsed time: 3.16e+04 || Step number: 7600/30000
[[32m[1m INFO  [21m[0m] longdy = 1.77e-01      || longdy/dt = 2.07e-04  || dt = 3.54e-06
[[32m[1m INFO  [21m[0m] from nz = 43 and C6H5
[[32m[1m INFO  [21m[0m] -----------------------------------------------------------------
[[32m[1m INFO  [21m[0m] Elapsed time: 3.28e+04 || Step number: 7700/30000
[[32m[1m INFO  [21m[0m] longdy = 2.27e-01      || longdy/dt = 1.90e-04  || dt = 4.76e-05
[[32m[1m INFO  [21m[0m] from nz = 43 and C6H5
[[32m[1m INFO  [21m[0m] -----------------------------------------------------------------
[[32m[1m INFO  [21m[0m] Elapsed time: 3.44e+04 || Step number: 7800/30000
[[32m[1m INFO  [21m[0m] longdy = 2.71e-01      || longdy/dt = 1.72e-04  || dt = 4.70e+01
[[32m[1m INFO  [21m[0m] from nz = 44 and C6H5
[[32m[1m INFO  [21m[0m] -----------------------------------------------------------------
[[32m[1m INFO  [21m[0m] Elapsed time: 3.54e+04 || Step number: 7900/30000
[[32m[1m INFO  [21m[0m] longdy = 1.85e-01      || longdy/dt = 1.70e-04  || dt = 1.55e-06
[[32m[1m INFO  [21m[0m] from nz = 44 and C6H5
[[32m[1m INFO  [21m[0m] -----------------------------------------------------------------
[[32m[1m INFO  [21m[0m] Elapsed time: 3.73e+04 || Step number: 8000/30000
[[32m[1m INFO  [21m[0m] longdy = 2.69e-01      || longdy/dt = 1.50e-04  || dt = 7.07e+01
[[32m[1m INFO  [21m[0m] from nz = 45 and C6H5
[[32m[1m INFO  [21m[0m] -----------------------------------------------------------------
[[93m[1m WARNING [21m[0m] Keep producing negative values! Clipping negative solutions and moving on!
[[93m[1m WARNING [21m[0m] Keep producing negative values! Clipping negative solutions and moving on!
[[32m[1m INFO  [21m[0m] Elapsed time: 3.91e+04 || Step number: 8100/30000
[[32m[1m INFO  [21m[0m] longdy = 2.57e-01      || longdy/dt = 1.38e-04  || dt = 2.84e-01
[[32m[1m INFO  [21m[0m] from nz = 45 and C6H5
[[32m[1m INFO  [21m[0m] -----------------------------------------------------------------
[[32m[1m INFO  [21m[0m] Elapsed time: 3.99e+04 || Step number: 8200/30000
[[32m[1m INFO  [21m[0m] longdy = 9.93e-02      || longdy/dt = 1.44e-04  || dt = 1.30e+02
[[32m[1m INFO  [21m[0m] from nz = 46 and C6H5
[[32m[1m INFO  [21m[0m] -----------------------------------------------------------------
[[93m[1m WARNING [21m[0m] Keep producing negative values! Clipping negative solutions and moving on!
[[32m[1m INFO  [21m[0m] Elapsed time: 4.24e+04 || Step number: 8300/30000
[[32m[1m INFO  [21m[0m] longdy = 2.67e-01      || longdy/dt = 1.21e-04  || dt = 2.97e+02
[[32m[1m INFO  [21m[0m] from nz = 46 and C6H5
[[32m[1m INFO  [21m[0m] -----------------------------------------------------------------
[[32m[1m INFO  [21m[0m] Elapsed time: 4.37e+04 || Step number: 8400/30000
[[32m[1m INFO  [21m[0m] longdy = 2.49e+00      || longdy/dt = 1.93e-03  || dt = 1.57e-06
[[32m[1m INFO  [21m[0m] from nz = 1 and N2O
[[32m[1m INFO  [21m[0m] -----------------------------------------------------------------
[[32m[1m INFO  [21m[0m] Elapsed time: 4.51e+04 || Step number: 8500/30000
[[32m[1m INFO  [21m[0m] longdy = 2.09e-01      || longdy/dt = 1.50e-04  || dt = 7.77e+01
[[32m[1m INFO  [21m[0m] from nz = 1 and N2O
[[32m[1m INFO  [21m[0m] -----------------------------------------------------------------
[[32m[1m INFO  [21m[0m] Elapsed time: 4.80e+04 || Step number: 8600/30000
[[32m[1m INFO  [21m[0m] longdy = 6.69e-01      || longdy/dt = 2.35e-04  || dt = 3.47e-07
[[32m[1m INFO  [21m[0m] from nz = 1 and N2O
[[32m[1m INFO  [21m[0m] -----------------------------------------------------------------
[[93m[1m WARNING [21m[0m] Keep producing negative values! Clipping negative solutions and moving on!
[[32m[1m INFO  [21m[0m] Elapsed time: 4.94e+04 || Step number: 8700/30000
[[32m[1m INFO  [21m[0m] longdy = 1.71e+00      || longdy/dt = 1.34e-03  || dt = 1.45e+02
[[32m[1m INFO  [21m[0m] from nz = 1 and N2O
[[32m[1m INFO  [21m[0m] -----------------------------------------------------------------
[[93m[1m WARNING [21m[0m] Keep producing negative values! Clipping negative solutions and moving on!
[[32m[1m INFO  [21m[0m] Elapsed time: 4.98e+04 || Step number: 8800/30000
[[32m[1m INFO  [21m[0m] longdy = 1.00e+00      || longdy/dt = 2.50e-03  || dt = 2.64e+00
[[32m[1m INFO  [21m[0m] from nz = 1 and N2O
[[32m[1m INFO  [21m[0m] -----------------------------------------------------------------
[[32m[1m INFO  [21m[0m] Elapsed time: 5.07e+04 || Step number: 8900/30000
[[32m[1m INFO  [21m[0m] longdy = 1.07e-01      || longdy/dt = 1.13e-04  || dt = 1.25e-05
[[32m[1m INFO  [21m[0m] from nz = 2 and S8
[[32m[1m INFO  [21m[0m] -----------------------------------------------------------------
[[32m[1m INFO  [21m[0m] Elapsed time: 5.20e+04 || Step number: 9000/30000
[[32m[1m INFO  [21m[0m] longdy = 8.88e-01      || longdy/dt = 6.94e-04  || dt = 1.07e-07
[[32m[1m INFO  [21m[0m] from nz = 0 and N2O
[[32m[1m INFO  [21m[0m] -----------------------------------------------------------------
[[32m[1m INFO  [21m[0m] Elapsed time: 5.26e+04 || Step number: 9100/30000
[[32m[1m INFO  [21m[0m] longdy = 6.94e+00      || longdy/dt = 1.20e-02  || dt = 5.90e-07
[[32m[1m INFO  [21m[0m] from nz = 0 and N2O
[[32m[1m INFO  [21m[0m] -----------------------------------------------------------------
[[32m[1m INFO  [21m[0m] Elapsed time: 5.31e+04 || Step number: 9200/30000
[[32m[1m INFO  [21m[0m] longdy = 5.63e-02      || longdy/dt = 1.06e-04  || dt = 3.06e-07
[[32m[1m INFO  [21m[0m] from nz = 2 and S8
[[32m[1m INFO  [21m[0m] -----------------------------------------------------------------
[[93m[1m WARNING [21m[0m] Keep producing negative values! Clipping negative solutions and moving on!
[[93m[1m WARNING [21m[0m] Keep producing negative values! Clipping negative solutions and moving on!
[[32m[1m INFO  [21m[0m] Elapsed time: 5.42e+04 || Step number: 9300/30000
[[32m[1m INFO  [21m[0m] longdy = 1.05e-01      || longdy/dt = 1.01e-04  || dt = 1.00e-08
[[32m[1m INFO  [21m[0m] from nz = 2 and S8
[[32m[1m INFO  [21m[0m] -----------------------------------------------------------------
[[93m[1m WARNING [21m[0m] Keep producing negative values! Clipping negative solutions and moving on!
[[32m[1m INFO  [21m[0m] Elapsed time: 5.46e+04 || Step number: 9400/30000
[[32m[1m INFO  [21m[0m] longdy = 9.93e-01      || longdy/dt = 2.04e-03  || dt = 6.36e-03
[[32m[1m INFO  [21m[0m] from nz = 1 and N2O
[[32m[1m INFO  [21m[0m] -----------------------------------------------------------------
[[32m[1m INFO  [21m[0m] Elapsed time: 5.60e+04 || Step number: 9500/30000
[[32m[1m INFO  [21m[0m] longdy = 4.06e-01      || longdy/dt = 3.07e-04  || dt = 1.81e-07
[[32m[1m INFO  [21m[0m] from nz = 0 and N2O
[[32m[1m INFO  [21m[0m] -----------------------------------------------------------------
[[93m[1m WARNING [21m[0m] Keep producing negative values! Clipping negative solutions and moving on!
[[32m[1m INFO  [21m[0m] Elapsed time: 5.67e+04 || Step number: 9600/30000
[[32m[1m INFO  [21m[0m] longdy = 2.52e-01      || longdy/dt = 3.20e-04  || dt = 1.33e-01
[[32m[1m INFO  [21m[0m] from nz = 0 and N2O
[[32m[1m INFO  [21m[0m] -----------------------------------------------------------------
[[93m[1m WARNING [21m[0m] Keep producing negative values! Clipping negative solutions and moving on!
[[93m[1m WARNING [21m[0m] Keep producing negative values! Clipping negative solutions and moving on!
[[32m[1m INFO  [21m[0m] Elapsed time: 5.81e+04 || Step number: 9700/30000
[[32m[1m INFO  [21m[0m] longdy = 1.16e-01      || longdy/dt = 8.85e-05  || dt = 1.36e-04
[[32m[1m INFO  [21m[0m] from nz = 2 and S8
[[32m[1m INFO  [21m[0m] -----------------------------------------------------------------
[[93m[1m WARNING [21m[0m] Keep producing negative values! Clipping negative solutions and moving on!
[[93m[1m WARNING [21m[0m] Keep producing negative values! Clipping negative solutions and moving on!
[[32m[1m INFO  [21m[0m] Elapsed time: 6.04e+04 || Step number: 9800/30000
[[32m[1m INFO  [21m[0m] longdy = 9.08e-01      || longdy/dt = 3.83e-04  || dt = 4.42e-08
[[32m[1m INFO  [21m[0m] from nz = 1 and N2O
[[32m[1m INFO  [21m[0m] -----------------------------------------------------------------
[[32m[1m INFO  [21m[0m] Elapsed time: 6.07e+04 || Step number: 9900/30000
[[32m[1m INFO  [21m[0m] longdy = 9.70e+00      || longdy/dt = 3.18e-02  || dt = 1.24e-05
[[32m[1m INFO  [21m[0m] from nz = 1 and N2O
[[32m[1m INFO  [21m[0m] -----------------------------------------------------------------
[[93m[1m WARNING [21m[0m] Keep producing negative values! Clipping negative solutions and moving on!
[[32m[1m INFO  [21m[0m] Elapsed time: 6.20e+04 || Step number: 10000/30000
[[32m[1m INFO  [21m[0m] longdy = 9.27e-01      || longdy/dt = 7.59e-04  || dt = 1.03e-07
[[32m[1m INFO  [21m[0m] from nz = 0 and N2O
[[32m[1m INFO  [21m[0m] -----------------------------------------------------------------
[[93m[1m WARNING [21m[0m] Keep producing negative values! Clipping negative solutions and moving on!
[[32m[1m INFO  [21m[0m] Elapsed time: 6.36e+04 || Step number: 10100/30000
[[32m[1m INFO  [21m[0m] longdy = 1.12e+01      || longdy/dt = 6.88e-03  || dt = 5.42e-07
[[32m[1m INFO  [21m[0m] from nz = 0 and N2O
[[32m[1m INFO  [21m[0m] -----------------------------------------------------------------
[[93m[1m WARNING [21m[0m] Keep producing negative values! Clipping negative solutions and moving on!
[[32m[1m INFO  [21m[0m] Elapsed time: 6.45e+04 || Step number: 10200/30000
[[32m[1m INFO  [21m[0m] longdy = 9.02e-01      || longdy/dt = 1.01e-03  || dt = 4.83e-08
[[32m[1m INFO  [21m[0m] from nz = 1 and N2O
[[32m[1m INFO  [21m[0m] -----------------------------------------------------------------
[[32m[1m INFO  [21m[0m] Elapsed time: 6.48e+04 || Step number: 10300/30000
[[32m[1m INFO  [21m[0m] longdy = 1.33e+01      || longdy/dt = 4.83e-02  || dt = 7.81e-03
[[32m[1m INFO  [21m[0m] from nz = 1 and N2O
[[32m[1m INFO  [21m[0m] -----------------------------------------------------------------
[[93m[1m WARNING [21m[0m] Keep producing negative values! Clipping negative solutions and moving on!
[[93m[1m WARNING [21m[0m] Keep producing negative values! Clipping negative solutions and moving on!
[[32m[1m INFO  [21m[0m] Elapsed time: 6.58e+04 || Step number: 10400/30000
[[32m[1m INFO  [21m[0m] longdy = 7.54e-02      || longdy/dt = 7.01e-05  || dt = 1.17e-06
[[32m[1m INFO  [21m[0m] from nz = 2 and S8
[[32m[1m INFO  [21m[0m] -----------------------------------------------------------------
[[32m[1m INFO  [21m[0m] Elapsed time: 6.68e+04 || Step number: 10500/30000
[[32m[1m INFO  [21m[0m] longdy = 9.12e-01      || longdy/dt = 1.06e-03  || dt = 1.32e+02
[[32m[1m INFO  [21m[0m] from nz = 0 and N2O
[[32m[1m INFO  [21m[0m] -----------------------------------------------------------------
[[32m[1m INFO  [21m[0m] Elapsed time: 6.83e+04 || Step number: 10600/30000
[[32m[1m INFO  [21m[0m] longdy = 1.00e+00      || longdy/dt = 6.81e-04  || dt = 1.02e-07
[[32m[1m INFO  [21m[0m] from nz = 0 and N2O
[[32m[1m INFO  [21m[0m] -----------------------------------------------------------------
[[32m[1m INFO  [21m[0m] Elapsed time: 6.85e+04 || Step number: 10700/30000
[[32m[1m INFO  [21m[0m] longdy = 1.17e+01      || longdy/dt = 4.34e-02  || dt = 1.15e-01
[[32m[1m INFO  [21m[0m] from nz = 0 and N2O
[[32m[1m INFO  [21m[0m] -----------------------------------------------------------------
[[93m[1m WARNING [21m[0m] Keep producing negative values! Clipping negative solutions and moving on!
[[32m[1m INFO  [21m[0m] Elapsed time: 6.93e+04 || Step number: 10800/30000
[[32m[1m INFO  [21m[0m] longdy = 8.65e-01      || longdy/dt = 1.21e-03  || dt = 1.07e-07
[[32m[1m INFO  [21m[0m] from nz = 0 and N2O
[[32m[1m INFO  [21m[0m] -----------------------------------------------------------------
[[93m[1m WARNING [21m[0m] Keep producing negative values! Clipping negative solutions and moving on!
[[32m[1m INFO  [21m[0m] Elapsed time: 6.96e+04 || Step number: 10900/30000
[[32m[1m INFO  [21m[0m] longdy = 5.49e+00      || longdy/dt = 1.44e-02  || dt = 2.01e+01
[[32m[1m INFO  [21m[0m] from nz = 0 and N2O
[[32m[1m INFO  [21m[0m] -----------------------------------------------------------------
[[93m[1m WARNING [21m[0m] Keep producing negative values! Clipping negative solutions and moving on!
[[93m[1m WARNING [21m[0m] Keep producing negative values! Clipping negative solutions and moving on!
[[32m[1m INFO  [21m[0m] Elapsed time: 7.03e+04 || Step number: 11000/30000
[[32m[1m INFO  [21m[0m] longdy = 3.78e-02      || longdy/dt = 6.17e-05  || dt = 1.03e+02
[[32m[1m INFO  [21m[0m] from nz = 2 and S8
[[32m[1m INFO  [21m[0m] -----------------------------------------------------------------
[[93m[1m WARNING [21m[0m] Keep producing negative values! Clipping negative solutions and moving on!
[[93m[1m WARNING [21m[0m] Keep producing negative values! Clipping negative solutions and moving on!
[[32m[1m INFO  [21m[0m] Elapsed time: 7.10e+04 || Step number: 11100/30000
[[32m[1m INFO  [21m[0m] longdy = 1.00e+00      || longdy/dt = 1.46e-03  || dt = 1.01e-07
[[32m[1m INFO  [21m[0m] from nz = 0 and N2O
[[32m[1m INFO  [21m[0m] -----------------------------------------------------------------
[[93m[1m WARNING [21m[0m] Keep producing negative values! Clipping negative solutions and moving on!
[[32m[1m INFO  [21m[0m] Elapsed time: 7.13e+04 || Step number: 11200/30000
[[32m[1m INFO  [21m[0m] longdy = 8.68e+00      || longdy/dt = 3.05e-02  || dt = 1.04e+00
[[32m[1m INFO  [21m[0m] from nz = 0 and N2O
[[32m[1m INFO  [21m[0m] -----------------------------------------------------------------
[[93m[1m WARNING [21m[0m] Keep producing negative values! Clipping negative solutions and moving on!
[[32m[1m INFO  [21m[0m] Elapsed time: 7.18e+04 || Step number: 11300/30000
[[32m[1m INFO  [21m[0m] longdy = 4.98e-02      || longdy/dt = 9.52e-05  || dt = 1.03e-06
[[32m[1m INFO  [21m[0m] from nz = 0 and N2O
[[32m[1m INFO  [21m[0m] -----------------------------------------------------------------
[[32m[1m INFO  [21m[0m] Elapsed time: 7.25e+04 || Step number: 11400/30000
[[32m[1m INFO  [21m[0m] longdy = 7.07e-01      || longdy/dt = 1.02e-03  || dt = 1.20e-07
[[32m[1m INFO  [21m[0m] from nz = 0 and N2O
[[32m[1m INFO  [21m[0m] -----------------------------------------------------------------
[[32m[1m INFO  [21m[0m] Elapsed time: 7.31e+04 || Step number: 11500/30000
[[32m[1m INFO  [21m[0m] longdy = 2.15e+00      || longdy/dt = 4.07e-03  || dt = 3.95e+01
[[32m[1m INFO  [21m[0m] from nz = 0 and N2O
[[32m[1m INFO  [21m[0m] -----------------------------------------------------------------
[[93m[1m WARNING [21m[0m] Keep producing negative values! Clipping negative solutions and moving on!
[[93m[1m WARNING [21m[0m] Keep producing negative values! Clipping negative solutions and moving on!
[[93m[1m WARNING [21m[0m] Keep producing negative values! Clipping negative solutions and moving on!
[[32m[1m INFO  [21m[0m] Elapsed time: 7.36e+04 || Step number: 11600/30000
[[32m[1m INFO  [21m[0m] longdy = 9.44e-01      || longdy/dt = 1.79e-03  || dt = 4.00e-08
[[32m[1m INFO  [21m[0m] from nz = 0 and N2O
[[32m[1m INFO  [21m[0m] -----------------------------------------------------------------
[[32m[1m INFO  [21m[0m] Elapsed time: 7.40e+04 || Step number: 11700/30000
[[32m[1m INFO  [21m[0m] longdy = 1.65e+01      || longdy/dt = 4.54e-02  || dt = 1.02e+00
[[32m[1m INFO  [21m[0m] from nz = 0 and N2O
[[32m[1m INFO  [21m[0m] -----------------------------------------------------------------
[[32m[1m INFO  [21m[0m] Elapsed time: 7.44e+04 || Step number: 11800/30000
[[32m[1m INFO  [21m[0m] longdy = 4.91e-02      || longdy/dt = 1.07e-04  || dt = 9.29e-07
[[32m[1m INFO  [21m[0m] from nz = 0 and N2O
[[32m[1m INFO  [21m[0m] -----------------------------------------------------------------
[[93m[1m WARNING [21m[0m] Keep producing negative values! Clipping negative solutions and moving on!
[[93m[1m WARNING [21m[0m] Keep producing negative values! Clipping negative solutions and moving on!
[[32m[1m INFO  [21m[0m] Elapsed time: 7.47e+04 || Step number: 11900/30000
[[32m[1m INFO  [21m[0m] longdy = 5.15e-02      || longdy/dt = 1.94e-04  || dt = 6.84e-07
[[32m[1m INFO  [21m[0m] from nz = 0 and N2O
[[32m[1m INFO  [21m[0m] -----------------------------------------------------------------
[[93m[1m WARNING [21m[0m] Keep producing negative values! Clipping negative solutions and moving on!
[[32m[1m INFO  [21m[0m] Elapsed time: 7.54e+04 || Step number: 12000/30000
[[32m[1m INFO  [21m[0m] longdy = 4.83e-02      || longdy/dt = 7.12e-05  || dt = 6.41e-06
[[32m[1m INFO  [21m[0m] from nz = 0 and N2O
[[32m[1m INFO  [21m[0m] -----------------------------------------------------------------
[[32m[1m INFO  [21m[0m] Elapsed time: 7.63e+04 || Step number: 12100/30000
[[32m[1m INFO  [21m[0m] longdy = 4.42e-02      || longdy/dt = 5.14e-05  || dt = 9.51e+01
[[32m[1m INFO  [21m[0m] from nz = 2 and S8
[[32m[1m INFO  [21m[0m] -----------------------------------------------------------------
[[32m[1m INFO  [21m[0m] Elapsed time: 7.66e+04 || Step number: 12200/30000
[[32m[1m INFO  [21m[0m] longdy = 1.43e+01      || longdy/dt = 5.24e-02  || dt = 1.16e-05
[[32m[1m INFO  [21m[0m] from nz = 0 and N2O
[[32m[1m INFO  [21m[0m] -----------------------------------------------------------------
[[93m[1m WARNING [21m[0m] Keep producing negative values! Clipping negative solutions and moving on!
[[32m[1m INFO  [21m[0m] Elapsed time: 7.71e+04 || Step number: 12300/30000
[[32m[1m INFO  [21m[0m] longdy = 5.87e-01      || longdy/dt = 1.19e-03  || dt = 1.36e-07
[[32m[1m INFO  [21m[0m] from nz = 0 and N2O
[[32m[1m INFO  [21m[0m] -----------------------------------------------------------------
[[93m[1m WARNING [21m[0m] Keep producing negative values! Clipping negative solutions and moving on!
[[93m[1m WARNING [21m[0m] Keep producing negative values! Clipping negative solutions and moving on!
[[32m[1m INFO  [21m[0m] Elapsed time: 7.76e+04 || Step number: 12400/30000
[[32m[1m INFO  [21m[0m] longdy = 2.76e-02      || longdy/dt = 4.95e-05  || dt = 2.21e-08
[[32m[1m INFO  [21m[0m] from nz = 2 and S8
[[32m[1m INFO  [21m[0m] -----------------------------------------------------------------
[[32m[1m INFO  [21m[0m] Elapsed time: 7.81e+04 || Step number: 12500/30000
[[32m[1m INFO  [21m[0m] longdy = 9.85e-01      || longdy/dt = 1.93e-03  || dt = 1.15e-07
[[32m[1m INFO  [21m[0m] from nz = 0 and N2O
[[32m[1m INFO  [21m[0m] -----------------------------------------------------------------
[[32m[1m INFO  [21m[0m] Elapsed time: 7.86e+04 || Step number: 12600/30000
[[32m[1m INFO  [21m[0m] longdy = 2.14e-02      || longdy/dt = 4.81e-05  || dt = 2.94e-08
[[32m[1m INFO  [21m[0m] from nz = 2 and S8
[[32m[1m INFO  [21m[0m] -----------------------------------------------------------------
[[93m[1m WARNING [21m[0m] Keep producing negative values! Clipping negative solutions and moving on!
[[32m[1m INFO  [21m[0m] Elapsed time: 7.89e+04 || Step number: 12700/30000
[[32m[1m INFO  [21m[0m] longdy = 1.33e-02      || longdy/dt = 4.78e-05  || dt = 9.71e+01
[[32m[1m INFO  [21m[0m] from nz = 2 and S8
[[32m[1m INFO  [21m[0m] -----------------------------------------------------------------
[[93m[1m WARNING [21m[0m] Keep producing negative values! Clipping negative solutions and moving on!
[[93m[1m WARNING [21m[0m] Keep producing negative values! Clipping negative solutions and moving on!
[[32m[1m INFO  [21m[0m] Elapsed time: 7.91e+04 || Step number: 12800/30000
[[32m[1m INFO  [21m[0m] longdy = 5.11e-01      || longdy/dt = 3.13e-03  || dt = 2.67e+00
[[32m[1m INFO  [21m[0m] from nz = 0 and N2O
[[32m[1m INFO  [21m[0m] -----------------------------------------------------------------
[[93m[1m WARNING [21m[0m] Keep producing negative values! Clipping negative solutions and moving on!
[[32m[1m INFO  [21m[0m] Elapsed time: 7.94e+04 || Step number: 12900/30000
[[32m[1m INFO  [21m[0m] longdy = 1.36e-02      || longdy/dt = 4.72e-05  || dt = 1.43e-01
[[32m[1m INFO  [21m[0m] from nz = 4 and S4
[[32m[1m INFO  [21m[0m] -----------------------------------------------------------------
[[32m[1m INFO  [21m[0m] Elapsed time: 7.99e+04 || Step number: 13000/30000
[[32m[1m INFO  [21m[0m] longdy = 6.12e-02      || longdy/dt = 1.03e-04  || dt = 8.09e-07
[[32m[1m INFO  [21m[0m] from nz = 0 and N2O
[[32m[1m INFO  [21m[0m] -----------------------------------------------------------------
[[93m[1m WARNING [21m[0m] Keep producing negative values! Clipping negative solutions and moving on!
[[93m[1m WARNING [21m[0m] Keep producing negative values! Clipping negative solutions and moving on!
[[32m[1m INFO  [21m[0m] Elapsed time: 8.04e+04 || Step number: 13100/30000
[[32m[1m INFO  [21m[0m] longdy = 9.53e-01      || longdy/dt = 2.23e-03  || dt = 9.83e-08
[[32m[1m INFO  [21m[0m] from nz = 0 and N2O
[[32m[1m INFO  [21m[0m] -----------------------------------------------------------------
[[93m[1m WARNING [21m[0m] Keep producing negative values! Clipping negative solutions and moving on!
[[32m[1m INFO  [21m[0m] Elapsed time: 8.10e+04 || Step number: 13200/30000
[[32m[1m INFO  [21m[0m] longdy = 1.86e+01      || longdy/dt = 3.19e-02  || dt = 1.51e-05
[[32m[1m INFO  [21m[0m] from nz = 0 and N2O
[[32m[1m INFO  [21m[0m] -----------------------------------------------------------------
[[32m[1m INFO  [21m[0m] Elapsed time: 8.14e+04 || Step number: 13300/30000
[[32m[1m INFO  [21m[0m] longdy = 1.84e-01      || longdy/dt = 4.43e-04  || dt = 3.23e-07
[[32m[1m INFO  [21m[0m] from nz = 0 and N2O
[[32m[1m INFO  [21m[0m] -----------------------------------------------------------------
[[93m[1m WARNING [21m[0m] Keep producing negative values! Clipping negative solutions and moving on!
[[93m[1m WARNING [21m[0m] Keep producing negative values! Clipping negative solutions and moving on!
[[32m[1m INFO  [21m[0m] Elapsed time: 8.20e+04 || Step number: 13400/30000
[[32m[1m INFO  [21m[0m] longdy = 2.99e-02      || longdy/dt = 4.63e-05  || dt = 8.31e-08
[[32m[1m INFO  [21m[0m] from nz = 4 and S4
[[32m[1m INFO  [21m[0m] -----------------------------------------------------------------
[[93m[1m WARNING [21m[0m] Keep producing negative values! Clipping negative solutions and moving on!
[[32m[1m INFO  [21m[0m] Elapsed time: 8.23e+04 || Step number: 13500/30000
[[32m[1m INFO  [21m[0m] longdy = 8.59e-01      || longdy/dt = 2.60e-03  || dt = 1.22e-07
[[32m[1m INFO  [21m[0m] from nz = 0 and N2O
[[32m[1m INFO  [21m[0m] -----------------------------------------------------------------
[[32m[1m INFO  [21m[0m] Elapsed time: 8.29e+04 || Step number: 13600/30000
[[32m[1m INFO  [21m[0m] longdy = 1.83e+00      || longdy/dt = 3.40e-03  || dt = 1.34e+01
[[32m[1m INFO  [21m[0m] from nz = 0 and N2O
[[32m[1m INFO  [21m[0m] -----------------------------------------------------------------
[[93m[1m WARNING [21m[0m] Keep producing negative values! Clipping negative solutions and moving on!
[[93m[1m WARNING [21m[0m] Keep producing negative values! Clipping negative solutions and moving on!
[[32m[1m INFO  [21m[0m] Elapsed time: 8.33e+04 || Step number: 13700/30000
[[32m[1m INFO  [21m[0m] longdy = 1.99e-02      || longdy/dt = 4.62e-05  || dt = 3.05e-08
[[32m[1m INFO  [21m[0m] from nz = 4 and S4
[[32m[1m INFO  [21m[0m] -----------------------------------------------------------------
[[32m[1m INFO  [21m[0m] Elapsed time: 8.37e+04 || Step number: 13800/30000
[[32m[1m INFO  [21m[0m] longdy = 8.89e-01      || longdy/dt = 2.33e-03  || dt = 1.33e+01
[[32m[1m INFO  [21m[0m] from nz = 0 and N2O
[[32m[1m INFO  [21m[0m] -----------------------------------------------------------------
[[32m[1m INFO  [21m[0m] Elapsed time: 8.47e+04 || Step number: 13900/30000
[[32m[1m INFO  [21m[0m] longdy = 4.30e-02      || longdy/dt = 4.53e-05  || dt = 1.05e-04
[[32m[1m INFO  [21m[0m] from nz = 4 and S4
[[32m[1m INFO  [21m[0m] -----------------------------------------------------------------
[[32m[1m INFO  [21m[0m] Elapsed time: 8.56e+04 || Step number: 14000/30000
[[32m[1m INFO  [21m[0m] longdy = 8.19e-01      || longdy/dt = 8.80e-04  || dt = 1.09e-07
[[32m[1m INFO  [21m[0m] from nz = 0 and N2O
[[32m[1m INFO  [21m[0m] -----------------------------------------------------------------
[[93m[1m WARNING [21m[0m] Keep producing negative values! Clipping negative solutions and moving on!
[[32m[1m INFO  [21m[0m] Elapsed time: 8.61e+04 || Step number: 14100/30000
[[32m[1m INFO  [21m[0m] longdy = 1.98e-02      || longdy/dt = 4.54e-05  || dt = 1.08e+02
[[32m[1m INFO  [21m[0m] from nz = 4 and S4
[[32m[1m INFO  [21m[0m] -----------------------------------------------------------------
[[93m[1m WARNING [21m[0m] Keep producing negative values! Clipping negative solutions and moving on!
[[93m[1m WARNING [21m[0m] Keep producing negative values! Clipping negative solutions and moving on!
[[32m[1m INFO  [21m[0m] Elapsed time: 8.69e+04 || Step number: 14200/30000
[[32m[1m INFO  [21m[0m] longdy = 1.00e+00      || longdy/dt = 1.26e-03  || dt = 9.55e-04
[[32m[1m INFO  [21m[0m] from nz = 0 and N2O
[[32m[1m INFO  [21m[0m] -----------------------------------------------------------------
[[93m[1m WARNING [21m[0m] Keep producing negative values! Clipping negative solutions and moving on!
[[32m[1m INFO  [21m[0m] Elapsed time: 8.87e+04 || Step number: 14300/30000
[[32m[1m INFO  [21m[0m] longdy = 8.94e-01      || longdy/dt = 5.04e-04  || dt = 1.00e-07
[[32m[1m INFO  [21m[0m] from nz = 0 and N2O
[[32m[1m INFO  [21m[0m] -----------------------------------------------------------------
[[93m[1m WARNING [21m[0m] Keep producing negative values! Clipping negative solutions and moving on!
[[32m[1m INFO  [21m[0m] Elapsed time: 8.89e+04 || Step number: 14400/30000
[[32m[1m INFO  [21m[0m] longdy = 7.42e+00      || longdy/dt = 4.25e-02  || dt = 7.98e-04
[[32m[1m INFO  [21m[0m] from nz = 0 and N2O
[[32m[1m INFO  [21m[0m] -----------------------------------------------------------------
[[93m[1m WARNING [21m[0m] Keep producing negative values! Clipping negative solutions and moving on!
[[32m[1m INFO  [21m[0m] Elapsed time: 8.95e+04 || Step number: 14500/30000
[[32m[1m INFO  [21m[0m] longdy = 1.18e-01      || longdy/dt = 2.08e-04  || dt = 4.08e-07
[[32m[1m INFO  [21m[0m] from nz = 0 and N2O
[[32m[1m INFO  [21m[0m] -----------------------------------------------------------------
[[93m[1m WARNING [21m[0m] Keep producing negative values! Clipping negative solutions and moving on!
[[32m[1m INFO  [21m[0m] Elapsed time: 8.96e+04 || Step number: 14600/30000
[[32m[1m INFO  [21m[0m] longdy = 1.76e-01      || longdy/dt = 1.15e-03  || dt = 6.62e-07
[[32m[1m INFO  [21m[0m] from nz = 0 and N2O
[[32m[1m INFO  [21m[0m] -----------------------------------------------------------------
[[93m[1m WARNING [21m[0m] Keep producing negative values! Clipping negative solutions and moving on!
[[32m[1m INFO  [21m[0m] Elapsed time: 9.01e+04 || Step number: 14700/30000
[[32m[1m INFO  [21m[0m] longdy = 7.63e-01      || longdy/dt = 1.71e-03  || dt = 1.14e-07
[[32m[1m INFO  [21m[0m] from nz = 0 and N2O
[[32m[1m INFO  [21m[0m] -----------------------------------------------------------------
[[93m[1m WARNING [21m[0m] Keep producing negative values! Clipping negative solutions and moving on!
[[32m[1m INFO  [21m[0m] Elapsed time: 9.02e+04 || Step number: 14800/30000
[[32m[1m INFO  [21m[0m] longdy = 3.06e+00      || longdy/dt = 2.91e-02  || dt = 4.31e-07
[[32m[1m INFO  [21m[0m] from nz = 0 and N2O
[[32m[1m INFO  [21m[0m] -----------------------------------------------------------------
[[32m[1m INFO  [21m[0m] Integration successful with 14818 steps
[[32m[1m INFO  [21m[0m] long dy, long dydt = 0.007985889492835418, 7.606557002614429e-05
[[32m[1m INFO  [21m[0m] Total atom loss:
[[32m[1m INFO  [21m[0m] H: -0.0548651402231302 
[[32m[1m INFO  [21m[0m] O: 1.0441844718417228 
[[32m[1m INFO  [21m[0m] C: 0.08080004661246863 
[[32m[1m INFO  [21m[0m] N: 0.014777816324235603 
[[32m[1m INFO  [21m[0m] S: 2.759509079620305 
[[32m[1m INFO  [21m[0m] ------ Live long and prosper \V/ ------
[[32m[1m INFO  [21m[0m]     done
Atmodeller initialized with double precision (float64)
[[93m[1m WARNING [21m[0m] The archive tar file does not exist: /data/rdc49-2/K218b_project/simulation_data/grid_H0_C3_N1_S2_fO22__from_batch10_case_000022__7_crash_atmos_chem_step_vulcan_chem_funs_race_syntax_error/data/data.tar
[[32m[1m INFO  [21m[0m] Observing the planet...
Loading PHOENIX star table in file '/data/rdc49-2/FWL_DATA/prt/input_data/stellar_spectra/phoenix/phoenix.startable.petitRADTRANS.h5'... Done.
