Atmodeller initialized with double precision (float64)
[[93m[1m WARNING [21m[0m] The archive tar file does not exist: /data/rdc49-2/K218b_project/simulation_data/grid_H1_C2_N0_S2_fO23__from_batch14_case_000034__7_crash_atmos_chem_step_vulcan_chem_funs_race_missing_symjac/data/data.tar
[[32m[1m INFO  [21m[0m] Running atmospheric chemistry...
[[32m[1m INFO  [21m[0m]     Using vulcan module, offline
[[32m[1m INFO  [21m[0m] Elements conserved in the network.
[[32m[1m INFO  [21m[0m] No duplicates in the network.
[[32m[1m INFO  [21m[0m] Elements conserved in the network.
[[32m[1m INFO  [21m[0m] No duplicates in the network.
[[32m[1m INFO  [21m[0m] Running VULCAN
[[32m[1m INFO  [21m[0m] Initializing with compositions from ASCII file /data/rdc49-2/K218b_project/simulation_data/grid_H1_C2_N0_S2_fO23__from_batch14_case_000034__7_crash_atmos_chem_step_vulcan_chem_funs_race_missing_symjac/offchem/vmrs.dat
[[32m[1m INFO  [21m[0m] Input stellar spectrum from 2.0 to 700.0
[[32m[1m INFO  [21m[0m] Using wavelength bins from 2.0 to 655.5
[[32m[1m INFO  [21m[0m] Include molecular diffusion.
[[32m[1m INFO  [21m[0m] Starting VULCAN integration with 1 threads...
[[93m[1m WARNING [21m[0m] Keep producing negative values! Clipping negative solutions and moving on!
[[93m[1m WARNING [21m[0m] Keep producing negative values! Clipping negative solutions and moving on!
[[93m[1m WARNING [21m[0m] Keep producing negative values! Clipping negative solutions and moving on!
[[93m[1m WARNING [21m[0m] Keep producing negative values! Clipping negative solutions and moving on!
[[93m[1m WARNING [21m[0m] Keep producing negative values! Clipping negative solutions and moving on!
[[93m[1m WARNING [21m[0m] Keep producing negative values! Clipping negative solutions and moving on!
[[93m[1m WARNING [21m[0m] Keep producing negative values! Clipping negative solutions and moving on!
[[93m[1m WARNING [21m[0m] Keep producing negative values! Clipping negative solutions and moving on!
[[93m[1m WARNING [21m[0m] Keep producing negative values! Clipping negative solutions and moving on!
[[93m[1m WARNING [21m[0m] Keep producing negative values! Clipping negative solutions and moving on!
[[32m[1m INFO  [21m[0m] Elapsed time: 4.26e-06 || Step number: 100/30000
[[32m[1m INFO  [21m[0m] longdy = 1.00e+00      || longdy/dt = 1.00e+00  || dt = 9.69e-08
[[32m[1m INFO  [21m[0m] from nz = 0 and OH
[[32m[1m INFO  [21m[0m] -----------------------------------------------------------------
[[32m[1m INFO  [21m[0m] Elapsed time: 1.91e-05 || Step number: 200/30000
[[32m[1m INFO  [21m[0m] longdy = 1.00e+00      || longdy/dt = 1.00e+00  || dt = 2.73e-07
[[32m[1m INFO  [21m[0m] from nz = 0 and OH
[[32m[1m INFO  [21m[0m] -----------------------------------------------------------------
[[32m[1m INFO  [21m[0m] Elapsed time: 8.26e-05 || Step number: 300/30000
[[32m[1m INFO  [21m[0m] longdy = 1.00e+00      || longdy/dt = 1.00e+00  || dt = 1.25e-06
[[32m[1m INFO  [21m[0m] from nz = 0 and OH
[[32m[1m INFO  [21m[0m] -----------------------------------------------------------------
[[32m[1m INFO  [21m[0m] Elapsed time: 3.69e-04 || Step number: 400/30000
[[32m[1m INFO  [21m[0m] longdy = 1.00e+00      || longdy/dt = 1.00e+00  || dt = 5.69e-06
[[32m[1m INFO  [21m[0m] from nz = 0 and OH
[[32m[1m INFO  [21m[0m] -----------------------------------------------------------------
[[32m[1m INFO  [21m[0m] Elapsed time: 1.60e-03 || Step number: 500/30000
[[32m[1m INFO  [21m[0m] longdy = 1.00e+00      || longdy/dt = 1.00e+00  || dt = 2.07e-05
[[32m[1m INFO  [21m[0m] from nz = 0 and OH
[[32m[1m INFO  [21m[0m] -----------------------------------------------------------------
[[32m[1m INFO  [21m[0m] Elapsed time: 6.19e-03 || Step number: 600/30000
[[32m[1m INFO  [21m[0m] longdy = 1.00e+00      || longdy/dt = 1.00e+00  || dt = 7.35e-05
[[32m[1m INFO  [21m[0m] from nz = 0 and OH
[[32m[1m INFO  [21m[0m] -----------------------------------------------------------------
[[32m[1m INFO  [21m[0m] Elapsed time: 2.17e-02 || Step number: 700/30000
[[32m[1m INFO  [21m[0m] longdy = 1.00e+00      || longdy/dt = 1.00e+00  || dt = 2.40e-04
[[32m[1m INFO  [21m[0m] from nz = 0 and OH
[[32m[1m INFO  [21m[0m] -----------------------------------------------------------------
[[32m[1m INFO  [21m[0m] Elapsed time: 7.01e-02 || Step number: 800/30000
[[32m[1m INFO  [21m[0m] longdy = 1.00e+00      || longdy/dt = 1.00e+00  || dt = 7.09e-04
[[32m[1m INFO  [21m[0m] from nz = 0 and OH
[[32m[1m INFO  [21m[0m] -----------------------------------------------------------------
[[32m[1m INFO  [21m[0m] Elapsed time: 2.07e-01 || Step number: 900/30000
[[32m[1m INFO  [21m[0m] longdy = 1.00e+00      || longdy/dt = 1.00e+00  || dt = 2.01e-03
[[32m[1m INFO  [21m[0m] from nz = 0 and OH
[[32m[1m INFO  [21m[0m] -----------------------------------------------------------------
[[32m[1m INFO  [21m[0m] Elapsed time: 5.56e-01 || Step number: 1000/30000
[[32m[1m INFO  [21m[0m] longdy = 1.00e+00      || longdy/dt = 1.00e+00  || dt = 6.00e-03
[[32m[1m INFO  [21m[0m] from nz = 0 and OH
[[32m[1m INFO  [21m[0m] -----------------------------------------------------------------
[[32m[1m INFO  [21m[0m] Elapsed time: 7.21e-01 || Step number: 1100/30000
[[32m[1m INFO  [21m[0m] longdy = 1.00e+00      || longdy/dt = 1.00e+00  || dt = 5.97e-04
[[32m[1m INFO  [21m[0m] from nz = 0 and OH
[[32m[1m INFO  [21m[0m] -----------------------------------------------------------------
[[32m[1m INFO  [21m[0m] Elapsed time: 1.09e+00 || Step number: 1200/30000
[[32m[1m INFO  [21m[0m] longdy = 1.00e+00      || longdy/dt = 1.00e+00  || dt = 1.47e-05
[[32m[1m INFO  [21m[0m] from nz = 0 and OH
[[32m[1m INFO  [21m[0m] -----------------------------------------------------------------
[[32m[1m INFO  [21m[0m] Elapsed time: 1.34e+00 || Step number: 1300/30000
[[32m[1m INFO  [21m[0m] longdy = 1.00e+00      || longdy/dt = 1.00e+00  || dt = 5.99e-03
[[32m[1m INFO  [21m[0m] from nz = 0 and OH
[[32m[1m INFO  [21m[0m] -----------------------------------------------------------------
[[32m[1m INFO  [21m[0m] Elapsed time: 1.63e+00 || Step number: 1400/30000
[[32m[1m INFO  [21m[0m] longdy = 1.00e+00      || longdy/dt = 1.00e+00  || dt = 1.68e-04
[[32m[1m INFO  [21m[0m] from nz = 0 and OH
[[32m[1m INFO  [21m[0m] -----------------------------------------------------------------
[[32m[1m INFO  [21m[0m] Elapsed time: 1.93e+00 || Step number: 1500/30000
[[32m[1m INFO  [21m[0m] longdy = 1.00e+00      || longdy/dt = 1.00e+00  || dt = 3.92e-07
[[32m[1m INFO  [21m[0m] from nz = 0 and OH
[[32m[1m INFO  [21m[0m] -----------------------------------------------------------------
[[32m[1m INFO  [21m[0m] Elapsed time: 2.17e+00 || Step number: 1600/30000
[[32m[1m INFO  [21m[0m] longdy = 1.00e+00      || longdy/dt = 1.00e+00  || dt = 2.53e-04
[[32m[1m INFO  [21m[0m] from nz = 0 and OH
[[32m[1m INFO  [21m[0m] -----------------------------------------------------------------
[[32m[1m INFO  [21m[0m] Elapsed time: 2.43e+00 || Step number: 1700/30000
[[32m[1m INFO  [21m[0m] longdy = 1.00e+00      || longdy/dt = 1.00e+00  || dt = 1.39e-03
[[32m[1m INFO  [21m[0m] from nz = 0 and OH
[[32m[1m INFO  [21m[0m] -----------------------------------------------------------------
[[32m[1m INFO  [21m[0m] Elapsed time: 2.82e+00 || Step number: 1800/30000
[[32m[1m INFO  [21m[0m] longdy = 1.00e+00      || longdy/dt = 1.00e+00  || dt = 1.55e-04
[[32m[1m INFO  [21m[0m] from nz = 0 and OH
[[32m[1m INFO  [21m[0m] -----------------------------------------------------------------
[[32m[1m INFO  [21m[0m] Elapsed time: 3.09e+00 || Step number: 1900/30000
[[32m[1m INFO  [21m[0m] longdy = 1.00e+00      || longdy/dt = 1.00e+00  || dt = 1.11e-02
[[32m[1m INFO  [21m[0m] from nz = 0 and OH
[[32m[1m INFO  [21m[0m] -----------------------------------------------------------------
[[32m[1m INFO  [21m[0m] Elapsed time: 3.30e+00 || Step number: 2000/30000
[[32m[1m INFO  [21m[0m] longdy = 1.00e+00      || longdy/dt = 1.00e+00  || dt = 6.33e-03
[[32m[1m INFO  [21m[0m] from nz = 0 and OH
[[32m[1m INFO  [21m[0m] -----------------------------------------------------------------
[[32m[1m INFO  [21m[0m] Elapsed time: 3.60e+00 || Step number: 2100/30000
[[32m[1m INFO  [21m[0m] longdy = 1.00e+00      || longdy/dt = 1.00e+00  || dt = 2.10e-03
[[32m[1m INFO  [21m[0m] from nz = 0 and OH
[[32m[1m INFO  [21m[0m] -----------------------------------------------------------------
[[32m[1m INFO  [21m[0m] Elapsed time: 3.86e+00 || Step number: 2200/30000
[[32m[1m INFO  [21m[0m] longdy = 1.00e+00      || longdy/dt = 1.00e+00  || dt = 1.13e-05
[[32m[1m INFO  [21m[0m] from nz = 0 and OH
[[32m[1m INFO  [21m[0m] -----------------------------------------------------------------
[[32m[1m INFO  [21m[0m] Elapsed time: 4.25e+00 || Step number: 2300/30000
[[32m[1m INFO  [21m[0m] longdy = 1.00e+00      || longdy/dt = 1.00e+00  || dt = 2.08e-03
[[32m[1m INFO  [21m[0m] from nz = 0 and OH
[[32m[1m INFO  [21m[0m] -----------------------------------------------------------------
[[32m[1m INFO  [21m[0m] Elapsed time: 4.72e+00 || Step number: 2400/30000
[[32m[1m INFO  [21m[0m] longdy = 1.00e+00      || longdy/dt = 1.00e+00  || dt = 1.16e-07
[[32m[1m INFO  [21m[0m] from nz = 0 and OH
[[32m[1m INFO  [21m[0m] -----------------------------------------------------------------
[[32m[1m INFO  [21m[0m] Elapsed time: 5.42e+00 || Step number: 2500/30000
[[32m[1m INFO  [21m[0m] longdy = 1.00e+00      || longdy/dt = 1.00e+00  || dt = 3.32e-02
[[32m[1m INFO  [21m[0m] from nz = 0 and OH
[[32m[1m INFO  [21m[0m] -----------------------------------------------------------------
[[32m[1m INFO  [21m[0m] Elapsed time: 6.04e+00 || Step number: 2600/30000
[[32m[1m INFO  [21m[0m] longdy = 1.00e+00      || longdy/dt = 1.00e+00  || dt = 1.58e-03
[[32m[1m INFO  [21m[0m] from nz = 0 and OH
[[32m[1m INFO  [21m[0m] -----------------------------------------------------------------
[[32m[1m INFO  [21m[0m] Elapsed time: 6.60e+00 || Step number: 2700/30000
[[32m[1m INFO  [21m[0m] longdy = 1.00e+00      || longdy/dt = 1.00e+00  || dt = 2.82e-02
[[32m[1m INFO  [21m[0m] from nz = 0 and OH
[[32m[1m INFO  [21m[0m] -----------------------------------------------------------------
[[32m[1m INFO  [21m[0m] Elapsed time: 7.12e+00 || Step number: 2800/30000
[[32m[1m INFO  [21m[0m] longdy = 1.00e+00      || longdy/dt = 1.00e+00  || dt = 2.22e-04
[[32m[1m INFO  [21m[0m] from nz = 0 and OH
[[32m[1m INFO  [21m[0m] -----------------------------------------------------------------
[[32m[1m INFO  [21m[0m] Elapsed time: 7.70e+00 || Step number: 2900/30000
[[32m[1m INFO  [21m[0m] longdy = 1.00e+00      || longdy/dt = 1.00e+00  || dt = 5.91e-06
[[32m[1m INFO  [21m[0m] from nz = 0 and OH
[[32m[1m INFO  [21m[0m] -----------------------------------------------------------------
[[32m[1m INFO  [21m[0m] Elapsed time: 8.09e+00 || Step number: 3000/30000
[[32m[1m INFO  [21m[0m] longdy = 1.00e+00      || longdy/dt = 1.00e+00  || dt = 5.91e-05
[[32m[1m INFO  [21m[0m] from nz = 0 and OH
[[32m[1m INFO  [21m[0m] -----------------------------------------------------------------
[[32m[1m INFO  [21m[0m] Elapsed time: 8.57e+00 || Step number: 3100/30000
[[32m[1m INFO  [21m[0m] longdy = 1.00e+00      || longdy/dt = 1.00e+00  || dt = 2.54e-04
[[32m[1m INFO  [21m[0m] from nz = 0 and OH
[[32m[1m INFO  [21m[0m] -----------------------------------------------------------------
[[32m[1m INFO  [21m[0m] Elapsed time: 9.37e+00 || Step number: 3200/30000
[[32m[1m INFO  [21m[0m] longdy = 1.00e+00      || longdy/dt = 1.00e+00  || dt = 2.88e-05
[[32m[1m INFO  [21m[0m] from nz = 0 and OH
[[32m[1m INFO  [21m[0m] -----------------------------------------------------------------
[[32m[1m INFO  [21m[0m] Elapsed time: 1.11e+01 || Step number: 3300/30000
[[32m[1m INFO  [21m[0m] longdy = 1.00e+00      || longdy/dt = 1.00e+00  || dt = 1.38e-04
[[32m[1m INFO  [21m[0m] from nz = 0 and OH
[[32m[1m INFO  [21m[0m] -----------------------------------------------------------------
[[32m[1m INFO  [21m[0m] Elapsed time: 1.25e+01 || Step number: 3400/30000
[[32m[1m INFO  [21m[0m] longdy = 1.00e+00      || longdy/dt = 1.00e+00  || dt = 1.63e-02
[[32m[1m INFO  [21m[0m] from nz = 0 and OH
[[32m[1m INFO  [21m[0m] -----------------------------------------------------------------
[[32m[1m INFO  [21m[0m] Elapsed time: 1.45e+01 || Step number: 3500/30000
[[32m[1m INFO  [21m[0m] longdy = 1.00e+00      || longdy/dt = 1.00e+00  || dt = 1.26e-01
[[32m[1m INFO  [21m[0m] from nz = 0 and OH
[[32m[1m INFO  [21m[0m] -----------------------------------------------------------------
[[32m[1m INFO  [21m[0m] Elapsed time: 1.93e+01 || Step number: 3600/30000
[[32m[1m INFO  [21m[0m] longdy = 1.00e+00      || longdy/dt = 1.00e+00  || dt = 1.42e-01
[[32m[1m INFO  [21m[0m] from nz = 0 and OH
[[32m[1m INFO  [21m[0m] -----------------------------------------------------------------
[[32m[1m INFO  [21m[0m] Elapsed time: 3.60e+01 || Step number: 3700/30000
[[32m[1m INFO  [21m[0m] longdy = 1.00e+00      || longdy/dt = 1.00e+00  || dt = 2.88e-01
[[32m[1m INFO  [21m[0m] from nz = 0 and OH
[[32m[1m INFO  [21m[0m] -----------------------------------------------------------------
[[32m[1m INFO  [21m[0m] Elapsed time: 6.37e+01 || Step number: 3800/30000
[[32m[1m INFO  [21m[0m] longdy = 1.00e+00      || longdy/dt = 1.00e+00  || dt = 4.58e-01
[[32m[1m INFO  [21m[0m] from nz = 0 and OH
[[32m[1m INFO  [21m[0m] -----------------------------------------------------------------
[[32m[1m INFO  [21m[0m] Elapsed time: 1.13e+02 || Step number: 3900/30000
[[32m[1m INFO  [21m[0m] longdy = 4.62e+00      || longdy/dt = 9.53e-02  || dt = 8.06e-01
[[32m[1m INFO  [21m[0m] from nz = 21 and S8
[[32m[1m INFO  [21m[0m] -----------------------------------------------------------------
[[32m[1m INFO  [21m[0m] Elapsed time: 1.89e+02 || Step number: 4000/30000
[[32m[1m INFO  [21m[0m] longdy = 7.45e+00      || longdy/dt = 9.99e-02  || dt = 1.25e+00
[[32m[1m INFO  [21m[0m] from nz = 21 and S8
[[32m[1m INFO  [21m[0m] -----------------------------------------------------------------
[[32m[1m INFO  [21m[0m] Elapsed time: 3.70e+02 || Step number: 4100/30000
[[32m[1m INFO  [21m[0m] longdy = 2.31e+01      || longdy/dt = 1.30e-01  || dt = 3.45e+00
[[32m[1m INFO  [21m[0m] from nz = 21 and S8
[[32m[1m INFO  [21m[0m] -----------------------------------------------------------------
[[32m[1m INFO  [21m[0m] Elapsed time: 7.78e+02 || Step number: 4200/30000
[[32m[1m INFO  [21m[0m] longdy = 8.83e+04      || longdy/dt = 2.29e+02  || dt = 6.57e+00
[[32m[1m INFO  [21m[0m] from nz = 27 and CS
[[32m[1m INFO  [21m[0m] -----------------------------------------------------------------
[[32m[1m INFO  [21m[0m] Elapsed time: 1.31e+03 || Step number: 4300/30000
[[32m[1m INFO  [21m[0m] longdy = 3.71e+05      || longdy/dt = 7.10e+02  || dt = 9.29e+00
[[32m[1m INFO  [21m[0m] from nz = 29 and CS
[[32m[1m INFO  [21m[0m] -----------------------------------------------------------------
[[32m[1m INFO  [21m[0m] Elapsed time: 1.84e+03 || Step number: 4400/30000
[[32m[1m INFO  [21m[0m] longdy = 1.42e+04      || longdy/dt = 2.67e+01  || dt = 3.69e-05
[[32m[1m INFO  [21m[0m] from nz = 32 and CS
[[32m[1m INFO  [21m[0m] -----------------------------------------------------------------
[[32m[1m INFO  [21m[0m] Elapsed time: 2.10e+03 || Step number: 4500/30000
[[32m[1m INFO  [21m[0m] longdy = 4.47e+01      || longdy/dt = 1.71e-01  || dt = 5.64e-05
[[32m[1m INFO  [21m[0m] from nz = 33 and CS
[[32m[1m INFO  [21m[0m] -----------------------------------------------------------------
[[32m[1m INFO  [21m[0m] Elapsed time: 2.68e+03 || Step number: 4600/30000
[[32m[1m INFO  [21m[0m] longdy = 3.36e+02      || longdy/dt = 5.77e-01  || dt = 2.42e-05
[[32m[1m INFO  [21m[0m] from nz = 35 and CS
[[32m[1m INFO  [21m[0m] -----------------------------------------------------------------
[[32m[1m INFO  [21m[0m] Elapsed time: 3.15e+03 || Step number: 4700/30000
[[32m[1m INFO  [21m[0m] longdy = 2.32e+01      || longdy/dt = 5.02e-02  || dt = 3.79e-04
[[32m[1m INFO  [21m[0m] from nz = 36 and CS
[[32m[1m INFO  [21m[0m] -----------------------------------------------------------------
[[32m[1m INFO  [21m[0m] Elapsed time: 3.42e+03 || Step number: 4800/30000
[[32m[1m INFO  [21m[0m] longdy = 3.52e+00      || longdy/dt = 1.26e-02  || dt = 2.08e-03
[[32m[1m INFO  [21m[0m] from nz = 37 and CS
[[32m[1m INFO  [21m[0m] -----------------------------------------------------------------
[[32m[1m INFO  [21m[0m] Elapsed time: 3.92e+03 || Step number: 4900/30000
[[32m[1m INFO  [21m[0m] longdy = 6.61e+00      || longdy/dt = 1.37e-02  || dt = 1.63e+01
[[32m[1m INFO  [21m[0m] from nz = 38 and CS
[[32m[1m INFO  [21m[0m] -----------------------------------------------------------------
[[32m[1m INFO  [21m[0m] Elapsed time: 4.26e+03 || Step number: 5000/30000
[[32m[1m INFO  [21m[0m] longdy = 1.97e+00      || longdy/dt = 5.93e-03  || dt = 3.92e-05
[[32m[1m INFO  [21m[0m] from nz = 39 and CS
[[32m[1m INFO  [21m[0m] -----------------------------------------------------------------
[[32m[1m INFO  [21m[0m] Elapsed time: 4.61e+03 || Step number: 5100/30000
[[32m[1m INFO  [21m[0m] longdy = 1.55e+00      || longdy/dt = 4.44e-03  || dt = 4.09e-04
[[32m[1m INFO  [21m[0m] from nz = 39 and CS
[[32m[1m INFO  [21m[0m] -----------------------------------------------------------------
[[32m[1m INFO  [21m[0m] Elapsed time: 5.31e+03 || Step number: 5200/30000
[[32m[1m INFO  [21m[0m] longdy = 3.42e+00      || longdy/dt = 4.87e-03  || dt = 4.20e-02
[[32m[1m INFO  [21m[0m] from nz = 40 and CS
[[32m[1m INFO  [21m[0m] -----------------------------------------------------------------
[[32m[1m INFO  [21m[0m] Elapsed time: 5.84e+03 || Step number: 5300/30000
[[32m[1m INFO  [21m[0m] longdy = 1.34e+00      || longdy/dt = 2.53e-03  || dt = 1.90e-06
[[32m[1m INFO  [21m[0m] from nz = 41 and CS
[[32m[1m INFO  [21m[0m] -----------------------------------------------------------------
[[32m[1m INFO  [21m[0m] Elapsed time: 6.51e+03 || Step number: 5400/30000
[[32m[1m INFO  [21m[0m] longdy = 1.31e+00      || longdy/dt = 1.96e-03  || dt = 6.45e+00
[[32m[1m INFO  [21m[0m] from nz = 41 and CS
[[32m[1m INFO  [21m[0m] -----------------------------------------------------------------
[[32m[1m INFO  [21m[0m] Elapsed time: 7.06e+03 || Step number: 5500/30000
[[32m[1m INFO  [21m[0m] longdy = 7.50e-01      || longdy/dt = 1.37e-03  || dt = 1.48e+00
[[32m[1m INFO  [21m[0m] from nz = 42 and CS
[[32m[1m INFO  [21m[0m] -----------------------------------------------------------------
[[32m[1m INFO  [21m[0m] Elapsed time: 7.63e+03 || Step number: 5600/30000
[[32m[1m INFO  [21m[0m] longdy = 6.23e-01      || longdy/dt = 1.09e-03  || dt = 1.21e-02
[[32m[1m INFO  [21m[0m] from nz = 42 and CS
[[32m[1m INFO  [21m[0m] -----------------------------------------------------------------
[[32m[1m INFO  [21m[0m] Elapsed time: 8.83e+03 || Step number: 5700/30000
[[32m[1m INFO  [21m[0m] longdy = 1.16e+00      || longdy/dt = 9.65e-04  || dt = 6.65e-03
[[32m[1m INFO  [21m[0m] from nz = 43 and CS
[[32m[1m INFO  [21m[0m] -----------------------------------------------------------------
[[32m[1m INFO  [21m[0m] Elapsed time: 1.02e+04 || Step number: 5800/30000
[[32m[1m INFO  [21m[0m] longdy = 1.29e+00      || longdy/dt = 9.61e-04  || dt = 4.30e-03
[[32m[1m INFO  [21m[0m] from nz = 22 and S8
[[32m[1m INFO  [21m[0m] -----------------------------------------------------------------
[[32m[1m INFO  [21m[0m] Elapsed time: 1.11e+04 || Step number: 5900/30000
[[32m[1m INFO  [21m[0m] longdy = 8.01e-01      || longdy/dt = 8.29e-04  || dt = 1.17e-07
[[32m[1m INFO  [21m[0m] from nz = 22 and S8
[[32m[1m INFO  [21m[0m] -----------------------------------------------------------------
[[32m[1m INFO  [21m[0m] Elapsed time: 1.19e+04 || Step number: 6000/30000
[[32m[1m INFO  [21m[0m] longdy = 5.69e-01      || longdy/dt = 7.61e-04  || dt = 5.75e+01
[[32m[1m INFO  [21m[0m] from nz = 22 and S8
[[32m[1m INFO  [21m[0m] -----------------------------------------------------------------
[[32m[1m INFO  [21m[0m] Elapsed time: 1.32e+04 || Step number: 6100/30000
[[32m[1m INFO  [21m[0m] longdy = 1.07e+00      || longdy/dt = 8.78e-04  || dt = 5.27e+00
[[32m[1m INFO  [21m[0m] from nz = 22 and S8
[[32m[1m INFO  [21m[0m] -----------------------------------------------------------------
[[32m[1m INFO  [21m[0m] Elapsed time: 1.55e+04 || Step number: 6200/30000
[[32m[1m INFO  [21m[0m] longdy = 2.81e+00      || longdy/dt = 1.23e-03  || dt = 1.54e+02
[[32m[1m INFO  [21m[0m] from nz = 22 and S8
[[32m[1m INFO  [21m[0m] -----------------------------------------------------------------
[[32m[1m INFO  [21m[0m] Elapsed time: 1.96e+04 || Step number: 6300/30000
[[32m[1m INFO  [21m[0m] longdy = 8.35e+00      || longdy/dt = 2.07e-03  || dt = 7.28e-01
[[32m[1m INFO  [21m[0m] from nz = 22 and S8
[[32m[1m INFO  [21m[0m] -----------------------------------------------------------------
[[32m[1m INFO  [21m[0m] Elapsed time: 2.63e+04 || Step number: 6400/30000
[[32m[1m INFO  [21m[0m] longdy = 4.00e+00      || longdy/dt = 5.98e-04  || dt = 6.48e-07
[[32m[1m INFO  [21m[0m] from nz = 23 and S4
[[32m[1m INFO  [21m[0m] -----------------------------------------------------------------
[[32m[1m INFO  [21m[0m] Elapsed time: 3.09e+04 || Step number: 6500/30000
[[32m[1m INFO  [21m[0m] longdy = 1.27e+00      || longdy/dt = 2.74e-04  || dt = 1.94e-05
[[32m[1m INFO  [21m[0m] from nz = 23 and S4
[[32m[1m INFO  [21m[0m] -----------------------------------------------------------------
[[32m[1m INFO  [21m[0m] Elapsed time: 3.68e+04 || Step number: 6600/30000
[[32m[1m INFO  [21m[0m] longdy = 1.18e+00      || longdy/dt = 2.05e-04  || dt = 1.92e+02
[[32m[1m INFO  [21m[0m] from nz = 38 and CH2
[[32m[1m INFO  [21m[0m] -----------------------------------------------------------------
[[32m[1m INFO  [21m[0m] Elapsed time: 5.20e+04 || Step number: 6700/30000
[[32m[1m INFO  [21m[0m] longdy = 2.87e+00      || longdy/dt = 1.90e-04  || dt = 1.39e+02
[[32m[1m INFO  [21m[0m] from nz = 24 and SO2
[[32m[1m INFO  [21m[0m] -----------------------------------------------------------------
[[32m[1m INFO  [21m[0m] Elapsed time: 5.35e+04 || Step number: 6800/30000
[[32m[1m INFO  [21m[0m] longdy = 2.57e-01      || longdy/dt = 1.68e-04  || dt = 1.49e+00
[[32m[1m INFO  [21m[0m] from nz = 22 and HNO
[[32m[1m INFO  [21m[0m] -----------------------------------------------------------------
[[32m[1m INFO  [21m[0m] Elapsed time: 5.55e+04 || Step number: 6900/30000
[[32m[1m INFO  [21m[0m] longdy = 1.81e-01      || longdy/dt = 9.41e-05  || dt = 5.79e+01
[[32m[1m INFO  [21m[0m] from nz = 23 and SO2
[[32m[1m INFO  [21m[0m] -----------------------------------------------------------------
[[32m[1m INFO  [21m[0m] Elapsed time: 5.78e+04 || Step number: 7000/30000
[[32m[1m INFO  [21m[0m] longdy = 2.19e-01      || longdy/dt = 9.50e-05  || dt = 7.74e+01
[[32m[1m INFO  [21m[0m] from nz = 50 and S2O
[[32m[1m INFO  [21m[0m] -----------------------------------------------------------------
[[32m[1m INFO  [21m[0m] Elapsed time: 6.07e+04 || Step number: 7100/30000
[[32m[1m INFO  [21m[0m] longdy = 2.74e-01      || longdy/dt = 9.66e-05  || dt = 4.84e+01
[[32m[1m INFO  [21m[0m] from nz = 50 and S2O
[[32m[1m INFO  [21m[0m] -----------------------------------------------------------------
[[32m[1m INFO  [21m[0m] Elapsed time: 6.21e+04 || Step number: 7200/30000
[[32m[1m INFO  [21m[0m] longdy = 1.16e-01      || longdy/dt = 8.96e-05  || dt = 5.45e+01
[[32m[1m INFO  [21m[0m] from nz = 50 and S2O
[[32m[1m INFO  [21m[0m] -----------------------------------------------------------------
[[32m[1m INFO  [21m[0m] Elapsed time: 6.56e+04 || Step number: 7300/30000
[[32m[1m INFO  [21m[0m] longdy = 3.34e-01      || longdy/dt = 9.74e-05  || dt = 7.94e+01
[[32m[1m INFO  [21m[0m] from nz = 50 and S2O
[[32m[1m INFO  [21m[0m] -----------------------------------------------------------------
[[32m[1m INFO  [21m[0m] Elapsed time: 7.02e+04 || Step number: 7400/30000
[[32m[1m INFO  [21m[0m] longdy = 4.60e-01      || longdy/dt = 1.00e-04  || dt = 3.23e-06
[[32m[1m INFO  [21m[0m] from nz = 50 and S2O
[[32m[1m INFO  [21m[0m] -----------------------------------------------------------------
[[32m[1m INFO  [21m[0m] Elapsed time: 7.11e+04 || Step number: 7500/30000
[[32m[1m INFO  [21m[0m] longdy = 8.06e-02      || longdy/dt = 8.44e-05  || dt = 1.65e-04
[[32m[1m INFO  [21m[0m] from nz = 50 and S2O
[[32m[1m INFO  [21m[0m] -----------------------------------------------------------------
[[32m[1m INFO  [21m[0m] Elapsed time: 7.23e+04 || Step number: 7600/30000
[[32m[1m INFO  [21m[0m] longdy = 1.04e-01      || longdy/dt = 8.48e-05  || dt = 6.82e-03
[[32m[1m INFO  [21m[0m] from nz = 50 and S2O
[[32m[1m INFO  [21m[0m] -----------------------------------------------------------------
[[32m[1m INFO  [21m[0m] Elapsed time: 7.34e+04 || Step number: 7700/30000
[[32m[1m INFO  [21m[0m] longdy = 8.83e-02      || longdy/dt = 8.35e-05  || dt = 5.05e-01
[[32m[1m INFO  [21m[0m] from nz = 50 and S2O
[[32m[1m INFO  [21m[0m] -----------------------------------------------------------------
[[32m[1m INFO  [21m[0m] Elapsed time: 7.55e+04 || Step number: 7800/30000
[[32m[1m INFO  [21m[0m] longdy = 1.84e-01      || longdy/dt = 8.62e-05  || dt = 9.16e-06
[[32m[1m INFO  [21m[0m] from nz = 50 and S2O
[[32m[1m INFO  [21m[0m] -----------------------------------------------------------------
[[32m[1m INFO  [21m[0m] Elapsed time: 7.73e+04 || Step number: 7900/30000
[[32m[1m INFO  [21m[0m] longdy = 1.45e-01      || longdy/dt = 8.34e-05  || dt = 6.18e+01
[[32m[1m INFO  [21m[0m] from nz = 50 and S2O
[[32m[1m INFO  [21m[0m] -----------------------------------------------------------------
[[32m[1m INFO  [21m[0m] Elapsed time: 8.00e+04 || Step number: 8000/30000
[[32m[1m INFO  [21m[0m] longdy = 2.33e-01      || longdy/dt = 8.48e-05  || dt = 4.51e-03
[[32m[1m INFO  [21m[0m] from nz = 50 and S2O
[[32m[1m INFO  [21m[0m] -----------------------------------------------------------------
[[32m[1m INFO  [21m[0m] Elapsed time: 8.10e+04 || Step number: 8100/30000
[[32m[1m INFO  [21m[0m] longdy = 6.71e-02      || longdy/dt = 7.73e-05  || dt = 8.27e+01
[[32m[1m INFO  [21m[0m] from nz = 50 and S2O
[[32m[1m INFO  [21m[0m] -----------------------------------------------------------------
[[32m[1m INFO  [21m[0m] Elapsed time: 8.34e+04 || Step number: 8200/30000
[[32m[1m INFO  [21m[0m] longdy = 1.92e-01      || longdy/dt = 8.02e-05  || dt = 2.99e+01
[[32m[1m INFO  [21m[0m] from nz = 50 and S2O
[[32m[1m INFO  [21m[0m] -----------------------------------------------------------------
[[32m[1m INFO  [21m[0m] Elapsed time: 8.57e+04 || Step number: 8300/30000
[[32m[1m INFO  [21m[0m] longdy = 1.78e-01      || longdy/dt = 7.72e-05  || dt = 3.15e-02
[[32m[1m INFO  [21m[0m] from nz = 50 and S2O
[[32m[1m INFO  [21m[0m] -----------------------------------------------------------------
[[32m[1m INFO  [21m[0m] Elapsed time: 8.87e+04 || Step number: 8400/30000
[[32m[1m INFO  [21m[0m] longdy = 2.23e-01      || longdy/dt = 7.57e-05  || dt = 1.17e+02
[[32m[1m INFO  [21m[0m] from nz = 50 and S2O
[[32m[1m INFO  [21m[0m] -----------------------------------------------------------------
[[32m[1m INFO  [21m[0m] Elapsed time: 9.15e+04 || Step number: 8500/30000
[[32m[1m INFO  [21m[0m] longdy = 2.00e-01      || longdy/dt = 7.11e-05  || dt = 5.20e-02
[[32m[1m INFO  [21m[0m] from nz = 50 and S2O
[[32m[1m INFO  [21m[0m] -----------------------------------------------------------------
[[32m[1m INFO  [21m[0m] Elapsed time: 9.50e+04 || Step number: 8600/30000
[[32m[1m INFO  [21m[0m] longdy = 2.34e-01      || longdy/dt = 6.74e-05  || dt = 1.11e+01
[[32m[1m INFO  [21m[0m] from nz = 50 and S2O
[[32m[1m INFO  [21m[0m] -----------------------------------------------------------------
[[32m[1m INFO  [21m[0m] Elapsed time: 9.82e+04 || Step number: 8700/30000
[[32m[1m INFO  [21m[0m] longdy = 1.93e-01      || longdy/dt = 6.09e-05  || dt = 1.62e-03
[[32m[1m INFO  [21m[0m] from nz = 50 and S2O
[[32m[1m INFO  [21m[0m] -----------------------------------------------------------------
[[32m[1m INFO  [21m[0m] Elapsed time: 1.03e+05 || Step number: 8800/30000
[[32m[1m INFO  [21m[0m] longdy = 2.47e-01      || longdy/dt = 5.55e-05  || dt = 1.19e+02
[[32m[1m INFO  [21m[0m] from nz = 50 and S2O
[[32m[1m INFO  [21m[0m] -----------------------------------------------------------------
[[32m[1m INFO  [21m[0m] Elapsed time: 1.06e+05 || Step number: 8900/30000
[[32m[1m INFO  [21m[0m] longdy = 1.59e-01      || longdy/dt = 4.61e-05  || dt = 1.08e+01
[[32m[1m INFO  [21m[0m] from nz = 50 and S2O
[[32m[1m INFO  [21m[0m] -----------------------------------------------------------------
[[32m[1m INFO  [21m[0m] Elapsed time: 1.12e+05 || Step number: 9000/30000
[[32m[1m INFO  [21m[0m] longdy = 2.28e-01      || longdy/dt = 3.88e-05  || dt = 7.32e+01
[[32m[1m INFO  [21m[0m] from nz = 50 and S2O
[[32m[1m INFO  [21m[0m] -----------------------------------------------------------------
[[32m[1m INFO  [21m[0m] Elapsed time: 1.18e+05 || Step number: 9100/30000
[[32m[1m INFO  [21m[0m] longdy = 1.56e-01      || longdy/dt = 2.78e-05  || dt = 3.67e-02
[[32m[1m INFO  [21m[0m] from nz = 50 and S2O
[[32m[1m INFO  [21m[0m] -----------------------------------------------------------------
[[32m[1m INFO  [21m[0m] Elapsed time: 1.24e+05 || Step number: 9200/30000
[[32m[1m INFO  [21m[0m] longdy = 1.30e-01      || longdy/dt = 2.30e-05  || dt = 1.98e+02
[[32m[1m INFO  [21m[0m] from nz = 20 and C4H2
[[32m[1m INFO  [21m[0m] -----------------------------------------------------------------
[[32m[1m INFO  [21m[0m] Elapsed time: 1.29e+05 || Step number: 9300/30000
[[32m[1m INFO  [21m[0m] longdy = 1.17e-01      || longdy/dt = 2.31e-05  || dt = 8.23e-01
[[32m[1m INFO  [21m[0m] from nz = 39 and CH2
[[32m[1m INFO  [21m[0m] -----------------------------------------------------------------
[[32m[1m INFO  [21m[0m] Elapsed time: 1.37e+05 || Step number: 9400/30000
[[32m[1m INFO  [21m[0m] longdy = 1.73e-01      || longdy/dt = 2.03e-05  || dt = 3.13e+02
[[32m[1m INFO  [21m[0m] from nz = 19 and C4H2
[[32m[1m INFO  [21m[0m] -----------------------------------------------------------------
[[32m[1m INFO  [21m[0m] Elapsed time: 1.48e+05 || Step number: 9500/30000
[[32m[1m INFO  [21m[0m] longdy = 1.91e-01      || longdy/dt = 1.81e-05  || dt = 6.53e+02
[[32m[1m INFO  [21m[0m] from nz = 19 and C4H2
[[32m[1m INFO  [21m[0m] -----------------------------------------------------------------
[[32m[1m INFO  [21m[0m] Elapsed time: 1.55e+05 || Step number: 9600/30000
[[32m[1m INFO  [21m[0m] longdy = 1.00e-01      || longdy/dt = 1.60e-05  || dt = 1.35e+02
[[32m[1m INFO  [21m[0m] from nz = 25 and HNO
[[32m[1m INFO  [21m[0m] -----------------------------------------------------------------
[[32m[1m INFO  [21m[0m] Elapsed time: 1.87e+05 || Step number: 9700/30000
[[32m[1m INFO  [21m[0m] longdy = 4.83e-01      || longdy/dt = 1.51e-05  || dt = 2.51e+02
[[32m[1m INFO  [21m[0m] from nz = 41 and C6H5
[[32m[1m INFO  [21m[0m] -----------------------------------------------------------------
[[32m[1m INFO  [21m[0m] Elapsed time: 2.00e+05 || Step number: 9800/30000
[[32m[1m INFO  [21m[0m] longdy = 1.92e-01      || longdy/dt = 1.42e-05  || dt = 1.14e+01
[[32m[1m INFO  [21m[0m] from nz = 26 and HCS
[[32m[1m INFO  [21m[0m] -----------------------------------------------------------------
[[32m[1m INFO  [21m[0m] Elapsed time: 2.15e+05 || Step number: 9900/30000
[[32m[1m INFO  [21m[0m] longdy = 1.53e-01      || longdy/dt = 1.06e-05  || dt = 2.90e+02
[[32m[1m INFO  [21m[0m] from nz = 42 and C6H5
[[32m[1m INFO  [21m[0m] -----------------------------------------------------------------
[[32m[1m INFO  [21m[0m] Elapsed time: 2.42e+05 || Step number: 10000/30000
[[32m[1m INFO  [21m[0m] longdy = 2.80e-01      || longdy/dt = 1.06e-05  || dt = 4.02e+00
[[32m[1m INFO  [21m[0m] from nz = 42 and C6H5
[[32m[1m INFO  [21m[0m] -----------------------------------------------------------------
[[32m[1m INFO  [21m[0m] Elapsed time: 2.57e+05 || Step number: 10100/30000
[[32m[1m INFO  [21m[0m] longdy = 1.42e-01      || longdy/dt = 9.03e-06  || dt = 4.12e-03
[[32m[1m INFO  [21m[0m] from nz = 42 and C6H5
[[32m[1m INFO  [21m[0m] -----------------------------------------------------------------
[[32m[1m INFO  [21m[0m] Elapsed time: 2.71e+05 || Step number: 10200/30000
[[32m[1m INFO  [21m[0m] longdy = 1.19e-01      || longdy/dt = 8.49e-06  || dt = 1.31e-04
[[32m[1m INFO  [21m[0m] from nz = 42 and C6H5
[[32m[1m INFO  [21m[0m] -----------------------------------------------------------------
[[32m[1m INFO  [21m[0m] Elapsed time: 2.88e+05 || Step number: 10300/30000
[[32m[1m INFO  [21m[0m] longdy = 1.31e-01      || longdy/dt = 7.76e-06  || dt = 2.68e+02
[[32m[1m INFO  [21m[0m] from nz = 50 and N2
[[32m[1m INFO  [21m[0m] -----------------------------------------------------------------
[[32m[1m INFO  [21m[0m] Elapsed time: 3.09e+05 || Step number: 10400/30000
[[32m[1m INFO  [21m[0m] longdy = 1.48e-01      || longdy/dt = 7.07e-06  || dt = 1.18e-02
[[32m[1m INFO  [21m[0m] from nz = 50 and N2
[[32m[1m INFO  [21m[0m] -----------------------------------------------------------------
[[32m[1m INFO  [21m[0m] Elapsed time: 3.34e+05 || Step number: 10500/30000
[[32m[1m INFO  [21m[0m] longdy = 1.54e-01      || longdy/dt = 6.31e-06  || dt = 2.15e+02
[[32m[1m INFO  [21m[0m] from nz = 50 and N2
[[32m[1m INFO  [21m[0m] -----------------------------------------------------------------
[[32m[1m INFO  [21m[0m] Elapsed time: 3.53e+05 || Step number: 10600/30000
[[32m[1m INFO  [21m[0m] longdy = 1.11e-01      || longdy/dt = 5.76e-06  || dt = 2.05e+02
[[32m[1m INFO  [21m[0m] from nz = 50 and N2
[[32m[1m INFO  [21m[0m] -----------------------------------------------------------------
[[32m[1m INFO  [21m[0m] Elapsed time: 3.68e+05 || Step number: 10700/30000
[[32m[1m INFO  [21m[0m] longdy = 7.78e-02      || longdy/dt = 5.35e-06  || dt = 5.38e+02
[[32m[1m INFO  [21m[0m] from nz = 50 and N2
[[32m[1m INFO  [21m[0m] -----------------------------------------------------------------
[[32m[1m INFO  [21m[0m] Elapsed time: 3.82e+05 || Step number: 10800/30000
[[32m[1m INFO  [21m[0m] longdy = 6.44e-02      || longdy/dt = 5.00e-06  || dt = 6.54e+02
[[32m[1m INFO  [21m[0m] from nz = 50 and N2
[[32m[1m INFO  [21m[0m] -----------------------------------------------------------------
[[32m[1m INFO  [21m[0m] Elapsed time: 3.91e+05 || Step number: 10900/30000
[[32m[1m INFO  [21m[0m] longdy = 7.95e-02      || longdy/dt = 8.23e-06  || dt = 5.32e-01
[[32m[1m INFO  [21m[0m] from nz = 3 and N2O
[[32m[1m INFO  [21m[0m] -----------------------------------------------------------------
[[32m[1m INFO  [21m[0m] Elapsed time: 4.02e+05 || Step number: 11000/30000
[[32m[1m INFO  [21m[0m] longdy = 4.97e-02      || longdy/dt = 4.78e-06  || dt = 1.25e-05
[[32m[1m INFO  [21m[0m] from nz = 3 and N2O
[[32m[1m INFO  [21m[0m] -----------------------------------------------------------------
[[32m[1m INFO  [21m[0m] Elapsed time: 4.10e+05 || Step number: 11100/30000
[[32m[1m INFO  [21m[0m] longdy = 3.71e-02      || longdy/dt = 4.27e-06  || dt = 5.59e+01
[[32m[1m INFO  [21m[0m] from nz = 50 and N2
[[32m[1m INFO  [21m[0m] -----------------------------------------------------------------
[[32m[1m INFO  [21m[0m] Elapsed time: 4.18e+05 || Step number: 11200/30000
[[32m[1m INFO  [21m[0m] longdy = 2.96e-02      || longdy/dt = 4.10e-06  || dt = 1.29e+01
[[32m[1m INFO  [21m[0m] from nz = 50 and N2
[[32m[1m INFO  [21m[0m] -----------------------------------------------------------------
[[32m[1m INFO  [21m[0m] Elapsed time: 4.39e+05 || Step number: 11300/30000
[[32m[1m INFO  [21m[0m] longdy = 7.82e-02      || longdy/dt = 3.69e-06  || dt = 5.97e+02
[[32m[1m INFO  [21m[0m] from nz = 50 and N2
[[32m[1m INFO  [21m[0m] -----------------------------------------------------------------
[[32m[1m INFO  [21m[0m] Elapsed time: 4.65e+05 || Step number: 11400/30000
[[32m[1m INFO  [21m[0m] longdy = 8.31e-02      || longdy/dt = 3.23e-06  || dt = 1.62e-05
[[32m[1m INFO  [21m[0m] from nz = 50 and N2
[[32m[1m INFO  [21m[0m] -----------------------------------------------------------------
[[32m[1m INFO  [21m[0m] Elapsed time: 4.76e+05 || Step number: 11500/30000
[[32m[1m INFO  [21m[0m] longdy = 4.13e-02      || longdy/dt = 3.76e-06  || dt = 4.28e-03
[[32m[1m INFO  [21m[0m] from nz = 26 and HCS
[[32m[1m INFO  [21m[0m] -----------------------------------------------------------------
[[32m[1m INFO  [21m[0m] Elapsed time: 4.94e+05 || Step number: 11600/30000
[[32m[1m INFO  [21m[0m] longdy = 4.69e-02      || longdy/dt = 2.75e-06  || dt = 4.70e+02
[[32m[1m INFO  [21m[0m] from nz = 50 and N2
[[32m[1m INFO  [21m[0m] -----------------------------------------------------------------
[[32m[1m INFO  [21m[0m] Elapsed time: 5.09e+05 || Step number: 11700/30000
[[32m[1m INFO  [21m[0m] longdy = 5.54e-02      || longdy/dt = 3.63e-06  || dt = 6.61e-04
[[32m[1m INFO  [21m[0m] from nz = 3 and N2O
[[32m[1m INFO  [21m[0m] -----------------------------------------------------------------
[[32m[1m INFO  [21m[0m] Elapsed time: 5.24e+05 || Step number: 11800/30000
[[32m[1m INFO  [21m[0m] longdy = 3.56e-02      || longdy/dt = 2.32e-06  || dt = 4.45e-05
[[32m[1m INFO  [21m[0m] from nz = 50 and N2
[[32m[1m INFO  [21m[0m] -----------------------------------------------------------------
[[32m[1m INFO  [21m[0m] Elapsed time: 5.32e+05 || Step number: 11900/30000
[[32m[1m INFO  [21m[0m] longdy = 9.44e-02      || longdy/dt = 1.14e-05  || dt = 1.25e-06
[[32m[1m INFO  [21m[0m] from nz = 3 and N2O
[[32m[1m INFO  [21m[0m] -----------------------------------------------------------------
[[32m[1m INFO  [21m[0m] Elapsed time: 5.39e+05 || Step number: 12000/30000
[[32m[1m INFO  [21m[0m] longdy = 5.41e-02      || longdy/dt = 8.89e-06  || dt = 1.72e+02
[[32m[1m INFO  [21m[0m] from nz = 3 and N2O
[[32m[1m INFO  [21m[0m] -----------------------------------------------------------------
[[32m[1m INFO  [21m[0m] Elapsed time: 5.55e+05 || Step number: 12100/30000
[[32m[1m INFO  [21m[0m] longdy = 3.13e-02      || longdy/dt = 1.98e-06  || dt = 5.55e+02
[[32m[1m INFO  [21m[0m] from nz = 50 and N2
[[32m[1m INFO  [21m[0m] -----------------------------------------------------------------
[[32m[1m INFO  [21m[0m] Elapsed time: 5.74e+05 || Step number: 12200/30000
[[32m[1m INFO  [21m[0m] longdy = 3.42e-02      || longdy/dt = 1.79e-06  || dt = 1.07e-05
[[32m[1m INFO  [21m[0m] from nz = 50 and N2
[[32m[1m INFO  [21m[0m] -----------------------------------------------------------------
[[32m[1m INFO  [21m[0m] Elapsed time: 5.88e+05 || Step number: 12300/30000
[[32m[1m INFO  [21m[0m] longdy = 3.31e-02      || longdy/dt = 2.29e-06  || dt = 2.59e+02
[[32m[1m INFO  [21m[0m] from nz = 26 and HCS
[[32m[1m INFO  [21m[0m] -----------------------------------------------------------------
[[32m[1m INFO  [21m[0m] Elapsed time: 6.01e+05 || Step number: 12400/30000
[[32m[1m INFO  [21m[0m] longdy = 2.62e-02      || longdy/dt = 2.06e-06  || dt = 5.98e+02
[[32m[1m INFO  [21m[0m] from nz = 39 and CH2
[[32m[1m INFO  [21m[0m] -----------------------------------------------------------------
[[32m[1m INFO  [21m[0m] Elapsed time: 6.32e+05 || Step number: 12500/30000
[[32m[1m INFO  [21m[0m] longdy = 4.81e-02      || longdy/dt = 1.61e-06  || dt = 6.87e+02
[[32m[1m INFO  [21m[0m] from nz = 42 and C6H5
[[32m[1m INFO  [21m[0m] -----------------------------------------------------------------
[[32m[1m INFO  [21m[0m] Elapsed time: 6.49e+05 || Step number: 12600/30000
[[32m[1m INFO  [21m[0m] longdy = 3.99e-02      || longdy/dt = 2.37e-06  || dt = 1.78e-03
[[32m[1m INFO  [21m[0m] from nz = 26 and HCS
[[32m[1m INFO  [21m[0m] -----------------------------------------------------------------
[[32m[1m INFO  [21m[0m] Elapsed time: 6.58e+05 || Step number: 12700/30000
[[32m[1m INFO  [21m[0m] longdy = 1.93e-02      || longdy/dt = 2.05e-06  || dt = 1.76e+02
[[32m[1m INFO  [21m[0m] from nz = 3 and N2O
[[32m[1m INFO  [21m[0m] -----------------------------------------------------------------
[[32m[1m INFO  [21m[0m] Elapsed time: 6.83e+05 || Step number: 12800/30000
[[32m[1m INFO  [21m[0m] longdy = 3.75e-02      || longdy/dt = 1.53e-06  || dt = 1.96e+02
[[32m[1m INFO  [21m[0m] from nz = 42 and C6H5
[[32m[1m INFO  [21m[0m] -----------------------------------------------------------------
[[32m[1m INFO  [21m[0m] Elapsed time: 6.96e+05 || Step number: 12900/30000
[[32m[1m INFO  [21m[0m] longdy = 2.37e-02      || longdy/dt = 1.81e-06  || dt = 1.31e+01
[[32m[1m INFO  [21m[0m] from nz = 26 and HCS
[[32m[1m INFO  [21m[0m] -----------------------------------------------------------------
[[32m[1m INFO  [21m[0m] Elapsed time: 7.09e+05 || Step number: 13000/30000
[[32m[1m INFO  [21m[0m] longdy = 1.83e-02      || longdy/dt = 1.41e-06  || dt = 3.37e+02
[[32m[1m INFO  [21m[0m] from nz = 42 and C6H5
[[32m[1m INFO  [21m[0m] -----------------------------------------------------------------
[[32m[1m INFO  [21m[0m] Elapsed time: 7.26e+05 || Step number: 13100/30000
[[32m[1m INFO  [21m[0m] longdy = 2.83e-02      || longdy/dt = 1.65e-06  || dt = 4.84e-03
[[32m[1m INFO  [21m[0m] from nz = 3 and N2O
[[32m[1m INFO  [21m[0m] -----------------------------------------------------------------
[[32m[1m INFO  [21m[0m] Elapsed time: 7.47e+05 || Step number: 13200/30000
[[32m[1m INFO  [21m[0m] longdy = 3.44e-02      || longdy/dt = 1.64e-06  || dt = 1.15e+02
[[32m[1m INFO  [21m[0m] from nz = 3 and N2O
[[32m[1m INFO  [21m[0m] -----------------------------------------------------------------
[[32m[1m INFO  [21m[0m] Elapsed time: 7.60e+05 || Step number: 13300/30000
[[32m[1m INFO  [21m[0m] longdy = 1.90e-02      || longdy/dt = 1.52e-06  || dt = 4.63e+02
[[32m[1m INFO  [21m[0m] from nz = 26 and HCS
[[32m[1m INFO  [21m[0m] -----------------------------------------------------------------
[[32m[1m INFO  [21m[0m] Elapsed time: 7.78e+05 || Step number: 13400/30000
[[32m[1m INFO  [21m[0m] longdy = 3.10e-02      || longdy/dt = 1.69e-06  || dt = 1.54e-05
[[32m[1m INFO  [21m[0m] from nz = 3 and N2O
[[32m[1m INFO  [21m[0m] -----------------------------------------------------------------
[[32m[1m INFO  [21m[0m] Elapsed time: 7.84e+05 || Step number: 13500/30000
[[32m[1m INFO  [21m[0m] longdy = 2.55e-02      || longdy/dt = 4.58e-06  || dt = 5.62e+02
[[32m[1m INFO  [21m[0m] from nz = 3 and N2O
[[32m[1m INFO  [21m[0m] -----------------------------------------------------------------
[[32m[1m INFO  [21m[0m] Integration successful with 13501 steps
[[32m[1m INFO  [21m[0m] long dy, long dydt = 0.013540962810765904, 2.2638608638224157e-06
[[32m[1m INFO  [21m[0m] Total atom loss:
[[32m[1m INFO  [21m[0m] H: -0.0052371309928710965 
[[32m[1m INFO  [21m[0m] O: -0.06795863027372215 
[[32m[1m INFO  [21m[0m] C: 0.107308262311554 
[[32m[1m INFO  [21m[0m] N: -0.08421484865624465 
[[32m[1m INFO  [21m[0m] S: 0.13786920285256865 
[[32m[1m INFO  [21m[0m] ------ Live long and prosper \V/ ------
[[32m[1m INFO  [21m[0m]     done
Atmodeller initialized with double precision (float64)
[[93m[1m WARNING [21m[0m] The archive tar file does not exist: /data/rdc49-2/K218b_project/simulation_data/grid_H1_C2_N0_S2_fO23__from_batch14_case_000034__7_crash_atmos_chem_step_vulcan_chem_funs_race_missing_symjac/data/data.tar
[[32m[1m INFO  [21m[0m] Observing the planet...
Loading PHOENIX star table in file '/data/rdc49-2/FWL_DATA/prt/input_data/stellar_spectra/phoenix/phoenix.startable.petitRADTRANS.h5'... Done.
