Atmodeller initialized with double precision (float64)
[[93m[1m WARNING [21m[0m] The archive tar file does not exist: /data/rdc49-2/K218b_project/simulation_data/grid_H1_C0_N3_S2_fO21__from_batch05_case_000046__7_crash_atmos_chem_step_vulcan_chem_funs_race_missing_symjac/data/data.tar
[[32m[1m INFO  [21m[0m] Running atmospheric chemistry...
[[32m[1m INFO  [21m[0m]     Using vulcan module, offline
[[32m[1m INFO  [21m[0m] Elements conserved in the network.
[[32m[1m INFO  [21m[0m] No duplicates in the network.
[[32m[1m INFO  [21m[0m] Elements conserved in the network.
[[32m[1m INFO  [21m[0m] No duplicates in the network.
[[32m[1m INFO  [21m[0m] Running VULCAN
[[93m[1m WARNING [21m[0m] P_b and P_t assgined in vulcan.cfg are out of range of the input. Constant extension is used.
[[32m[1m INFO  [21m[0m] Initializing with compositions from ASCII file /data/rdc49-2/K218b_project/simulation_data/grid_H1_C0_N3_S2_fO21__from_batch05_case_000046__7_crash_atmos_chem_step_vulcan_chem_funs_race_missing_symjac/offchem/vmrs.dat
[[32m[1m INFO  [21m[0m] Input stellar spectrum from 2.0 to 700.0
[[32m[1m INFO  [21m[0m] Using wavelength bins from 2.0 to 655.5
[[32m[1m INFO  [21m[0m] Include molecular diffusion.
[[32m[1m INFO  [21m[0m] Starting VULCAN integration with 1 threads...
[[93m[1m WARNING [21m[0m] Keep producing negative values! Clipping negative solutions and moving on!
[[93m[1m WARNING [21m[0m] Keep producing negative values! Clipping negative solutions and moving on!
[[93m[1m WARNING [21m[0m] Keep producing negative values! Clipping negative solutions and moving on!
[[93m[1m WARNING [21m[0m] Keep producing negative values! Clipping negative solutions and moving on!
[[93m[1m WARNING [21m[0m] Keep producing negative values! Clipping negative solutions and moving on!
[[93m[1m WARNING [21m[0m] Keep producing negative values! Clipping negative solutions and moving on!
[[93m[1m WARNING [21m[0m] Keep producing negative values! Clipping negative solutions and moving on!
[[93m[1m WARNING [21m[0m] Keep producing negative values! Clipping negative solutions and moving on!
[[32m[1m INFO  [21m[0m] Elapsed time: 4.02e-05 || Step number: 100/30000
[[32m[1m INFO  [21m[0m] longdy = 1.00e+00      || longdy/dt = 1.00e+00  || dt = 1.09e-06
[[32m[1m INFO  [21m[0m] from nz = 0 and OH
[[32m[1m INFO  [21m[0m] -----------------------------------------------------------------
[[32m[1m INFO  [21m[0m] Elapsed time: 2.91e-04 || Step number: 200/30000
[[32m[1m INFO  [21m[0m] longdy = 1.00e+00      || longdy/dt = 1.00e+00  || dt = 3.59e-06
[[32m[1m INFO  [21m[0m] from nz = 0 and OH
[[32m[1m INFO  [21m[0m] -----------------------------------------------------------------
[[32m[1m INFO  [21m[0m] Elapsed time: 2.02e-03 || Step number: 300/30000
[[32m[1m INFO  [21m[0m] longdy = 1.00e+00      || longdy/dt = 1.00e+00  || dt = 2.34e-05
[[32m[1m INFO  [21m[0m] from nz = 0 and OH
[[32m[1m INFO  [21m[0m] -----------------------------------------------------------------
[[32m[1m INFO  [21m[0m] Elapsed time: 1.36e-02 || Step number: 400/30000
[[32m[1m INFO  [21m[0m] longdy = 1.00e+00      || longdy/dt = 1.00e+00  || dt = 1.77e-04
[[32m[1m INFO  [21m[0m] from nz = 0 and OH
[[32m[1m INFO  [21m[0m] -----------------------------------------------------------------
[[32m[1m INFO  [21m[0m] Elapsed time: 7.41e-02 || Step number: 500/30000
[[32m[1m INFO  [21m[0m] longdy = 1.00e+00      || longdy/dt = 1.00e+00  || dt = 1.38e-03
[[32m[1m INFO  [21m[0m] from nz = 0 and OH
[[32m[1m INFO  [21m[0m] -----------------------------------------------------------------
[[32m[1m INFO  [21m[0m] Elapsed time: 3.16e-01 || Step number: 600/30000
[[32m[1m INFO  [21m[0m] longdy = 1.00e+00      || longdy/dt = 1.00e+00  || dt = 8.98e-03
[[32m[1m INFO  [21m[0m] from nz = 0 and OH
[[32m[1m INFO  [21m[0m] -----------------------------------------------------------------
[[32m[1m INFO  [21m[0m] Elapsed time: 1.37e+00 || Step number: 700/30000
[[32m[1m INFO  [21m[0m] longdy = 1.00e+00      || longdy/dt = 1.00e+00  || dt = 2.46e-02
[[32m[1m INFO  [21m[0m] from nz = 0 and OH
[[32m[1m INFO  [21m[0m] -----------------------------------------------------------------
[[32m[1m INFO  [21m[0m] Elapsed time: 5.20e+00 || Step number: 800/30000
[[32m[1m INFO  [21m[0m] longdy = 1.00e+00      || longdy/dt = 1.00e+00  || dt = 6.63e-02
[[32m[1m INFO  [21m[0m] from nz = 0 and OH
[[32m[1m INFO  [21m[0m] -----------------------------------------------------------------
[[32m[1m INFO  [21m[0m] Elapsed time: 1.40e+01 || Step number: 900/30000
[[32m[1m INFO  [21m[0m] longdy = 1.00e+00      || longdy/dt = 1.00e+00  || dt = 1.46e-01
[[32m[1m INFO  [21m[0m] from nz = 0 and OH
[[32m[1m INFO  [21m[0m] -----------------------------------------------------------------
[[32m[1m INFO  [21m[0m] Elapsed time: 3.13e+01 || Step number: 1000/30000
[[32m[1m INFO  [21m[0m] longdy = 1.00e+00      || longdy/dt = 1.00e+00  || dt = 2.86e-01
[[32m[1m INFO  [21m[0m] from nz = 0 and OH
[[32m[1m INFO  [21m[0m] -----------------------------------------------------------------
[[32m[1m INFO  [21m[0m] Elapsed time: 6.34e+01 || Step number: 1100/30000
[[32m[1m INFO  [21m[0m] longdy = 1.00e+00      || longdy/dt = 1.00e+00  || dt = 5.16e-01
[[32m[1m INFO  [21m[0m] from nz = 0 and OH
[[32m[1m INFO  [21m[0m] -----------------------------------------------------------------
[[32m[1m INFO  [21m[0m] Elapsed time: 1.14e+02 || Step number: 1200/30000
[[32m[1m INFO  [21m[0m] longdy = 5.47e+02      || longdy/dt = 1.10e+01  || dt = 6.61e-01
[[32m[1m INFO  [21m[0m] from nz = 42 and N
[[32m[1m INFO  [21m[0m] -----------------------------------------------------------------
[[32m[1m INFO  [21m[0m] Elapsed time: 1.81e+02 || Step number: 1300/30000
[[32m[1m INFO  [21m[0m] longdy = 1.98e+01      || longdy/dt = 3.00e-01  || dt = 1.40e+00
[[32m[1m INFO  [21m[0m] from nz = 16 and O2
[[32m[1m INFO  [21m[0m] -----------------------------------------------------------------
[[32m[1m INFO  [21m[0m] Elapsed time: 3.21e+02 || Step number: 1400/30000
[[32m[1m INFO  [21m[0m] longdy = 2.33e+01      || longdy/dt = 1.69e-01  || dt = 2.33e+00
[[32m[1m INFO  [21m[0m] from nz = 16 and O2
[[32m[1m INFO  [21m[0m] -----------------------------------------------------------------
[[32m[1m INFO  [21m[0m] Elapsed time: 5.81e+02 || Step number: 1500/30000
[[32m[1m INFO  [21m[0m] longdy = 1.02e+01      || longdy/dt = 3.98e-02  || dt = 4.45e+00
[[32m[1m INFO  [21m[0m] from nz = 17 and O2
[[32m[1m INFO  [21m[0m] -----------------------------------------------------------------
[[32m[1m INFO  [21m[0m] Elapsed time: 1.06e+03 || Step number: 1600/30000
[[32m[1m INFO  [21m[0m] longdy = 1.10e+01      || longdy/dt = 2.31e-02  || dt = 7.78e+00
[[32m[1m INFO  [21m[0m] from nz = 14 and SO2
[[32m[1m INFO  [21m[0m] -----------------------------------------------------------------
[[32m[1m INFO  [21m[0m] Elapsed time: 2.05e+03 || Step number: 1700/30000
[[32m[1m INFO  [21m[0m] longdy = 9.12e+00      || longdy/dt = 9.41e-03  || dt = 1.76e+01
[[32m[1m INFO  [21m[0m] from nz = 15 and SO2
[[32m[1m INFO  [21m[0m] -----------------------------------------------------------------
[[32m[1m INFO  [21m[0m] Elapsed time: 3.64e+03 || Step number: 1800/30000
[[32m[1m INFO  [21m[0m] longdy = 2.31e+01      || longdy/dt = 1.47e-02  || dt = 3.22e+01
[[32m[1m INFO  [21m[0m] from nz = 31 and CS
[[32m[1m INFO  [21m[0m] -----------------------------------------------------------------
[[32m[1m INFO  [21m[0m] Elapsed time: 5.98e+03 || Step number: 1900/30000
[[32m[1m INFO  [21m[0m] longdy = 2.98e+04      || longdy/dt = 1.30e+01  || dt = 5.41e+01
[[32m[1m INFO  [21m[0m] from nz = 26 and CS
[[32m[1m INFO  [21m[0m] -----------------------------------------------------------------
[[32m[1m INFO  [21m[0m] Elapsed time: 1.11e+04 || Step number: 2000/30000
[[32m[1m INFO  [21m[0m] longdy = 3.92e+01      || longdy/dt = 7.87e-03  || dt = 9.62e+01
[[32m[1m INFO  [21m[0m] from nz = 28 and CS
[[32m[1m INFO  [21m[0m] -----------------------------------------------------------------
[[32m[1m INFO  [21m[0m] Elapsed time: 2.75e+04 || Step number: 2100/30000
[[32m[1m INFO  [21m[0m] longdy = 4.30e+00      || longdy/dt = 3.16e-04  || dt = 3.59e+02
[[32m[1m INFO  [21m[0m] from nz = 29 and CS
[[32m[1m INFO  [21m[0m] -----------------------------------------------------------------
[[32m[1m INFO  [21m[0m] Elapsed time: 1.14e+05 || Step number: 2200/30000
[[32m[1m INFO  [21m[0m] longdy = 9.75e-01      || longdy/dt = 1.71e-05  || dt = 8.20e-08
[[32m[1m INFO  [21m[0m] from nz = 50 and CH2NH
[[32m[1m INFO  [21m[0m] -----------------------------------------------------------------
[[32m[1m INFO  [21m[0m] Elapsed time: 1.40e+05 || Step number: 2300/30000
[[32m[1m INFO  [21m[0m] longdy = 5.78e-01      || longdy/dt = 2.30e-05  || dt = 7.05e+02
[[32m[1m INFO  [21m[0m] from nz = 50 and CH2NH
[[32m[1m INFO  [21m[0m] -----------------------------------------------------------------
[[32m[1m INFO  [21m[0m] Elapsed time: 1.99e+05 || Step number: 2400/30000
[[32m[1m INFO  [21m[0m] longdy = 6.73e-01      || longdy/dt = 1.14e-05  || dt = 3.99e-05
[[32m[1m INFO  [21m[0m] from nz = 7 and S4
[[32m[1m INFO  [21m[0m] -----------------------------------------------------------------
[[32m[1m INFO  [21m[0m] Elapsed time: 2.16e+05 || Step number: 2500/30000
[[32m[1m INFO  [21m[0m] longdy = 2.55e-01      || longdy/dt = 1.50e-05  || dt = 3.14e+02
[[32m[1m INFO  [21m[0m] from nz = 9 and S4
[[32m[1m INFO  [21m[0m] -----------------------------------------------------------------
[[32m[1m INFO  [21m[0m] Elapsed time: 2.41e+05 || Step number: 2600/30000
[[32m[1m INFO  [21m[0m] longdy = 3.27e-01      || longdy/dt = 1.34e-05  || dt = 1.26e+02
[[32m[1m INFO  [21m[0m] from nz = 9 and S4
[[32m[1m INFO  [21m[0m] -----------------------------------------------------------------
[[32m[1m INFO  [21m[0m] Elapsed time: 2.52e+05 || Step number: 2700/30000
[[32m[1m INFO  [21m[0m] longdy = 1.59e-01      || longdy/dt = 1.45e-05  || dt = 4.02e-01
[[32m[1m INFO  [21m[0m] from nz = 10 and S4
[[32m[1m INFO  [21m[0m] -----------------------------------------------------------------
[[32m[1m INFO  [21m[0m] Elapsed time: 2.56e+05 || Step number: 2800/30000
[[32m[1m INFO  [21m[0m] longdy = 6.69e-02      || longdy/dt = 1.51e-05  || dt = 5.59e+00
[[32m[1m INFO  [21m[0m] from nz = 11 and S4
[[32m[1m INFO  [21m[0m] -----------------------------------------------------------------
[[32m[1m INFO  [21m[0m] Elapsed time: 2.59e+05 || Step number: 2900/30000
[[32m[1m INFO  [21m[0m] longdy = 3.66e-02      || longdy/dt = 1.54e-05  || dt = 1.61e+02
[[32m[1m INFO  [21m[0m] from nz = 11 and S4
[[32m[1m INFO  [21m[0m] -----------------------------------------------------------------
[[32m[1m INFO  [21m[0m] Elapsed time: 2.62e+05 || Step number: 3000/30000
[[32m[1m INFO  [21m[0m] longdy = 4.16e-02      || longdy/dt = 1.53e-05  || dt = 5.42e-04
[[32m[1m INFO  [21m[0m] from nz = 11 and S4
[[32m[1m INFO  [21m[0m] -----------------------------------------------------------------
[[32m[1m INFO  [21m[0m] Elapsed time: 2.64e+05 || Step number: 3100/30000
[[32m[1m INFO  [21m[0m] longdy = 3.66e-02      || longdy/dt = 1.52e-05  || dt = 4.92e-02
[[32m[1m INFO  [21m[0m] from nz = 11 and S4
[[32m[1m INFO  [21m[0m] -----------------------------------------------------------------
[[32m[1m INFO  [21m[0m] Elapsed time: 2.66e+05 || Step number: 3200/30000
[[32m[1m INFO  [21m[0m] longdy = 2.56e-02      || longdy/dt = 1.53e-05  || dt = 3.36e+01
[[32m[1m INFO  [21m[0m] from nz = 11 and S4
[[32m[1m INFO  [21m[0m] -----------------------------------------------------------------
[[32m[1m INFO  [21m[0m] Elapsed time: 2.68e+05 || Step number: 3300/30000
[[32m[1m INFO  [21m[0m] longdy = 3.10e-02      || longdy/dt = 1.52e-05  || dt = 7.93e+01
[[32m[1m INFO  [21m[0m] from nz = 11 and S4
[[32m[1m INFO  [21m[0m] -----------------------------------------------------------------
[[32m[1m INFO  [21m[0m] Elapsed time: 2.71e+05 || Step number: 3400/30000
[[32m[1m INFO  [21m[0m] longdy = 4.50e-02      || longdy/dt = 1.50e-05  || dt = 2.22e+01
[[32m[1m INFO  [21m[0m] from nz = 11 and S4
[[32m[1m INFO  [21m[0m] -----------------------------------------------------------------
[[32m[1m INFO  [21m[0m] Elapsed time: 2.73e+05 || Step number: 3500/30000
[[32m[1m INFO  [21m[0m] longdy = 3.55e-02      || longdy/dt = 1.49e-05  || dt = 5.58e+01
[[32m[1m INFO  [21m[0m] from nz = 11 and S4
[[32m[1m INFO  [21m[0m] -----------------------------------------------------------------
[[32m[1m INFO  [21m[0m] Elapsed time: 2.76e+05 || Step number: 3600/30000
[[32m[1m INFO  [21m[0m] longdy = 4.17e-02      || longdy/dt = 1.49e-05  || dt = 1.55e+02
[[32m[1m INFO  [21m[0m] from nz = 12 and S4
[[32m[1m INFO  [21m[0m] -----------------------------------------------------------------
[[32m[1m INFO  [21m[0m] Elapsed time: 2.79e+05 || Step number: 3700/30000
[[32m[1m INFO  [21m[0m] longdy = 3.97e-02      || longdy/dt = 1.49e-05  || dt = 1.78e+00
[[32m[1m INFO  [21m[0m] from nz = 12 and S4
[[32m[1m INFO  [21m[0m] -----------------------------------------------------------------
[[32m[1m INFO  [21m[0m] Elapsed time: 2.81e+05 || Step number: 3800/30000
[[32m[1m INFO  [21m[0m] longdy = 3.27e-02      || longdy/dt = 1.49e-05  || dt = 1.17e-03
[[32m[1m INFO  [21m[0m] from nz = 12 and S4
[[32m[1m INFO  [21m[0m] -----------------------------------------------------------------
[[32m[1m INFO  [21m[0m] Elapsed time: 2.84e+05 || Step number: 3900/30000
[[32m[1m INFO  [21m[0m] longdy = 4.07e-02      || longdy/dt = 1.48e-05  || dt = 3.88e+01
[[32m[1m INFO  [21m[0m] from nz = 12 and S4
[[32m[1m INFO  [21m[0m] -----------------------------------------------------------------
[[32m[1m INFO  [21m[0m] Elapsed time: 2.89e+05 || Step number: 4000/30000
[[32m[1m INFO  [21m[0m] longdy = 7.18e-02      || longdy/dt = 1.44e-05  || dt = 7.09e-03
[[32m[1m INFO  [21m[0m] from nz = 12 and S4
[[32m[1m INFO  [21m[0m] -----------------------------------------------------------------
[[32m[1m INFO  [21m[0m] Elapsed time: 2.92e+05 || Step number: 4100/30000
[[32m[1m INFO  [21m[0m] longdy = 4.20e-02      || longdy/dt = 1.46e-05  || dt = 3.11e+01
[[32m[1m INFO  [21m[0m] from nz = 12 and S4
[[32m[1m INFO  [21m[0m] -----------------------------------------------------------------
[[32m[1m INFO  [21m[0m] Elapsed time: 2.96e+05 || Step number: 4200/30000
[[32m[1m INFO  [21m[0m] longdy = 5.54e-02      || longdy/dt = 1.44e-05  || dt = 1.33e-01
[[32m[1m INFO  [21m[0m] from nz = 13 and S4
[[32m[1m INFO  [21m[0m] -----------------------------------------------------------------
[[32m[1m INFO  [21m[0m] Elapsed time: 2.98e+05 || Step number: 4300/30000
[[32m[1m INFO  [21m[0m] longdy = 3.88e-02      || longdy/dt = 1.45e-05  || dt = 4.72e+01
[[32m[1m INFO  [21m[0m] from nz = 13 and S4
[[32m[1m INFO  [21m[0m] -----------------------------------------------------------------
[[32m[1m INFO  [21m[0m] Elapsed time: 3.03e+05 || Step number: 4400/30000
[[32m[1m INFO  [21m[0m] longdy = 6.37e-02      || longdy/dt = 1.43e-05  || dt = 3.44e-03
[[32m[1m INFO  [21m[0m] from nz = 13 and S4
[[32m[1m INFO  [21m[0m] -----------------------------------------------------------------
[[32m[1m INFO  [21m[0m] Elapsed time: 3.08e+05 || Step number: 4500/30000
[[32m[1m INFO  [21m[0m] longdy = 7.83e-02      || longdy/dt = 1.42e-05  || dt = 8.58e-04
[[32m[1m INFO  [21m[0m] from nz = 50 and N
[[32m[1m INFO  [21m[0m] -----------------------------------------------------------------
[[32m[1m INFO  [21m[0m] Elapsed time: 3.10e+05 || Step number: 4600/30000
[[32m[1m INFO  [21m[0m] longdy = 2.83e-02      || longdy/dt = 1.59e-05  || dt = 6.99e-02
[[32m[1m INFO  [21m[0m] from nz = 49 and N
[[32m[1m INFO  [21m[0m] -----------------------------------------------------------------
[[32m[1m INFO  [21m[0m] Elapsed time: 3.13e+05 || Step number: 4700/30000
[[32m[1m INFO  [21m[0m] longdy = 4.29e-02      || longdy/dt = 1.50e-05  || dt = 1.43e+02
[[32m[1m INFO  [21m[0m] from nz = 50 and N
[[32m[1m INFO  [21m[0m] -----------------------------------------------------------------
[[32m[1m INFO  [21m[0m] Elapsed time: 3.16e+05 || Step number: 4800/30000
[[32m[1m INFO  [21m[0m] longdy = 5.30e-02      || longdy/dt = 1.50e-05  || dt = 9.43e-04
[[32m[1m INFO  [21m[0m] from nz = 50 and N
[[32m[1m INFO  [21m[0m] -----------------------------------------------------------------
[[32m[1m INFO  [21m[0m] Elapsed time: 3.20e+05 || Step number: 4900/30000
[[32m[1m INFO  [21m[0m] longdy = 5.03e-02      || longdy/dt = 1.55e-05  || dt = 1.48e+01
[[32m[1m INFO  [21m[0m] from nz = 50 and N
[[32m[1m INFO  [21m[0m] -----------------------------------------------------------------
[[32m[1m INFO  [21m[0m] Elapsed time: 3.27e+05 || Step number: 5000/30000
[[32m[1m INFO  [21m[0m] longdy = 1.01e-01      || longdy/dt = 1.49e-05  || dt = 1.31e-02
[[32m[1m INFO  [21m[0m] from nz = 24 and H2CN
[[32m[1m INFO  [21m[0m] -----------------------------------------------------------------
[[32m[1m INFO  [21m[0m] Elapsed time: 3.29e+05 || Step number: 5100/30000
[[32m[1m INFO  [21m[0m] longdy = 4.94e-02      || longdy/dt = 1.68e-05  || dt = 2.05e+01
[[32m[1m INFO  [21m[0m] from nz = 49 and N
[[32m[1m INFO  [21m[0m] -----------------------------------------------------------------
[[32m[1m INFO  [21m[0m] Elapsed time: 3.35e+05 || Step number: 5200/30000
[[32m[1m INFO  [21m[0m] longdy = 9.05e-02      || longdy/dt = 1.57e-05  || dt = 6.48e+01
[[32m[1m INFO  [21m[0m] from nz = 24 and H2CN
[[32m[1m INFO  [21m[0m] -----------------------------------------------------------------
[[32m[1m INFO  [21m[0m] Elapsed time: 4.01e+05 || Step number: 5300/30000
[[32m[1m INFO  [21m[0m] longdy = 1.17e+00      || longdy/dt = 1.81e-05  || dt = 9.66e+02
[[32m[1m INFO  [21m[0m] from nz = 50 and CS
[[32m[1m INFO  [21m[0m] -----------------------------------------------------------------
[[32m[1m INFO  [21m[0m] Elapsed time: 4.76e+05 || Step number: 5400/30000
[[32m[1m INFO  [21m[0m] longdy = 8.04e-01      || longdy/dt = 1.10e-05  || dt = 3.57e+03
[[32m[1m INFO  [21m[0m] from nz = 23 and N2H3
[[32m[1m INFO  [21m[0m] -----------------------------------------------------------------
[[32m[1m INFO  [21m[0m] Elapsed time: 5.17e+05 || Step number: 5500/30000
[[32m[1m INFO  [21m[0m] longdy = 1.00e+00      || longdy/dt = 2.44e-05  || dt = 1.26e+01
[[32m[1m INFO  [21m[0m] from nz = 12 and C4H2
[[32m[1m INFO  [21m[0m] -----------------------------------------------------------------
[[32m[1m INFO  [21m[0m] Elapsed time: 5.31e+05 || Step number: 5600/30000
[[32m[1m INFO  [21m[0m] longdy = 2.57e-01      || longdy/dt = 1.91e-05  || dt = 7.35e+02
[[32m[1m INFO  [21m[0m] from nz = 34 and CH2
[[32m[1m INFO  [21m[0m] -----------------------------------------------------------------
[[32m[1m INFO  [21m[0m] Elapsed time: 5.69e+05 || Step number: 5700/30000
[[32m[1m INFO  [21m[0m] longdy = 1.00e+00      || longdy/dt = 2.60e-05  || dt = 1.25e+01
[[32m[1m INFO  [21m[0m] from nz = 12 and C4H2
[[32m[1m INFO  [21m[0m] -----------------------------------------------------------------
[[32m[1m INFO  [21m[0m] Elapsed time: 5.79e+05 || Step number: 5800/30000
[[32m[1m INFO  [21m[0m] longdy = 1.50e-01      || longdy/dt = 1.55e-05  || dt = 5.04e+02
[[32m[1m INFO  [21m[0m] from nz = 34 and CH2
[[32m[1m INFO  [21m[0m] -----------------------------------------------------------------
[[32m[1m INFO  [21m[0m] Elapsed time: 6.19e+05 || Step number: 5900/30000
[[32m[1m INFO  [21m[0m] longdy = 9.92e-01      || longdy/dt = 2.53e-05  || dt = 1.56e+01
[[32m[1m INFO  [21m[0m] from nz = 13 and C4H2
[[32m[1m INFO  [21m[0m] -----------------------------------------------------------------
[[32m[1m INFO  [21m[0m] Elapsed time: 6.58e+05 || Step number: 6000/30000
[[32m[1m INFO  [21m[0m] longdy = 9.94e-01      || longdy/dt = 2.50e-05  || dt = 1.25e+01
[[32m[1m INFO  [21m[0m] from nz = 12 and C4H2
[[32m[1m INFO  [21m[0m] -----------------------------------------------------------------
[[32m[1m INFO  [21m[0m] Elapsed time: 6.65e+05 || Step number: 6100/30000
[[32m[1m INFO  [21m[0m] longdy = 2.91e-01      || longdy/dt = 4.55e-05  || dt = 3.25e+02
[[32m[1m INFO  [21m[0m] from nz = 34 and CH2
[[32m[1m INFO  [21m[0m] -----------------------------------------------------------------
[[32m[1m INFO  [21m[0m] Elapsed time: 7.11e+05 || Step number: 6200/30000
[[32m[1m INFO  [21m[0m] longdy = 3.49e-01      || longdy/dt = 7.64e-06  || dt = 1.25e+01
[[32m[1m INFO  [21m[0m] from nz = 34 and CH2
[[32m[1m INFO  [21m[0m] -----------------------------------------------------------------
[[32m[1m INFO  [21m[0m] Elapsed time: 7.33e+05 || Step number: 6300/30000
[[32m[1m INFO  [21m[0m] longdy = 1.13e-01      || longdy/dt = 5.12e-06  || dt = 4.97e+02
[[32m[1m INFO  [21m[0m] from nz = 38 and SO2
[[32m[1m INFO  [21m[0m] -----------------------------------------------------------------
[[32m[1m INFO  [21m[0m] Elapsed time: 7.63e+05 || Step number: 6400/30000
[[32m[1m INFO  [21m[0m] longdy = 9.97e-01      || longdy/dt = 3.40e-05  || dt = 2.43e+01
[[32m[1m INFO  [21m[0m] from nz = 13 and C4H2
[[32m[1m INFO  [21m[0m] -----------------------------------------------------------------
[[32m[1m INFO  [21m[0m] Elapsed time: 8.11e+05 || Step number: 6500/30000
[[32m[1m INFO  [21m[0m] longdy = 1.69e-01      || longdy/dt = 3.47e-06  || dt = 3.09e-05
[[32m[1m INFO  [21m[0m] from nz = 30 and CS
[[32m[1m INFO  [21m[0m] -----------------------------------------------------------------
[[32m[1m INFO  [21m[0m] Elapsed time: 8.34e+05 || Step number: 6600/30000
[[32m[1m INFO  [21m[0m] longdy = 1.41e-01      || longdy/dt = 6.41e-06  || dt = 1.06e+03
[[32m[1m INFO  [21m[0m] from nz = 34 and CH2
[[32m[1m INFO  [21m[0m] -----------------------------------------------------------------
[[32m[1m INFO  [21m[0m] Elapsed time: 8.48e+05 || Step number: 6700/30000
[[32m[1m INFO  [21m[0m] longdy = 6.28e-02      || longdy/dt = 4.42e-06  || dt = 1.49e+02
[[32m[1m INFO  [21m[0m] from nz = 34 and CH2
[[32m[1m INFO  [21m[0m] -----------------------------------------------------------------
[[32m[1m INFO  [21m[0m] Elapsed time: 8.66e+05 || Step number: 6800/30000
[[32m[1m INFO  [21m[0m] longdy = 4.41e-02      || longdy/dt = 2.50e-06  || dt = 9.73e+01
[[32m[1m INFO  [21m[0m] from nz = 34 and CH2
[[32m[1m INFO  [21m[0m] -----------------------------------------------------------------
[[32m[1m INFO  [21m[0m] Elapsed time: 9.01e+05 || Step number: 6900/30000
[[32m[1m INFO  [21m[0m] longdy = 4.81e-02      || longdy/dt = 1.39e-06  || dt = 2.39e+00
[[32m[1m INFO  [21m[0m] from nz = 50 and S2O
[[32m[1m INFO  [21m[0m] -----------------------------------------------------------------
[[32m[1m INFO  [21m[0m] Elapsed time: 9.19e+05 || Step number: 7000/30000
[[32m[1m INFO  [21m[0m] longdy = 5.05e-02      || longdy/dt = 2.70e-06  || dt = 9.96e+01
[[32m[1m INFO  [21m[0m] from nz = 34 and CH2
[[32m[1m INFO  [21m[0m] -----------------------------------------------------------------
[[32m[1m INFO  [21m[0m] Elapsed time: 9.51e+05 || Step number: 7100/30000
[[32m[1m INFO  [21m[0m] longdy = 9.99e-01      || longdy/dt = 3.14e-05  || dt = 4.88e+00
[[32m[1m INFO  [21m[0m] from nz = 12 and C4H2
[[32m[1m INFO  [21m[0m] -----------------------------------------------------------------
[[32m[1m INFO  [21m[0m] Elapsed time: 9.60e+05 || Step number: 7200/30000
[[32m[1m INFO  [21m[0m] longdy = 3.04e-01      || longdy/dt = 3.49e-05  || dt = 8.77e+00
[[32m[1m INFO  [21m[0m] from nz = 12 and C4H2
[[32m[1m INFO  [21m[0m] -----------------------------------------------------------------
[[32m[1m INFO  [21m[0m] Elapsed time: 9.78e+05 || Step number: 7300/30000
[[32m[1m INFO  [21m[0m] longdy = 1.43e-02      || longdy/dt = 7.77e-07  || dt = 1.25e+01
[[32m[1m INFO  [21m[0m] from nz = 30 and CS
[[32m[1m INFO  [21m[0m] -----------------------------------------------------------------
[[32m[1m INFO  [21m[0m] Integration successful with 7316 steps
[[32m[1m INFO  [21m[0m] long dy, long dydt = 0.017903218684881768, 9.724042535340366e-07
[[32m[1m INFO  [21m[0m] Total atom loss:
[[32m[1m INFO  [21m[0m] H: 0.0014806779811037136 
[[32m[1m INFO  [21m[0m] O: -0.04333220101792117 
[[32m[1m INFO  [21m[0m] C: 1.0105744629313573 
[[32m[1m INFO  [21m[0m] N: 0.08146609483366808 
[[32m[1m INFO  [21m[0m] S: 1.8418885015481374 
[[32m[1m INFO  [21m[0m] ------ Live long and prosper \V/ ------
[[32m[1m INFO  [21m[0m]     done
Atmodeller initialized with double precision (float64)
[[93m[1m WARNING [21m[0m] The archive tar file does not exist: /data/rdc49-2/K218b_project/simulation_data/grid_H1_C0_N3_S2_fO21__from_batch05_case_000046__7_crash_atmos_chem_step_vulcan_chem_funs_race_missing_symjac/data/data.tar
[[32m[1m INFO  [21m[0m] Observing the planet...
Loading PHOENIX star table in file '/data/rdc49-2/FWL_DATA/prt/input_data/stellar_spectra/phoenix/phoenix.startable.petitRADTRANS.h5'... Done.
