Atmodeller initialized with double precision (float64)
[[93m[1m WARNING [21m[0m] The archive tar file does not exist: /data/rdc49-2/K218b_project/simulation_data/grid_H1_C1_N1_S3_fO22__from_batch09_case_000055__7_crash_atmos_chem_step_vulcan_chem_funs_race_syntax_error/data/data.tar
[[32m[1m INFO  [21m[0m] Running atmospheric chemistry...
[[32m[1m INFO  [21m[0m]     Using vulcan module, offline
[[32m[1m INFO  [21m[0m] Elements conserved in the network.
[[32m[1m INFO  [21m[0m] No duplicates in the network.
[[32m[1m INFO  [21m[0m] Elements conserved in the network.
[[32m[1m INFO  [21m[0m] No duplicates in the network.
[[32m[1m INFO  [21m[0m] Running VULCAN
[[93m[1m WARNING [21m[0m] P_b and P_t assgined in vulcan.cfg are out of range of the input. Constant extension is used.
[[32m[1m INFO  [21m[0m] Initializing with compositions from ASCII file /data/rdc49-2/K218b_project/simulation_data/grid_H1_C1_N1_S3_fO22__from_batch09_case_000055__7_crash_atmos_chem_step_vulcan_chem_funs_race_syntax_error/offchem/vmrs.dat
[[32m[1m INFO  [21m[0m] Input stellar spectrum from 2.0 to 700.0
[[32m[1m INFO  [21m[0m] Using wavelength bins from 2.0 to 655.5
[[32m[1m INFO  [21m[0m] Include molecular diffusion.
[[32m[1m INFO  [21m[0m] Starting VULCAN integration with 1 threads...
[[93m[1m WARNING [21m[0m] Keep producing negative values! Clipping negative solutions and moving on!
[[93m[1m WARNING [21m[0m] Keep producing negative values! Clipping negative solutions and moving on!
[[93m[1m WARNING [21m[0m] Keep producing negative values! Clipping negative solutions and moving on!
[[93m[1m WARNING [21m[0m] Keep producing negative values! Clipping negative solutions and moving on!
[[93m[1m WARNING [21m[0m] Keep producing negative values! Clipping negative solutions and moving on!
[[93m[1m WARNING [21m[0m] Keep producing negative values! Clipping negative solutions and moving on!
[[93m[1m WARNING [21m[0m] Keep producing negative values! Clipping negative solutions and moving on!
[[93m[1m WARNING [21m[0m] Keep producing negative values! Clipping negative solutions and moving on!
[[32m[1m INFO  [21m[0m] Elapsed time: 3.80e-02 || Step number: 100/30000
[[32m[1m INFO  [21m[0m] longdy = 1.00e+00      || longdy/dt = 1.00e+00  || dt = 6.39e-03
[[32m[1m INFO  [21m[0m] from nz = 0 and OH
[[32m[1m INFO  [21m[0m] -----------------------------------------------------------------
[[32m[1m INFO  [21m[0m] Elapsed time: 1.48e+01 || Step number: 200/30000
[[32m[1m INFO  [21m[0m] longdy = 1.00e+00      || longdy/dt = 1.00e+00  || dt = 4.67e-01
[[32m[1m INFO  [21m[0m] from nz = 0 and OH
[[32m[1m INFO  [21m[0m] -----------------------------------------------------------------
[[32m[1m INFO  [21m[0m] Elapsed time: 9.15e+01 || Step number: 300/30000
[[32m[1m INFO  [21m[0m] longdy = 1.00e+00      || longdy/dt = 1.00e+00  || dt = 2.72e+00
[[32m[1m INFO  [21m[0m] from nz = 0 and OH
[[32m[1m INFO  [21m[0m] -----------------------------------------------------------------
[[32m[1m INFO  [21m[0m] Elapsed time: 2.99e+02 || Step number: 400/30000
[[32m[1m INFO  [21m[0m] longdy = 3.40e+00      || longdy/dt = 2.31e-02  || dt = 6.54e+00
[[32m[1m INFO  [21m[0m] from nz = 19 and SO2
[[32m[1m INFO  [21m[0m] -----------------------------------------------------------------
[[32m[1m INFO  [21m[0m] Elapsed time: 2.25e+03 || Step number: 500/30000
[[32m[1m INFO  [21m[0m] longdy = 2.72e+05      || longdy/dt = 2.44e+02  || dt = 3.97e+00
[[32m[1m INFO  [21m[0m] from nz = 30 and CS
[[32m[1m INFO  [21m[0m] -----------------------------------------------------------------
[[32m[1m INFO  [21m[0m] Elapsed time: 6.19e+03 || Step number: 600/30000
[[32m[1m INFO  [21m[0m] longdy = 1.55e+05      || longdy/dt = 5.03e+01  || dt = 1.36e+02
[[32m[1m INFO  [21m[0m] from nz = 34 and CS
[[32m[1m INFO  [21m[0m] -----------------------------------------------------------------
[[32m[1m INFO  [21m[0m] Elapsed time: 1.61e+04 || Step number: 700/30000
[[32m[1m INFO  [21m[0m] longdy = 4.48e+01      || longdy/dt = 5.60e-03  || dt = 7.24e-01
[[32m[1m INFO  [21m[0m] from nz = 22 and S8
[[32m[1m INFO  [21m[0m] -----------------------------------------------------------------
[[32m[1m INFO  [21m[0m] Elapsed time: 2.24e+04 || Step number: 800/30000
[[32m[1m INFO  [21m[0m] longdy = 7.98e+00      || longdy/dt = 1.31e-03  || dt = 2.80e+02
[[32m[1m INFO  [21m[0m] from nz = 23 and S8
[[32m[1m INFO  [21m[0m] -----------------------------------------------------------------
[[32m[1m INFO  [21m[0m] Elapsed time: 3.41e+04 || Step number: 900/30000
[[32m[1m INFO  [21m[0m] longdy = 1.29e+01      || longdy/dt = 1.11e-03  || dt = 1.93e+02
[[32m[1m INFO  [21m[0m] from nz = 22 and S8
[[32m[1m INFO  [21m[0m] -----------------------------------------------------------------
[[32m[1m INFO  [21m[0m] Elapsed time: 5.27e+04 || Step number: 1000/30000
[[32m[1m INFO  [21m[0m] longdy = 2.60e+01      || longdy/dt = 1.40e-03  || dt = 1.74e+00
[[32m[1m INFO  [21m[0m] from nz = 39 and CS
[[32m[1m INFO  [21m[0m] -----------------------------------------------------------------
[[32m[1m INFO  [21m[0m] Elapsed time: 7.59e+04 || Step number: 1100/30000
[[32m[1m INFO  [21m[0m] longdy = 1.23e+01      || longdy/dt = 5.44e-04  || dt = 7.69e+02
[[32m[1m INFO  [21m[0m] from nz = 41 and CS
[[32m[1m INFO  [21m[0m] -----------------------------------------------------------------
[[32m[1m INFO  [21m[0m] Elapsed time: 8.92e+04 || Step number: 1200/30000
[[32m[1m INFO  [21m[0m] longdy = 1.26e+00      || longdy/dt = 9.54e-05  || dt = 2.06e+02
[[32m[1m INFO  [21m[0m] from nz = 42 and CS
[[32m[1m INFO  [21m[0m] -----------------------------------------------------------------
[[32m[1m INFO  [21m[0m] Elapsed time: 1.12e+05 || Step number: 1300/30000
[[32m[1m INFO  [21m[0m] longdy = 1.71e+00      || longdy/dt = 7.36e-05  || dt = 2.53e-02
[[32m[1m INFO  [21m[0m] from nz = 35 and CH2
[[32m[1m INFO  [21m[0m] -----------------------------------------------------------------
[[32m[1m INFO  [21m[0m] Elapsed time: 1.24e+05 || Step number: 1400/30000
[[32m[1m INFO  [21m[0m] longdy = 4.30e-01      || longdy/dt = 3.76e-05  || dt = 6.60e-02
[[32m[1m INFO  [21m[0m] from nz = 26 and CS
[[32m[1m INFO  [21m[0m] -----------------------------------------------------------------
[[32m[1m INFO  [21m[0m] Elapsed time: 1.46e+05 || Step number: 1500/30000
[[32m[1m INFO  [21m[0m] longdy = 6.10e-01      || longdy/dt = 2.79e-05  || dt = 5.84e-02
[[32m[1m INFO  [21m[0m] from nz = 35 and CH2
[[32m[1m INFO  [21m[0m] -----------------------------------------------------------------
[[32m[1m INFO  [21m[0m] Elapsed time: 1.88e+05 || Step number: 1600/30000
[[32m[1m INFO  [21m[0m] longdy = 9.91e-01      || longdy/dt = 2.32e-05  || dt = 7.98e+00
[[32m[1m INFO  [21m[0m] from nz = 6 and C6H6
[[32m[1m INFO  [21m[0m] -----------------------------------------------------------------
[[32m[1m INFO  [21m[0m] Elapsed time: 2.16e+05 || Step number: 1700/30000
[[32m[1m INFO  [21m[0m] longdy = 4.96e-01      || longdy/dt = 1.82e-05  || dt = 6.29e-03
[[32m[1m INFO  [21m[0m] from nz = 17 and NO
[[32m[1m INFO  [21m[0m] -----------------------------------------------------------------
[[32m[1m INFO  [21m[0m] Elapsed time: 2.42e+05 || Step number: 1800/30000
[[32m[1m INFO  [21m[0m] longdy = 1.15e+00      || longdy/dt = 4.69e-05  || dt = 2.44e+03
[[32m[1m INFO  [21m[0m] from nz = 4 and N2
[[32m[1m INFO  [21m[0m] -----------------------------------------------------------------
[[32m[1m INFO  [21m[0m] Elapsed time: 2.85e+05 || Step number: 1900/30000
[[32m[1m INFO  [21m[0m] longdy = 1.78e+00      || longdy/dt = 4.21e-05  || dt = 3.18e-01
[[32m[1m INFO  [21m[0m] from nz = 11 and C4H2
[[32m[1m INFO  [21m[0m] -----------------------------------------------------------------
[[32m[1m INFO  [21m[0m] Elapsed time: 3.38e+05 || Step number: 2000/30000
[[32m[1m INFO  [21m[0m] longdy = 8.02e-01      || longdy/dt = 1.49e-05  || dt = 1.21e-02
[[32m[1m INFO  [21m[0m] from nz = 17 and NO
[[32m[1m INFO  [21m[0m] -----------------------------------------------------------------
[[32m[1m INFO  [21m[0m] Elapsed time: 3.86e+05 || Step number: 2100/30000
[[32m[1m INFO  [21m[0m] longdy = 9.41e-01      || longdy/dt = 1.96e-05  || dt = 1.44e-02
[[32m[1m INFO  [21m[0m] from nz = 13 and C4H2
[[32m[1m INFO  [21m[0m] -----------------------------------------------------------------
[[32m[1m INFO  [21m[0m] Elapsed time: 3.97e+05 || Step number: 2200/30000
[[32m[1m INFO  [21m[0m] longdy = 1.05e+01      || longdy/dt = 9.61e-04  || dt = 9.03e-01
[[32m[1m INFO  [21m[0m] from nz = 12 and C4H2
[[32m[1m INFO  [21m[0m] -----------------------------------------------------------------
[[32m[1m INFO  [21m[0m] Elapsed time: 4.33e+05 || Step number: 2300/30000
[[32m[1m INFO  [21m[0m] longdy = 2.15e-02      || longdy/dt = 6.08e-07  || dt = 1.78e+02
[[32m[1m INFO  [21m[0m] from nz = 1 and N2
[[32m[1m INFO  [21m[0m] -----------------------------------------------------------------
[[32m[1m INFO  [21m[0m] Elapsed time: 4.59e+05 || Step number: 2400/30000
[[32m[1m INFO  [21m[0m] longdy = 2.40e-01      || longdy/dt = 8.98e-06  || dt = 5.99e-01
[[32m[1m INFO  [21m[0m] from nz = 11 and C4H2
[[32m[1m INFO  [21m[0m] -----------------------------------------------------------------
[[32m[1m INFO  [21m[0m] Integration successful with 2423 steps
[[32m[1m INFO  [21m[0m] long dy, long dydt = 0.04658978242921322, 1.862256713327763e-06
[[32m[1m INFO  [21m[0m] Total atom loss:
[[32m[1m INFO  [21m[0m] H: -0.00048245085520482876 
[[32m[1m INFO  [21m[0m] O: -0.0004824523267337181 
[[32m[1m INFO  [21m[0m] C: -0.00048245495094134287 
[[32m[1m INFO  [21m[0m] N: 5.676319559679921e-05 
[[32m[1m INFO  [21m[0m] S: -0.00046493932736731277 
[[32m[1m INFO  [21m[0m] ------ Live long and prosper \V/ ------
[[32m[1m INFO  [21m[0m]     done
Atmodeller initialized with double precision (float64)
[[93m[1m WARNING [21m[0m] The archive tar file does not exist: /data/rdc49-2/K218b_project/simulation_data/grid_H1_C1_N1_S3_fO22__from_batch09_case_000055__7_crash_atmos_chem_step_vulcan_chem_funs_race_syntax_error/data/data.tar
[[32m[1m INFO  [21m[0m] Observing the planet...
Loading PHOENIX star table in file '/data/rdc49-2/FWL_DATA/prt/input_data/stellar_spectra/phoenix/phoenix.startable.petitRADTRANS.h5'... Done.
