Atmodeller initialized with double precision (float64)
[[93m[1m WARNING [21m[0m] The archive tar file does not exist: /data/rdc49-2/K218b_project/simulation_data/grid_H0_C1_N2_S1_fO21__from_batch05_case_000025__7_crash_atmos_chem_step_vulcan_chem_funs_race_missing_symjac/data/data.tar
[[32m[1m INFO  [21m[0m] Running atmospheric chemistry...
[[32m[1m INFO  [21m[0m]     Using vulcan module, offline
[[32m[1m INFO  [21m[0m] Elements conserved in the network.
[[32m[1m INFO  [21m[0m] No duplicates in the network.
[[32m[1m INFO  [21m[0m] Elements conserved in the network.
[[32m[1m INFO  [21m[0m] No duplicates in the network.
[[32m[1m INFO  [21m[0m] Running VULCAN
[[93m[1m WARNING [21m[0m] P_b and P_t assgined in vulcan.cfg are out of range of the input. Constant extension is used.
[[32m[1m INFO  [21m[0m] Initializing with compositions from ASCII file /data/rdc49-2/K218b_project/simulation_data/grid_H0_C1_N2_S1_fO21__from_batch05_case_000025__7_crash_atmos_chem_step_vulcan_chem_funs_race_missing_symjac/offchem/vmrs.dat
[[32m[1m INFO  [21m[0m] Input stellar spectrum from 2.0 to 700.0
[[32m[1m INFO  [21m[0m] Using wavelength bins from 2.0 to 655.5
[[32m[1m INFO  [21m[0m] Include molecular diffusion.
[[32m[1m INFO  [21m[0m] Starting VULCAN integration with 1 threads...
[[93m[1m WARNING [21m[0m] Keep producing negative values! Clipping negative solutions and moving on!
[[93m[1m WARNING [21m[0m] Keep producing negative values! Clipping negative solutions and moving on!
[[93m[1m WARNING [21m[0m] Keep producing negative values! Clipping negative solutions and moving on!
[[93m[1m WARNING [21m[0m] Keep producing negative values! Clipping negative solutions and moving on!
[[93m[1m WARNING [21m[0m] Keep producing negative values! Clipping negative solutions and moving on!
[[93m[1m WARNING [21m[0m] Keep producing negative values! Clipping negative solutions and moving on!
[[93m[1m WARNING [21m[0m] Keep producing negative values! Clipping negative solutions and moving on!
[[93m[1m WARNING [21m[0m] Keep producing negative values! Clipping negative solutions and moving on!
[[93m[1m WARNING [21m[0m] Keep producing negative values! Clipping negative solutions and moving on!
[[93m[1m WARNING [21m[0m] Keep producing negative values! Clipping negative solutions and moving on!
[[93m[1m WARNING [21m[0m] Keep producing negative values! Clipping negative solutions and moving on!
[[93m[1m WARNING [21m[0m] Keep producing negative values! Clipping negative solutions and moving on!
[[93m[1m WARNING [21m[0m] Keep producing negative values! Clipping negative solutions and moving on!
[[93m[1m WARNING [21m[0m] Keep producing negative values! Clipping negative solutions and moving on!
[[32m[1m INFO  [21m[0m] Elapsed time: 7.83e-06 || Step number: 100/30000
[[32m[1m INFO  [21m[0m] longdy = 1.00e+00      || longdy/dt = 1.00e+00  || dt = 2.14e-07
[[32m[1m INFO  [21m[0m] from nz = 0 and OH
[[32m[1m INFO  [21m[0m] -----------------------------------------------------------------
[[32m[1m INFO  [21m[0m] Elapsed time: 6.27e-05 || Step number: 200/30000
[[32m[1m INFO  [21m[0m] longdy = 1.00e+00      || longdy/dt = 1.00e+00  || dt = 1.30e-06
[[32m[1m INFO  [21m[0m] from nz = 0 and OH
[[32m[1m INFO  [21m[0m] -----------------------------------------------------------------
[[32m[1m INFO  [21m[0m] Elapsed time: 5.11e-04 || Step number: 300/30000
[[32m[1m INFO  [21m[0m] longdy = 1.00e+00      || longdy/dt = 1.00e+00  || dt = 1.21e-05
[[32m[1m INFO  [21m[0m] from nz = 0 and OH
[[32m[1m INFO  [21m[0m] -----------------------------------------------------------------
[[32m[1m INFO  [21m[0m] Elapsed time: 3.53e-03 || Step number: 400/30000
[[32m[1m INFO  [21m[0m] longdy = 1.00e+00      || longdy/dt = 1.00e+00  || dt = 5.73e-05
[[32m[1m INFO  [21m[0m] from nz = 0 and OH
[[32m[1m INFO  [21m[0m] -----------------------------------------------------------------
[[32m[1m INFO  [21m[0m] Elapsed time: 2.10e-02 || Step number: 500/30000
[[32m[1m INFO  [21m[0m] longdy = 1.00e+00      || longdy/dt = 1.00e+00  || dt = 2.84e-04
[[32m[1m INFO  [21m[0m] from nz = 0 and OH
[[32m[1m INFO  [21m[0m] -----------------------------------------------------------------
[[32m[1m INFO  [21m[0m] Elapsed time: 1.12e-01 || Step number: 600/30000
[[32m[1m INFO  [21m[0m] longdy = 1.00e+00      || longdy/dt = 1.00e+00  || dt = 1.38e-03
[[32m[1m INFO  [21m[0m] from nz = 0 and OH
[[32m[1m INFO  [21m[0m] -----------------------------------------------------------------
[[32m[1m INFO  [21m[0m] Elapsed time: 5.13e-01 || Step number: 700/30000
[[32m[1m INFO  [21m[0m] longdy = 1.00e+00      || longdy/dt = 1.00e+00  || dt = 6.13e-03
[[32m[1m INFO  [21m[0m] from nz = 0 and OH
[[32m[1m INFO  [21m[0m] -----------------------------------------------------------------
[[32m[1m INFO  [21m[0m] Elapsed time: 2.09e+00 || Step number: 800/30000
[[32m[1m INFO  [21m[0m] longdy = 1.00e+00      || longdy/dt = 1.00e+00  || dt = 2.40e-02
[[32m[1m INFO  [21m[0m] from nz = 0 and OH
[[32m[1m INFO  [21m[0m] -----------------------------------------------------------------
[[32m[1m INFO  [21m[0m] Elapsed time: 6.98e+00 || Step number: 900/30000
[[32m[1m INFO  [21m[0m] longdy = 1.00e+00      || longdy/dt = 1.00e+00  || dt = 7.84e-02
[[32m[1m INFO  [21m[0m] from nz = 0 and OH
[[32m[1m INFO  [21m[0m] -----------------------------------------------------------------
[[32m[1m INFO  [21m[0m] Elapsed time: 1.86e+01 || Step number: 1000/30000
[[32m[1m INFO  [21m[0m] longdy = 1.00e+00      || longdy/dt = 1.00e+00  || dt = 1.68e-01
[[32m[1m INFO  [21m[0m] from nz = 0 and OH
[[32m[1m INFO  [21m[0m] -----------------------------------------------------------------
[[32m[1m INFO  [21m[0m] Elapsed time: 4.22e+01 || Step number: 1100/30000
[[32m[1m INFO  [21m[0m] longdy = 1.00e+00      || longdy/dt = 1.00e+00  || dt = 3.19e-01
[[32m[1m INFO  [21m[0m] from nz = 0 and OH
[[32m[1m INFO  [21m[0m] -----------------------------------------------------------------
[[32m[1m INFO  [21m[0m] Elapsed time: 8.51e+01 || Step number: 1200/30000
[[32m[1m INFO  [21m[0m] longdy = 1.00e+00      || longdy/dt = 1.00e+00  || dt = 6.31e-01
[[32m[1m INFO  [21m[0m] from nz = 0 and OH
[[32m[1m INFO  [21m[0m] -----------------------------------------------------------------
[[32m[1m INFO  [21m[0m] Elapsed time: 1.47e+02 || Step number: 1300/30000
[[32m[1m INFO  [21m[0m] longdy = 2.95e+02      || longdy/dt = 4.86e+00  || dt = 1.03e+00
[[32m[1m INFO  [21m[0m] from nz = 42 and N
[[32m[1m INFO  [21m[0m] -----------------------------------------------------------------
[[32m[1m INFO  [21m[0m] Elapsed time: 2.34e+02 || Step number: 1400/30000
[[32m[1m INFO  [21m[0m] longdy = 3.34e+03      || longdy/dt = 3.91e+01  || dt = 1.54e+00
[[32m[1m INFO  [21m[0m] from nz = 39 and N
[[32m[1m INFO  [21m[0m] -----------------------------------------------------------------
[[32m[1m INFO  [21m[0m] Elapsed time: 3.52e+02 || Step number: 1500/30000
[[32m[1m INFO  [21m[0m] longdy = 2.49e+03      || longdy/dt = 2.15e+01  || dt = 1.96e+00
[[32m[1m INFO  [21m[0m] from nz = 36 and N
[[32m[1m INFO  [21m[0m] -----------------------------------------------------------------
[[32m[1m INFO  [21m[0m] Elapsed time: 5.51e+02 || Step number: 1600/30000
[[32m[1m INFO  [21m[0m] longdy = 4.95e+00      || longdy/dt = 2.52e-02  || dt = 3.42e+00
[[32m[1m INFO  [21m[0m] from nz = 35 and HCS
[[32m[1m INFO  [21m[0m] -----------------------------------------------------------------
[[32m[1m INFO  [21m[0m] Elapsed time: 9.24e+02 || Step number: 1700/30000
[[32m[1m INFO  [21m[0m] longdy = 1.08e+01      || longdy/dt = 2.93e-02  || dt = 5.64e+00
[[32m[1m INFO  [21m[0m] from nz = 33 and HCS
[[32m[1m INFO  [21m[0m] -----------------------------------------------------------------
[[32m[1m INFO  [21m[0m] Elapsed time: 1.60e+03 || Step number: 1800/30000
[[32m[1m INFO  [21m[0m] longdy = 2.88e+01      || longdy/dt = 4.29e-02  || dt = 1.01e+01
[[32m[1m INFO  [21m[0m] from nz = 30 and HCS
[[32m[1m INFO  [21m[0m] -----------------------------------------------------------------
[[32m[1m INFO  [21m[0m] Elapsed time: 2.92e+03 || Step number: 1900/30000
[[32m[1m INFO  [21m[0m] longdy = 6.38e+01      || longdy/dt = 4.92e-02  || dt = 2.35e+01
[[32m[1m INFO  [21m[0m] from nz = 30 and CS
[[32m[1m INFO  [21m[0m] -----------------------------------------------------------------
[[32m[1m INFO  [21m[0m] Elapsed time: 5.11e+03 || Step number: 2000/30000
[[32m[1m INFO  [21m[0m] longdy = 1.72e+04      || longdy/dt = 7.93e+00  || dt = 1.81e+01
[[32m[1m INFO  [21m[0m] from nz = 27 and CS
[[32m[1m INFO  [21m[0m] -----------------------------------------------------------------
[[32m[1m INFO  [21m[0m] Elapsed time: 1.22e+04 || Step number: 2100/30000
[[32m[1m INFO  [21m[0m] longdy = 4.89e+00      || longdy/dt = 8.15e-04  || dt = 1.90e+02
[[32m[1m INFO  [21m[0m] from nz = 29 and CS
[[32m[1m INFO  [21m[0m] -----------------------------------------------------------------
[[32m[1m INFO  [21m[0m] Elapsed time: 4.17e+04 || Step number: 2200/30000
[[32m[1m INFO  [21m[0m] longdy = 1.82e+00      || longdy/dt = 8.89e-05  || dt = 8.65e+02
[[32m[1m INFO  [21m[0m] from nz = 30 and CS
[[32m[1m INFO  [21m[0m] -----------------------------------------------------------------
[[32m[1m INFO  [21m[0m] Elapsed time: 8.54e+04 || Step number: 2300/30000
[[32m[1m INFO  [21m[0m] longdy = 1.87e+00      || longdy/dt = 4.38e-05  || dt = 7.01e-07
[[32m[1m INFO  [21m[0m] from nz = 30 and CS
[[32m[1m INFO  [21m[0m] -----------------------------------------------------------------
[[32m[1m INFO  [21m[0m] Elapsed time: 9.10e+04 || Step number: 2400/30000
[[32m[1m INFO  [21m[0m] longdy = 2.24e-01      || longdy/dt = 3.97e-05  || dt = 3.46e-02
[[32m[1m INFO  [21m[0m] from nz = 33 and CH3CN
[[32m[1m INFO  [21m[0m] -----------------------------------------------------------------
[[32m[1m INFO  [21m[0m] Elapsed time: 1.08e+05 || Step number: 2500/30000
[[32m[1m INFO  [21m[0m] longdy = 4.39e-01      || longdy/dt = 2.71e-05  || dt = 1.98e+03
[[32m[1m INFO  [21m[0m] from nz = 34 and CH3CN
[[32m[1m INFO  [21m[0m] -----------------------------------------------------------------
[[32m[1m INFO  [21m[0m] Elapsed time: 1.67e+05 || Step number: 2600/30000
[[32m[1m INFO  [21m[0m] longdy = 9.08e-01      || longdy/dt = 1.58e-05  || dt = 2.84e+03
[[32m[1m INFO  [21m[0m] from nz = 31 and CS
[[32m[1m INFO  [21m[0m] -----------------------------------------------------------------
[[32m[1m INFO  [21m[0m] Elapsed time: 2.13e+05 || Step number: 2700/30000
[[32m[1m INFO  [21m[0m] longdy = 6.24e-01      || longdy/dt = 1.37e-05  || dt = 5.86e-02
[[32m[1m INFO  [21m[0m] from nz = 31 and CS
[[32m[1m INFO  [21m[0m] -----------------------------------------------------------------
[[32m[1m INFO  [21m[0m] Elapsed time: 2.62e+05 || Step number: 2800/30000
[[32m[1m INFO  [21m[0m] longdy = 5.18e-01      || longdy/dt = 1.05e-05  || dt = 1.08e+01
[[32m[1m INFO  [21m[0m] from nz = 31 and CS
[[32m[1m INFO  [21m[0m] -----------------------------------------------------------------
[[32m[1m INFO  [21m[0m] Elapsed time: 2.90e+05 || Step number: 2900/30000
[[32m[1m INFO  [21m[0m] longdy = 2.34e-01      || longdy/dt = 8.37e-06  || dt = 5.99e-03
[[32m[1m INFO  [21m[0m] from nz = 41 and N
[[32m[1m INFO  [21m[0m] -----------------------------------------------------------------
[[32m[1m INFO  [21m[0m] Elapsed time: 3.10e+05 || Step number: 3000/30000
[[32m[1m INFO  [21m[0m] longdy = 1.56e-01      || longdy/dt = 8.65e-06  || dt = 4.13e+03
[[32m[1m INFO  [21m[0m] from nz = 41 and N
[[32m[1m INFO  [21m[0m] -----------------------------------------------------------------
[[32m[1m INFO  [21m[0m] Elapsed time: 3.48e+05 || Step number: 3100/30000
[[32m[1m INFO  [21m[0m] longdy = 2.71e-01      || longdy/dt = 7.46e-06  || dt = 2.75e+03
[[32m[1m INFO  [21m[0m] from nz = 41 and N
[[32m[1m INFO  [21m[0m] -----------------------------------------------------------------
[[32m[1m INFO  [21m[0m] Elapsed time: 4.56e+05 || Step number: 3200/30000
[[32m[1m INFO  [21m[0m] longdy = 4.87e-01      || longdy/dt = 4.52e-06  || dt = 1.02e-01
[[32m[1m INFO  [21m[0m] from nz = 40 and N
[[32m[1m INFO  [21m[0m] -----------------------------------------------------------------
[[32m[1m INFO  [21m[0m] Elapsed time: 4.80e+05 || Step number: 3300/30000
[[32m[1m INFO  [21m[0m] longdy = 1.01e-01      || longdy/dt = 4.22e-06  || dt = 1.92e+03
[[32m[1m INFO  [21m[0m] from nz = 40 and N
[[32m[1m INFO  [21m[0m] -----------------------------------------------------------------
[[32m[1m INFO  [21m[0m] Elapsed time: 5.08e+05 || Step number: 3400/30000
[[32m[1m INFO  [21m[0m] longdy = 9.42e-02      || longdy/dt = 3.46e-06  || dt = 2.14e+01
[[32m[1m INFO  [21m[0m] from nz = 40 and N
[[32m[1m INFO  [21m[0m] -----------------------------------------------------------------
[[32m[1m INFO  [21m[0m] Elapsed time: 5.66e+05 || Step number: 3500/30000
[[32m[1m INFO  [21m[0m] longdy = 1.44e-01      || longdy/dt = 2.50e-06  || dt = 1.90e+03
[[32m[1m INFO  [21m[0m] from nz = 40 and N
[[32m[1m INFO  [21m[0m] -----------------------------------------------------------------
[[32m[1m INFO  [21m[0m] Elapsed time: 6.53e+05 || Step number: 3600/30000
[[32m[1m INFO  [21m[0m] longdy = 1.43e-01      || longdy/dt = 1.68e-06  || dt = 4.17e+03
[[32m[1m INFO  [21m[0m] from nz = 42 and N2H3
[[32m[1m INFO  [21m[0m] -----------------------------------------------------------------
[[32m[1m INFO  [21m[0m] Elapsed time: 7.99e+05 || Step number: 3700/30000
[[32m[1m INFO  [21m[0m] longdy = 1.45e-01      || longdy/dt = 1.01e-06  || dt = 5.52e+03
[[32m[1m INFO  [21m[0m] from nz = 41 and N2H3
[[32m[1m INFO  [21m[0m] -----------------------------------------------------------------
[[32m[1m INFO  [21m[0m] Elapsed time: 1.04e+06 || Step number: 3800/30000
[[32m[1m INFO  [21m[0m] longdy = 8.95e-02      || longdy/dt = 3.74e-07  || dt = 4.35e+03
[[32m[1m INFO  [21m[0m] from nz = 41 and N2H3
[[32m[1m INFO  [21m[0m] -----------------------------------------------------------------
[[32m[1m INFO  [21m[0m] Elapsed time: 1.29e+06 || Step number: 3900/30000
[[32m[1m INFO  [21m[0m] longdy = 2.24e-02      || longdy/dt = 9.07e-08  || dt = 3.46e+03
[[32m[1m INFO  [21m[0m] from nz = 41 and N2H3
[[32m[1m INFO  [21m[0m] -----------------------------------------------------------------
[[32m[1m INFO  [21m[0m] Elapsed time: 1.56e+06 || Step number: 4000/30000
[[32m[1m INFO  [21m[0m] longdy = 5.39e-03      || longdy/dt = 2.05e-08  || dt = 6.01e+03
[[32m[1m INFO  [21m[0m] from nz = 41 and N2H3
[[32m[1m INFO  [21m[0m] -----------------------------------------------------------------
[[32m[1m INFO  [21m[0m] Integration successful with 4021 steps
[[32m[1m INFO  [21m[0m] long dy, long dydt = 0.017984334743164847, 6.876154240617751e-08
[[32m[1m INFO  [21m[0m] Total atom loss:
[[32m[1m INFO  [21m[0m] H: -0.0010502806297394993 
[[32m[1m INFO  [21m[0m] O: -0.0014056762305580239 
[[32m[1m INFO  [21m[0m] C: 0.007618351782875739 
[[32m[1m INFO  [21m[0m] N: -5.3702311219759594e-05 
[[32m[1m INFO  [21m[0m] S: 0.028608339350330383 
[[32m[1m INFO  [21m[0m] ------ Live long and prosper \V/ ------
[[32m[1m INFO  [21m[0m]     done
Atmodeller initialized with double precision (float64)
[[93m[1m WARNING [21m[0m] The archive tar file does not exist: /data/rdc49-2/K218b_project/simulation_data/grid_H0_C1_N2_S1_fO21__from_batch05_case_000025__7_crash_atmos_chem_step_vulcan_chem_funs_race_missing_symjac/data/data.tar
[[32m[1m INFO  [21m[0m] Observing the planet...
Loading PHOENIX star table in file '/data/rdc49-2/FWL_DATA/prt/input_data/stellar_spectra/phoenix/phoenix.startable.petitRADTRANS.h5'... Done.
