Atmodeller initialized with double precision (float64)
[[93m[1m WARNING [21m[0m] The archive tar file does not exist: /data/rdc49-2/K218b_project/simulation_data/grid_H1_C3_N3_S2_fO22__from_batch10_case_000062__7_crash_atmos_chem_step_vulcan_chem_funs_race_syntax_error/data/data.tar
[[32m[1m INFO  [21m[0m] Running atmospheric chemistry...
[[32m[1m INFO  [21m[0m]     Using vulcan module, offline
[[32m[1m INFO  [21m[0m] Elements conserved in the network.
[[32m[1m INFO  [21m[0m] No duplicates in the network.
[[32m[1m INFO  [21m[0m] Elements conserved in the network.
[[32m[1m INFO  [21m[0m] No duplicates in the network.
[[32m[1m INFO  [21m[0m] Running VULCAN
[[32m[1m INFO  [21m[0m] Initializing with compositions from ASCII file /data/rdc49-2/K218b_project/simulation_data/grid_H1_C3_N3_S2_fO22__from_batch10_case_000062__7_crash_atmos_chem_step_vulcan_chem_funs_race_syntax_error/offchem/vmrs.dat
[[32m[1m INFO  [21m[0m] Input stellar spectrum from 2.0 to 700.0
[[32m[1m INFO  [21m[0m] Using wavelength bins from 2.0 to 655.5
[[32m[1m INFO  [21m[0m] Include molecular diffusion.
[[32m[1m INFO  [21m[0m] Starting VULCAN integration with 1 threads...
[[93m[1m WARNING [21m[0m] Keep producing negative values! Clipping negative solutions and moving on!
[[93m[1m WARNING [21m[0m] Keep producing negative values! Clipping negative solutions and moving on!
[[93m[1m WARNING [21m[0m] Keep producing negative values! Clipping negative solutions and moving on!
[[93m[1m WARNING [21m[0m] Keep producing negative values! Clipping negative solutions and moving on!
[[93m[1m WARNING [21m[0m] Keep producing negative values! Clipping negative solutions and moving on!
[[93m[1m WARNING [21m[0m] Keep producing negative values! Clipping negative solutions and moving on!
[[93m[1m WARNING [21m[0m] Keep producing negative values! Clipping negative solutions and moving on!
[[93m[1m WARNING [21m[0m] Keep producing negative values! Clipping negative solutions and moving on!
[[93m[1m WARNING [21m[0m] Keep producing negative values! Clipping negative solutions and moving on!
[[93m[1m WARNING [21m[0m] Keep producing negative values! Clipping negative solutions and moving on!
[[93m[1m WARNING [21m[0m] Keep producing negative values! Clipping negative solutions and moving on!
[[93m[1m WARNING [21m[0m] Keep producing negative values! Clipping negative solutions and moving on!
[[93m[1m WARNING [21m[0m] Keep producing negative values! Clipping negative solutions and moving on!
[[93m[1m WARNING [21m[0m] Keep producing negative values! Clipping negative solutions and moving on!
[[93m[1m WARNING [21m[0m] Keep producing negative values! Clipping negative solutions and moving on!
[[93m[1m WARNING [21m[0m] Keep producing negative values! Clipping negative solutions and moving on!
[[93m[1m WARNING [21m[0m] Keep producing negative values! Clipping negative solutions and moving on!
[[93m[1m WARNING [21m[0m] Keep producing negative values! Clipping negative solutions and moving on!
[[93m[1m WARNING [21m[0m] Keep producing negative values! Clipping negative solutions and moving on!
[[93m[1m WARNING [21m[0m] Keep producing negative values! Clipping negative solutions and moving on!
[[32m[1m INFO  [21m[0m] Elapsed time: 1.72e-06 || Step number: 100/30000
[[32m[1m INFO  [21m[0m] longdy = 1.00e+00      || longdy/dt = 1.00e+00  || dt = 2.05e-08
[[32m[1m INFO  [21m[0m] from nz = 0 and OH
[[32m[1m INFO  [21m[0m] -----------------------------------------------------------------
[[93m[1m WARNING [21m[0m] Keep producing negative values! Clipping negative solutions and moving on!
[[93m[1m WARNING [21m[0m] Keep producing negative values! Clipping negative solutions and moving on!
[[93m[1m WARNING [21m[0m] Keep producing negative values! Clipping negative solutions and moving on!
[[93m[1m WARNING [21m[0m] Keep producing negative values! Clipping negative solutions and moving on!
[[93m[1m WARNING [21m[0m] Keep producing negative values! Clipping negative solutions and moving on!
[[93m[1m WARNING [21m[0m] Keep producing negative values! Clipping negative solutions and moving on!
[[93m[1m WARNING [21m[0m] Keep producing negative values! Clipping negative solutions and moving on!
[[93m[1m WARNING [21m[0m] Keep producing negative values! Clipping negative solutions and moving on!
[[93m[1m WARNING [21m[0m] Keep producing negative values! Clipping negative solutions and moving on!
[[93m[1m WARNING [21m[0m] Keep producing negative values! Clipping negative solutions and moving on!
[[93m[1m WARNING [21m[0m] Keep producing negative values! Clipping negative solutions and moving on!
[[93m[1m WARNING [21m[0m] Keep producing negative values! Clipping negative solutions and moving on!
[[93m[1m WARNING [21m[0m] Keep producing negative values! Clipping negative solutions and moving on!
[[93m[1m WARNING [21m[0m] Keep producing negative values! Clipping negative solutions and moving on!
[[93m[1m WARNING [21m[0m] Keep producing negative values! Clipping negative solutions and moving on!
[[93m[1m WARNING [21m[0m] Keep producing negative values! Clipping negative solutions and moving on!
[[93m[1m WARNING [21m[0m] Keep producing negative values! Clipping negative solutions and moving on!
[[93m[1m WARNING [21m[0m] Keep producing negative values! Clipping negative solutions and moving on!
[[93m[1m WARNING [21m[0m] Keep producing negative values! Clipping negative solutions and moving on!
[[93m[1m WARNING [21m[0m] Keep producing negative values! Clipping negative solutions and moving on!
[[93m[1m WARNING [21m[0m] Keep producing negative values! Clipping negative solutions and moving on!
[[32m[1m INFO  [21m[0m] Elapsed time: 3.10e-06 || Step number: 200/30000
[[32m[1m INFO  [21m[0m] longdy = 1.00e+00      || longdy/dt = 1.00e+00  || dt = 1.89e-08
[[32m[1m INFO  [21m[0m] from nz = 0 and OH
[[32m[1m INFO  [21m[0m] -----------------------------------------------------------------
[[93m[1m WARNING [21m[0m] Keep producing negative values! Clipping negative solutions and moving on!
[[93m[1m WARNING [21m[0m] Keep producing negative values! Clipping negative solutions and moving on!
[[93m[1m WARNING [21m[0m] Keep producing negative values! Clipping negative solutions and moving on!
[[93m[1m WARNING [21m[0m] Keep producing negative values! Clipping negative solutions and moving on!
[[93m[1m WARNING [21m[0m] Keep producing negative values! Clipping negative solutions and moving on!
[[93m[1m WARNING [21m[0m] Keep producing negative values! Clipping negative solutions and moving on!
[[93m[1m WARNING [21m[0m] Keep producing negative values! Clipping negative solutions and moving on!
[[93m[1m WARNING [21m[0m] Keep producing negative values! Clipping negative solutions and moving on!
[[93m[1m WARNING [21m[0m] Keep producing negative values! Clipping negative solutions and moving on!
[[93m[1m WARNING [21m[0m] Keep producing negative values! Clipping negative solutions and moving on!
[[93m[1m WARNING [21m[0m] Keep producing negative values! Clipping negative solutions and moving on!
[[93m[1m WARNING [21m[0m] Keep producing negative values! Clipping negative solutions and moving on!
[[93m[1m WARNING [21m[0m] Keep producing negative values! Clipping negative solutions and moving on!
[[32m[1m INFO  [21m[0m] Elapsed time: 4.69e-06 || Step number: 300/30000
[[32m[1m INFO  [21m[0m] longdy = 1.00e+00      || longdy/dt = 1.00e+00  || dt = 3.11e-08
[[32m[1m INFO  [21m[0m] from nz = 0 and OH
[[32m[1m INFO  [21m[0m] -----------------------------------------------------------------
[[93m[1m WARNING [21m[0m] Keep producing negative values! Clipping negative solutions and moving on!
[[93m[1m WARNING [21m[0m] Keep producing negative values! Clipping negative solutions and moving on!
[[93m[1m WARNING [21m[0m] Keep producing negative values! Clipping negative solutions and moving on!
[[93m[1m WARNING [21m[0m] Keep producing negative values! Clipping negative solutions and moving on!
[[32m[1m INFO  [21m[0m] Elapsed time: 6.80e-06 || Step number: 400/30000
[[32m[1m INFO  [21m[0m] longdy = 1.00e+00      || longdy/dt = 1.00e+00  || dt = 6.02e-08
[[32m[1m INFO  [21m[0m] from nz = 0 and OH
[[32m[1m INFO  [21m[0m] -----------------------------------------------------------------
[[93m[1m WARNING [21m[0m] Keep producing negative values! Clipping negative solutions and moving on!
[[93m[1m WARNING [21m[0m] Keep producing negative values! Clipping negative solutions and moving on!
[[93m[1m WARNING [21m[0m] Keep producing negative values! Clipping negative solutions and moving on!
[[93m[1m WARNING [21m[0m] Keep producing negative values! Clipping negative solutions and moving on!
[[93m[1m WARNING [21m[0m] Keep producing negative values! Clipping negative solutions and moving on!
[[32m[1m INFO  [21m[0m] Elapsed time: 9.40e-06 || Step number: 500/30000
[[32m[1m INFO  [21m[0m] longdy = 1.00e+00      || longdy/dt = 1.00e+00  || dt = 4.11e-08
[[32m[1m INFO  [21m[0m] from nz = 0 and OH
[[32m[1m INFO  [21m[0m] -----------------------------------------------------------------
[[93m[1m WARNING [21m[0m] Keep producing negative values! Clipping negative solutions and moving on!
[[93m[1m WARNING [21m[0m] Keep producing negative values! Clipping negative solutions and moving on!
[[93m[1m WARNING [21m[0m] Keep producing negative values! Clipping negative solutions and moving on!
[[93m[1m WARNING [21m[0m] Keep producing negative values! Clipping negative solutions and moving on!
[[93m[1m WARNING [21m[0m] Keep producing negative values! Clipping negative solutions and moving on!
[[32m[1m INFO  [21m[0m] Elapsed time: 1.30e-05 || Step number: 600/30000
[[32m[1m INFO  [21m[0m] longdy = 1.00e+00      || longdy/dt = 1.00e+00  || dt = 4.90e-08
[[32m[1m INFO  [21m[0m] from nz = 0 and OH
[[32m[1m INFO  [21m[0m] -----------------------------------------------------------------
[[93m[1m WARNING [21m[0m] Keep producing negative values! Clipping negative solutions and moving on!
[[93m[1m WARNING [21m[0m] Keep producing negative values! Clipping negative solutions and moving on!
[[93m[1m WARNING [21m[0m] Keep producing negative values! Clipping negative solutions and moving on!
[[93m[1m WARNING [21m[0m] Keep producing negative values! Clipping negative solutions and moving on!
[[32m[1m INFO  [21m[0m] Elapsed time: 1.71e-05 || Step number: 700/30000
[[32m[1m INFO  [21m[0m] longdy = 1.00e+00      || longdy/dt = 1.00e+00  || dt = 1.28e-07
[[32m[1m INFO  [21m[0m] from nz = 0 and OH
[[32m[1m INFO  [21m[0m] -----------------------------------------------------------------
[[93m[1m WARNING [21m[0m] Keep producing negative values! Clipping negative solutions and moving on!
[[93m[1m WARNING [21m[0m] Keep producing negative values! Clipping negative solutions and moving on!
[[93m[1m WARNING [21m[0m] Keep producing negative values! Clipping negative solutions and moving on!
[[93m[1m WARNING [21m[0m] Keep producing negative values! Clipping negative solutions and moving on!
[[93m[1m WARNING [21m[0m] Keep producing negative values! Clipping negative solutions and moving on!
[[32m[1m INFO  [21m[0m] Elapsed time: 2.26e-05 || Step number: 800/30000
[[32m[1m INFO  [21m[0m] longdy = 1.00e+00      || longdy/dt = 1.00e+00  || dt = 7.26e-08
[[32m[1m INFO  [21m[0m] from nz = 0 and OH
[[32m[1m INFO  [21m[0m] -----------------------------------------------------------------
[[93m[1m WARNING [21m[0m] Keep producing negative values! Clipping negative solutions and moving on!
[[93m[1m WARNING [21m[0m] Keep producing negative values! Clipping negative solutions and moving on!
[[93m[1m WARNING [21m[0m] Keep producing negative values! Clipping negative solutions and moving on!
[[93m[1m WARNING [21m[0m] Keep producing negative values! Clipping negative solutions and moving on!
[[93m[1m WARNING [21m[0m] Keep producing negative values! Clipping negative solutions and moving on!
[[32m[1m INFO  [21m[0m] Elapsed time: 2.83e-05 || Step number: 900/30000
[[32m[1m INFO  [21m[0m] longdy = 1.00e+00      || longdy/dt = 1.00e+00  || dt = 7.69e-08
[[32m[1m INFO  [21m[0m] from nz = 0 and OH
[[32m[1m INFO  [21m[0m] -----------------------------------------------------------------
[[93m[1m WARNING [21m[0m] Keep producing negative values! Clipping negative solutions and moving on!
[[93m[1m WARNING [21m[0m] Keep producing negative values! Clipping negative solutions and moving on!
[[32m[1m INFO  [21m[0m] Elapsed time: 3.66e-05 || Step number: 1000/30000
[[32m[1m INFO  [21m[0m] longdy = 1.00e+00      || longdy/dt = 1.00e+00  || dt = 6.29e-08
[[32m[1m INFO  [21m[0m] from nz = 0 and OH
[[32m[1m INFO  [21m[0m] -----------------------------------------------------------------
[[93m[1m WARNING [21m[0m] Keep producing negative values! Clipping negative solutions and moving on!
[[32m[1m INFO  [21m[0m] Elapsed time: 4.73e-05 || Step number: 1100/30000
[[32m[1m INFO  [21m[0m] longdy = 1.00e+00      || longdy/dt = 1.00e+00  || dt = 7.89e-08
[[32m[1m INFO  [21m[0m] from nz = 0 and OH
[[32m[1m INFO  [21m[0m] -----------------------------------------------------------------
[[93m[1m WARNING [21m[0m] Keep producing negative values! Clipping negative solutions and moving on!
[[32m[1m INFO  [21m[0m] Elapsed time: 5.94e-05 || Step number: 1200/30000
[[32m[1m INFO  [21m[0m] longdy = 1.00e+00      || longdy/dt = 1.00e+00  || dt = 1.83e-07
[[32m[1m INFO  [21m[0m] from nz = 0 and OH
[[32m[1m INFO  [21m[0m] -----------------------------------------------------------------
[[32m[1m INFO  [21m[0m] Elapsed time: 7.48e-05 || Step number: 1300/30000
[[32m[1m INFO  [21m[0m] longdy = 1.00e+00      || longdy/dt = 1.00e+00  || dt = 6.18e-07
[[32m[1m INFO  [21m[0m] from nz = 0 and OH
[[32m[1m INFO  [21m[0m] -----------------------------------------------------------------
[[32m[1m INFO  [21m[0m] Elapsed time: 9.32e-05 || Step number: 1400/30000
[[32m[1m INFO  [21m[0m] longdy = 1.00e+00      || longdy/dt = 1.00e+00  || dt = 1.85e-07
[[32m[1m INFO  [21m[0m] from nz = 0 and OH
[[32m[1m INFO  [21m[0m] -----------------------------------------------------------------
[[93m[1m WARNING [21m[0m] Keep producing negative values! Clipping negative solutions and moving on!
[[32m[1m INFO  [21m[0m] Elapsed time: 1.12e-04 || Step number: 1500/30000
[[32m[1m INFO  [21m[0m] longdy = 1.00e+00      || longdy/dt = 1.00e+00  || dt = 4.41e-07
[[32m[1m INFO  [21m[0m] from nz = 0 and OH
[[32m[1m INFO  [21m[0m] -----------------------------------------------------------------
[[32m[1m INFO  [21m[0m] Elapsed time: 1.38e-04 || Step number: 1600/30000
[[32m[1m INFO  [21m[0m] longdy = 1.00e+00      || longdy/dt = 1.00e+00  || dt = 1.26e-07
[[32m[1m INFO  [21m[0m] from nz = 0 and OH
[[32m[1m INFO  [21m[0m] -----------------------------------------------------------------
[[93m[1m WARNING [21m[0m] Keep producing negative values! Clipping negative solutions and moving on!
[[32m[1m INFO  [21m[0m] Elapsed time: 1.68e-04 || Step number: 1700/30000
[[32m[1m INFO  [21m[0m] longdy = 1.00e+00      || longdy/dt = 1.00e+00  || dt = 3.39e-07
[[32m[1m INFO  [21m[0m] from nz = 0 and OH
[[32m[1m INFO  [21m[0m] -----------------------------------------------------------------
[[32m[1m INFO  [21m[0m] Elapsed time: 2.08e-04 || Step number: 1800/30000
[[32m[1m INFO  [21m[0m] longdy = 1.00e+00      || longdy/dt = 1.00e+00  || dt = 5.75e-07
[[32m[1m INFO  [21m[0m] from nz = 0 and OH
[[32m[1m INFO  [21m[0m] -----------------------------------------------------------------
[[93m[1m WARNING [21m[0m] Keep producing negative values! Clipping negative solutions and moving on!
[[93m[1m WARNING [21m[0m] Keep producing negative values! Clipping negative solutions and moving on!
[[32m[1m INFO  [21m[0m] Elapsed time: 2.67e-04 || Step number: 1900/30000
[[32m[1m INFO  [21m[0m] longdy = 1.00e+00      || longdy/dt = 1.00e+00  || dt = 6.53e-07
[[32m[1m INFO  [21m[0m] from nz = 0 and OH
[[32m[1m INFO  [21m[0m] -----------------------------------------------------------------
[[32m[1m INFO  [21m[0m] Elapsed time: 3.15e-04 || Step number: 2000/30000
[[32m[1m INFO  [21m[0m] longdy = 1.00e+00      || longdy/dt = 1.00e+00  || dt = 1.06e-06
[[32m[1m INFO  [21m[0m] from nz = 0 and OH
[[32m[1m INFO  [21m[0m] -----------------------------------------------------------------
[[32m[1m INFO  [21m[0m] Elapsed time: 3.60e-04 || Step number: 2100/30000
[[32m[1m INFO  [21m[0m] longdy = 1.00e+00      || longdy/dt = 1.00e+00  || dt = 4.15e-07
[[32m[1m INFO  [21m[0m] from nz = 0 and OH
[[32m[1m INFO  [21m[0m] -----------------------------------------------------------------
[[32m[1m INFO  [21m[0m] Elapsed time: 4.18e-04 || Step number: 2200/30000
[[32m[1m INFO  [21m[0m] longdy = 1.00e+00      || longdy/dt = 1.00e+00  || dt = 6.31e-07
[[32m[1m INFO  [21m[0m] from nz = 0 and OH
[[32m[1m INFO  [21m[0m] -----------------------------------------------------------------
[[32m[1m INFO  [21m[0m] Elapsed time: 4.69e-04 || Step number: 2300/30000
[[32m[1m INFO  [21m[0m] longdy = 1.00e+00      || longdy/dt = 1.00e+00  || dt = 1.06e-06
[[32m[1m INFO  [21m[0m] from nz = 0 and OH
[[32m[1m INFO  [21m[0m] -----------------------------------------------------------------
[[32m[1m INFO  [21m[0m] Elapsed time: 5.35e-04 || Step number: 2400/30000
[[32m[1m INFO  [21m[0m] longdy = 1.00e+00      || longdy/dt = 1.00e+00  || dt = 7.20e-07
[[32m[1m INFO  [21m[0m] from nz = 0 and OH
[[32m[1m INFO  [21m[0m] -----------------------------------------------------------------
[[32m[1m INFO  [21m[0m] Elapsed time: 5.98e-04 || Step number: 2500/30000
[[32m[1m INFO  [21m[0m] longdy = 1.00e+00      || longdy/dt = 1.00e+00  || dt = 1.08e-07
[[32m[1m INFO  [21m[0m] from nz = 0 and OH
[[32m[1m INFO  [21m[0m] -----------------------------------------------------------------
[[32m[1m INFO  [21m[0m] Elapsed time: 6.86e-04 || Step number: 2600/30000
[[32m[1m INFO  [21m[0m] longdy = 1.00e+00      || longdy/dt = 1.00e+00  || dt = 2.79e-06
[[32m[1m INFO  [21m[0m] from nz = 0 and OH
[[32m[1m INFO  [21m[0m] -----------------------------------------------------------------
[[32m[1m INFO  [21m[0m] Elapsed time: 7.81e-04 || Step number: 2700/30000
[[32m[1m INFO  [21m[0m] longdy = 1.00e+00      || longdy/dt = 1.00e+00  || dt = 6.03e-08
[[32m[1m INFO  [21m[0m] from nz = 0 and OH
[[32m[1m INFO  [21m[0m] -----------------------------------------------------------------
[[32m[1m INFO  [21m[0m] Elapsed time: 8.91e-04 || Step number: 2800/30000
[[32m[1m INFO  [21m[0m] longdy = 1.00e+00      || longdy/dt = 1.00e+00  || dt = 2.13e-06
[[32m[1m INFO  [21m[0m] from nz = 0 and OH
[[32m[1m INFO  [21m[0m] -----------------------------------------------------------------
[[32m[1m INFO  [21m[0m] Elapsed time: 1.04e-03 || Step number: 2900/30000
[[32m[1m INFO  [21m[0m] longdy = 1.00e+00      || longdy/dt = 1.00e+00  || dt = 2.78e-06
[[32m[1m INFO  [21m[0m] from nz = 0 and OH
[[32m[1m INFO  [21m[0m] -----------------------------------------------------------------
[[32m[1m INFO  [21m[0m] Elapsed time: 1.30e-03 || Step number: 3000/30000
[[32m[1m INFO  [21m[0m] longdy = 1.00e+00      || longdy/dt = 1.00e+00  || dt = 3.86e-06
[[32m[1m INFO  [21m[0m] from nz = 0 and OH
[[32m[1m INFO  [21m[0m] -----------------------------------------------------------------
[[32m[1m INFO  [21m[0m] Elapsed time: 1.65e-03 || Step number: 3100/30000
[[32m[1m INFO  [21m[0m] longdy = 1.00e+00      || longdy/dt = 1.00e+00  || dt = 2.32e-05
[[32m[1m INFO  [21m[0m] from nz = 0 and OH
[[32m[1m INFO  [21m[0m] -----------------------------------------------------------------
[[32m[1m INFO  [21m[0m] Elapsed time: 2.23e-03 || Step number: 3200/30000
[[32m[1m INFO  [21m[0m] longdy = 1.00e+00      || longdy/dt = 1.00e+00  || dt = 1.07e-05
[[32m[1m INFO  [21m[0m] from nz = 0 and OH
[[32m[1m INFO  [21m[0m] -----------------------------------------------------------------
[[32m[1m INFO  [21m[0m] Elapsed time: 2.52e-03 || Step number: 3300/30000
[[32m[1m INFO  [21m[0m] longdy = 1.00e+00      || longdy/dt = 1.00e+00  || dt = 5.29e-06
[[32m[1m INFO  [21m[0m] from nz = 0 and OH
[[32m[1m INFO  [21m[0m] -----------------------------------------------------------------
[[32m[1m INFO  [21m[0m] Elapsed time: 2.76e-03 || Step number: 3400/30000
[[32m[1m INFO  [21m[0m] longdy = 1.00e+00      || longdy/dt = 1.00e+00  || dt = 7.61e-08
[[32m[1m INFO  [21m[0m] from nz = 0 and OH
[[32m[1m INFO  [21m[0m] -----------------------------------------------------------------
[[32m[1m INFO  [21m[0m] Elapsed time: 3.02e-03 || Step number: 3500/30000
[[32m[1m INFO  [21m[0m] longdy = 1.00e+00      || longdy/dt = 1.00e+00  || dt = 7.01e-07
[[32m[1m INFO  [21m[0m] from nz = 0 and OH
[[32m[1m INFO  [21m[0m] -----------------------------------------------------------------
[[32m[1m INFO  [21m[0m] Elapsed time: 3.36e-03 || Step number: 3600/30000
[[32m[1m INFO  [21m[0m] longdy = 1.00e+00      || longdy/dt = 1.00e+00  || dt = 7.13e-06
[[32m[1m INFO  [21m[0m] from nz = 0 and OH
[[32m[1m INFO  [21m[0m] -----------------------------------------------------------------
[[32m[1m INFO  [21m[0m] Elapsed time: 3.66e-03 || Step number: 3700/30000
[[32m[1m INFO  [21m[0m] longdy = 1.00e+00      || longdy/dt = 1.00e+00  || dt = 3.27e-06
[[32m[1m INFO  [21m[0m] from nz = 0 and OH
[[32m[1m INFO  [21m[0m] -----------------------------------------------------------------
[[32m[1m INFO  [21m[0m] Elapsed time: 4.15e-03 || Step number: 3800/30000
[[32m[1m INFO  [21m[0m] longdy = 1.00e+00      || longdy/dt = 1.00e+00  || dt = 5.83e-05
[[32m[1m INFO  [21m[0m] from nz = 0 and OH
[[32m[1m INFO  [21m[0m] -----------------------------------------------------------------
[[32m[1m INFO  [21m[0m] Elapsed time: 5.01e-03 || Step number: 3900/30000
[[32m[1m INFO  [21m[0m] longdy = 1.00e+00      || longdy/dt = 1.00e+00  || dt = 2.71e-07
[[32m[1m INFO  [21m[0m] from nz = 0 and OH
[[32m[1m INFO  [21m[0m] -----------------------------------------------------------------
[[32m[1m INFO  [21m[0m] Elapsed time: 6.16e-03 || Step number: 4000/30000
[[32m[1m INFO  [21m[0m] longdy = 1.00e+00      || longdy/dt = 1.00e+00  || dt = 2.13e-05
[[32m[1m INFO  [21m[0m] from nz = 0 and OH
[[32m[1m INFO  [21m[0m] -----------------------------------------------------------------
[[32m[1m INFO  [21m[0m] Elapsed time: 1.81e-02 || Step number: 4100/30000
[[32m[1m INFO  [21m[0m] longdy = 1.00e+00      || longdy/dt = 1.00e+00  || dt = 2.67e-04
[[32m[1m INFO  [21m[0m] from nz = 0 and OH
[[32m[1m INFO  [21m[0m] -----------------------------------------------------------------
[[32m[1m INFO  [21m[0m] Elapsed time: 2.90e-02 || Step number: 4200/30000
[[32m[1m INFO  [21m[0m] longdy = 1.00e+00      || longdy/dt = 1.00e+00  || dt = 3.30e-04
[[32m[1m INFO  [21m[0m] from nz = 0 and OH
[[32m[1m INFO  [21m[0m] -----------------------------------------------------------------
[[32m[1m INFO  [21m[0m] Elapsed time: 5.18e-02 || Step number: 4300/30000
[[32m[1m INFO  [21m[0m] longdy = 1.00e+00      || longdy/dt = 1.00e+00  || dt = 1.15e-05
[[32m[1m INFO  [21m[0m] from nz = 0 and OH
[[32m[1m INFO  [21m[0m] -----------------------------------------------------------------
[[32m[1m INFO  [21m[0m] Elapsed time: 7.74e-02 || Step number: 4400/30000
[[32m[1m INFO  [21m[0m] longdy = 1.00e+00      || longdy/dt = 1.00e+00  || dt = 6.62e-04
[[32m[1m INFO  [21m[0m] from nz = 0 and OH
[[32m[1m INFO  [21m[0m] -----------------------------------------------------------------
[[32m[1m INFO  [21m[0m] Elapsed time: 9.78e-02 || Step number: 4500/30000
[[32m[1m INFO  [21m[0m] longdy = 1.00e+00      || longdy/dt = 1.00e+00  || dt = 3.21e-04
[[32m[1m INFO  [21m[0m] from nz = 0 and OH
[[32m[1m INFO  [21m[0m] -----------------------------------------------------------------
[[32m[1m INFO  [21m[0m] Elapsed time: 1.26e-01 || Step number: 4600/30000
[[32m[1m INFO  [21m[0m] longdy = 1.00e+00      || longdy/dt = 1.00e+00  || dt = 1.60e-04
[[32m[1m INFO  [21m[0m] from nz = 0 and OH
[[32m[1m INFO  [21m[0m] -----------------------------------------------------------------
[[32m[1m INFO  [21m[0m] Elapsed time: 1.58e-01 || Step number: 4700/30000
[[32m[1m INFO  [21m[0m] longdy = 1.00e+00      || longdy/dt = 1.00e+00  || dt = 1.57e-03
[[32m[1m INFO  [21m[0m] from nz = 0 and OH
[[32m[1m INFO  [21m[0m] -----------------------------------------------------------------
[[32m[1m INFO  [21m[0m] Elapsed time: 2.08e-01 || Step number: 4800/30000
[[32m[1m INFO  [21m[0m] longdy = 1.00e+00      || longdy/dt = 1.00e+00  || dt = 7.55e-04
[[32m[1m INFO  [21m[0m] from nz = 0 and OH
[[32m[1m INFO  [21m[0m] -----------------------------------------------------------------
[[32m[1m INFO  [21m[0m] Elapsed time: 2.52e-01 || Step number: 4900/30000
[[32m[1m INFO  [21m[0m] longdy = 1.00e+00      || longdy/dt = 1.00e+00  || dt = 1.93e-05
[[32m[1m INFO  [21m[0m] from nz = 0 and OH
[[32m[1m INFO  [21m[0m] -----------------------------------------------------------------
[[32m[1m INFO  [21m[0m] Elapsed time: 2.89e-01 || Step number: 5000/30000
[[32m[1m INFO  [21m[0m] longdy = 1.00e+00      || longdy/dt = 1.00e+00  || dt = 1.15e-03
[[32m[1m INFO  [21m[0m] from nz = 0 and OH
[[32m[1m INFO  [21m[0m] -----------------------------------------------------------------
[[32m[1m INFO  [21m[0m] Elapsed time: 3.32e-01 || Step number: 5100/30000
[[32m[1m INFO  [21m[0m] longdy = 1.00e+00      || longdy/dt = 1.00e+00  || dt = 1.10e-04
[[32m[1m INFO  [21m[0m] from nz = 0 and OH
[[32m[1m INFO  [21m[0m] -----------------------------------------------------------------
[[32m[1m INFO  [21m[0m] Elapsed time: 3.83e-01 || Step number: 5200/30000
[[32m[1m INFO  [21m[0m] longdy = 1.00e+00      || longdy/dt = 1.00e+00  || dt = 1.47e-03
[[32m[1m INFO  [21m[0m] from nz = 0 and OH
[[32m[1m INFO  [21m[0m] -----------------------------------------------------------------
[[32m[1m INFO  [21m[0m] Elapsed time: 4.43e-01 || Step number: 5300/30000
[[32m[1m INFO  [21m[0m] longdy = 1.00e+00      || longdy/dt = 1.00e+00  || dt = 1.78e-03
[[32m[1m INFO  [21m[0m] from nz = 0 and OH
[[32m[1m INFO  [21m[0m] -----------------------------------------------------------------
[[32m[1m INFO  [21m[0m] Elapsed time: 5.15e-01 || Step number: 5400/30000
[[32m[1m INFO  [21m[0m] longdy = 1.00e+00      || longdy/dt = 1.00e+00  || dt = 1.92e-03
[[32m[1m INFO  [21m[0m] from nz = 0 and OH
[[32m[1m INFO  [21m[0m] -----------------------------------------------------------------
[[32m[1m INFO  [21m[0m] Elapsed time: 6.44e-01 || Step number: 5500/30000
[[32m[1m INFO  [21m[0m] longdy = 1.00e+00      || longdy/dt = 1.00e+00  || dt = 1.39e-04
[[32m[1m INFO  [21m[0m] from nz = 0 and OH
[[32m[1m INFO  [21m[0m] -----------------------------------------------------------------
[[32m[1m INFO  [21m[0m] Elapsed time: 1.12e+00 || Step number: 5600/30000
[[32m[1m INFO  [21m[0m] longdy = 1.00e+00      || longdy/dt = 1.00e+00  || dt = 1.54e-02
[[32m[1m INFO  [21m[0m] from nz = 0 and OH
[[32m[1m INFO  [21m[0m] -----------------------------------------------------------------
[[32m[1m INFO  [21m[0m] Elapsed time: 1.73e+00 || Step number: 5700/30000
[[32m[1m INFO  [21m[0m] longdy = 1.00e+00      || longdy/dt = 1.00e+00  || dt = 8.75e-03
[[32m[1m INFO  [21m[0m] from nz = 0 and OH
[[32m[1m INFO  [21m[0m] -----------------------------------------------------------------
[[32m[1m INFO  [21m[0m] Elapsed time: 1.90e+00 || Step number: 5800/30000
[[32m[1m INFO  [21m[0m] longdy = 1.00e+00      || longdy/dt = 1.00e+00  || dt = 3.59e-03
[[32m[1m INFO  [21m[0m] from nz = 0 and OH
[[32m[1m INFO  [21m[0m] -----------------------------------------------------------------
[[32m[1m INFO  [21m[0m] Elapsed time: 2.12e+00 || Step number: 5900/30000
[[32m[1m INFO  [21m[0m] longdy = 1.00e+00      || longdy/dt = 1.00e+00  || dt = 8.34e-04
[[32m[1m INFO  [21m[0m] from nz = 0 and OH
[[32m[1m INFO  [21m[0m] -----------------------------------------------------------------
[[32m[1m INFO  [21m[0m] Elapsed time: 2.56e+00 || Step number: 6000/30000
[[32m[1m INFO  [21m[0m] longdy = 1.00e+00      || longdy/dt = 1.00e+00  || dt = 4.12e-03
[[32m[1m INFO  [21m[0m] from nz = 0 and OH
[[32m[1m INFO  [21m[0m] -----------------------------------------------------------------
[[32m[1m INFO  [21m[0m] Elapsed time: 3.00e+00 || Step number: 6100/30000
[[32m[1m INFO  [21m[0m] longdy = 1.00e+00      || longdy/dt = 1.00e+00  || dt = 3.60e-03
[[32m[1m INFO  [21m[0m] from nz = 0 and OH
[[32m[1m INFO  [21m[0m] -----------------------------------------------------------------
[[32m[1m INFO  [21m[0m] Elapsed time: 3.69e+00 || Step number: 6200/30000
[[32m[1m INFO  [21m[0m] longdy = 1.00e+00      || longdy/dt = 1.00e+00  || dt = 1.94e-02
[[32m[1m INFO  [21m[0m] from nz = 0 and OH
[[32m[1m INFO  [21m[0m] -----------------------------------------------------------------
[[32m[1m INFO  [21m[0m] Elapsed time: 5.99e+00 || Step number: 6300/30000
[[32m[1m INFO  [21m[0m] longdy = 1.00e+00      || longdy/dt = 1.00e+00  || dt = 5.15e-02
[[32m[1m INFO  [21m[0m] from nz = 0 and OH
[[32m[1m INFO  [21m[0m] -----------------------------------------------------------------
[[32m[1m INFO  [21m[0m] Elapsed time: 1.15e+01 || Step number: 6400/30000
[[32m[1m INFO  [21m[0m] longdy = 1.00e+00      || longdy/dt = 1.00e+00  || dt = 8.76e-02
[[32m[1m INFO  [21m[0m] from nz = 0 and OH
[[32m[1m INFO  [21m[0m] -----------------------------------------------------------------
[[32m[1m INFO  [21m[0m] Elapsed time: 2.08e+01 || Step number: 6500/30000
[[32m[1m INFO  [21m[0m] longdy = 1.00e+00      || longdy/dt = 1.00e+00  || dt = 1.64e-01
[[32m[1m INFO  [21m[0m] from nz = 0 and OH
[[32m[1m INFO  [21m[0m] -----------------------------------------------------------------
[[32m[1m INFO  [21m[0m] Elapsed time: 3.73e+01 || Step number: 6600/30000
[[32m[1m INFO  [21m[0m] longdy = 1.00e+00      || longdy/dt = 1.00e+00  || dt = 2.73e-01
[[32m[1m INFO  [21m[0m] from nz = 0 and OH
[[32m[1m INFO  [21m[0m] -----------------------------------------------------------------
[[32m[1m INFO  [21m[0m] Elapsed time: 6.63e+01 || Step number: 6700/30000
[[32m[1m INFO  [21m[0m] longdy = 1.00e+00      || longdy/dt = 1.00e+00  || dt = 4.44e-01
[[32m[1m INFO  [21m[0m] from nz = 0 and OH
[[32m[1m INFO  [21m[0m] -----------------------------------------------------------------
[[32m[1m INFO  [21m[0m] Elapsed time: 8.99e+01 || Step number: 6800/30000
[[32m[1m INFO  [21m[0m] longdy = 1.00e+00      || longdy/dt = 1.00e+00  || dt = 1.89e-02
[[32m[1m INFO  [21m[0m] from nz = 0 and OH
[[32m[1m INFO  [21m[0m] -----------------------------------------------------------------
[[32m[1m INFO  [21m[0m] Elapsed time: 9.83e+01 || Step number: 6900/30000
[[32m[1m INFO  [21m[0m] longdy = 1.00e+00      || longdy/dt = 1.00e+00  || dt = 7.48e-04
[[32m[1m INFO  [21m[0m] from nz = 0 and OH
[[32m[1m INFO  [21m[0m] -----------------------------------------------------------------
[[32m[1m INFO  [21m[0m] Elapsed time: 1.10e+02 || Step number: 7000/30000
[[32m[1m INFO  [21m[0m] longdy = 8.33e-01      || longdy/dt = 7.97e-02  || dt = 7.41e-01
[[32m[1m INFO  [21m[0m] from nz = 19 and S4
[[32m[1m INFO  [21m[0m] -----------------------------------------------------------------
[[32m[1m INFO  [21m[0m] Elapsed time: 1.35e+02 || Step number: 7100/30000
[[32m[1m INFO  [21m[0m] longdy = 1.86e+00      || longdy/dt = 7.69e-02  || dt = 9.14e-01
[[32m[1m INFO  [21m[0m] from nz = 19 and S4
[[32m[1m INFO  [21m[0m] -----------------------------------------------------------------
[[32m[1m INFO  [21m[0m] Elapsed time: 1.52e+02 || Step number: 7200/30000
[[32m[1m INFO  [21m[0m] longdy = 9.06e-01      || longdy/dt = 5.25e-02  || dt = 3.39e-08
[[32m[1m INFO  [21m[0m] from nz = 25 and CS2
[[32m[1m INFO  [21m[0m] -----------------------------------------------------------------
[[32m[1m INFO  [21m[0m] Elapsed time: 1.79e+02 || Step number: 7300/30000
[[32m[1m INFO  [21m[0m] longdy = 1.23e+00      || longdy/dt = 4.67e-02  || dt = 1.08e+00
[[32m[1m INFO  [21m[0m] from nz = 33 and HCS
[[32m[1m INFO  [21m[0m] -----------------------------------------------------------------
[[32m[1m INFO  [21m[0m] Elapsed time: 1.98e+02 || Step number: 7400/30000
[[32m[1m INFO  [21m[0m] longdy = 8.30e-01      || longdy/dt = 4.54e-02  || dt = 3.21e-08
[[32m[1m INFO  [21m[0m] from nz = 25 and CS2
[[32m[1m INFO  [21m[0m] -----------------------------------------------------------------
[[32m[1m INFO  [21m[0m] Elapsed time: 2.12e+02 || Step number: 7500/30000
[[32m[1m INFO  [21m[0m] longdy = 7.21e-01      || longdy/dt = 4.88e-02  || dt = 4.16e-08
[[32m[1m INFO  [21m[0m] from nz = 25 and CS2
[[32m[1m INFO  [21m[0m] -----------------------------------------------------------------
[[32m[1m INFO  [21m[0m] Elapsed time: 2.41e+02 || Step number: 7600/30000
[[32m[1m INFO  [21m[0m] longdy = 9.86e-01      || longdy/dt = 3.44e-02  || dt = 2.17e-06
[[32m[1m INFO  [21m[0m] from nz = 31 and HCS
[[32m[1m INFO  [21m[0m] -----------------------------------------------------------------
[[32m[1m INFO  [21m[0m] Elapsed time: 2.83e+02 || Step number: 7700/30000
[[32m[1m INFO  [21m[0m] longdy = 1.42e+00      || longdy/dt = 3.41e-02  || dt = 2.13e-03
[[32m[1m INFO  [21m[0m] from nz = 30 and HCS
[[32m[1m INFO  [21m[0m] -----------------------------------------------------------------
[[32m[1m INFO  [21m[0m] Elapsed time: 2.96e+02 || Step number: 7800/30000
[[32m[1m INFO  [21m[0m] longdy = 4.96e-01      || longdy/dt = 3.65e-02  || dt = 1.42e-06
[[32m[1m INFO  [21m[0m] from nz = 26 and CS2
[[32m[1m INFO  [21m[0m] -----------------------------------------------------------------
[[32m[1m INFO  [21m[0m] Elapsed time: 4.44e+02 || Step number: 7900/30000
[[32m[1m INFO  [21m[0m] longdy = 9.95e+00      || longdy/dt = 6.76e-02  || dt = 7.13e-08
[[32m[1m INFO  [21m[0m] from nz = 28 and HCS
[[32m[1m INFO  [21m[0m] -----------------------------------------------------------------
[[32m[1m INFO  [21m[0m] Elapsed time: 4.85e+02 || Step number: 8000/30000
[[32m[1m INFO  [21m[0m] longdy = 9.10e-01      || longdy/dt = 2.37e-02  || dt = 4.61e+00
[[32m[1m INFO  [21m[0m] from nz = 26 and HCS
[[32m[1m INFO  [21m[0m] -----------------------------------------------------------------
[[32m[1m INFO  [21m[0m] Elapsed time: 6.42e+02 || Step number: 8100/30000
[[32m[1m INFO  [21m[0m] longdy = 1.82e+01      || longdy/dt = 1.16e-01  || dt = 8.92e-08
[[32m[1m INFO  [21m[0m] from nz = 24 and CS
[[32m[1m INFO  [21m[0m] -----------------------------------------------------------------
[[32m[1m INFO  [21m[0m] Elapsed time: 6.95e+02 || Step number: 8200/30000
[[32m[1m INFO  [21m[0m] longdy = 1.99e+00      || longdy/dt = 4.12e-02  || dt = 6.61e+00
[[32m[1m INFO  [21m[0m] from nz = 24 and CS
[[32m[1m INFO  [21m[0m] -----------------------------------------------------------------
[[32m[1m INFO  [21m[0m] Elapsed time: 7.32e+02 || Step number: 8300/30000
[[32m[1m INFO  [21m[0m] longdy = 1.29e+00      || longdy/dt = 3.44e-02  || dt = 7.33e-02
[[32m[1m INFO  [21m[0m] from nz = 24 and CS
[[32m[1m INFO  [21m[0m] -----------------------------------------------------------------
[[32m[1m INFO  [21m[0m] Elapsed time: 9.27e+02 || Step number: 8400/30000
[[32m[1m INFO  [21m[0m] longdy = 5.50e+01      || longdy/dt = 2.96e-01  || dt = 1.01e+01
[[32m[1m INFO  [21m[0m] from nz = 25 and CS
[[32m[1m INFO  [21m[0m] -----------------------------------------------------------------
[[93m[1m WARNING [21m[0m] Keep producing negative values! Clipping negative solutions and moving on!
[[32m[1m INFO  [21m[0m] Elapsed time: 9.96e+02 || Step number: 8500/30000
[[32m[1m INFO  [21m[0m] longdy = 3.16e+00      || longdy/dt = 4.98e-02  || dt = 6.65e+00
[[32m[1m INFO  [21m[0m] from nz = 25 and CS
[[32m[1m INFO  [21m[0m] -----------------------------------------------------------------
[[32m[1m INFO  [21m[0m] Elapsed time: 1.16e+03 || Step number: 8600/30000
[[32m[1m INFO  [21m[0m] longdy = 2.13e+01      || longdy/dt = 1.38e-01  || dt = 7.30e+00
[[32m[1m INFO  [21m[0m] from nz = 26 and CS
[[32m[1m INFO  [21m[0m] -----------------------------------------------------------------
[[32m[1m INFO  [21m[0m] Elapsed time: 1.29e+03 || Step number: 8700/30000
[[32m[1m INFO  [21m[0m] longdy = 1.35e+01      || longdy/dt = 1.03e-01  || dt = 3.40e-06
[[32m[1m INFO  [21m[0m] from nz = 26 and CS
[[32m[1m INFO  [21m[0m] -----------------------------------------------------------------
[[32m[1m INFO  [21m[0m] Elapsed time: 1.79e+03 || Step number: 8800/30000
[[32m[1m INFO  [21m[0m] longdy = 3.03e+03      || longdy/dt = 6.16e+00  || dt = 1.47e+01
[[32m[1m INFO  [21m[0m] from nz = 27 and CS
[[32m[1m INFO  [21m[0m] -----------------------------------------------------------------
[[93m[1m WARNING [21m[0m] Keep producing negative values! Clipping negative solutions and moving on!
[[93m[1m WARNING [21m[0m] Keep producing negative values! Clipping negative solutions and moving on!
[[32m[1m INFO  [21m[0m] Elapsed time: 2.06e+03 || Step number: 8900/30000
[[32m[1m INFO  [21m[0m] longdy = 3.68e+01      || longdy/dt = 1.40e-01  || dt = 4.56e+00
[[32m[1m INFO  [21m[0m] from nz = 28 and CS
[[32m[1m INFO  [21m[0m] -----------------------------------------------------------------
[[32m[1m INFO  [21m[0m] Elapsed time: 2.27e+03 || Step number: 9000/30000
[[32m[1m INFO  [21m[0m] longdy = 1.41e+01      || longdy/dt = 6.54e-02  || dt = 2.77e-08
[[32m[1m INFO  [21m[0m] from nz = 29 and CS
[[32m[1m INFO  [21m[0m] -----------------------------------------------------------------
[[32m[1m INFO  [21m[0m] Elapsed time: 2.38e+03 || Step number: 9100/30000
[[32m[1m INFO  [21m[0m] longdy = 2.17e+00      || longdy/dt = 2.09e-02  || dt = 6.89e-05
[[32m[1m INFO  [21m[0m] from nz = 29 and CS
[[32m[1m INFO  [21m[0m] -----------------------------------------------------------------
[[93m[1m WARNING [21m[0m] Keep producing negative values! Clipping negative solutions and moving on!
[[32m[1m INFO  [21m[0m] Elapsed time: 2.51e+03 || Step number: 9200/30000
[[32m[1m INFO  [21m[0m] longdy = 2.48e+00      || longdy/dt = 2.08e-02  || dt = 1.41e+01
[[32m[1m INFO  [21m[0m] from nz = 30 and CS
[[32m[1m INFO  [21m[0m] -----------------------------------------------------------------
[[93m[1m WARNING [21m[0m] Keep producing negative values! Clipping negative solutions and moving on!
[[32m[1m INFO  [21m[0m] Elapsed time: 2.71e+03 || Step number: 9300/30000
[[32m[1m INFO  [21m[0m] longdy = 6.46e+00      || longdy/dt = 3.17e-02  || dt = 2.18e-08
[[32m[1m INFO  [21m[0m] from nz = 30 and CS
[[32m[1m INFO  [21m[0m] -----------------------------------------------------------------
[[32m[1m INFO  [21m[0m] Elapsed time: 2.73e+03 || Step number: 9400/30000
[[32m[1m INFO  [21m[0m] longdy = 2.02e-01      || longdy/dt = 9.31e-03  || dt = 6.93e-06
[[32m[1m INFO  [21m[0m] from nz = 30 and CS
[[32m[1m INFO  [21m[0m] -----------------------------------------------------------------
[[93m[1m WARNING [21m[0m] Keep producing negative values! Clipping negative solutions and moving on!
[[32m[1m INFO  [21m[0m] Elapsed time: 2.82e+03 || Step number: 9500/30000
[[32m[1m INFO  [21m[0m] longdy = 1.13e+00      || longdy/dt = 1.29e-02  || dt = 6.12e-01
[[32m[1m INFO  [21m[0m] from nz = 30 and CS
[[32m[1m INFO  [21m[0m] -----------------------------------------------------------------
[[32m[1m INFO  [21m[0m] Elapsed time: 3.27e+03 || Step number: 9600/30000
[[32m[1m INFO  [21m[0m] longdy = 2.85e+01      || longdy/dt = 6.37e-02  || dt = 3.15e-04
[[32m[1m INFO  [21m[0m] from nz = 31 and CS
[[32m[1m INFO  [21m[0m] -----------------------------------------------------------------
[[32m[1m INFO  [21m[0m] Elapsed time: 3.84e+03 || Step number: 9700/30000
[[32m[1m INFO  [21m[0m] longdy = 2.47e+01      || longdy/dt = 4.34e-02  || dt = 8.05e+00
[[32m[1m INFO  [21m[0m] from nz = 32 and CS
[[32m[1m INFO  [21m[0m] -----------------------------------------------------------------
[[32m[1m INFO  [21m[0m] Elapsed time: 3.91e+03 || Step number: 9800/30000
[[32m[1m INFO  [21m[0m] longdy = 3.56e-01      || longdy/dt = 5.73e-03  || dt = 3.38e-06
[[32m[1m INFO  [21m[0m] from nz = 32 and CS
[[32m[1m INFO  [21m[0m] -----------------------------------------------------------------
[[32m[1m INFO  [21m[0m] Elapsed time: 4.21e+03 || Step number: 9900/30000
[[32m[1m INFO  [21m[0m] longdy = 2.69e+00      || longdy/dt = 8.98e-03  || dt = 4.55e+00
[[32m[1m INFO  [21m[0m] from nz = 33 and CS
[[32m[1m INFO  [21m[0m] -----------------------------------------------------------------
[[32m[1m INFO  [21m[0m] Elapsed time: 4.52e+03 || Step number: 10000/30000
[[32m[1m INFO  [21m[0m] longdy = 2.41e+00      || longdy/dt = 7.75e-03  || dt = 1.93e-03
[[32m[1m INFO  [21m[0m] from nz = 33 and CS
[[32m[1m INFO  [21m[0m] -----------------------------------------------------------------
[[32m[1m INFO  [21m[0m] Elapsed time: 4.91e+03 || Step number: 10100/30000
[[32m[1m INFO  [21m[0m] longdy = 2.51e+00      || longdy/dt = 6.63e-03  || dt = 1.61e+01
[[32m[1m INFO  [21m[0m] from nz = 33 and CS
[[32m[1m INFO  [21m[0m] -----------------------------------------------------------------
[[32m[1m INFO  [21m[0m] Elapsed time: 5.93e+03 || Step number: 10200/30000
[[32m[1m INFO  [21m[0m] longdy = 1.34e+01      || longdy/dt = 1.32e-02  || dt = 9.75e+00
[[32m[1m INFO  [21m[0m] from nz = 34 and CS
[[32m[1m INFO  [21m[0m] -----------------------------------------------------------------
[[32m[1m INFO  [21m[0m] Elapsed time: 6.41e+03 || Step number: 10300/30000
[[32m[1m INFO  [21m[0m] longdy = 1.82e+00      || longdy/dt = 3.78e-03  || dt = 4.40e-08
[[32m[1m INFO  [21m[0m] from nz = 35 and CS
[[32m[1m INFO  [21m[0m] -----------------------------------------------------------------
[[93m[1m WARNING [21m[0m] Keep producing negative values! Clipping negative solutions and moving on!
[[32m[1m INFO  [21m[0m] Elapsed time: 6.80e+03 || Step number: 10400/30000
[[32m[1m INFO  [21m[0m] longdy = 1.15e+00      || longdy/dt = 2.89e-03  || dt = 2.69e+00
[[32m[1m INFO  [21m[0m] from nz = 35 and CS
[[32m[1m INFO  [21m[0m] -----------------------------------------------------------------
[[32m[1m INFO  [21m[0m] Elapsed time: 7.30e+03 || Step number: 10500/30000
[[32m[1m INFO  [21m[0m] longdy = 1.31e+00      || longdy/dt = 2.72e-03  || dt = 2.57e+01
[[32m[1m INFO  [21m[0m] from nz = 36 and CS
[[32m[1m INFO  [21m[0m] -----------------------------------------------------------------
[[32m[1m INFO  [21m[0m] Elapsed time: 7.89e+03 || Step number: 10600/30000
[[32m[1m INFO  [21m[0m] longdy = 1.57e+00      || longdy/dt = 2.64e-03  || dt = 1.40e-05
[[32m[1m INFO  [21m[0m] from nz = 36 and CS
[[32m[1m INFO  [21m[0m] -----------------------------------------------------------------
[[32m[1m INFO  [21m[0m] Elapsed time: 8.15e+03 || Step number: 10700/30000
[[32m[1m INFO  [21m[0m] longdy = 4.40e-01      || longdy/dt = 1.72e-03  || dt = 3.61e-08
[[32m[1m INFO  [21m[0m] from nz = 36 and CS
[[32m[1m INFO  [21m[0m] -----------------------------------------------------------------
[[32m[1m INFO  [21m[0m] Elapsed time: 8.59e+03 || Step number: 10800/30000
[[32m[1m INFO  [21m[0m] longdy = 7.65e-01      || longdy/dt = 1.81e-03  || dt = 1.21e+01
[[32m[1m INFO  [21m[0m] from nz = 37 and CS
[[32m[1m INFO  [21m[0m] -----------------------------------------------------------------
[[93m[1m WARNING [21m[0m] Keep producing negative values! Clipping negative solutions and moving on!
[[32m[1m INFO  [21m[0m] Elapsed time: 9.81e+03 || Step number: 10900/30000
[[32m[1m INFO  [21m[0m] longdy = 3.14e+00      || longdy/dt = 2.55e-03  || dt = 2.28e-08
[[32m[1m INFO  [21m[0m] from nz = 37 and CS
[[32m[1m INFO  [21m[0m] -----------------------------------------------------------------
[[32m[1m INFO  [21m[0m] Elapsed time: 1.05e+04 || Step number: 11000/30000
[[32m[1m INFO  [21m[0m] longdy = 9.04e-01      || longdy/dt = 1.36e-03  || dt = 3.80e+01
[[32m[1m INFO  [21m[0m] from nz = 38 and CS
[[32m[1m INFO  [21m[0m] -----------------------------------------------------------------
[[32m[1m INFO  [21m[0m] Elapsed time: 1.13e+04 || Step number: 11100/30000
[[32m[1m INFO  [21m[0m] longdy = 9.96e-01      || longdy/dt = 1.21e-03  || dt = 4.91e+00
[[32m[1m INFO  [21m[0m] from nz = 38 and CS
[[32m[1m INFO  [21m[0m] -----------------------------------------------------------------
[[32m[1m INFO  [21m[0m] Elapsed time: 1.15e+04 || Step number: 11200/30000
[[32m[1m INFO  [21m[0m] longdy = 1.55e-01      || longdy/dt = 7.92e-04  || dt = 1.56e-07
[[32m[1m INFO  [21m[0m] from nz = 38 and CS
[[32m[1m INFO  [21m[0m] -----------------------------------------------------------------
[[32m[1m INFO  [21m[0m] Elapsed time: 1.31e+04 || Step number: 11300/30000
[[32m[1m INFO  [21m[0m] longdy = 1.64e+00      || longdy/dt = 1.09e-03  || dt = 3.17e+01
[[32m[1m INFO  [21m[0m] from nz = 39 and CS
[[32m[1m INFO  [21m[0m] -----------------------------------------------------------------
[[32m[1m INFO  [21m[0m] Elapsed time: 1.39e+04 || Step number: 11400/30000
[[32m[1m INFO  [21m[0m] longdy = 5.40e-01      || longdy/dt = 6.38e-04  || dt = 2.73e+01
[[32m[1m INFO  [21m[0m] from nz = 39 and CS
[[32m[1m INFO  [21m[0m] -----------------------------------------------------------------
[[32m[1m INFO  [21m[0m] Elapsed time: 1.43e+04 || Step number: 11500/30000
[[32m[1m INFO  [21m[0m] longdy = 1.67e-01      || longdy/dt = 5.37e-04  || dt = 3.05e+01
[[32m[1m INFO  [21m[0m] from nz = 40 and C6H5
[[32m[1m INFO  [21m[0m] -----------------------------------------------------------------
[[32m[1m INFO  [21m[0m] Elapsed time: 1.55e+04 || Step number: 11600/30000
[[32m[1m INFO  [21m[0m] longdy = 7.24e-01      || longdy/dt = 5.95e-04  || dt = 7.96e-01
[[32m[1m INFO  [21m[0m] from nz = 21 and S8
[[32m[1m INFO  [21m[0m] -----------------------------------------------------------------
[[32m[1m INFO  [21m[0m] Elapsed time: 1.69e+04 || Step number: 11700/30000
[[32m[1m INFO  [21m[0m] longdy = 7.69e-01      || longdy/dt = 5.61e-04  || dt = 7.29e+00
[[32m[1m INFO  [21m[0m] from nz = 21 and S8
[[32m[1m INFO  [21m[0m] -----------------------------------------------------------------
[[32m[1m INFO  [21m[0m] Elapsed time: 1.78e+04 || Step number: 11800/30000
[[32m[1m INFO  [21m[0m] longdy = 3.15e-01      || longdy/dt = 3.50e-04  || dt = 2.87e+00
[[32m[1m INFO  [21m[0m] from nz = 42 and C6H5
[[32m[1m INFO  [21m[0m] -----------------------------------------------------------------
[[32m[1m INFO  [21m[0m] Elapsed time: 1.90e+04 || Step number: 11900/30000
[[32m[1m INFO  [21m[0m] longdy = 3.78e-01      || longdy/dt = 3.03e-04  || dt = 1.78e+01
[[32m[1m INFO  [21m[0m] from nz = 42 and C6H5
[[32m[1m INFO  [21m[0m] -----------------------------------------------------------------
[[32m[1m INFO  [21m[0m] Elapsed time: 1.94e+04 || Step number: 12000/30000
[[32m[1m INFO  [21m[0m] longdy = 1.36e-01      || longdy/dt = 3.28e-04  || dt = 1.64e+00
[[32m[1m INFO  [21m[0m] from nz = 43 and C6H5
[[32m[1m INFO  [21m[0m] -----------------------------------------------------------------
[[32m[1m INFO  [21m[0m] Elapsed time: 2.02e+04 || Step number: 12100/30000
[[32m[1m INFO  [21m[0m] longdy = 2.16e-01      || longdy/dt = 2.97e-04  || dt = 1.24e+01
[[32m[1m INFO  [21m[0m] from nz = 43 and C6H5
[[32m[1m INFO  [21m[0m] -----------------------------------------------------------------
[[32m[1m INFO  [21m[0m] Elapsed time: 2.05e+04 || Step number: 12200/30000
[[32m[1m INFO  [21m[0m] longdy = 9.33e-02      || longdy/dt = 3.05e-04  || dt = 5.82e+00
[[32m[1m INFO  [21m[0m] from nz = 43 and C6H5
[[32m[1m INFO  [21m[0m] -----------------------------------------------------------------
[[32m[1m INFO  [21m[0m] Elapsed time: 2.16e+04 || Step number: 12300/30000
[[32m[1m INFO  [21m[0m] longdy = 2.87e-01      || longdy/dt = 2.56e-04  || dt = 3.40e+01
[[32m[1m INFO  [21m[0m] from nz = 42 and HCN
[[32m[1m INFO  [21m[0m] -----------------------------------------------------------------
[[32m[1m INFO  [21m[0m] Elapsed time: 2.19e+04 || Step number: 12400/30000
[[32m[1m INFO  [21m[0m] longdy = 8.78e-02      || longdy/dt = 2.73e-04  || dt = 2.85e-08
[[32m[1m INFO  [21m[0m] from nz = 42 and HCN
[[32m[1m INFO  [21m[0m] -----------------------------------------------------------------
[[32m[1m INFO  [21m[0m] Elapsed time: 2.21e+04 || Step number: 12500/30000
[[32m[1m INFO  [21m[0m] longdy = 3.97e-02      || longdy/dt = 2.76e-04  || dt = 2.03e-01
[[32m[1m INFO  [21m[0m] from nz = 42 and HCN
[[32m[1m INFO  [21m[0m] -----------------------------------------------------------------
[[32m[1m INFO  [21m[0m] Elapsed time: 2.25e+04 || Step number: 12600/30000
[[32m[1m INFO  [21m[0m] longdy = 1.06e-01      || longdy/dt = 2.61e-04  || dt = 1.09e+01
[[32m[1m INFO  [21m[0m] from nz = 42 and HCN
[[32m[1m INFO  [21m[0m] -----------------------------------------------------------------
[[32m[1m INFO  [21m[0m] Elapsed time: 2.28e+04 || Step number: 12700/30000
[[32m[1m INFO  [21m[0m] longdy = 6.90e-02      || longdy/dt = 2.60e-04  || dt = 1.34e-05
[[32m[1m INFO  [21m[0m] from nz = 42 and HCN
[[32m[1m INFO  [21m[0m] -----------------------------------------------------------------
[[32m[1m INFO  [21m[0m] Elapsed time: 2.31e+04 || Step number: 12800/30000
[[32m[1m INFO  [21m[0m] longdy = 8.36e-02      || longdy/dt = 2.53e-04  || dt = 3.15e-07
[[32m[1m INFO  [21m[0m] from nz = 42 and HCN
[[32m[1m INFO  [21m[0m] -----------------------------------------------------------------
[[32m[1m INFO  [21m[0m] Elapsed time: 2.35e+04 || Step number: 12900/30000
[[32m[1m INFO  [21m[0m] longdy = 1.07e-01      || longdy/dt = 2.43e-04  || dt = 3.48e-08
[[32m[1m INFO  [21m[0m] from nz = 43 and HCN
[[32m[1m INFO  [21m[0m] -----------------------------------------------------------------
[[32m[1m INFO  [21m[0m] Elapsed time: 2.41e+04 || Step number: 13000/30000
[[32m[1m INFO  [21m[0m] longdy = 1.32e-01      || longdy/dt = 2.32e-04  || dt = 1.90e+01
[[32m[1m INFO  [21m[0m] from nz = 43 and HCN
[[32m[1m INFO  [21m[0m] -----------------------------------------------------------------
[[32m[1m INFO  [21m[0m] Elapsed time: 2.47e+04 || Step number: 13100/30000
[[32m[1m INFO  [21m[0m] longdy = 1.33e-01      || longdy/dt = 2.23e-04  || dt = 9.93e+00
[[32m[1m INFO  [21m[0m] from nz = 43 and HCN
[[32m[1m INFO  [21m[0m] -----------------------------------------------------------------
[[32m[1m INFO  [21m[0m] Elapsed time: 2.49e+04 || Step number: 13200/30000
[[32m[1m INFO  [21m[0m] longdy = 4.13e-02      || longdy/dt = 2.28e-04  || dt = 2.10e+00
[[32m[1m INFO  [21m[0m] from nz = 43 and HCN
[[32m[1m INFO  [21m[0m] -----------------------------------------------------------------
[[32m[1m INFO  [21m[0m] Elapsed time: 2.56e+04 || Step number: 13300/30000
[[32m[1m INFO  [21m[0m] longdy = 1.50e-01      || longdy/dt = 2.09e-04  || dt = 1.47e+00
[[32m[1m INFO  [21m[0m] from nz = 43 and HCN
[[32m[1m INFO  [21m[0m] -----------------------------------------------------------------
[[32m[1m INFO  [21m[0m] Elapsed time: 2.56e+04 || Step number: 13400/30000
[[32m[1m INFO  [21m[0m] longdy = 1.33e-02      || longdy/dt = 3.30e-04  || dt = 2.92e-01
[[32m[1m INFO  [21m[0m] from nz = 26 and S
[[32m[1m INFO  [21m[0m] -----------------------------------------------------------------
[[32m[1m INFO  [21m[0m] Elapsed time: 2.64e+04 || Step number: 13500/30000
[[32m[1m INFO  [21m[0m] longdy = 1.46e-01      || longdy/dt = 2.00e-04  || dt = 1.47e-02
[[32m[1m INFO  [21m[0m] from nz = 44 and HCN
[[32m[1m INFO  [21m[0m] -----------------------------------------------------------------
[[32m[1m INFO  [21m[0m] Elapsed time: 2.67e+04 || Step number: 13600/30000
[[32m[1m INFO  [21m[0m] longdy = 6.68e-02      || longdy/dt = 2.02e-04  || dt = 8.15e-01
[[32m[1m INFO  [21m[0m] from nz = 44 and HCN
[[32m[1m INFO  [21m[0m] -----------------------------------------------------------------
[[32m[1m INFO  [21m[0m] Elapsed time: 2.73e+04 || Step number: 13700/30000
[[32m[1m INFO  [21m[0m] longdy = 1.05e-01      || longdy/dt = 1.93e-04  || dt = 2.37e+01
[[32m[1m INFO  [21m[0m] from nz = 44 and HCN
[[32m[1m INFO  [21m[0m] -----------------------------------------------------------------
[[32m[1m INFO  [21m[0m] Elapsed time: 2.79e+04 || Step number: 13800/30000
[[32m[1m INFO  [21m[0m] longdy = 1.17e-01      || longdy/dt = 1.85e-04  || dt = 1.13e+00
[[32m[1m INFO  [21m[0m] from nz = 44 and HCN
[[32m[1m INFO  [21m[0m] -----------------------------------------------------------------
[[32m[1m INFO  [21m[0m] Elapsed time: 2.80e+04 || Step number: 13900/30000
[[32m[1m INFO  [21m[0m] longdy = 1.75e-02      || longdy/dt = 1.90e-04  || dt = 2.62e+01
[[32m[1m INFO  [21m[0m] from nz = 44 and HCN
[[32m[1m INFO  [21m[0m] -----------------------------------------------------------------
[[32m[1m INFO  [21m[0m] Elapsed time: 2.84e+04 || Step number: 14000/30000
[[32m[1m INFO  [21m[0m] longdy = 6.97e-02      || longdy/dt = 1.83e-04  || dt = 5.59e-08
[[32m[1m INFO  [21m[0m] from nz = 44 and HCN
[[32m[1m INFO  [21m[0m] -----------------------------------------------------------------
[[32m[1m INFO  [21m[0m] Elapsed time: 2.91e+04 || Step number: 14100/30000
[[32m[1m INFO  [21m[0m] longdy = 1.25e-01      || longdy/dt = 1.72e-04  || dt = 1.30e-07
[[32m[1m INFO  [21m[0m] from nz = 45 and HCN
[[32m[1m INFO  [21m[0m] -----------------------------------------------------------------
[[32m[1m INFO  [21m[0m] Elapsed time: 2.95e+04 || Step number: 14200/30000
[[32m[1m INFO  [21m[0m] longdy = 5.72e-02      || longdy/dt = 1.73e-04  || dt = 2.36e+01
[[32m[1m INFO  [21m[0m] from nz = 45 and HCN
[[32m[1m INFO  [21m[0m] -----------------------------------------------------------------
[[32m[1m INFO  [21m[0m] Elapsed time: 3.00e+04 || Step number: 14300/30000
[[32m[1m INFO  [21m[0m] longdy = 8.62e-02      || longdy/dt = 1.66e-04  || dt = 3.42e+01
[[32m[1m INFO  [21m[0m] from nz = 45 and HCN
[[32m[1m INFO  [21m[0m] -----------------------------------------------------------------
[[32m[1m INFO  [21m[0m] Elapsed time: 3.02e+04 || Step number: 14400/30000
[[32m[1m INFO  [21m[0m] longdy = 3.43e-02      || longdy/dt = 1.67e-04  || dt = 3.52e-08
[[32m[1m INFO  [21m[0m] from nz = 45 and HCN
[[32m[1m INFO  [21m[0m] -----------------------------------------------------------------
[[32m[1m INFO  [21m[0m] Elapsed time: 3.02e+04 || Step number: 14500/30000
[[32m[1m INFO  [21m[0m] longdy = 2.35e-03      || longdy/dt = 1.92e-04  || dt = 6.44e-04
[[32m[1m INFO  [21m[0m] from nz = 27 and S
[[32m[1m INFO  [21m[0m] -----------------------------------------------------------------
[[32m[1m INFO  [21m[0m] Elapsed time: 3.03e+04 || Step number: 14600/30000
[[32m[1m INFO  [21m[0m] longdy = 9.58e-03      || longdy/dt = 1.67e-04  || dt = 1.16e+00
[[32m[1m INFO  [21m[0m] from nz = 45 and HCN
[[32m[1m INFO  [21m[0m] -----------------------------------------------------------------
[[32m[1m INFO  [21m[0m] Elapsed time: 3.11e+04 || Step number: 14700/30000
[[32m[1m INFO  [21m[0m] longdy = 1.23e-01      || longdy/dt = 1.54e-04  || dt = 9.49e-05
[[32m[1m INFO  [21m[0m] from nz = 45 and HCN
[[32m[1m INFO  [21m[0m] -----------------------------------------------------------------
[[32m[1m INFO  [21m[0m] Elapsed time: 3.11e+04 || Step number: 14800/30000
[[32m[1m INFO  [21m[0m] longdy = 9.76e-03      || longdy/dt = 2.77e-04  || dt = 2.99e+00
[[32m[1m INFO  [21m[0m] from nz = 27 and S
[[32m[1m INFO  [21m[0m] -----------------------------------------------------------------
[[32m[1m INFO  [21m[0m] Elapsed time: 3.14e+04 || Step number: 14900/30000
[[32m[1m INFO  [21m[0m] longdy = 3.74e-02      || longdy/dt = 1.56e-04  || dt = 1.13e-07
[[32m[1m INFO  [21m[0m] from nz = 45 and HCN
[[32m[1m INFO  [21m[0m] -----------------------------------------------------------------
[[32m[1m INFO  [21m[0m] Elapsed time: 3.16e+04 || Step number: 15000/30000
[[32m[1m INFO  [21m[0m] longdy = 3.82e-02      || longdy/dt = 1.54e-04  || dt = 4.78e-05
[[32m[1m INFO  [21m[0m] from nz = 45 and HCN
[[32m[1m INFO  [21m[0m] -----------------------------------------------------------------
[[32m[1m INFO  [21m[0m] Elapsed time: 3.20e+04 || Step number: 15100/30000
[[32m[1m INFO  [21m[0m] longdy = 5.55e-02      || longdy/dt = 1.50e-04  || dt = 5.17e+00
[[32m[1m INFO  [21m[0m] from nz = 45 and HCN
[[32m[1m INFO  [21m[0m] -----------------------------------------------------------------
[[32m[1m INFO  [21m[0m] Elapsed time: 3.22e+04 || Step number: 15200/30000
[[32m[1m INFO  [21m[0m] longdy = 3.35e-02      || longdy/dt = 1.50e-04  || dt = 6.36e+00
[[32m[1m INFO  [21m[0m] from nz = 45 and HCN
[[32m[1m INFO  [21m[0m] -----------------------------------------------------------------
[[32m[1m INFO  [21m[0m] Elapsed time: 3.24e+04 || Step number: 15300/30000
[[32m[1m INFO  [21m[0m] longdy = 3.16e-02      || longdy/dt = 1.48e-04  || dt = 1.68e+00
[[32m[1m INFO  [21m[0m] from nz = 46 and HCN
[[32m[1m INFO  [21m[0m] -----------------------------------------------------------------
[[32m[1m INFO  [21m[0m] Elapsed time: 3.24e+04 || Step number: 15400/30000
[[32m[1m INFO  [21m[0m] longdy = 3.17e-03      || longdy/dt = 1.49e-04  || dt = 1.39e-01
[[32m[1m INFO  [21m[0m] from nz = 46 and HCN
[[32m[1m INFO  [21m[0m] -----------------------------------------------------------------
[[32m[1m INFO  [21m[0m] Elapsed time: 3.25e+04 || Step number: 15500/30000
[[32m[1m INFO  [21m[0m] longdy = 4.06e-03      || longdy/dt = 1.49e-04  || dt = 1.20e+00
[[32m[1m INFO  [21m[0m] from nz = 46 and HCN
[[32m[1m INFO  [21m[0m] -----------------------------------------------------------------
[[32m[1m INFO  [21m[0m] Elapsed time: 3.26e+04 || Step number: 15600/30000
[[32m[1m INFO  [21m[0m] longdy = 1.84e-02      || longdy/dt = 1.47e-04  || dt = 3.12e-03
[[32m[1m INFO  [21m[0m] from nz = 46 and HCN
[[32m[1m INFO  [21m[0m] -----------------------------------------------------------------
[[32m[1m INFO  [21m[0m] Elapsed time: 3.30e+04 || Step number: 15700/30000
[[32m[1m INFO  [21m[0m] longdy = 5.21e-02      || longdy/dt = 1.43e-04  || dt = 3.85e-01
[[32m[1m INFO  [21m[0m] from nz = 46 and HCN
[[32m[1m INFO  [21m[0m] -----------------------------------------------------------------
[[32m[1m INFO  [21m[0m] Elapsed time: 3.30e+04 || Step number: 15800/30000
[[32m[1m INFO  [21m[0m] longdy = 7.40e-03      || longdy/dt = 1.45e-04  || dt = 1.95e+00
[[32m[1m INFO  [21m[0m] from nz = 46 and HCN
[[32m[1m INFO  [21m[0m] -----------------------------------------------------------------
[[32m[1m INFO  [21m[0m] Elapsed time: 3.32e+04 || Step number: 15900/30000
[[32m[1m INFO  [21m[0m] longdy = 2.08e-02      || longdy/dt = 1.43e-04  || dt = 1.48e+00
[[32m[1m INFO  [21m[0m] from nz = 46 and HCN
[[32m[1m INFO  [21m[0m] -----------------------------------------------------------------
[[32m[1m INFO  [21m[0m] Elapsed time: 3.35e+04 || Step number: 16000/30000
[[32m[1m INFO  [21m[0m] longdy = 4.23e-02      || longdy/dt = 1.40e-04  || dt = 1.12e-01
[[32m[1m INFO  [21m[0m] from nz = 46 and HCN
[[32m[1m INFO  [21m[0m] -----------------------------------------------------------------
[[32m[1m INFO  [21m[0m] Elapsed time: 3.37e+04 || Step number: 16100/30000
[[32m[1m INFO  [21m[0m] longdy = 3.69e-02      || longdy/dt = 1.38e-04  || dt = 1.83e+00
[[32m[1m INFO  [21m[0m] from nz = 46 and HCN
[[32m[1m INFO  [21m[0m] -----------------------------------------------------------------
[[32m[1m INFO  [21m[0m] Elapsed time: 3.39e+04 || Step number: 16200/30000
[[32m[1m INFO  [21m[0m] longdy = 1.89e-02      || longdy/dt = 1.38e-04  || dt = 6.12e-03
[[32m[1m INFO  [21m[0m] from nz = 46 and HCN
[[32m[1m INFO  [21m[0m] -----------------------------------------------------------------
[[32m[1m INFO  [21m[0m] Elapsed time: 3.42e+04 || Step number: 16300/30000
[[32m[1m INFO  [21m[0m] longdy = 4.29e-02      || longdy/dt = 1.35e-04  || dt = 2.83e+01
[[32m[1m INFO  [21m[0m] from nz = 46 and HCN
[[32m[1m INFO  [21m[0m] -----------------------------------------------------------------
[[32m[1m INFO  [21m[0m] Elapsed time: 3.46e+04 || Step number: 16400/30000
[[32m[1m INFO  [21m[0m] longdy = 4.79e-02      || longdy/dt = 1.32e-04  || dt = 1.23e+00
[[32m[1m INFO  [21m[0m] from nz = 46 and HCN
[[32m[1m INFO  [21m[0m] -----------------------------------------------------------------
[[32m[1m INFO  [21m[0m] Elapsed time: 3.47e+04 || Step number: 16500/30000
[[32m[1m INFO  [21m[0m] longdy = 1.36e-02      || longdy/dt = 1.33e-04  || dt = 1.09e+01
[[32m[1m INFO  [21m[0m] from nz = 50 and CH2NH
[[32m[1m INFO  [21m[0m] -----------------------------------------------------------------
[[32m[1m INFO  [21m[0m] Elapsed time: 3.49e+04 || Step number: 16600/30000
[[32m[1m INFO  [21m[0m] longdy = 3.26e-02      || longdy/dt = 1.30e-04  || dt = 1.67e-07
[[32m[1m INFO  [21m[0m] from nz = 50 and CH2NH
[[32m[1m INFO  [21m[0m] -----------------------------------------------------------------
[[32m[1m INFO  [21m[0m] Elapsed time: 3.53e+04 || Step number: 16700/30000
[[32m[1m INFO  [21m[0m] longdy = 5.16e-02      || longdy/dt = 1.27e-04  || dt = 5.39e+00
[[32m[1m INFO  [21m[0m] from nz = 50 and CH2NH
[[32m[1m INFO  [21m[0m] -----------------------------------------------------------------
[[32m[1m INFO  [21m[0m] Elapsed time: 3.55e+04 || Step number: 16800/30000
[[32m[1m INFO  [21m[0m] longdy = 2.66e-02      || longdy/dt = 1.27e-04  || dt = 3.70e-07
[[32m[1m INFO  [21m[0m] from nz = 50 and CH2NH
[[32m[1m INFO  [21m[0m] -----------------------------------------------------------------
[[32m[1m INFO  [21m[0m] Elapsed time: 3.58e+04 || Step number: 16900/30000
[[32m[1m INFO  [21m[0m] longdy = 3.62e-02      || longdy/dt = 1.25e-04  || dt = 2.46e-08
[[32m[1m INFO  [21m[0m] from nz = 50 and CH2NH
[[32m[1m INFO  [21m[0m] -----------------------------------------------------------------
[[32m[1m INFO  [21m[0m] Elapsed time: 3.58e+04 || Step number: 17000/30000
[[32m[1m INFO  [21m[0m] longdy = 3.51e-03      || longdy/dt = 2.78e-04  || dt = 1.05e-01
[[32m[1m INFO  [21m[0m] from nz = 0 and N2
[[32m[1m INFO  [21m[0m] -----------------------------------------------------------------
[[32m[1m INFO  [21m[0m] Elapsed time: 3.61e+04 || Step number: 17100/30000
[[32m[1m INFO  [21m[0m] longdy = 3.47e-02      || longdy/dt = 1.23e-04  || dt = 3.92e-03
[[32m[1m INFO  [21m[0m] from nz = 50 and CH2NH
[[32m[1m INFO  [21m[0m] -----------------------------------------------------------------
[[32m[1m INFO  [21m[0m] Elapsed time: 3.63e+04 || Step number: 17200/30000
[[32m[1m INFO  [21m[0m] longdy = 1.92e-02      || longdy/dt = 1.23e-04  || dt = 9.40e-08
[[32m[1m INFO  [21m[0m] from nz = 50 and CH2NH
[[32m[1m INFO  [21m[0m] -----------------------------------------------------------------
[[32m[1m INFO  [21m[0m] Elapsed time: 3.63e+04 || Step number: 17300/30000
[[32m[1m INFO  [21m[0m] longdy = 3.82e-03      || longdy/dt = 1.54e-04  || dt = 1.09e+00
[[32m[1m INFO  [21m[0m] from nz = 0 and N2
[[32m[1m INFO  [21m[0m] -----------------------------------------------------------------
[[32m[1m INFO  [21m[0m] Elapsed time: 3.69e+04 || Step number: 17400/30000
[[32m[1m INFO  [21m[0m] longdy = 6.99e-02      || longdy/dt = 1.18e-04  || dt = 1.03e+00
[[32m[1m INFO  [21m[0m] from nz = 50 and CH2NH
[[32m[1m INFO  [21m[0m] -----------------------------------------------------------------
[[32m[1m INFO  [21m[0m] Elapsed time: 3.71e+04 || Step number: 17500/30000
[[32m[1m INFO  [21m[0m] longdy = 1.74e-02      || longdy/dt = 1.19e-04  || dt = 1.68e-05
[[32m[1m INFO  [21m[0m] from nz = 50 and CH2NH
[[32m[1m INFO  [21m[0m] -----------------------------------------------------------------
[[32m[1m INFO  [21m[0m] Elapsed time: 3.71e+04 || Step number: 17600/30000
[[32m[1m INFO  [21m[0m] longdy = 3.14e-03      || longdy/dt = 1.19e-04  || dt = 1.77e-01
[[32m[1m INFO  [21m[0m] from nz = 50 and CH2NH
[[32m[1m INFO  [21m[0m] -----------------------------------------------------------------
[[32m[1m INFO  [21m[0m] Elapsed time: 3.72e+04 || Step number: 17700/30000
[[32m[1m INFO  [21m[0m] longdy = 1.05e-02      || longdy/dt = 1.18e-04  || dt = 2.95e+01
[[32m[1m INFO  [21m[0m] from nz = 50 and CH2NH
[[32m[1m INFO  [21m[0m] -----------------------------------------------------------------
[[32m[1m INFO  [21m[0m] Elapsed time: 3.73e+04 || Step number: 17800/30000
[[32m[1m INFO  [21m[0m] longdy = 1.68e-02      || longdy/dt = 1.17e-04  || dt = 5.67e-02
[[32m[1m INFO  [21m[0m] from nz = 50 and CH2NH
[[32m[1m INFO  [21m[0m] -----------------------------------------------------------------
[[32m[1m INFO  [21m[0m] Elapsed time: 3.75e+04 || Step number: 17900/30000
[[32m[1m INFO  [21m[0m] longdy = 1.66e-02      || longdy/dt = 1.17e-04  || dt = 1.24e+00
[[32m[1m INFO  [21m[0m] from nz = 50 and CH2NH
[[32m[1m INFO  [21m[0m] -----------------------------------------------------------------
[[32m[1m INFO  [21m[0m] Elapsed time: 3.75e+04 || Step number: 18000/30000
[[32m[1m INFO  [21m[0m] longdy = 3.56e-03      || longdy/dt = 1.17e-04  || dt = 4.46e-01
[[32m[1m INFO  [21m[0m] from nz = 50 and CH2NH
[[32m[1m INFO  [21m[0m] -----------------------------------------------------------------
[[32m[1m INFO  [21m[0m] Elapsed time: 3.75e+04 || Step number: 18100/30000
[[32m[1m INFO  [21m[0m] longdy = 2.49e-03      || longdy/dt = 1.17e-04  || dt = 6.10e-04
[[32m[1m INFO  [21m[0m] from nz = 50 and CH2NH
[[32m[1m INFO  [21m[0m] -----------------------------------------------------------------
[[32m[1m INFO  [21m[0m] Elapsed time: 3.76e+04 || Step number: 18200/30000
[[32m[1m INFO  [21m[0m] longdy = 3.63e-03      || longdy/dt = 1.17e-04  || dt = 1.19e+00
[[32m[1m INFO  [21m[0m] from nz = 50 and CH2NH
[[32m[1m INFO  [21m[0m] -----------------------------------------------------------------
[[32m[1m INFO  [21m[0m] Elapsed time: 3.77e+04 || Step number: 18300/30000
[[32m[1m INFO  [21m[0m] longdy = 1.47e-02      || longdy/dt = 1.16e-04  || dt = 2.59e-02
[[32m[1m INFO  [21m[0m] from nz = 50 and CH2NH
[[32m[1m INFO  [21m[0m] -----------------------------------------------------------------
[[32m[1m INFO  [21m[0m] Elapsed time: 3.79e+04 || Step number: 18400/30000
[[32m[1m INFO  [21m[0m] longdy = 3.01e-02      || longdy/dt = 1.14e-04  || dt = 6.53e-08
[[32m[1m INFO  [21m[0m] from nz = 50 and CH2NH
[[32m[1m INFO  [21m[0m] -----------------------------------------------------------------
[[32m[1m INFO  [21m[0m] Elapsed time: 3.80e+04 || Step number: 18500/30000
[[32m[1m INFO  [21m[0m] longdy = 2.77e-03      || longdy/dt = 1.15e-04  || dt = 6.40e-01
[[32m[1m INFO  [21m[0m] from nz = 50 and CH2NH
[[32m[1m INFO  [21m[0m] -----------------------------------------------------------------
[[32m[1m INFO  [21m[0m] Elapsed time: 3.81e+04 || Step number: 18600/30000
[[32m[1m INFO  [21m[0m] longdy = 9.51e-03      || longdy/dt = 1.14e-04  || dt = 4.45e-05
[[32m[1m INFO  [21m[0m] from nz = 50 and CH2NH
[[32m[1m INFO  [21m[0m] -----------------------------------------------------------------
[[32m[1m INFO  [21m[0m] Elapsed time: 3.81e+04 || Step number: 18700/30000
[[32m[1m INFO  [21m[0m] longdy = 3.00e-03      || longdy/dt = 1.14e-04  || dt = 2.24e+00
[[32m[1m INFO  [21m[0m] from nz = 50 and CH2NH
[[32m[1m INFO  [21m[0m] -----------------------------------------------------------------
[[32m[1m INFO  [21m[0m] Elapsed time: 3.81e+04 || Step number: 18800/30000
[[32m[1m INFO  [21m[0m] longdy = 3.10e-03      || longdy/dt = 1.14e-04  || dt = 1.90e+00
[[32m[1m INFO  [21m[0m] from nz = 50 and CH2NH
[[32m[1m INFO  [21m[0m] -----------------------------------------------------------------
[[32m[1m INFO  [21m[0m] Elapsed time: 3.82e+04 || Step number: 18900/30000
[[32m[1m INFO  [21m[0m] longdy = 5.67e-03      || longdy/dt = 1.14e-04  || dt = 9.15e-02
[[32m[1m INFO  [21m[0m] from nz = 50 and CH2NH
[[32m[1m INFO  [21m[0m] -----------------------------------------------------------------
[[32m[1m INFO  [21m[0m] Elapsed time: 3.82e+04 || Step number: 19000/30000
[[32m[1m INFO  [21m[0m] longdy = 4.32e-03      || longdy/dt = 1.13e-04  || dt = 1.79e+00
[[32m[1m INFO  [21m[0m] from nz = 50 and CH2NH
[[32m[1m INFO  [21m[0m] -----------------------------------------------------------------
[[32m[1m INFO  [21m[0m] Elapsed time: 3.82e+04 || Step number: 19100/30000
[[32m[1m INFO  [21m[0m] longdy = 3.39e-03      || longdy/dt = 1.13e-04  || dt = 1.97e+00
[[32m[1m INFO  [21m[0m] from nz = 50 and CH2NH
[[32m[1m INFO  [21m[0m] -----------------------------------------------------------------
[[32m[1m INFO  [21m[0m] Elapsed time: 3.83e+04 || Step number: 19200/30000
[[32m[1m INFO  [21m[0m] longdy = 3.79e-03      || longdy/dt = 1.13e-04  || dt = 1.15e-01
[[32m[1m INFO  [21m[0m] from nz = 50 and CH2NH
[[32m[1m INFO  [21m[0m] -----------------------------------------------------------------
[[32m[1m INFO  [21m[0m] Elapsed time: 3.84e+04 || Step number: 19300/30000
[[32m[1m INFO  [21m[0m] longdy = 1.46e-02      || longdy/dt = 1.12e-04  || dt = 3.54e-07
[[32m[1m INFO  [21m[0m] from nz = 50 and CH2NH
[[32m[1m INFO  [21m[0m] -----------------------------------------------------------------
[[32m[1m INFO  [21m[0m] Elapsed time: 3.85e+04 || Step number: 19400/30000
[[32m[1m INFO  [21m[0m] longdy = 7.91e-03      || longdy/dt = 1.12e-04  || dt = 1.18e+00
[[32m[1m INFO  [21m[0m] from nz = 50 and CH2NH
[[32m[1m INFO  [21m[0m] -----------------------------------------------------------------
[[32m[1m INFO  [21m[0m] Elapsed time: 3.86e+04 || Step number: 19500/30000
[[32m[1m INFO  [21m[0m] longdy = 1.37e-02      || longdy/dt = 1.11e-04  || dt = 1.19e+00
[[32m[1m INFO  [21m[0m] from nz = 50 and CH2NH
[[32m[1m INFO  [21m[0m] -----------------------------------------------------------------
[[32m[1m INFO  [21m[0m] Elapsed time: 3.86e+04 || Step number: 19600/30000
[[32m[1m INFO  [21m[0m] longdy = 4.66e-03      || longdy/dt = 1.11e-04  || dt = 5.59e-08
[[32m[1m INFO  [21m[0m] from nz = 50 and CH2NH
[[32m[1m INFO  [21m[0m] -----------------------------------------------------------------
[[32m[1m INFO  [21m[0m] Elapsed time: 3.87e+04 || Step number: 19700/30000
[[32m[1m INFO  [21m[0m] longdy = 7.31e-03      || longdy/dt = 1.11e-04  || dt = 1.53e+00
[[32m[1m INFO  [21m[0m] from nz = 50 and CH2NH
[[32m[1m INFO  [21m[0m] -----------------------------------------------------------------
[[32m[1m INFO  [21m[0m] Elapsed time: 3.88e+04 || Step number: 19800/30000
[[32m[1m INFO  [21m[0m] longdy = 1.55e-02      || longdy/dt = 1.10e-04  || dt = 2.19e+00
[[32m[1m INFO  [21m[0m] from nz = 50 and CH2NH
[[32m[1m INFO  [21m[0m] -----------------------------------------------------------------
[[32m[1m INFO  [21m[0m] Elapsed time: 3.90e+04 || Step number: 19900/30000
[[32m[1m INFO  [21m[0m] longdy = 1.97e-02      || longdy/dt = 1.09e-04  || dt = 7.32e-04
[[32m[1m INFO  [21m[0m] from nz = 50 and CH2NH
[[32m[1m INFO  [21m[0m] -----------------------------------------------------------------
[[32m[1m INFO  [21m[0m] Elapsed time: 3.90e+04 || Step number: 20000/30000
[[32m[1m INFO  [21m[0m] longdy = 2.12e-03      || longdy/dt = 1.09e-04  || dt = 1.93e+00
[[32m[1m INFO  [21m[0m] from nz = 50 and CH2NH
[[32m[1m INFO  [21m[0m] -----------------------------------------------------------------
[[32m[1m INFO  [21m[0m] Elapsed time: 3.92e+04 || Step number: 20100/30000
[[32m[1m INFO  [21m[0m] longdy = 1.60e-02      || longdy/dt = 1.08e-04  || dt = 5.65e-04
[[32m[1m INFO  [21m[0m] from nz = 50 and CH2NH
[[32m[1m INFO  [21m[0m] -----------------------------------------------------------------
[[32m[1m INFO  [21m[0m] Elapsed time: 3.92e+04 || Step number: 20200/30000
[[32m[1m INFO  [21m[0m] longdy = 5.18e-03      || longdy/dt = 1.08e-04  || dt = 1.80e+01
[[32m[1m INFO  [21m[0m] from nz = 50 and CH2NH
[[32m[1m INFO  [21m[0m] -----------------------------------------------------------------
[[32m[1m INFO  [21m[0m] Elapsed time: 3.95e+04 || Step number: 20300/30000
[[32m[1m INFO  [21m[0m] longdy = 2.48e-02      || longdy/dt = 1.07e-04  || dt = 3.72e+00
[[32m[1m INFO  [21m[0m] from nz = 50 and CH2NH
[[32m[1m INFO  [21m[0m] -----------------------------------------------------------------
[[32m[1m INFO  [21m[0m] Elapsed time: 3.95e+04 || Step number: 20400/30000
[[32m[1m INFO  [21m[0m] longdy = 2.05e-03      || longdy/dt = 1.07e-04  || dt = 2.48e-04
[[32m[1m INFO  [21m[0m] from nz = 50 and CH2NH
[[32m[1m INFO  [21m[0m] -----------------------------------------------------------------
[[32m[1m INFO  [21m[0m] Elapsed time: 3.99e+04 || Step number: 20500/30000
[[32m[1m INFO  [21m[0m] longdy = 4.51e-02      || longdy/dt = 1.04e-04  || dt = 4.52e-07
[[32m[1m INFO  [21m[0m] from nz = 50 and CH2NH
[[32m[1m INFO  [21m[0m] -----------------------------------------------------------------
[[32m[1m INFO  [21m[0m] Elapsed time: 4.01e+04 || Step number: 20600/30000
[[32m[1m INFO  [21m[0m] longdy = 1.29e-02      || longdy/dt = 1.04e-04  || dt = 5.30e-08
[[32m[1m INFO  [21m[0m] from nz = 50 and CH2NH
[[32m[1m INFO  [21m[0m] -----------------------------------------------------------------
[[32m[1m INFO  [21m[0m] Elapsed time: 4.01e+04 || Step number: 20700/30000
[[32m[1m INFO  [21m[0m] longdy = 5.47e-03      || longdy/dt = 1.04e-04  || dt = 2.70e-01
[[32m[1m INFO  [21m[0m] from nz = 50 and CH2NH
[[32m[1m INFO  [21m[0m] -----------------------------------------------------------------
[[32m[1m INFO  [21m[0m] Elapsed time: 4.03e+04 || Step number: 20800/30000
[[32m[1m INFO  [21m[0m] longdy = 1.43e-02      || longdy/dt = 1.03e-04  || dt = 4.99e-07
[[32m[1m INFO  [21m[0m] from nz = 50 and CH2NH
[[32m[1m INFO  [21m[0m] -----------------------------------------------------------------
[[32m[1m INFO  [21m[0m] Elapsed time: 4.05e+04 || Step number: 20900/30000
[[32m[1m INFO  [21m[0m] longdy = 2.15e-02      || longdy/dt = 1.02e-04  || dt = 1.62e+00
[[32m[1m INFO  [21m[0m] from nz = 50 and CH2NH
[[32m[1m INFO  [21m[0m] -----------------------------------------------------------------
[[32m[1m INFO  [21m[0m] Elapsed time: 4.05e+04 || Step number: 21000/30000
[[32m[1m INFO  [21m[0m] longdy = 3.92e-03      || longdy/dt = 1.03e-04  || dt = 6.58e-04
[[32m[1m INFO  [21m[0m] from nz = 50 and CH2NH
[[32m[1m INFO  [21m[0m] -----------------------------------------------------------------
[[32m[1m INFO  [21m[0m] Elapsed time: 4.06e+04 || Step number: 21100/30000
[[32m[1m INFO  [21m[0m] longdy = 5.39e-03      || longdy/dt = 1.02e-04  || dt = 1.71e+00
[[32m[1m INFO  [21m[0m] from nz = 50 and CH2NH
[[32m[1m INFO  [21m[0m] -----------------------------------------------------------------
[[32m[1m INFO  [21m[0m] Elapsed time: 4.09e+04 || Step number: 21200/30000
[[32m[1m INFO  [21m[0m] longdy = 3.19e-02      || longdy/dt = 1.00e-04  || dt = 1.93e+00
[[32m[1m INFO  [21m[0m] from nz = 50 and CH2NH
[[32m[1m INFO  [21m[0m] -----------------------------------------------------------------
[[32m[1m INFO  [21m[0m] Elapsed time: 4.10e+04 || Step number: 21300/30000
[[32m[1m INFO  [21m[0m] longdy = 1.46e-02      || longdy/dt = 1.00e-04  || dt = 2.09e+00
[[32m[1m INFO  [21m[0m] from nz = 50 and CH2NH
[[32m[1m INFO  [21m[0m] -----------------------------------------------------------------
[[32m[1m INFO  [21m[0m] Elapsed time: 4.10e+04 || Step number: 21400/30000
[[32m[1m INFO  [21m[0m] longdy = 1.50e-03      || longdy/dt = 1.02e-04  || dt = 3.77e-03
[[32m[1m INFO  [21m[0m] from nz = 36 and CH2
[[32m[1m INFO  [21m[0m] -----------------------------------------------------------------
[[32m[1m INFO  [21m[0m] Elapsed time: 4.11e+04 || Step number: 21500/30000
[[32m[1m INFO  [21m[0m] longdy = 3.24e-03      || longdy/dt = 1.00e-04  || dt = 5.91e-03
[[32m[1m INFO  [21m[0m] from nz = 50 and CH2NH
[[32m[1m INFO  [21m[0m] -----------------------------------------------------------------
[[32m[1m INFO  [21m[0m] Integration successful with 21518 steps
[[32m[1m INFO  [21m[0m] long dy, long dydt = 0.0067772774778522725, 9.995838319330641e-05
[[32m[1m INFO  [21m[0m] Total atom loss:
[[32m[1m INFO  [21m[0m] H: -0.0012784433735695151 
[[32m[1m INFO  [21m[0m] O: 0.418435422457673 
[[32m[1m INFO  [21m[0m] C: 0.02897166858131417 
[[32m[1m INFO  [21m[0m] N: 0.013272273099539452 
[[32m[1m INFO  [21m[0m] S: 0.49252039697144756 
[[32m[1m INFO  [21m[0m] ------ Live long and prosper \V/ ------
[[32m[1m INFO  [21m[0m]     done
Atmodeller initialized with double precision (float64)
[[93m[1m WARNING [21m[0m] The archive tar file does not exist: /data/rdc49-2/K218b_project/simulation_data/grid_H1_C3_N3_S2_fO22__from_batch10_case_000062__7_crash_atmos_chem_step_vulcan_chem_funs_race_syntax_error/data/data.tar
[[32m[1m INFO  [21m[0m] Observing the planet...
Loading PHOENIX star table in file '/data/rdc49-2/FWL_DATA/prt/input_data/stellar_spectra/phoenix/phoenix.startable.petitRADTRANS.h5'... Done.
