Atmodeller initialized with double precision (float64)
[[93m[1m WARNING [21m[0m] The archive tar file does not exist: /data/rdc49-2/K218b_project/simulation_data/grid_H2_C1_N3_S1_fO23__from_batch15_case_000029__7_crash_atmos_chem_step_vulcan_chem_funs_race_syntax_error/data/data.tar
[[32m[1m INFO  [21m[0m] Running atmospheric chemistry...
[[32m[1m INFO  [21m[0m]     Using vulcan module, offline
[[32m[1m INFO  [21m[0m] Elements conserved in the network.
[[32m[1m INFO  [21m[0m] No duplicates in the network.
[[32m[1m INFO  [21m[0m] Elements conserved in the network.
[[32m[1m INFO  [21m[0m] No duplicates in the network.
[[32m[1m INFO  [21m[0m] Running VULCAN
[[93m[1m WARNING [21m[0m] P_b and P_t assgined in vulcan.cfg are out of range of the input. Constant extension is used.
[[32m[1m INFO  [21m[0m] Initializing with compositions from ASCII file /data/rdc49-2/K218b_project/simulation_data/grid_H2_C1_N3_S1_fO23__from_batch15_case_000029__7_crash_atmos_chem_step_vulcan_chem_funs_race_syntax_error/offchem/vmrs.dat
[[32m[1m INFO  [21m[0m] Input stellar spectrum from 2.0 to 700.0
[[32m[1m INFO  [21m[0m] Using wavelength bins from 2.0 to 655.5
[[32m[1m INFO  [21m[0m] Include molecular diffusion.
[[32m[1m INFO  [21m[0m] Starting VULCAN integration with 1 threads...
[[93m[1m WARNING [21m[0m] Keep producing negative values! Clipping negative solutions and moving on!
[[93m[1m WARNING [21m[0m] Keep producing negative values! Clipping negative solutions and moving on!
[[93m[1m WARNING [21m[0m] Keep producing negative values! Clipping negative solutions and moving on!
[[93m[1m WARNING [21m[0m] Keep producing negative values! Clipping negative solutions and moving on!
[[93m[1m WARNING [21m[0m] Keep producing negative values! Clipping negative solutions and moving on!
[[93m[1m WARNING [21m[0m] Keep producing negative values! Clipping negative solutions and moving on!
[[93m[1m WARNING [21m[0m] Keep producing negative values! Clipping negative solutions and moving on!
[[93m[1m WARNING [21m[0m] Keep producing negative values! Clipping negative solutions and moving on!
[[93m[1m WARNING [21m[0m] Keep producing negative values! Clipping negative solutions and moving on!
[[93m[1m WARNING [21m[0m] Keep producing negative values! Clipping negative solutions and moving on!
[[93m[1m WARNING [21m[0m] Keep producing negative values! Clipping negative solutions and moving on!
[[93m[1m WARNING [21m[0m] Keep producing negative values! Clipping negative solutions and moving on!
[[93m[1m WARNING [21m[0m] Keep producing negative values! Clipping negative solutions and moving on!
[[32m[1m INFO  [21m[0m] Elapsed time: 1.07e-05 || Step number: 100/30000
[[32m[1m INFO  [21m[0m] longdy = 1.00e+00      || longdy/dt = 1.00e+00  || dt = 3.41e-07
[[32m[1m INFO  [21m[0m] from nz = 0 and OH
[[32m[1m INFO  [21m[0m] -----------------------------------------------------------------
[[32m[1m INFO  [21m[0m] Elapsed time: 7.85e-05 || Step number: 200/30000
[[32m[1m INFO  [21m[0m] longdy = 1.00e+00      || longdy/dt = 1.00e+00  || dt = 1.24e-06
[[32m[1m INFO  [21m[0m] from nz = 0 and OH
[[32m[1m INFO  [21m[0m] -----------------------------------------------------------------
[[32m[1m INFO  [21m[0m] Elapsed time: 4.90e-04 || Step number: 300/30000
[[32m[1m INFO  [21m[0m] longdy = 1.00e+00      || longdy/dt = 1.00e+00  || dt = 1.20e-05
[[32m[1m INFO  [21m[0m] from nz = 0 and OH
[[32m[1m INFO  [21m[0m] -----------------------------------------------------------------
[[32m[1m INFO  [21m[0m] Elapsed time: 3.53e-03 || Step number: 400/30000
[[32m[1m INFO  [21m[0m] longdy = 1.00e+00      || longdy/dt = 1.00e+00  || dt = 1.12e-04
[[32m[1m INFO  [21m[0m] from nz = 0 and OH
[[32m[1m INFO  [21m[0m] -----------------------------------------------------------------
[[32m[1m INFO  [21m[0m] Elapsed time: 2.38e-02 || Step number: 500/30000
[[32m[1m INFO  [21m[0m] longdy = 1.00e+00      || longdy/dt = 1.00e+00  || dt = 6.58e-04
[[32m[1m INFO  [21m[0m] from nz = 0 and OH
[[32m[1m INFO  [21m[0m] -----------------------------------------------------------------
[[32m[1m INFO  [21m[0m] Elapsed time: 1.21e-01 || Step number: 600/30000
[[32m[1m INFO  [21m[0m] longdy = 1.00e+00      || longdy/dt = 1.00e+00  || dt = 2.82e-03
[[32m[1m INFO  [21m[0m] from nz = 0 and OH
[[32m[1m INFO  [21m[0m] -----------------------------------------------------------------
[[32m[1m INFO  [21m[0m] Elapsed time: 5.19e-01 || Step number: 700/30000
[[32m[1m INFO  [21m[0m] longdy = 1.00e+00      || longdy/dt = 1.00e+00  || dt = 1.01e-02
[[32m[1m INFO  [21m[0m] from nz = 0 and OH
[[32m[1m INFO  [21m[0m] -----------------------------------------------------------------
[[32m[1m INFO  [21m[0m] Elapsed time: 2.03e+00 || Step number: 800/30000
[[32m[1m INFO  [21m[0m] longdy = 1.00e+00      || longdy/dt = 1.00e+00  || dt = 2.54e-02
[[32m[1m INFO  [21m[0m] from nz = 0 and OH
[[32m[1m INFO  [21m[0m] -----------------------------------------------------------------
[[32m[1m INFO  [21m[0m] Elapsed time: 5.92e+00 || Step number: 900/30000
[[32m[1m INFO  [21m[0m] longdy = 1.00e+00      || longdy/dt = 1.00e+00  || dt = 5.91e-02
[[32m[1m INFO  [21m[0m] from nz = 0 and OH
[[32m[1m INFO  [21m[0m] -----------------------------------------------------------------
[[32m[1m INFO  [21m[0m] Elapsed time: 1.42e+01 || Step number: 1000/30000
[[32m[1m INFO  [21m[0m] longdy = 1.00e+00      || longdy/dt = 1.00e+00  || dt = 1.18e-01
[[32m[1m INFO  [21m[0m] from nz = 0 and OH
[[32m[1m INFO  [21m[0m] -----------------------------------------------------------------
[[32m[1m INFO  [21m[0m] Elapsed time: 3.18e+01 || Step number: 1100/30000
[[32m[1m INFO  [21m[0m] longdy = 1.00e+00      || longdy/dt = 1.00e+00  || dt = 2.54e-01
[[32m[1m INFO  [21m[0m] from nz = 0 and OH
[[32m[1m INFO  [21m[0m] -----------------------------------------------------------------
[[32m[1m INFO  [21m[0m] Elapsed time: 6.73e+01 || Step number: 1200/30000
[[32m[1m INFO  [21m[0m] longdy = 1.00e+00      || longdy/dt = 1.00e+00  || dt = 4.99e-01
[[32m[1m INFO  [21m[0m] from nz = 0 and OH
[[32m[1m INFO  [21m[0m] -----------------------------------------------------------------
[[32m[1m INFO  [21m[0m] Elapsed time: 1.32e+02 || Step number: 1300/30000
[[32m[1m INFO  [21m[0m] longdy = 1.64e+01      || longdy/dt = 2.56e-01  || dt = 9.82e-01
[[32m[1m INFO  [21m[0m] from nz = 18 and O2
[[32m[1m INFO  [21m[0m] -----------------------------------------------------------------
[[32m[1m INFO  [21m[0m] Elapsed time: 2.52e+02 || Step number: 1400/30000
[[32m[1m INFO  [21m[0m] longdy = 6.10e+00      || longdy/dt = 5.17e-02  || dt = 1.83e+00
[[32m[1m INFO  [21m[0m] from nz = 19 and O2
[[32m[1m INFO  [21m[0m] -----------------------------------------------------------------
[[32m[1m INFO  [21m[0m] Elapsed time: 4.74e+02 || Step number: 1500/30000
[[32m[1m INFO  [21m[0m] longdy = 6.07e+00      || longdy/dt = 2.78e-02  || dt = 4.21e+00
[[32m[1m INFO  [21m[0m] from nz = 31 and HCS
[[32m[1m INFO  [21m[0m] -----------------------------------------------------------------
[[32m[1m INFO  [21m[0m] Elapsed time: 1.04e+03 || Step number: 1600/30000
[[32m[1m INFO  [21m[0m] longdy = 1.10e+01      || longdy/dt = 2.13e-02  || dt = 9.70e+00
[[32m[1m INFO  [21m[0m] from nz = 25 and CS
[[32m[1m INFO  [21m[0m] -----------------------------------------------------------------
[[32m[1m INFO  [21m[0m] Elapsed time: 2.33e+03 || Step number: 1700/30000
[[32m[1m INFO  [21m[0m] longdy = 2.90e+04      || longdy/dt = 2.51e+01  || dt = 2.23e+01
[[32m[1m INFO  [21m[0m] from nz = 28 and CS
[[32m[1m INFO  [21m[0m] -----------------------------------------------------------------
[[32m[1m INFO  [21m[0m] Elapsed time: 7.73e+03 || Step number: 1800/30000
[[32m[1m INFO  [21m[0m] longdy = 3.07e+03      || longdy/dt = 8.07e-01  || dt = 1.17e+02
[[32m[1m INFO  [21m[0m] from nz = 31 and CS
[[32m[1m INFO  [21m[0m] -----------------------------------------------------------------
[[32m[1m INFO  [21m[0m] Elapsed time: 1.68e+04 || Step number: 1900/30000
[[32m[1m INFO  [21m[0m] longdy = 2.37e+02      || longdy/dt = 2.84e-02  || dt = 1.85e+02
[[32m[1m INFO  [21m[0m] from nz = 34 and CS
[[32m[1m INFO  [21m[0m] -----------------------------------------------------------------
[[32m[1m INFO  [21m[0m] Elapsed time: 2.29e+04 || Step number: 2000/30000
[[32m[1m INFO  [21m[0m] longdy = 3.01e+00      || longdy/dt = 5.03e-04  || dt = 1.54e+02
[[32m[1m INFO  [21m[0m] from nz = 35 and CS
[[32m[1m INFO  [21m[0m] -----------------------------------------------------------------
[[32m[1m INFO  [21m[0m] Elapsed time: 3.09e+04 || Step number: 2100/30000
[[32m[1m INFO  [21m[0m] longdy = 1.18e+00      || longdy/dt = 1.49e-04  || dt = 1.20e+02
[[32m[1m INFO  [21m[0m] from nz = 36 and CS
[[32m[1m INFO  [21m[0m] -----------------------------------------------------------------
[[32m[1m INFO  [21m[0m] Elapsed time: 4.26e+04 || Step number: 2200/30000
[[32m[1m INFO  [21m[0m] longdy = 1.91e+00      || longdy/dt = 1.67e-04  || dt = 2.60e+02
[[32m[1m INFO  [21m[0m] from nz = 36 and CH2
[[32m[1m INFO  [21m[0m] -----------------------------------------------------------------
[[32m[1m INFO  [21m[0m] Elapsed time: 7.08e+04 || Step number: 2300/30000
[[32m[1m INFO  [21m[0m] longdy = 2.17e+01      || longdy/dt = 7.71e-04  || dt = 1.46e+02
[[32m[1m INFO  [21m[0m] from nz = 37 and CH2
[[32m[1m INFO  [21m[0m] -----------------------------------------------------------------
[[32m[1m INFO  [21m[0m] Elapsed time: 7.75e+04 || Step number: 2400/30000
[[32m[1m INFO  [21m[0m] longdy = 1.24e+00      || longdy/dt = 1.86e-04  || dt = 3.32e+00
[[32m[1m INFO  [21m[0m] from nz = 37 and CH2
[[32m[1m INFO  [21m[0m] -----------------------------------------------------------------
[[32m[1m INFO  [21m[0m] Elapsed time: 8.30e+04 || Step number: 2500/30000
[[32m[1m INFO  [21m[0m] longdy = 8.63e-01      || longdy/dt = 1.60e-04  || dt = 1.49e+02
[[32m[1m INFO  [21m[0m] from nz = 37 and CH2
[[32m[1m INFO  [21m[0m] -----------------------------------------------------------------
[[32m[1m INFO  [21m[0m] Elapsed time: 8.75e+04 || Step number: 2600/30000
[[32m[1m INFO  [21m[0m] longdy = 6.45e-01      || longdy/dt = 1.43e-04  || dt = 1.70e+01
[[32m[1m INFO  [21m[0m] from nz = 37 and CH2
[[32m[1m INFO  [21m[0m] -----------------------------------------------------------------
[[32m[1m INFO  [21m[0m] Elapsed time: 9.14e+04 || Step number: 2700/30000
[[32m[1m INFO  [21m[0m] longdy = 4.13e-01      || longdy/dt = 1.09e-04  || dt = 1.44e+02
[[32m[1m INFO  [21m[0m] from nz = 10 and C6H6
[[32m[1m INFO  [21m[0m] -----------------------------------------------------------------
[[32m[1m INFO  [21m[0m] Elapsed time: 9.46e+04 || Step number: 2800/30000
[[32m[1m INFO  [21m[0m] longdy = 3.59e-01      || longdy/dt = 1.11e-04  || dt = 1.01e+02
[[32m[1m INFO  [21m[0m] from nz = 10 and C6H6
[[32m[1m INFO  [21m[0m] -----------------------------------------------------------------
[[32m[1m INFO  [21m[0m] Elapsed time: 9.80e+04 || Step number: 2900/30000
[[32m[1m INFO  [21m[0m] longdy = 3.62e-01      || longdy/dt = 1.09e-04  || dt = 1.48e+02
[[32m[1m INFO  [21m[0m] from nz = 10 and C6H5
[[32m[1m INFO  [21m[0m] -----------------------------------------------------------------
[[32m[1m INFO  [21m[0m] Elapsed time: 1.03e+05 || Step number: 3000/30000
[[32m[1m INFO  [21m[0m] longdy = 4.41e-01      || longdy/dt = 1.00e-04  || dt = 1.38e+02
[[32m[1m INFO  [21m[0m] from nz = 11 and C6H6
[[32m[1m INFO  [21m[0m] -----------------------------------------------------------------
[[32m[1m INFO  [21m[0m] Elapsed time: 1.06e+05 || Step number: 3100/30000
[[32m[1m INFO  [21m[0m] longdy = 3.59e-01      || longdy/dt = 1.05e-04  || dt = 1.04e+02
[[32m[1m INFO  [21m[0m] from nz = 11 and C6H6
[[32m[1m INFO  [21m[0m] -----------------------------------------------------------------
[[32m[1m INFO  [21m[0m] Elapsed time: 1.10e+05 || Step number: 3200/30000
[[32m[1m INFO  [21m[0m] longdy = 4.01e-01      || longdy/dt = 1.01e-04  || dt = 1.36e+02
[[32m[1m INFO  [21m[0m] from nz = 13 and C6H6
[[32m[1m INFO  [21m[0m] -----------------------------------------------------------------
[[32m[1m INFO  [21m[0m] Elapsed time: 1.14e+05 || Step number: 3300/30000
[[32m[1m INFO  [21m[0m] longdy = 4.17e-01      || longdy/dt = 9.96e-05  || dt = 4.33e+01
[[32m[1m INFO  [21m[0m] from nz = 14 and C6H6
[[32m[1m INFO  [21m[0m] -----------------------------------------------------------------
[[32m[1m INFO  [21m[0m] Elapsed time: 1.18e+05 || Step number: 3400/30000
[[32m[1m INFO  [21m[0m] longdy = 3.46e-01      || longdy/dt = 1.06e-04  || dt = 1.72e+00
[[32m[1m INFO  [21m[0m] from nz = 14 and C6H6
[[32m[1m INFO  [21m[0m] -----------------------------------------------------------------
[[32m[1m INFO  [21m[0m] Elapsed time: 1.21e+05 || Step number: 3500/30000
[[32m[1m INFO  [21m[0m] longdy = 3.68e-01      || longdy/dt = 1.04e-04  || dt = 2.72e+02
[[32m[1m INFO  [21m[0m] from nz = 15 and C6H6
[[32m[1m INFO  [21m[0m] -----------------------------------------------------------------
[[32m[1m INFO  [21m[0m] Elapsed time: 1.36e+05 || Step number: 3600/30000
[[32m[1m INFO  [21m[0m] longdy = 1.51e+00      || longdy/dt = 1.04e-04  || dt = 8.16e+02
[[32m[1m INFO  [21m[0m] from nz = 38 and CH2
[[32m[1m INFO  [21m[0m] -----------------------------------------------------------------
[[32m[1m INFO  [21m[0m] Elapsed time: 2.01e+05 || Step number: 3700/30000
[[32m[1m INFO  [21m[0m] longdy = 9.13e+01      || longdy/dt = 1.45e-03  || dt = 1.20e+03
[[32m[1m INFO  [21m[0m] from nz = 40 and CS
[[32m[1m INFO  [21m[0m] -----------------------------------------------------------------
[[32m[1m INFO  [21m[0m] Elapsed time: 2.30e+05 || Step number: 3800/30000
[[32m[1m INFO  [21m[0m] longdy = 7.71e+00      || longdy/dt = 2.60e-04  || dt = 6.65e-01
[[32m[1m INFO  [21m[0m] from nz = 42 and CS
[[32m[1m INFO  [21m[0m] -----------------------------------------------------------------
[[32m[1m INFO  [21m[0m] Elapsed time: 2.41e+05 || Step number: 3900/30000
[[32m[1m INFO  [21m[0m] longdy = 1.17e+00      || longdy/dt = 1.15e-04  || dt = 2.60e-01
[[32m[1m INFO  [21m[0m] from nz = 33 and NCO
[[32m[1m INFO  [21m[0m] -----------------------------------------------------------------
[[32m[1m INFO  [21m[0m] Elapsed time: 2.54e+05 || Step number: 4000/30000
[[32m[1m INFO  [21m[0m] longdy = 8.54e-01      || longdy/dt = 6.70e-05  || dt = 1.62e+03
[[32m[1m INFO  [21m[0m] from nz = 39 and O
[[32m[1m INFO  [21m[0m] -----------------------------------------------------------------
[[32m[1m INFO  [21m[0m] Elapsed time: 2.77e+05 || Step number: 4100/30000
[[32m[1m INFO  [21m[0m] longdy = 1.48e+00      || longdy/dt = 6.66e-05  || dt = 2.83e+02
[[32m[1m INFO  [21m[0m] from nz = 39 and O
[[32m[1m INFO  [21m[0m] -----------------------------------------------------------------
[[32m[1m INFO  [21m[0m] Elapsed time: 2.91e+05 || Step number: 4200/30000
[[32m[1m INFO  [21m[0m] longdy = 6.21e-01      || longdy/dt = 4.48e-05  || dt = 6.55e+02
[[32m[1m INFO  [21m[0m] from nz = 26 and H2O2
[[32m[1m INFO  [21m[0m] -----------------------------------------------------------------
[[32m[1m INFO  [21m[0m] Elapsed time: 3.03e+05 || Step number: 4300/30000
[[32m[1m INFO  [21m[0m] longdy = 4.38e-01      || longdy/dt = 3.69e-05  || dt = 3.95e+02
[[32m[1m INFO  [21m[0m] from nz = 35 and NCO
[[32m[1m INFO  [21m[0m] -----------------------------------------------------------------
[[32m[1m INFO  [21m[0m] Elapsed time: 3.15e+05 || Step number: 4400/30000
[[32m[1m INFO  [21m[0m] longdy = 3.14e-01      || longdy/dt = 2.69e-05  || dt = 6.57e+00
[[32m[1m INFO  [21m[0m] from nz = 35 and NCO
[[32m[1m INFO  [21m[0m] -----------------------------------------------------------------
[[32m[1m INFO  [21m[0m] Elapsed time: 3.30e+05 || Step number: 4500/30000
[[32m[1m INFO  [21m[0m] longdy = 3.03e-01      || longdy/dt = 1.91e-05  || dt = 1.03e+01
[[32m[1m INFO  [21m[0m] from nz = 40 and O
[[32m[1m INFO  [21m[0m] -----------------------------------------------------------------
[[32m[1m INFO  [21m[0m] Elapsed time: 3.47e+05 || Step number: 4600/30000
[[32m[1m INFO  [21m[0m] longdy = 2.54e-01      || longdy/dt = 1.57e-05  || dt = 8.05e+02
[[32m[1m INFO  [21m[0m] from nz = 35 and NCO
[[32m[1m INFO  [21m[0m] -----------------------------------------------------------------
[[32m[1m INFO  [21m[0m] Elapsed time: 3.65e+05 || Step number: 4700/30000
[[32m[1m INFO  [21m[0m] longdy = 1.92e-01      || longdy/dt = 1.09e-05  || dt = 1.40e+02
[[32m[1m INFO  [21m[0m] from nz = 50 and C6H6
[[32m[1m INFO  [21m[0m] -----------------------------------------------------------------
[[32m[1m INFO  [21m[0m] Elapsed time: 3.91e+05 || Step number: 4800/30000
[[32m[1m INFO  [21m[0m] longdy = 2.03e-01      || longdy/dt = 7.77e-06  || dt = 5.94e+02
[[32m[1m INFO  [21m[0m] from nz = 50 and C6H6
[[32m[1m INFO  [21m[0m] -----------------------------------------------------------------
[[32m[1m INFO  [21m[0m] Elapsed time: 4.36e+05 || Step number: 4900/30000
[[32m[1m INFO  [21m[0m] longdy = 1.99e-01      || longdy/dt = 4.59e-06  || dt = 1.94e+03
[[32m[1m INFO  [21m[0m] from nz = 50 and C6H6
[[32m[1m INFO  [21m[0m] -----------------------------------------------------------------
[[32m[1m INFO  [21m[0m] Elapsed time: 4.86e+05 || Step number: 5000/30000
[[32m[1m INFO  [21m[0m] longdy = 1.15e-01      || longdy/dt = 2.34e-06  || dt = 1.59e+03
[[32m[1m INFO  [21m[0m] from nz = 50 and C6H6
[[32m[1m INFO  [21m[0m] -----------------------------------------------------------------
[[32m[1m INFO  [21m[0m] Elapsed time: 5.50e+05 || Step number: 5100/30000
[[32m[1m INFO  [21m[0m] longdy = 6.42e-02      || longdy/dt = 1.00e-06  || dt = 1.43e+03
[[32m[1m INFO  [21m[0m] from nz = 50 and C6H6
[[32m[1m INFO  [21m[0m] -----------------------------------------------------------------
[[32m[1m INFO  [21m[0m] Elapsed time: 6.30e+05 || Step number: 5200/30000
[[32m[1m INFO  [21m[0m] longdy = 4.12e-02      || longdy/dt = 5.20e-07  || dt = 1.61e+03
[[32m[1m INFO  [21m[0m] from nz = 21 and HNO
[[32m[1m INFO  [21m[0m] -----------------------------------------------------------------
[[32m[1m INFO  [21m[0m] Integration successful with 5241 steps
[[32m[1m INFO  [21m[0m] long dy, long dydt = 0.015224489099447328, 1.9505353664779426e-07
[[32m[1m INFO  [21m[0m] Total atom loss:
[[32m[1m INFO  [21m[0m] H: -0.009320799835678906 
[[32m[1m INFO  [21m[0m] O: -0.10701101506098637 
[[32m[1m INFO  [21m[0m] C: 7.59860989320194 
[[32m[1m INFO  [21m[0m] N: 16.674097265040775 
[[32m[1m INFO  [21m[0m] S: 8.725145463342995 
[[32m[1m INFO  [21m[0m] ------ Live long and prosper \V/ ------
[[32m[1m INFO  [21m[0m]     done
Atmodeller initialized with double precision (float64)
[[93m[1m WARNING [21m[0m] The archive tar file does not exist: /data/rdc49-2/K218b_project/simulation_data/grid_H2_C1_N3_S1_fO23__from_batch15_case_000029__7_crash_atmos_chem_step_vulcan_chem_funs_race_syntax_error/data/data.tar
[[32m[1m INFO  [21m[0m] Observing the planet...
