Atmodeller initialized with double precision (float64)
[[93m[1m WARNING [21m[0m] The archive tar file does not exist: /data/rdc49-2/K218b_project/simulation_data/grid_H1_C1_N2_S1_fO22__from_batch09_case_000057__7_crash_atmos_chem_step_vulcan_chem_funs_race_syntax_error/data/data.tar
[[32m[1m INFO  [21m[0m] Running atmospheric chemistry...
[[32m[1m INFO  [21m[0m]     Using vulcan module, offline
[[32m[1m INFO  [21m[0m] Elements conserved in the network.
[[32m[1m INFO  [21m[0m] No duplicates in the network.
[[32m[1m INFO  [21m[0m] Elements conserved in the network.
[[32m[1m INFO  [21m[0m] No duplicates in the network.
[[32m[1m INFO  [21m[0m] Running VULCAN
[[32m[1m INFO  [21m[0m] Initializing with compositions from ASCII file /data/rdc49-2/K218b_project/simulation_data/grid_H1_C1_N2_S1_fO22__from_batch09_case_000057__7_crash_atmos_chem_step_vulcan_chem_funs_race_syntax_error/offchem/vmrs.dat
[[32m[1m INFO  [21m[0m] Input stellar spectrum from 2.0 to 700.0
[[32m[1m INFO  [21m[0m] Using wavelength bins from 2.0 to 655.5
[[32m[1m INFO  [21m[0m] Include molecular diffusion.
[[32m[1m INFO  [21m[0m] Starting VULCAN integration with 1 threads...
[[93m[1m WARNING [21m[0m] Keep producing negative values! Clipping negative solutions and moving on!
[[93m[1m WARNING [21m[0m] Keep producing negative values! Clipping negative solutions and moving on!
[[93m[1m WARNING [21m[0m] Keep producing negative values! Clipping negative solutions and moving on!
[[93m[1m WARNING [21m[0m] Keep producing negative values! Clipping negative solutions and moving on!
[[93m[1m WARNING [21m[0m] Keep producing negative values! Clipping negative solutions and moving on!
[[93m[1m WARNING [21m[0m] Keep producing negative values! Clipping negative solutions and moving on!
[[93m[1m WARNING [21m[0m] Keep producing negative values! Clipping negative solutions and moving on!
[[93m[1m WARNING [21m[0m] Keep producing negative values! Clipping negative solutions and moving on!
[[93m[1m WARNING [21m[0m] Keep producing negative values! Clipping negative solutions and moving on!
[[93m[1m WARNING [21m[0m] Keep producing negative values! Clipping negative solutions and moving on!
[[93m[1m WARNING [21m[0m] Keep producing negative values! Clipping negative solutions and moving on!
[[93m[1m WARNING [21m[0m] Keep producing negative values! Clipping negative solutions and moving on!
[[93m[1m WARNING [21m[0m] Keep producing negative values! Clipping negative solutions and moving on!
[[32m[1m INFO  [21m[0m] Elapsed time: 8.49e-06 || Step number: 100/30000
[[32m[1m INFO  [21m[0m] longdy = 1.00e+00      || longdy/dt = 1.00e+00  || dt = 2.57e-07
[[32m[1m INFO  [21m[0m] from nz = 0 and OH
[[32m[1m INFO  [21m[0m] -----------------------------------------------------------------
[[32m[1m INFO  [21m[0m] Elapsed time: 6.59e-05 || Step number: 200/30000
[[32m[1m INFO  [21m[0m] longdy = 1.00e+00      || longdy/dt = 1.00e+00  || dt = 1.27e-06
[[32m[1m INFO  [21m[0m] from nz = 0 and OH
[[32m[1m INFO  [21m[0m] -----------------------------------------------------------------
[[32m[1m INFO  [21m[0m] Elapsed time: 4.36e-04 || Step number: 300/30000
[[32m[1m INFO  [21m[0m] longdy = 1.00e+00      || longdy/dt = 1.00e+00  || dt = 6.14e-06
[[32m[1m INFO  [21m[0m] from nz = 0 and OH
[[32m[1m INFO  [21m[0m] -----------------------------------------------------------------
[[32m[1m INFO  [21m[0m] Elapsed time: 2.71e-03 || Step number: 400/30000
[[32m[1m INFO  [21m[0m] longdy = 1.00e+00      || longdy/dt = 1.00e+00  || dt = 4.69e-05
[[32m[1m INFO  [21m[0m] from nz = 0 and OH
[[32m[1m INFO  [21m[0m] -----------------------------------------------------------------
[[32m[1m INFO  [21m[0m] Elapsed time: 1.62e-02 || Step number: 500/30000
[[32m[1m INFO  [21m[0m] longdy = 1.00e+00      || longdy/dt = 1.00e+00  || dt = 3.51e-04
[[32m[1m INFO  [21m[0m] from nz = 0 and OH
[[32m[1m INFO  [21m[0m] -----------------------------------------------------------------
[[32m[1m INFO  [21m[0m] Elapsed time: 8.89e-02 || Step number: 600/30000
[[32m[1m INFO  [21m[0m] longdy = 1.00e+00      || longdy/dt = 1.00e+00  || dt = 1.41e-03
[[32m[1m INFO  [21m[0m] from nz = 0 and OH
[[32m[1m INFO  [21m[0m] -----------------------------------------------------------------
[[32m[1m INFO  [21m[0m] Elapsed time: 4.38e-01 || Step number: 700/30000
[[32m[1m INFO  [21m[0m] longdy = 1.00e+00      || longdy/dt = 1.00e+00  || dt = 5.49e-03
[[32m[1m INFO  [21m[0m] from nz = 0 and OH
[[32m[1m INFO  [21m[0m] -----------------------------------------------------------------
[[32m[1m INFO  [21m[0m] Elapsed time: 1.85e+00 || Step number: 800/30000
[[32m[1m INFO  [21m[0m] longdy = 1.00e+00      || longdy/dt = 1.00e+00  || dt = 2.40e-02
[[32m[1m INFO  [21m[0m] from nz = 0 and OH
[[32m[1m INFO  [21m[0m] -----------------------------------------------------------------
[[32m[1m INFO  [21m[0m] Elapsed time: 6.04e+00 || Step number: 900/30000
[[32m[1m INFO  [21m[0m] longdy = 1.00e+00      || longdy/dt = 1.00e+00  || dt = 6.17e-02
[[32m[1m INFO  [21m[0m] from nz = 0 and OH
[[32m[1m INFO  [21m[0m] -----------------------------------------------------------------
[[32m[1m INFO  [21m[0m] Elapsed time: 1.56e+01 || Step number: 1000/30000
[[32m[1m INFO  [21m[0m] longdy = 1.00e+00      || longdy/dt = 1.00e+00  || dt = 1.33e-01
[[32m[1m INFO  [21m[0m] from nz = 0 and OH
[[32m[1m INFO  [21m[0m] -----------------------------------------------------------------
[[32m[1m INFO  [21m[0m] Elapsed time: 3.56e+01 || Step number: 1100/30000
[[32m[1m INFO  [21m[0m] longdy = 1.00e+00      || longdy/dt = 1.00e+00  || dt = 2.65e-01
[[32m[1m INFO  [21m[0m] from nz = 0 and OH
[[32m[1m INFO  [21m[0m] -----------------------------------------------------------------
[[32m[1m INFO  [21m[0m] Elapsed time: 6.66e+01 || Step number: 1200/30000
[[32m[1m INFO  [21m[0m] longdy = 1.00e+00      || longdy/dt = 1.00e+00  || dt = 3.80e-01
[[32m[1m INFO  [21m[0m] from nz = 0 and OH
[[32m[1m INFO  [21m[0m] -----------------------------------------------------------------
[[32m[1m INFO  [21m[0m] Elapsed time: 1.10e+02 || Step number: 1300/30000
[[32m[1m INFO  [21m[0m] longdy = 1.61e+01      || longdy/dt = 3.80e-01  || dt = 7.72e-01
[[32m[1m INFO  [21m[0m] from nz = 17 and O2
[[32m[1m INFO  [21m[0m] -----------------------------------------------------------------
[[32m[1m INFO  [21m[0m] Elapsed time: 1.96e+02 || Step number: 1400/30000
[[32m[1m INFO  [21m[0m] longdy = 6.39e+00      || longdy/dt = 7.53e-02  || dt = 1.40e+00
[[32m[1m INFO  [21m[0m] from nz = 18 and O2
[[32m[1m INFO  [21m[0m] -----------------------------------------------------------------
[[32m[1m INFO  [21m[0m] Elapsed time: 3.51e+02 || Step number: 1500/30000
[[32m[1m INFO  [21m[0m] longdy = 8.77e+00      || longdy/dt = 5.74e-02  || dt = 2.50e+00
[[32m[1m INFO  [21m[0m] from nz = 21 and S4
[[32m[1m INFO  [21m[0m] -----------------------------------------------------------------
[[32m[1m INFO  [21m[0m] Elapsed time: 6.30e+02 || Step number: 1600/30000
[[32m[1m INFO  [21m[0m] longdy = 1.08e+01      || longdy/dt = 3.92e-02  || dt = 4.52e+00
[[32m[1m INFO  [21m[0m] from nz = 32 and HCS
[[32m[1m INFO  [21m[0m] -----------------------------------------------------------------
[[32m[1m INFO  [21m[0m] Elapsed time: 1.28e+03 || Step number: 1700/30000
[[32m[1m INFO  [21m[0m] longdy = 9.41e+00      || longdy/dt = 1.48e-02  || dt = 1.19e+01
[[32m[1m INFO  [21m[0m] from nz = 28 and HCS
[[32m[1m INFO  [21m[0m] -----------------------------------------------------------------
[[32m[1m INFO  [21m[0m] Elapsed time: 2.50e+03 || Step number: 1800/30000
[[32m[1m INFO  [21m[0m] longdy = 4.43e+03      || longdy/dt = 3.68e+00  || dt = 1.21e+01
[[32m[1m INFO  [21m[0m] from nz = 24 and CS
[[32m[1m INFO  [21m[0m] -----------------------------------------------------------------
[[32m[1m INFO  [21m[0m] Elapsed time: 5.31e+03 || Step number: 1900/30000
[[32m[1m INFO  [21m[0m] longdy = 7.88e+02      || longdy/dt = 3.01e-01  || dt = 6.09e+01
[[32m[1m INFO  [21m[0m] from nz = 27 and CS
[[32m[1m INFO  [21m[0m] -----------------------------------------------------------------
[[32m[1m INFO  [21m[0m] Elapsed time: 2.92e+04 || Step number: 2000/30000
[[32m[1m INFO  [21m[0m] longdy = 5.69e+01      || longdy/dt = 3.98e-03  || dt = 5.26e+02
[[32m[1m INFO  [21m[0m] from nz = 30 and CS
[[32m[1m INFO  [21m[0m] -----------------------------------------------------------------
[[32m[1m INFO  [21m[0m] Elapsed time: 1.22e+05 || Step number: 2100/30000
[[32m[1m INFO  [21m[0m] longdy = 6.39e+00      || longdy/dt = 1.06e-04  || dt = 2.04e+03
[[32m[1m INFO  [21m[0m] from nz = 32 and CS
[[32m[1m INFO  [21m[0m] -----------------------------------------------------------------
[[32m[1m INFO  [21m[0m] Elapsed time: 1.55e+05 || Step number: 2200/30000
[[32m[1m INFO  [21m[0m] longdy = 2.92e+00      || longdy/dt = 8.89e-05  || dt = 1.75e-01
[[32m[1m INFO  [21m[0m] from nz = 33 and CS
[[32m[1m INFO  [21m[0m] -----------------------------------------------------------------
[[32m[1m INFO  [21m[0m] Elapsed time: 1.56e+05 || Step number: 2300/30000
[[32m[1m INFO  [21m[0m] longdy = 4.13e-02      || longdy/dt = 3.70e-05  || dt = 3.94e+01
[[32m[1m INFO  [21m[0m] from nz = 7 and C6H6
[[32m[1m INFO  [21m[0m] -----------------------------------------------------------------
[[32m[1m INFO  [21m[0m] Elapsed time: 1.94e+05 || Step number: 2400/30000
[[32m[1m INFO  [21m[0m] longdy = 2.98e+00      || longdy/dt = 7.86e-05  || dt = 4.15e+02
[[32m[1m INFO  [21m[0m] from nz = 33 and CS
[[32m[1m INFO  [21m[0m] -----------------------------------------------------------------
[[32m[1m INFO  [21m[0m] Elapsed time: 2.43e+05 || Step number: 2500/30000
[[32m[1m INFO  [21m[0m] longdy = 2.72e+00      || longdy/dt = 5.54e-05  || dt = 5.65e+02
[[32m[1m INFO  [21m[0m] from nz = 34 and CS
[[32m[1m INFO  [21m[0m] -----------------------------------------------------------------
[[32m[1m INFO  [21m[0m] Elapsed time: 2.65e+05 || Step number: 2600/30000
[[32m[1m INFO  [21m[0m] longdy = 1.00e+00      || longdy/dt = 4.61e-05  || dt = 1.31e+01
[[32m[1m INFO  [21m[0m] from nz = 17 and C4H2
[[32m[1m INFO  [21m[0m] -----------------------------------------------------------------
[[32m[1m INFO  [21m[0m] Elapsed time: 2.84e+05 || Step number: 2700/30000
[[32m[1m INFO  [21m[0m] longdy = 6.26e-01      || longdy/dt = 3.27e-05  || dt = 5.86e+00
[[32m[1m INFO  [21m[0m] from nz = 34 and CS
[[32m[1m INFO  [21m[0m] -----------------------------------------------------------------
[[32m[1m INFO  [21m[0m] Elapsed time: 2.88e+05 || Step number: 2800/30000
[[32m[1m INFO  [21m[0m] longdy = 1.11e-01      || longdy/dt = 2.75e-05  || dt = 5.62e+01
[[32m[1m INFO  [21m[0m] from nz = 17 and C6H6
[[32m[1m INFO  [21m[0m] -----------------------------------------------------------------
[[32m[1m INFO  [21m[0m] Elapsed time: 2.91e+05 || Step number: 2900/30000
[[32m[1m INFO  [21m[0m] longdy = 7.09e-02      || longdy/dt = 2.81e-05  || dt = 4.88e-01
[[32m[1m INFO  [21m[0m] from nz = 17 and C6H6
[[32m[1m INFO  [21m[0m] -----------------------------------------------------------------
[[32m[1m INFO  [21m[0m] Elapsed time: 2.94e+05 || Step number: 3000/30000
[[32m[1m INFO  [21m[0m] longdy = 7.93e-02      || longdy/dt = 2.79e-05  || dt = 1.16e+02
[[32m[1m INFO  [21m[0m] from nz = 17 and C6H6
[[32m[1m INFO  [21m[0m] -----------------------------------------------------------------
[[32m[1m INFO  [21m[0m] Elapsed time: 2.96e+05 || Step number: 3100/30000
[[32m[1m INFO  [21m[0m] longdy = 5.50e-02      || longdy/dt = 2.83e-05  || dt = 4.00e+01
[[32m[1m INFO  [21m[0m] from nz = 17 and C6H6
[[32m[1m INFO  [21m[0m] -----------------------------------------------------------------
[[32m[1m INFO  [21m[0m] Elapsed time: 2.99e+05 || Step number: 3200/30000
[[32m[1m INFO  [21m[0m] longdy = 7.78e-02      || longdy/dt = 2.79e-05  || dt = 1.16e+00
[[32m[1m INFO  [21m[0m] from nz = 18 and C6H6
[[32m[1m INFO  [21m[0m] -----------------------------------------------------------------
[[32m[1m INFO  [21m[0m] Elapsed time: 3.01e+05 || Step number: 3300/30000
[[32m[1m INFO  [21m[0m] longdy = 6.32e-02      || longdy/dt = 2.81e-05  || dt = 7.51e+01
[[32m[1m INFO  [21m[0m] from nz = 18 and C6H6
[[32m[1m INFO  [21m[0m] -----------------------------------------------------------------
[[32m[1m INFO  [21m[0m] Elapsed time: 3.03e+05 || Step number: 3400/30000
[[32m[1m INFO  [21m[0m] longdy = 6.82e-02      || longdy/dt = 2.80e-05  || dt = 1.57e+02
[[32m[1m INFO  [21m[0m] from nz = 18 and C6H6
[[32m[1m INFO  [21m[0m] -----------------------------------------------------------------
[[32m[1m INFO  [21m[0m] Elapsed time: 3.07e+05 || Step number: 3500/30000
[[32m[1m INFO  [21m[0m] longdy = 9.36e-02      || longdy/dt = 2.80e-05  || dt = 5.64e+00
[[32m[1m INFO  [21m[0m] from nz = 35 and CS
[[32m[1m INFO  [21m[0m] -----------------------------------------------------------------
[[32m[1m INFO  [21m[0m] Elapsed time: 3.10e+05 || Step number: 3600/30000
[[32m[1m INFO  [21m[0m] longdy = 1.04e-01      || longdy/dt = 2.87e-05  || dt = 4.87e+01
[[32m[1m INFO  [21m[0m] from nz = 35 and CS
[[32m[1m INFO  [21m[0m] -----------------------------------------------------------------
[[32m[1m INFO  [21m[0m] Elapsed time: 3.14e+05 || Step number: 3700/30000
[[32m[1m INFO  [21m[0m] longdy = 8.73e-02      || longdy/dt = 2.87e-05  || dt = 5.95e+01
[[32m[1m INFO  [21m[0m] from nz = 35 and CS
[[32m[1m INFO  [21m[0m] -----------------------------------------------------------------
[[32m[1m INFO  [21m[0m] Elapsed time: 3.17e+05 || Step number: 3800/30000
[[32m[1m INFO  [21m[0m] longdy = 9.34e-02      || longdy/dt = 2.94e-05  || dt = 1.69e+00
[[32m[1m INFO  [21m[0m] from nz = 35 and CS
[[32m[1m INFO  [21m[0m] -----------------------------------------------------------------
[[32m[1m INFO  [21m[0m] Elapsed time: 3.20e+05 || Step number: 3900/30000
[[32m[1m INFO  [21m[0m] longdy = 1.01e-01      || longdy/dt = 3.01e-05  || dt = 1.14e+01
[[32m[1m INFO  [21m[0m] from nz = 35 and CS
[[32m[1m INFO  [21m[0m] -----------------------------------------------------------------
[[32m[1m INFO  [21m[0m] Elapsed time: 3.24e+05 || Step number: 4000/30000
[[32m[1m INFO  [21m[0m] longdy = 1.36e-01      || longdy/dt = 3.20e-05  || dt = 1.38e+01
[[32m[1m INFO  [21m[0m] from nz = 35 and CS
[[32m[1m INFO  [21m[0m] -----------------------------------------------------------------
[[32m[1m INFO  [21m[0m] Elapsed time: 3.29e+05 || Step number: 4100/30000
[[32m[1m INFO  [21m[0m] longdy = 1.32e-01      || longdy/dt = 3.12e-05  || dt = 4.01e+01
[[32m[1m INFO  [21m[0m] from nz = 35 and CS
[[32m[1m INFO  [21m[0m] -----------------------------------------------------------------
[[32m[1m INFO  [21m[0m] Elapsed time: 3.32e+05 || Step number: 4200/30000
[[32m[1m INFO  [21m[0m] longdy = 1.06e-01      || longdy/dt = 3.18e-05  || dt = 2.81e+01
[[32m[1m INFO  [21m[0m] from nz = 35 and CS
[[32m[1m INFO  [21m[0m] -----------------------------------------------------------------
[[32m[1m INFO  [21m[0m] Elapsed time: 3.37e+05 || Step number: 4300/30000
[[32m[1m INFO  [21m[0m] longdy = 1.62e-01      || longdy/dt = 3.48e-05  || dt = 1.88e+00
[[32m[1m INFO  [21m[0m] from nz = 35 and CS
[[32m[1m INFO  [21m[0m] -----------------------------------------------------------------
[[32m[1m INFO  [21m[0m] Elapsed time: 3.40e+05 || Step number: 4400/30000
[[32m[1m INFO  [21m[0m] longdy = 1.20e-01      || longdy/dt = 3.28e-05  || dt = 2.51e+02
[[32m[1m INFO  [21m[0m] from nz = 35 and CS
[[32m[1m INFO  [21m[0m] -----------------------------------------------------------------
[[32m[1m INFO  [21m[0m] Elapsed time: 3.47e+05 || Step number: 4500/30000
[[32m[1m INFO  [21m[0m] longdy = 2.27e-01      || longdy/dt = 3.59e-05  || dt = 1.31e+02
[[32m[1m INFO  [21m[0m] from nz = 35 and CS
[[32m[1m INFO  [21m[0m] -----------------------------------------------------------------
[[32m[1m INFO  [21m[0m] Elapsed time: 3.54e+05 || Step number: 4600/30000
[[32m[1m INFO  [21m[0m] longdy = 2.52e-01      || longdy/dt = 3.71e-05  || dt = 3.94e+01
[[32m[1m INFO  [21m[0m] from nz = 35 and CS
[[32m[1m INFO  [21m[0m] -----------------------------------------------------------------
[[32m[1m INFO  [21m[0m] Elapsed time: 3.60e+05 || Step number: 4700/30000
[[32m[1m INFO  [21m[0m] longdy = 2.29e-01      || longdy/dt = 3.73e-05  || dt = 3.67e+02
[[32m[1m INFO  [21m[0m] from nz = 35 and CS
[[32m[1m INFO  [21m[0m] -----------------------------------------------------------------
[[32m[1m INFO  [21m[0m] Elapsed time: 3.68e+05 || Step number: 4800/30000
[[32m[1m INFO  [21m[0m] longdy = 3.10e-01      || longdy/dt = 3.76e-05  || dt = 4.04e+01
[[32m[1m INFO  [21m[0m] from nz = 35 and CS
[[32m[1m INFO  [21m[0m] -----------------------------------------------------------------
[[32m[1m INFO  [21m[0m] Elapsed time: 3.76e+05 || Step number: 4900/30000
[[32m[1m INFO  [21m[0m] longdy = 2.89e-01      || longdy/dt = 3.73e-05  || dt = 3.78e+02
[[32m[1m INFO  [21m[0m] from nz = 36 and CS
[[32m[1m INFO  [21m[0m] -----------------------------------------------------------------
[[32m[1m INFO  [21m[0m] Elapsed time: 3.91e+05 || Step number: 5000/30000
[[32m[1m INFO  [21m[0m] longdy = 6.45e-01      || longdy/dt = 4.38e-05  || dt = 4.04e+00
[[32m[1m INFO  [21m[0m] from nz = 36 and CS
[[32m[1m INFO  [21m[0m] -----------------------------------------------------------------
[[32m[1m INFO  [21m[0m] Elapsed time: 4.10e+05 || Step number: 5100/30000
[[32m[1m INFO  [21m[0m] longdy = 9.59e-01      || longdy/dt = 5.09e-05  || dt = 3.12e+02
[[32m[1m INFO  [21m[0m] from nz = 36 and CS
[[32m[1m INFO  [21m[0m] -----------------------------------------------------------------
[[32m[1m INFO  [21m[0m] Elapsed time: 4.32e+05 || Step number: 5200/30000
[[32m[1m INFO  [21m[0m] longdy = 1.00e+00      || longdy/dt = 4.53e-05  || dt = 1.90e+02
[[32m[1m INFO  [21m[0m] from nz = 36 and CS
[[32m[1m INFO  [21m[0m] -----------------------------------------------------------------
[[32m[1m INFO  [21m[0m] Elapsed time: 4.49e+05 || Step number: 5300/30000
[[32m[1m INFO  [21m[0m] longdy = 6.24e-01      || longdy/dt = 3.69e-05  || dt = 1.76e+02
[[32m[1m INFO  [21m[0m] from nz = 37 and CS
[[32m[1m INFO  [21m[0m] -----------------------------------------------------------------
[[32m[1m INFO  [21m[0m] Elapsed time: 4.55e+05 || Step number: 5400/30000
[[32m[1m INFO  [21m[0m] longdy = 1.54e-01      || longdy/dt = 2.63e-05  || dt = 3.41e+00
[[32m[1m INFO  [21m[0m] from nz = 37 and CS
[[32m[1m INFO  [21m[0m] -----------------------------------------------------------------
[[32m[1m INFO  [21m[0m] Elapsed time: 4.61e+05 || Step number: 5500/30000
[[32m[1m INFO  [21m[0m] longdy = 1.69e-01      || longdy/dt = 3.10e-05  || dt = 2.22e+02
[[32m[1m INFO  [21m[0m] from nz = 37 and CS
[[32m[1m INFO  [21m[0m] -----------------------------------------------------------------
[[32m[1m INFO  [21m[0m] Elapsed time: 4.67e+05 || Step number: 5600/30000
[[32m[1m INFO  [21m[0m] longdy = 1.89e-01      || longdy/dt = 2.95e-05  || dt = 2.02e+02
[[32m[1m INFO  [21m[0m] from nz = 37 and CS
[[32m[1m INFO  [21m[0m] -----------------------------------------------------------------
[[32m[1m INFO  [21m[0m] Elapsed time: 4.74e+05 || Step number: 5700/30000
[[32m[1m INFO  [21m[0m] longdy = 2.01e-01      || longdy/dt = 2.91e-05  || dt = 2.08e+00
[[32m[1m INFO  [21m[0m] from nz = 37 and CS
[[32m[1m INFO  [21m[0m] -----------------------------------------------------------------
[[32m[1m INFO  [21m[0m] Elapsed time: 4.80e+05 || Step number: 5800/30000
[[32m[1m INFO  [21m[0m] longdy = 1.63e-01      || longdy/dt = 2.80e-05  || dt = 1.34e+02
[[32m[1m INFO  [21m[0m] from nz = 37 and CS
[[32m[1m INFO  [21m[0m] -----------------------------------------------------------------
[[32m[1m INFO  [21m[0m] Elapsed time: 4.86e+05 || Step number: 5900/30000
[[32m[1m INFO  [21m[0m] longdy = 1.43e-01      || longdy/dt = 2.52e-05  || dt = 2.00e+02
[[32m[1m INFO  [21m[0m] from nz = 37 and CS
[[32m[1m INFO  [21m[0m] -----------------------------------------------------------------
[[32m[1m INFO  [21m[0m] Elapsed time: 4.92e+05 || Step number: 6000/30000
[[32m[1m INFO  [21m[0m] longdy = 1.57e-01      || longdy/dt = 2.49e-05  || dt = 4.42e+00
[[32m[1m INFO  [21m[0m] from nz = 38 and CS
[[32m[1m INFO  [21m[0m] -----------------------------------------------------------------
[[32m[1m INFO  [21m[0m] Elapsed time: 4.99e+05 || Step number: 6100/30000
[[32m[1m INFO  [21m[0m] longdy = 1.55e-01      || longdy/dt = 2.43e-05  || dt = 2.20e+02
[[32m[1m INFO  [21m[0m] from nz = 38 and CS
[[32m[1m INFO  [21m[0m] -----------------------------------------------------------------
[[32m[1m INFO  [21m[0m] Elapsed time: 5.06e+05 || Step number: 6200/30000
[[32m[1m INFO  [21m[0m] longdy = 1.60e-01      || longdy/dt = 2.36e-05  || dt = 1.97e+02
[[32m[1m INFO  [21m[0m] from nz = 38 and CS
[[32m[1m INFO  [21m[0m] -----------------------------------------------------------------
[[32m[1m INFO  [21m[0m] Elapsed time: 5.11e+05 || Step number: 6300/30000
[[32m[1m INFO  [21m[0m] longdy = 1.19e-01      || longdy/dt = 2.24e-05  || dt = 2.31e+02
[[32m[1m INFO  [21m[0m] from nz = 38 and CS
[[32m[1m INFO  [21m[0m] -----------------------------------------------------------------
[[32m[1m INFO  [21m[0m] Elapsed time: 5.16e+05 || Step number: 6400/30000
[[32m[1m INFO  [21m[0m] longdy = 1.19e-01      || longdy/dt = 2.26e-05  || dt = 5.90e+01
[[32m[1m INFO  [21m[0m] from nz = 38 and CS
[[32m[1m INFO  [21m[0m] -----------------------------------------------------------------
[[32m[1m INFO  [21m[0m] Elapsed time: 5.22e+05 || Step number: 6500/30000
[[32m[1m INFO  [21m[0m] longdy = 1.12e-01      || longdy/dt = 2.03e-05  || dt = 1.28e+02
[[32m[1m INFO  [21m[0m] from nz = 38 and CS
[[32m[1m INFO  [21m[0m] -----------------------------------------------------------------
[[32m[1m INFO  [21m[0m] Elapsed time: 5.30e+05 || Step number: 6600/30000
[[32m[1m INFO  [21m[0m] longdy = 1.82e-01      || longdy/dt = 2.15e-05  || dt = 6.90e+00
[[32m[1m INFO  [21m[0m] from nz = 38 and CS
[[32m[1m INFO  [21m[0m] -----------------------------------------------------------------
[[32m[1m INFO  [21m[0m] Elapsed time: 5.36e+05 || Step number: 6700/30000
[[32m[1m INFO  [21m[0m] longdy = 1.05e-01      || longdy/dt = 1.84e-05  || dt = 1.49e+02
[[32m[1m INFO  [21m[0m] from nz = 38 and CS
[[32m[1m INFO  [21m[0m] -----------------------------------------------------------------
[[32m[1m INFO  [21m[0m] Elapsed time: 5.43e+05 || Step number: 6800/30000
[[32m[1m INFO  [21m[0m] longdy = 1.31e-01      || longdy/dt = 1.86e-05  || dt = 1.12e+01
[[32m[1m INFO  [21m[0m] from nz = 38 and CS
[[32m[1m INFO  [21m[0m] -----------------------------------------------------------------
[[32m[1m INFO  [21m[0m] Elapsed time: 5.50e+05 || Step number: 6900/30000
[[32m[1m INFO  [21m[0m] longdy = 1.25e-01      || longdy/dt = 1.78e-05  || dt = 1.05e+02
[[32m[1m INFO  [21m[0m] from nz = 38 and CS
[[32m[1m INFO  [21m[0m] -----------------------------------------------------------------
[[32m[1m INFO  [21m[0m] Elapsed time: 5.58e+05 || Step number: 7000/30000
[[32m[1m INFO  [21m[0m] longdy = 1.19e-01      || longdy/dt = 1.61e-05  || dt = 4.56e+01
[[32m[1m INFO  [21m[0m] from nz = 38 and CS
[[32m[1m INFO  [21m[0m] -----------------------------------------------------------------
[[32m[1m INFO  [21m[0m] Elapsed time: 5.65e+05 || Step number: 7100/30000
[[32m[1m INFO  [21m[0m] longdy = 1.07e-01      || longdy/dt = 1.50e-05  || dt = 1.63e+02
[[32m[1m INFO  [21m[0m] from nz = 38 and CS
[[32m[1m INFO  [21m[0m] -----------------------------------------------------------------
[[32m[1m INFO  [21m[0m] Elapsed time: 5.71e+05 || Step number: 7200/30000
[[32m[1m INFO  [21m[0m] longdy = 8.72e-02      || longdy/dt = 1.36e-05  || dt = 5.57e+01
[[32m[1m INFO  [21m[0m] from nz = 39 and CS
[[32m[1m INFO  [21m[0m] -----------------------------------------------------------------
[[32m[1m INFO  [21m[0m] Elapsed time: 5.79e+05 || Step number: 7300/30000
[[32m[1m INFO  [21m[0m] longdy = 1.09e-01      || longdy/dt = 1.42e-05  || dt = 1.46e+01
[[32m[1m INFO  [21m[0m] from nz = 39 and CS
[[32m[1m INFO  [21m[0m] -----------------------------------------------------------------
[[32m[1m INFO  [21m[0m] Elapsed time: 5.88e+05 || Step number: 7400/30000
[[32m[1m INFO  [21m[0m] longdy = 1.16e-01      || longdy/dt = 1.36e-05  || dt = 1.23e+02
[[32m[1m INFO  [21m[0m] from nz = 39 and CS
[[32m[1m INFO  [21m[0m] -----------------------------------------------------------------
[[32m[1m INFO  [21m[0m] Elapsed time: 5.97e+05 || Step number: 7500/30000
[[32m[1m INFO  [21m[0m] longdy = 1.10e-01      || longdy/dt = 1.23e-05  || dt = 6.54e+00
[[32m[1m INFO  [21m[0m] from nz = 39 and CS
[[32m[1m INFO  [21m[0m] -----------------------------------------------------------------
[[32m[1m INFO  [21m[0m] Elapsed time: 6.10e+05 || Step number: 7600/30000
[[32m[1m INFO  [21m[0m] longdy = 1.59e-01      || longdy/dt = 1.25e-05  || dt = 3.17e+02
[[32m[1m INFO  [21m[0m] from nz = 39 and CS
[[32m[1m INFO  [21m[0m] -----------------------------------------------------------------
[[32m[1m INFO  [21m[0m] Elapsed time: 6.19e+05 || Step number: 7700/30000
[[32m[1m INFO  [21m[0m] longdy = 8.68e-02      || longdy/dt = 9.57e-06  || dt = 7.52e+01
[[32m[1m INFO  [21m[0m] from nz = 39 and CS
[[32m[1m INFO  [21m[0m] -----------------------------------------------------------------
[[32m[1m INFO  [21m[0m] Elapsed time: 6.27e+05 || Step number: 7800/30000
[[32m[1m INFO  [21m[0m] longdy = 7.73e-02      || longdy/dt = 9.80e-06  || dt = 1.63e+02
[[32m[1m INFO  [21m[0m] from nz = 39 and CS
[[32m[1m INFO  [21m[0m] -----------------------------------------------------------------
[[32m[1m INFO  [21m[0m] Elapsed time: 6.39e+05 || Step number: 7900/30000
[[32m[1m INFO  [21m[0m] longdy = 1.19e-01      || longdy/dt = 9.50e-06  || dt = 2.95e+02
[[32m[1m INFO  [21m[0m] from nz = 39 and CS
[[32m[1m INFO  [21m[0m] -----------------------------------------------------------------
[[32m[1m INFO  [21m[0m] Elapsed time: 6.51e+05 || Step number: 8000/30000
[[32m[1m INFO  [21m[0m] longdy = 1.02e-01      || longdy/dt = 8.69e-06  || dt = 2.25e+02
[[32m[1m INFO  [21m[0m] from nz = 39 and CS
[[32m[1m INFO  [21m[0m] -----------------------------------------------------------------
[[32m[1m INFO  [21m[0m] Elapsed time: 6.66e+05 || Step number: 8100/30000
[[32m[1m INFO  [21m[0m] longdy = 1.17e-01      || longdy/dt = 7.80e-06  || dt = 1.53e+02
[[32m[1m INFO  [21m[0m] from nz = 39 and CS
[[32m[1m INFO  [21m[0m] -----------------------------------------------------------------
[[32m[1m INFO  [21m[0m] Elapsed time: 6.85e+05 || Step number: 8200/30000
[[32m[1m INFO  [21m[0m] longdy = 1.30e-01      || longdy/dt = 7.04e-06  || dt = 7.88e+00
[[32m[1m INFO  [21m[0m] from nz = 39 and CS
[[32m[1m INFO  [21m[0m] -----------------------------------------------------------------
[[32m[1m INFO  [21m[0m] Elapsed time: 7.03e+05 || Step number: 8300/30000
[[32m[1m INFO  [21m[0m] longdy = 9.42e-02      || longdy/dt = 5.47e-06  || dt = 6.31e+02
[[32m[1m INFO  [21m[0m] from nz = 39 and CS
[[32m[1m INFO  [21m[0m] -----------------------------------------------------------------
[[32m[1m INFO  [21m[0m] Elapsed time: 7.24e+05 || Step number: 8400/30000
[[32m[1m INFO  [21m[0m] longdy = 1.04e-01      || longdy/dt = 5.00e-06  || dt = 3.21e+02
[[32m[1m INFO  [21m[0m] from nz = 39 and CS
[[32m[1m INFO  [21m[0m] -----------------------------------------------------------------
[[32m[1m INFO  [21m[0m] Elapsed time: 7.55e+05 || Step number: 8500/30000
[[32m[1m INFO  [21m[0m] longdy = 1.35e-01      || longdy/dt = 4.41e-06  || dt = 7.36e+01
[[32m[1m INFO  [21m[0m] from nz = 40 and CS
[[32m[1m INFO  [21m[0m] -----------------------------------------------------------------
[[32m[1m INFO  [21m[0m] Elapsed time: 7.89e+05 || Step number: 8600/30000
[[32m[1m INFO  [21m[0m] longdy = 1.09e-01      || longdy/dt = 3.18e-06  || dt = 8.96e+02
[[32m[1m INFO  [21m[0m] from nz = 40 and CS
[[32m[1m INFO  [21m[0m] -----------------------------------------------------------------
[[32m[1m INFO  [21m[0m] Elapsed time: 8.17e+05 || Step number: 8700/30000
[[32m[1m INFO  [21m[0m] longdy = 7.66e-02      || longdy/dt = 2.83e-06  || dt = 4.79e+02
[[32m[1m INFO  [21m[0m] from nz = 37 and NCO
[[32m[1m INFO  [21m[0m] -----------------------------------------------------------------
[[32m[1m INFO  [21m[0m] Elapsed time: 8.48e+05 || Step number: 8800/30000
[[32m[1m INFO  [21m[0m] longdy = 6.76e-02      || longdy/dt = 2.19e-06  || dt = 3.87e+02
[[32m[1m INFO  [21m[0m] from nz = 31 and C6H6
[[32m[1m INFO  [21m[0m] -----------------------------------------------------------------
[[32m[1m INFO  [21m[0m] Elapsed time: 8.87e+05 || Step number: 8900/30000
[[32m[1m INFO  [21m[0m] longdy = 6.85e-02      || longdy/dt = 1.77e-06  || dt = 6.34e+02
[[32m[1m INFO  [21m[0m] from nz = 30 and C6H6
[[32m[1m INFO  [21m[0m] -----------------------------------------------------------------
[[32m[1m INFO  [21m[0m] Elapsed time: 9.15e+05 || Step number: 9000/30000
[[32m[1m INFO  [21m[0m] longdy = 4.05e-02      || longdy/dt = 1.47e-06  || dt = 8.06e+02
[[32m[1m INFO  [21m[0m] from nz = 30 and C6H6
[[32m[1m INFO  [21m[0m] -----------------------------------------------------------------
[[32m[1m INFO  [21m[0m] Elapsed time: 9.45e+05 || Step number: 9100/30000
[[32m[1m INFO  [21m[0m] longdy = 3.64e-02      || longdy/dt = 1.23e-06  || dt = 5.61e+01
[[32m[1m INFO  [21m[0m] from nz = 30 and C6H6
[[32m[1m INFO  [21m[0m] -----------------------------------------------------------------
[[32m[1m INFO  [21m[0m] Elapsed time: 1.00e+06 || Step number: 9200/30000
[[32m[1m INFO  [21m[0m] longdy = 5.20e-02      || longdy/dt = 9.45e-07  || dt = 6.14e+02
[[32m[1m INFO  [21m[0m] from nz = 31 and C6H6
[[32m[1m INFO  [21m[0m] -----------------------------------------------------------------
[[32m[1m INFO  [21m[0m] Elapsed time: 1.10e+06 || Step number: 9300/30000
[[32m[1m INFO  [21m[0m] longdy = 5.62e-02      || longdy/dt = 5.98e-07  || dt = 1.51e+03
[[32m[1m INFO  [21m[0m] from nz = 30 and C6H6
[[32m[1m INFO  [21m[0m] -----------------------------------------------------------------
[[32m[1m INFO  [21m[0m] Integration successful with 9310 steps
[[32m[1m INFO  [21m[0m] long dy, long dydt = 0.04935277081972833, 5.561804858789883e-07
[[32m[1m INFO  [21m[0m] Total atom loss:
[[32m[1m INFO  [21m[0m] H: 0.05557079583067236 
[[32m[1m INFO  [21m[0m] O: -0.009134952329532535 
[[32m[1m INFO  [21m[0m] C: 2.4824778164842405 
[[32m[1m INFO  [21m[0m] N: 0.3026146921464727 
[[32m[1m INFO  [21m[0m] S: 4.686129700055112 
[[32m[1m INFO  [21m[0m] ------ Live long and prosper \V/ ------
[[32m[1m INFO  [21m[0m]     done
Atmodeller initialized with double precision (float64)
[[93m[1m WARNING [21m[0m] The archive tar file does not exist: /data/rdc49-2/K218b_project/simulation_data/grid_H1_C1_N2_S1_fO22__from_batch09_case_000057__7_crash_atmos_chem_step_vulcan_chem_funs_race_syntax_error/data/data.tar
[[32m[1m INFO  [21m[0m] Observing the planet...
Loading PHOENIX star table in file '/data/rdc49-2/FWL_DATA/prt/input_data/stellar_spectra/phoenix/phoenix.startable.petitRADTRANS.h5'... Done.
