Atmodeller initialized with double precision (float64)
[[93m[1m WARNING [21m[0m] The archive tar file does not exist: /data/rdc49-2/K218b_project/simulation_data/grid_H1_C1_N3_S1_fO21__from_batch05_case_000061__7_crash_atmos_chem_step_vulcan_chem_funs_race_syntax_error/data/data.tar
[[32m[1m INFO  [21m[0m] Running atmospheric chemistry...
[[32m[1m INFO  [21m[0m]     Using vulcan module, offline
[[32m[1m INFO  [21m[0m] Elements conserved in the network.
[[32m[1m INFO  [21m[0m] No duplicates in the network.
[[32m[1m INFO  [21m[0m] Elements conserved in the network.
[[32m[1m INFO  [21m[0m] No duplicates in the network.
[[32m[1m INFO  [21m[0m] Running VULCAN
[[93m[1m WARNING [21m[0m] P_b and P_t assgined in vulcan.cfg are out of range of the input. Constant extension is used.
[[32m[1m INFO  [21m[0m] Initializing with compositions from ASCII file /data/rdc49-2/K218b_project/simulation_data/grid_H1_C1_N3_S1_fO21__from_batch05_case_000061__7_crash_atmos_chem_step_vulcan_chem_funs_race_syntax_error/offchem/vmrs.dat
[[32m[1m INFO  [21m[0m] Input stellar spectrum from 2.0 to 700.0
[[32m[1m INFO  [21m[0m] Using wavelength bins from 2.0 to 655.5
[[32m[1m INFO  [21m[0m] Include molecular diffusion.
[[32m[1m INFO  [21m[0m] Starting VULCAN integration with 1 threads...
[[93m[1m WARNING [21m[0m] Keep producing negative values! Clipping negative solutions and moving on!
[[93m[1m WARNING [21m[0m] Keep producing negative values! Clipping negative solutions and moving on!
[[93m[1m WARNING [21m[0m] Keep producing negative values! Clipping negative solutions and moving on!
[[93m[1m WARNING [21m[0m] Keep producing negative values! Clipping negative solutions and moving on!
[[93m[1m WARNING [21m[0m] Keep producing negative values! Clipping negative solutions and moving on!
[[93m[1m WARNING [21m[0m] Keep producing negative values! Clipping negative solutions and moving on!
[[93m[1m WARNING [21m[0m] Keep producing negative values! Clipping negative solutions and moving on!
[[93m[1m WARNING [21m[0m] Keep producing negative values! Clipping negative solutions and moving on!
[[93m[1m WARNING [21m[0m] Keep producing negative values! Clipping negative solutions and moving on!
[[93m[1m WARNING [21m[0m] Keep producing negative values! Clipping negative solutions and moving on!
[[93m[1m WARNING [21m[0m] Keep producing negative values! Clipping negative solutions and moving on!
[[93m[1m WARNING [21m[0m] Keep producing negative values! Clipping negative solutions and moving on!
[[93m[1m WARNING [21m[0m] Keep producing negative values! Clipping negative solutions and moving on!
[[93m[1m WARNING [21m[0m] Keep producing negative values! Clipping negative solutions and moving on!
[[32m[1m INFO  [21m[0m] Elapsed time: 7.87e-06 || Step number: 100/30000
[[32m[1m INFO  [21m[0m] longdy = 1.00e+00      || longdy/dt = 1.00e+00  || dt = 2.37e-07
[[32m[1m INFO  [21m[0m] from nz = 0 and OH
[[32m[1m INFO  [21m[0m] -----------------------------------------------------------------
[[32m[1m INFO  [21m[0m] Elapsed time: 7.00e-05 || Step number: 200/30000
[[32m[1m INFO  [21m[0m] longdy = 1.00e+00      || longdy/dt = 1.00e+00  || dt = 1.53e-06
[[32m[1m INFO  [21m[0m] from nz = 0 and OH
[[32m[1m INFO  [21m[0m] -----------------------------------------------------------------
[[32m[1m INFO  [21m[0m] Elapsed time: 4.72e-04 || Step number: 300/30000
[[32m[1m INFO  [21m[0m] longdy = 1.00e+00      || longdy/dt = 1.00e+00  || dt = 6.97e-06
[[32m[1m INFO  [21m[0m] from nz = 0 and OH
[[32m[1m INFO  [21m[0m] -----------------------------------------------------------------
[[32m[1m INFO  [21m[0m] Elapsed time: 2.81e-03 || Step number: 400/30000
[[32m[1m INFO  [21m[0m] longdy = 1.00e+00      || longdy/dt = 1.00e+00  || dt = 3.51e-05
[[32m[1m INFO  [21m[0m] from nz = 0 and OH
[[32m[1m INFO  [21m[0m] -----------------------------------------------------------------
[[32m[1m INFO  [21m[0m] Elapsed time: 1.60e-02 || Step number: 500/30000
[[32m[1m INFO  [21m[0m] longdy = 1.00e+00      || longdy/dt = 1.00e+00  || dt = 1.89e-04
[[32m[1m INFO  [21m[0m] from nz = 0 and OH
[[32m[1m INFO  [21m[0m] -----------------------------------------------------------------
[[32m[1m INFO  [21m[0m] Elapsed time: 8.57e-02 || Step number: 600/30000
[[32m[1m INFO  [21m[0m] longdy = 1.00e+00      || longdy/dt = 1.00e+00  || dt = 1.04e-03
[[32m[1m INFO  [21m[0m] from nz = 0 and OH
[[32m[1m INFO  [21m[0m] -----------------------------------------------------------------
[[32m[1m INFO  [21m[0m] Elapsed time: 4.09e-01 || Step number: 700/30000
[[32m[1m INFO  [21m[0m] longdy = 1.00e+00      || longdy/dt = 1.00e+00  || dt = 5.27e-03
[[32m[1m INFO  [21m[0m] from nz = 0 and OH
[[32m[1m INFO  [21m[0m] -----------------------------------------------------------------
[[32m[1m INFO  [21m[0m] Elapsed time: 1.72e+00 || Step number: 800/30000
[[32m[1m INFO  [21m[0m] longdy = 1.00e+00      || longdy/dt = 1.00e+00  || dt = 2.30e-02
[[32m[1m INFO  [21m[0m] from nz = 0 and OH
[[32m[1m INFO  [21m[0m] -----------------------------------------------------------------
[[32m[1m INFO  [21m[0m] Elapsed time: 5.91e+00 || Step number: 900/30000
[[32m[1m INFO  [21m[0m] longdy = 1.00e+00      || longdy/dt = 1.00e+00  || dt = 6.94e-02
[[32m[1m INFO  [21m[0m] from nz = 0 and OH
[[32m[1m INFO  [21m[0m] -----------------------------------------------------------------
[[32m[1m INFO  [21m[0m] Elapsed time: 1.66e+01 || Step number: 1000/30000
[[32m[1m INFO  [21m[0m] longdy = 1.00e+00      || longdy/dt = 1.00e+00  || dt = 1.54e-01
[[32m[1m INFO  [21m[0m] from nz = 0 and OH
[[32m[1m INFO  [21m[0m] -----------------------------------------------------------------
[[32m[1m INFO  [21m[0m] Elapsed time: 3.87e+01 || Step number: 1100/30000
[[32m[1m INFO  [21m[0m] longdy = 1.00e+00      || longdy/dt = 1.00e+00  || dt = 2.98e-01
[[32m[1m INFO  [21m[0m] from nz = 0 and OH
[[32m[1m INFO  [21m[0m] -----------------------------------------------------------------
[[32m[1m INFO  [21m[0m] Elapsed time: 8.22e+01 || Step number: 1200/30000
[[32m[1m INFO  [21m[0m] longdy = 1.00e+00      || longdy/dt = 1.00e+00  || dt = 5.14e-01
[[32m[1m INFO  [21m[0m] from nz = 0 and OH
[[32m[1m INFO  [21m[0m] -----------------------------------------------------------------
[[32m[1m INFO  [21m[0m] Elapsed time: 1.34e+02 || Step number: 1300/30000
[[32m[1m INFO  [21m[0m] longdy = 2.98e+03      || longdy/dt = 5.87e+01  || dt = 7.71e-01
[[32m[1m INFO  [21m[0m] from nz = 42 and N
[[32m[1m INFO  [21m[0m] -----------------------------------------------------------------
[[32m[1m INFO  [21m[0m] Elapsed time: 2.02e+02 || Step number: 1400/30000
[[32m[1m INFO  [21m[0m] longdy = 2.95e+02      || longdy/dt = 4.41e+00  || dt = 1.18e+00
[[32m[1m INFO  [21m[0m] from nz = 38 and N
[[32m[1m INFO  [21m[0m] -----------------------------------------------------------------
[[32m[1m INFO  [21m[0m] Elapsed time: 3.12e+02 || Step number: 1500/30000
[[32m[1m INFO  [21m[0m] longdy = 9.88e+01      || longdy/dt = 9.08e-01  || dt = 1.80e+00
[[32m[1m INFO  [21m[0m] from nz = 35 and N
[[32m[1m INFO  [21m[0m] -----------------------------------------------------------------
[[32m[1m INFO  [21m[0m] Elapsed time: 5.23e+02 || Step number: 1600/30000
[[32m[1m INFO  [21m[0m] longdy = 4.79e+00      || longdy/dt = 2.32e-02  || dt = 3.67e+00
[[32m[1m INFO  [21m[0m] from nz = 36 and HCS
[[32m[1m INFO  [21m[0m] -----------------------------------------------------------------
[[32m[1m INFO  [21m[0m] Elapsed time: 9.23e+02 || Step number: 1700/30000
[[32m[1m INFO  [21m[0m] longdy = 1.14e+01      || longdy/dt = 2.89e-02  || dt = 6.53e+00
[[32m[1m INFO  [21m[0m] from nz = 34 and HCS
[[32m[1m INFO  [21m[0m] -----------------------------------------------------------------
[[32m[1m INFO  [21m[0m] Elapsed time: 1.68e+03 || Step number: 1800/30000
[[32m[1m INFO  [21m[0m] longdy = 3.35e+01      || longdy/dt = 4.51e-02  || dt = 1.19e+01
[[32m[1m INFO  [21m[0m] from nz = 31 and HCS
[[32m[1m INFO  [21m[0m] -----------------------------------------------------------------
[[32m[1m INFO  [21m[0m] Elapsed time: 3.17e+03 || Step number: 1900/30000
[[32m[1m INFO  [21m[0m] longdy = 7.54e+01      || longdy/dt = 5.15e-02  || dt = 2.58e+01
[[32m[1m INFO  [21m[0m] from nz = 31 and CS
[[32m[1m INFO  [21m[0m] -----------------------------------------------------------------
[[32m[1m INFO  [21m[0m] Elapsed time: 5.44e+03 || Step number: 2000/30000
[[32m[1m INFO  [21m[0m] longdy = 1.78e+04      || longdy/dt = 7.90e+00  || dt = 1.84e+01
[[32m[1m INFO  [21m[0m] from nz = 27 and CS
[[32m[1m INFO  [21m[0m] -----------------------------------------------------------------
[[32m[1m INFO  [21m[0m] Elapsed time: 1.19e+04 || Step number: 2100/30000
[[32m[1m INFO  [21m[0m] longdy = 9.77e+00      || longdy/dt = 1.66e-03  || dt = 1.71e+02
[[32m[1m INFO  [21m[0m] from nz = 29 and CS
[[32m[1m INFO  [21m[0m] -----------------------------------------------------------------
[[32m[1m INFO  [21m[0m] Elapsed time: 4.66e+04 || Step number: 2200/30000
[[32m[1m INFO  [21m[0m] longdy = 2.28e+00      || longdy/dt = 1.00e-04  || dt = 1.03e+03
[[32m[1m INFO  [21m[0m] from nz = 0 and C6H5
[[32m[1m INFO  [21m[0m] -----------------------------------------------------------------
[[32m[1m INFO  [21m[0m] Elapsed time: 1.31e+05 || Step number: 2300/30000
[[32m[1m INFO  [21m[0m] longdy = 1.24e+00      || longdy/dt = 1.92e-05  || dt = 1.12e-03
[[32m[1m INFO  [21m[0m] from nz = 0 and C6H6
[[32m[1m INFO  [21m[0m] -----------------------------------------------------------------
[[32m[1m INFO  [21m[0m] Elapsed time: 1.50e+05 || Step number: 2400/30000
[[32m[1m INFO  [21m[0m] longdy = 1.00e+00      || longdy/dt = 5.14e-05  || dt = 1.72e+01
[[32m[1m INFO  [21m[0m] from nz = 16 and C4H2
[[32m[1m INFO  [21m[0m] -----------------------------------------------------------------
[[32m[1m INFO  [21m[0m] Elapsed time: 1.67e+05 || Step number: 2500/30000
[[32m[1m INFO  [21m[0m] longdy = 5.09e-01      || longdy/dt = 3.03e-05  || dt = 5.82e+00
[[32m[1m INFO  [21m[0m] from nz = 8 and S4
[[32m[1m INFO  [21m[0m] -----------------------------------------------------------------
[[32m[1m INFO  [21m[0m] Elapsed time: 1.79e+05 || Step number: 2600/30000
[[32m[1m INFO  [21m[0m] longdy = 3.83e-01      || longdy/dt = 3.16e-05  || dt = 2.77e+02
[[32m[1m INFO  [21m[0m] from nz = 9 and S4
[[32m[1m INFO  [21m[0m] -----------------------------------------------------------------
[[32m[1m INFO  [21m[0m] Elapsed time: 1.90e+05 || Step number: 2700/30000
[[32m[1m INFO  [21m[0m] longdy = 9.73e-01      || longdy/dt = 8.95e-05  || dt = 5.63e+00
[[32m[1m INFO  [21m[0m] from nz = 17 and C4H2
[[32m[1m INFO  [21m[0m] -----------------------------------------------------------------
[[32m[1m INFO  [21m[0m] Elapsed time: 2.01e+05 || Step number: 2800/30000
[[32m[1m INFO  [21m[0m] longdy = 1.00e+00      || longdy/dt = 9.39e-05  || dt = 8.98e-01
[[32m[1m INFO  [21m[0m] from nz = 16 and C4H2
[[32m[1m INFO  [21m[0m] -----------------------------------------------------------------
[[32m[1m INFO  [21m[0m] Elapsed time: 2.25e+05 || Step number: 2900/30000
[[32m[1m INFO  [21m[0m] longdy = 1.00e+00      || longdy/dt = 4.19e-05  || dt = 5.63e+00
[[32m[1m INFO  [21m[0m] from nz = 15 and C4H2
[[32m[1m INFO  [21m[0m] -----------------------------------------------------------------
[[32m[1m INFO  [21m[0m] Elapsed time: 2.69e+05 || Step number: 3000/30000
[[32m[1m INFO  [21m[0m] longdy = 9.98e-01      || longdy/dt = 2.24e-05  || dt = 2.00e-03
[[32m[1m INFO  [21m[0m] from nz = 17 and C4H2
[[32m[1m INFO  [21m[0m] -----------------------------------------------------------------
[[32m[1m INFO  [21m[0m] Elapsed time: 2.71e+05 || Step number: 3100/30000
[[32m[1m INFO  [21m[0m] longdy = 7.40e-02      || longdy/dt = 3.65e-05  || dt = 6.67e+01
[[32m[1m INFO  [21m[0m] from nz = 11 and C6H6
[[32m[1m INFO  [21m[0m] -----------------------------------------------------------------
[[32m[1m INFO  [21m[0m] Elapsed time: 2.84e+05 || Step number: 3200/30000
[[32m[1m INFO  [21m[0m] longdy = 3.27e-01      || longdy/dt = 2.49e-05  || dt = 2.30e+02
[[32m[1m INFO  [21m[0m] from nz = 13 and S4
[[32m[1m INFO  [21m[0m] -----------------------------------------------------------------
[[32m[1m INFO  [21m[0m] Elapsed time: 2.96e+05 || Step number: 3300/30000
[[32m[1m INFO  [21m[0m] longdy = 2.82e-01      || longdy/dt = 2.51e-05  || dt = 8.12e+01
[[32m[1m INFO  [21m[0m] from nz = 14 and S4
[[32m[1m INFO  [21m[0m] -----------------------------------------------------------------
[[32m[1m INFO  [21m[0m] Elapsed time: 3.43e+05 || Step number: 3400/30000
[[32m[1m INFO  [21m[0m] longdy = 1.16e+00      || longdy/dt = 2.45e-05  || dt = 3.23e-04
[[32m[1m INFO  [21m[0m] from nz = 47 and N
[[32m[1m INFO  [21m[0m] -----------------------------------------------------------------
[[32m[1m INFO  [21m[0m] Elapsed time: 3.43e+05 || Step number: 3500/30000
[[32m[1m INFO  [21m[0m] longdy = 9.35e-02      || longdy/dt = 1.91e-04  || dt = 1.73e+01
[[32m[1m INFO  [21m[0m] from nz = 37 and CH2
[[32m[1m INFO  [21m[0m] -----------------------------------------------------------------
[[32m[1m INFO  [21m[0m] Elapsed time: 3.90e+05 || Step number: 3600/30000
[[32m[1m INFO  [21m[0m] longdy = 3.82e+00      || longdy/dt = 8.30e-05  || dt = 1.60e-02
[[32m[1m INFO  [21m[0m] from nz = 47 and N
[[32m[1m INFO  [21m[0m] -----------------------------------------------------------------
[[32m[1m INFO  [21m[0m] Elapsed time: 4.34e+05 || Step number: 3700/30000
[[32m[1m INFO  [21m[0m] longdy = 3.78e+00      || longdy/dt = 8.54e-05  || dt = 1.74e-02
[[32m[1m INFO  [21m[0m] from nz = 48 and N
[[32m[1m INFO  [21m[0m] -----------------------------------------------------------------
[[32m[1m INFO  [21m[0m] Elapsed time: 4.36e+05 || Step number: 3800/30000
[[32m[1m INFO  [21m[0m] longdy = 1.14e-01      || longdy/dt = 4.83e-05  || dt = 1.70e+02
[[32m[1m INFO  [21m[0m] from nz = 37 and CH2
[[32m[1m INFO  [21m[0m] -----------------------------------------------------------------
[[32m[1m INFO  [21m[0m] Elapsed time: 4.63e+05 || Step number: 3900/30000
[[32m[1m INFO  [21m[0m] longdy = 1.92e+00      || longdy/dt = 7.26e-05  || dt = 1.27e+00
[[32m[1m INFO  [21m[0m] from nz = 48 and N
[[32m[1m INFO  [21m[0m] -----------------------------------------------------------------
[[32m[1m INFO  [21m[0m] Elapsed time: 4.81e+05 || Step number: 4000/30000
[[32m[1m INFO  [21m[0m] longdy = 5.84e-01      || longdy/dt = 3.22e-05  || dt = 1.54e+02
[[32m[1m INFO  [21m[0m] from nz = 48 and N
[[32m[1m INFO  [21m[0m] -----------------------------------------------------------------
[[32m[1m INFO  [21m[0m] Elapsed time: 4.84e+05 || Step number: 4100/30000
[[32m[1m INFO  [21m[0m] longdy = 8.29e-02      || longdy/dt = 2.50e-05  || dt = 8.09e+01
[[32m[1m INFO  [21m[0m] from nz = 37 and CH2
[[32m[1m INFO  [21m[0m] -----------------------------------------------------------------
[[32m[1m INFO  [21m[0m] Elapsed time: 4.94e+05 || Step number: 4200/30000
[[32m[1m INFO  [21m[0m] longdy = 3.44e-01      || longdy/dt = 3.48e-05  || dt = 2.39e+00
[[32m[1m INFO  [21m[0m] from nz = 32 and CS
[[32m[1m INFO  [21m[0m] -----------------------------------------------------------------
[[32m[1m INFO  [21m[0m] Elapsed time: 5.02e+05 || Step number: 4300/30000
[[32m[1m INFO  [21m[0m] longdy = 1.93e-01      || longdy/dt = 2.54e-05  || dt = 7.04e+01
[[32m[1m INFO  [21m[0m] from nz = 37 and CH2
[[32m[1m INFO  [21m[0m] -----------------------------------------------------------------
[[32m[1m INFO  [21m[0m] Elapsed time: 5.08e+05 || Step number: 4400/30000
[[32m[1m INFO  [21m[0m] longdy = 1.64e-01      || longdy/dt = 2.84e-05  || dt = 1.60e+02
[[32m[1m INFO  [21m[0m] from nz = 32 and CS
[[32m[1m INFO  [21m[0m] -----------------------------------------------------------------
[[32m[1m INFO  [21m[0m] Elapsed time: 5.16e+05 || Step number: 4500/30000
[[32m[1m INFO  [21m[0m] longdy = 2.09e-01      || longdy/dt = 2.65e-05  || dt = 2.39e+01
[[32m[1m INFO  [21m[0m] from nz = 32 and CS
[[32m[1m INFO  [21m[0m] -----------------------------------------------------------------
[[32m[1m INFO  [21m[0m] Elapsed time: 5.26e+05 || Step number: 4600/30000
[[32m[1m INFO  [21m[0m] longdy = 2.87e-01      || longdy/dt = 2.86e-05  || dt = 3.27e+01
[[32m[1m INFO  [21m[0m] from nz = 33 and CS
[[32m[1m INFO  [21m[0m] -----------------------------------------------------------------
[[32m[1m INFO  [21m[0m] Elapsed time: 5.38e+05 || Step number: 4700/30000
[[32m[1m INFO  [21m[0m] longdy = 3.77e-01      || longdy/dt = 3.12e-05  || dt = 7.53e+01
[[32m[1m INFO  [21m[0m] from nz = 33 and CS
[[32m[1m INFO  [21m[0m] -----------------------------------------------------------------
[[32m[1m INFO  [21m[0m] Elapsed time: 5.58e+05 || Step number: 4800/30000
[[32m[1m INFO  [21m[0m] longdy = 7.01e-01      || longdy/dt = 3.54e-05  || dt = 6.02e-01
[[32m[1m INFO  [21m[0m] from nz = 33 and CS
[[32m[1m INFO  [21m[0m] -----------------------------------------------------------------
[[32m[1m INFO  [21m[0m] Elapsed time: 5.81e+05 || Step number: 4900/30000
[[32m[1m INFO  [21m[0m] longdy = 7.80e-01      || longdy/dt = 3.49e-05  || dt = 1.09e+03
[[32m[1m INFO  [21m[0m] from nz = 33 and CS
[[32m[1m INFO  [21m[0m] -----------------------------------------------------------------
[[32m[1m INFO  [21m[0m] Elapsed time: 6.08e+05 || Step number: 5000/30000
[[32m[1m INFO  [21m[0m] longdy = 6.77e-01      || longdy/dt = 2.60e-05  || dt = 8.13e+02
[[32m[1m INFO  [21m[0m] from nz = 33 and CS
[[32m[1m INFO  [21m[0m] -----------------------------------------------------------------
[[32m[1m INFO  [21m[0m] Elapsed time: 6.48e+05 || Step number: 5100/30000
[[32m[1m INFO  [21m[0m] longdy = 9.56e-01      || longdy/dt = 2.38e-05  || dt = 7.58e+02
[[32m[1m INFO  [21m[0m] from nz = 34 and CS
[[32m[1m INFO  [21m[0m] -----------------------------------------------------------------
[[32m[1m INFO  [21m[0m] Elapsed time: 6.94e+05 || Step number: 5200/30000
[[32m[1m INFO  [21m[0m] longdy = 1.04e+00      || longdy/dt = 2.28e-05  || dt = 5.85e+02
[[32m[1m INFO  [21m[0m] from nz = 34 and CS
[[32m[1m INFO  [21m[0m] -----------------------------------------------------------------
[[32m[1m INFO  [21m[0m] Elapsed time: 7.29e+05 || Step number: 5300/30000
[[32m[1m INFO  [21m[0m] longdy = 1.00e+00      || longdy/dt = 2.90e-05  || dt = 5.79e+00
[[32m[1m INFO  [21m[0m] from nz = 15 and C4H2
[[32m[1m INFO  [21m[0m] -----------------------------------------------------------------
[[32m[1m INFO  [21m[0m] Elapsed time: 7.45e+05 || Step number: 5400/30000
[[32m[1m INFO  [21m[0m] longdy = 1.85e-01      || longdy/dt = 1.13e-05  || dt = 5.82e+00
[[32m[1m INFO  [21m[0m] from nz = 36 and CH2
[[32m[1m INFO  [21m[0m] -----------------------------------------------------------------
[[32m[1m INFO  [21m[0m] Elapsed time: 7.56e+05 || Step number: 5500/30000
[[32m[1m INFO  [21m[0m] longdy = 1.05e-01      || longdy/dt = 9.26e-06  || dt = 5.84e+00
[[32m[1m INFO  [21m[0m] from nz = 36 and CH2
[[32m[1m INFO  [21m[0m] -----------------------------------------------------------------
[[32m[1m INFO  [21m[0m] Elapsed time: 7.76e+05 || Step number: 5600/30000
[[32m[1m INFO  [21m[0m] longdy = 1.51e-01      || longdy/dt = 7.91e-06  || dt = 5.86e+00
[[32m[1m INFO  [21m[0m] from nz = 35 and CS
[[32m[1m INFO  [21m[0m] -----------------------------------------------------------------
[[32m[1m INFO  [21m[0m] Elapsed time: 7.95e+05 || Step number: 5700/30000
[[32m[1m INFO  [21m[0m] longdy = 1.71e-01      || longdy/dt = 9.02e-06  || dt = 2.63e-01
[[32m[1m INFO  [21m[0m] from nz = 35 and CS
[[32m[1m INFO  [21m[0m] -----------------------------------------------------------------
[[32m[1m INFO  [21m[0m] Elapsed time: 8.24e+05 || Step number: 5800/30000
[[32m[1m INFO  [21m[0m] longdy = 1.00e+00      || longdy/dt = 3.38e-05  || dt = 7.43e-02
[[32m[1m INFO  [21m[0m] from nz = 15 and C4H2
[[32m[1m INFO  [21m[0m] -----------------------------------------------------------------
[[32m[1m INFO  [21m[0m] Elapsed time: 8.56e+05 || Step number: 5900/30000
[[32m[1m INFO  [21m[0m] longdy = 1.84e-01      || longdy/dt = 5.79e-06  || dt = 5.80e+00
[[32m[1m INFO  [21m[0m] from nz = 35 and CS
[[32m[1m INFO  [21m[0m] -----------------------------------------------------------------
[[32m[1m INFO  [21m[0m] Elapsed time: 8.67e+05 || Step number: 6000/30000
[[32m[1m INFO  [21m[0m] longdy = 1.25e-01      || longdy/dt = 1.11e-05  || dt = 2.74e+02
[[32m[1m INFO  [21m[0m] from nz = 35 and CH2
[[32m[1m INFO  [21m[0m] -----------------------------------------------------------------
[[32m[1m INFO  [21m[0m] Elapsed time: 9.42e+05 || Step number: 6100/30000
[[32m[1m INFO  [21m[0m] longdy = 2.86e-01      || longdy/dt = 3.83e-06  || dt = 5.81e+00
[[32m[1m INFO  [21m[0m] from nz = 35 and CS
[[32m[1m INFO  [21m[0m] -----------------------------------------------------------------
[[32m[1m INFO  [21m[0m] Elapsed time: 9.94e+05 || Step number: 6200/30000
[[32m[1m INFO  [21m[0m] longdy = 9.86e-01      || longdy/dt = 1.88e-05  || dt = 3.92e+00
[[32m[1m INFO  [21m[0m] from nz = 15 and C4H2
[[32m[1m INFO  [21m[0m] -----------------------------------------------------------------
[[32m[1m INFO  [21m[0m] Elapsed time: 1.01e+06 || Step number: 6300/30000
[[32m[1m INFO  [21m[0m] longdy = 9.82e-01      || longdy/dt = 5.07e-05  || dt = 6.68e+00
[[32m[1m INFO  [21m[0m] from nz = 16 and C4H2
[[32m[1m INFO  [21m[0m] -----------------------------------------------------------------
[[32m[1m INFO  [21m[0m] Elapsed time: 1.07e+06 || Step number: 6400/30000
[[32m[1m INFO  [21m[0m] longdy = 7.33e-02      || longdy/dt = 1.33e-06  || dt = 5.82e+00
[[32m[1m INFO  [21m[0m] from nz = 35 and CS
[[32m[1m INFO  [21m[0m] -----------------------------------------------------------------
[[32m[1m INFO  [21m[0m] Elapsed time: 1.09e+06 || Step number: 6500/30000
[[32m[1m INFO  [21m[0m] longdy = 4.27e-02      || longdy/dt = 2.65e-06  || dt = 5.82e+00
[[32m[1m INFO  [21m[0m] from nz = 35 and CH2
[[32m[1m INFO  [21m[0m] -----------------------------------------------------------------
[[32m[1m INFO  [21m[0m] Elapsed time: 1.12e+06 || Step number: 6600/30000
[[32m[1m INFO  [21m[0m] longdy = 9.06e-01      || longdy/dt = 2.97e-05  || dt = 5.80e+00
[[32m[1m INFO  [21m[0m] from nz = 15 and C4H2
[[32m[1m INFO  [21m[0m] -----------------------------------------------------------------
[[32m[1m INFO  [21m[0m] Elapsed time: 1.13e+06 || Step number: 6700/30000
[[32m[1m INFO  [21m[0m] longdy = 2.63e-02      || longdy/dt = 1.86e-06  || dt = 3.54e+01
[[32m[1m INFO  [21m[0m] from nz = 35 and CH2
[[32m[1m INFO  [21m[0m] -----------------------------------------------------------------
[[32m[1m INFO  [21m[0m] Elapsed time: 1.16e+06 || Step number: 6800/30000
[[32m[1m INFO  [21m[0m] longdy = 9.87e-01      || longdy/dt = 2.93e-05  || dt = 5.85e+00
[[32m[1m INFO  [21m[0m] from nz = 17 and C4H2
[[32m[1m INFO  [21m[0m] -----------------------------------------------------------------
[[32m[1m INFO  [21m[0m] Integration successful with 6812 steps
[[32m[1m INFO  [21m[0m] long dy, long dydt = 0.018977687812544095, 1.120247871628253e-06
[[32m[1m INFO  [21m[0m] Total atom loss:
[[32m[1m INFO  [21m[0m] H: 0.04271466070241417 
[[32m[1m INFO  [21m[0m] O: -0.049259679560730865 
[[32m[1m INFO  [21m[0m] C: 3.075359390750324 
[[32m[1m INFO  [21m[0m] N: 0.44101323975323936 
[[32m[1m INFO  [21m[0m] S: 7.506688701082797 
[[32m[1m INFO  [21m[0m] ------ Live long and prosper \V/ ------
[[32m[1m INFO  [21m[0m]     done
Atmodeller initialized with double precision (float64)
[[93m[1m WARNING [21m[0m] The archive tar file does not exist: /data/rdc49-2/K218b_project/simulation_data/grid_H1_C1_N3_S1_fO21__from_batch05_case_000061__7_crash_atmos_chem_step_vulcan_chem_funs_race_syntax_error/data/data.tar
[[32m[1m INFO  [21m[0m] Observing the planet...
Loading PHOENIX star table in file '/data/rdc49-2/FWL_DATA/prt/input_data/stellar_spectra/phoenix/phoenix.startable.petitRADTRANS.h5'... Done.
