Atmodeller initialized with double precision (float64)
[[93m[1m WARNING [21m[0m] The archive tar file does not exist: /data/rdc49-2/K218b_project/simulation_data/grid_H0_C3_N2_S0_fO22__from_batch10_case_000024__7_crash_atmos_chem_step_vulcan_chem_funs_race_syntax_error/data/data.tar
[[32m[1m INFO  [21m[0m] Running atmospheric chemistry...
[[32m[1m INFO  [21m[0m]     Using vulcan module, offline
[[32m[1m INFO  [21m[0m] Elements conserved in the network.
[[32m[1m INFO  [21m[0m] No duplicates in the network.
[[32m[1m INFO  [21m[0m] Elements conserved in the network.
[[32m[1m INFO  [21m[0m] No duplicates in the network.
[[32m[1m INFO  [21m[0m] Running VULCAN
[[32m[1m INFO  [21m[0m] Initializing with compositions from ASCII file /data/rdc49-2/K218b_project/simulation_data/grid_H0_C3_N2_S0_fO22__from_batch10_case_000024__7_crash_atmos_chem_step_vulcan_chem_funs_race_syntax_error/offchem/vmrs.dat
[[32m[1m INFO  [21m[0m] Input stellar spectrum from 2.0 to 700.0
[[32m[1m INFO  [21m[0m] Using wavelength bins from 2.0 to 655.5
[[32m[1m INFO  [21m[0m] Include molecular diffusion.
[[32m[1m INFO  [21m[0m] Starting VULCAN integration with 1 threads...
[[93m[1m WARNING [21m[0m] Keep producing negative values! Clipping negative solutions and moving on!
[[93m[1m WARNING [21m[0m] Keep producing negative values! Clipping negative solutions and moving on!
[[93m[1m WARNING [21m[0m] Keep producing negative values! Clipping negative solutions and moving on!
[[93m[1m WARNING [21m[0m] Keep producing negative values! Clipping negative solutions and moving on!
[[93m[1m WARNING [21m[0m] Keep producing negative values! Clipping negative solutions and moving on!
[[93m[1m WARNING [21m[0m] Keep producing negative values! Clipping negative solutions and moving on!
[[93m[1m WARNING [21m[0m] Keep producing negative values! Clipping negative solutions and moving on!
[[93m[1m WARNING [21m[0m] Keep producing negative values! Clipping negative solutions and moving on!
[[93m[1m WARNING [21m[0m] Keep producing negative values! Clipping negative solutions and moving on!
[[93m[1m WARNING [21m[0m] Keep producing negative values! Clipping negative solutions and moving on!
[[93m[1m WARNING [21m[0m] Keep producing negative values! Clipping negative solutions and moving on!
[[93m[1m WARNING [21m[0m] Keep producing negative values! Clipping negative solutions and moving on!
[[93m[1m WARNING [21m[0m] Keep producing negative values! Clipping negative solutions and moving on!
[[93m[1m WARNING [21m[0m] Keep producing negative values! Clipping negative solutions and moving on!
[[93m[1m WARNING [21m[0m] Keep producing negative values! Clipping negative solutions and moving on!
[[93m[1m WARNING [21m[0m] Keep producing negative values! Clipping negative solutions and moving on!
[[93m[1m WARNING [21m[0m] Keep producing negative values! Clipping negative solutions and moving on!
[[32m[1m INFO  [21m[0m] Elapsed time: 7.83e-06 || Step number: 100/30000
[[32m[1m INFO  [21m[0m] longdy = 1.00e+00      || longdy/dt = 1.00e+00  || dt = 2.02e-07
[[32m[1m INFO  [21m[0m] from nz = 0 and OH
[[32m[1m INFO  [21m[0m] -----------------------------------------------------------------
[[32m[1m INFO  [21m[0m] Elapsed time: 4.80e-05 || Step number: 200/30000
[[32m[1m INFO  [21m[0m] longdy = 1.00e+00      || longdy/dt = 1.00e+00  || dt = 8.63e-07
[[32m[1m INFO  [21m[0m] from nz = 0 and OH
[[32m[1m INFO  [21m[0m] -----------------------------------------------------------------
[[32m[1m INFO  [21m[0m] Elapsed time: 2.98e-04 || Step number: 300/30000
[[32m[1m INFO  [21m[0m] longdy = 1.00e+00      || longdy/dt = 1.00e+00  || dt = 5.68e-06
[[32m[1m INFO  [21m[0m] from nz = 0 and OH
[[32m[1m INFO  [21m[0m] -----------------------------------------------------------------
[[32m[1m INFO  [21m[0m] Elapsed time: 1.85e-03 || Step number: 400/30000
[[32m[1m INFO  [21m[0m] longdy = 1.00e+00      || longdy/dt = 1.00e+00  || dt = 2.78e-05
[[32m[1m INFO  [21m[0m] from nz = 0 and OH
[[32m[1m INFO  [21m[0m] -----------------------------------------------------------------
[[32m[1m INFO  [21m[0m] Elapsed time: 1.09e-02 || Step number: 500/30000
[[32m[1m INFO  [21m[0m] longdy = 1.00e+00      || longdy/dt = 1.00e+00  || dt = 2.27e-04
[[32m[1m INFO  [21m[0m] from nz = 0 and OH
[[32m[1m INFO  [21m[0m] -----------------------------------------------------------------
[[32m[1m INFO  [21m[0m] Elapsed time: 6.73e-02 || Step number: 600/30000
[[32m[1m INFO  [21m[0m] longdy = 1.00e+00      || longdy/dt = 1.00e+00  || dt = 1.46e-03
[[32m[1m INFO  [21m[0m] from nz = 0 and OH
[[32m[1m INFO  [21m[0m] -----------------------------------------------------------------
[[32m[1m INFO  [21m[0m] Elapsed time: 3.77e-01 || Step number: 700/30000
[[32m[1m INFO  [21m[0m] longdy = 1.00e+00      || longdy/dt = 1.00e+00  || dt = 7.45e-03
[[32m[1m INFO  [21m[0m] from nz = 0 and OH
[[32m[1m INFO  [21m[0m] -----------------------------------------------------------------
[[32m[1m INFO  [21m[0m] Elapsed time: 1.66e+00 || Step number: 800/30000
[[32m[1m INFO  [21m[0m] longdy = 1.00e+00      || longdy/dt = 1.00e+00  || dt = 2.42e-02
[[32m[1m INFO  [21m[0m] from nz = 0 and OH
[[32m[1m INFO  [21m[0m] -----------------------------------------------------------------
[[32m[1m INFO  [21m[0m] Elapsed time: 5.47e+00 || Step number: 900/30000
[[32m[1m INFO  [21m[0m] longdy = 1.00e+00      || longdy/dt = 1.00e+00  || dt = 5.77e-02
[[32m[1m INFO  [21m[0m] from nz = 0 and OH
[[32m[1m INFO  [21m[0m] -----------------------------------------------------------------
[[32m[1m INFO  [21m[0m] Elapsed time: 1.37e+01 || Step number: 1000/30000
[[32m[1m INFO  [21m[0m] longdy = 1.00e+00      || longdy/dt = 1.00e+00  || dt = 1.16e-01
[[32m[1m INFO  [21m[0m] from nz = 0 and OH
[[32m[1m INFO  [21m[0m] -----------------------------------------------------------------
[[32m[1m INFO  [21m[0m] Elapsed time: 3.09e+01 || Step number: 1100/30000
[[32m[1m INFO  [21m[0m] longdy = 1.00e+00      || longdy/dt = 1.00e+00  || dt = 2.37e-01
[[32m[1m INFO  [21m[0m] from nz = 0 and OH
[[32m[1m INFO  [21m[0m] -----------------------------------------------------------------
[[32m[1m INFO  [21m[0m] Elapsed time: 5.68e+01 || Step number: 1200/30000
[[32m[1m INFO  [21m[0m] longdy = 1.00e+00      || longdy/dt = 1.00e+00  || dt = 3.51e-01
[[32m[1m INFO  [21m[0m] from nz = 0 and OH
[[32m[1m INFO  [21m[0m] -----------------------------------------------------------------
[[32m[1m INFO  [21m[0m] Elapsed time: 1.03e+02 || Step number: 1300/30000
[[32m[1m INFO  [21m[0m] longdy = 3.47e+01      || longdy/dt = 7.58e-01  || dt = 6.11e-01
[[32m[1m INFO  [21m[0m] from nz = 41 and CH2
[[32m[1m INFO  [21m[0m] -----------------------------------------------------------------
[[32m[1m INFO  [21m[0m] Elapsed time: 1.75e+02 || Step number: 1400/30000
[[32m[1m INFO  [21m[0m] longdy = 1.84e+01      || longdy/dt = 2.60e-01  || dt = 1.06e+00
[[32m[1m INFO  [21m[0m] from nz = 38 and HCS
[[32m[1m INFO  [21m[0m] -----------------------------------------------------------------
[[32m[1m INFO  [21m[0m] Elapsed time: 2.71e+02 || Step number: 1500/30000
[[32m[1m INFO  [21m[0m] longdy = 2.12e+01      || longdy/dt = 2.23e-01  || dt = 1.28e+00
[[32m[1m INFO  [21m[0m] from nz = 36 and HCS
[[32m[1m INFO  [21m[0m] -----------------------------------------------------------------
[[32m[1m INFO  [21m[0m] Elapsed time: 3.85e+02 || Step number: 1600/30000
[[32m[1m INFO  [21m[0m] longdy = 1.43e+01      || longdy/dt = 1.27e-01  || dt = 1.81e+00
[[32m[1m INFO  [21m[0m] from nz = 34 and HCS
[[32m[1m INFO  [21m[0m] -----------------------------------------------------------------
[[32m[1m INFO  [21m[0m] Elapsed time: 5.49e+02 || Step number: 1700/30000
[[32m[1m INFO  [21m[0m] longdy = 1.41e+01      || longdy/dt = 8.78e-02  || dt = 2.53e+00
[[32m[1m INFO  [21m[0m] from nz = 32 and HCS
[[32m[1m INFO  [21m[0m] -----------------------------------------------------------------
[[32m[1m INFO  [21m[0m] Elapsed time: 7.84e+02 || Step number: 1800/30000
[[32m[1m INFO  [21m[0m] longdy = 1.12e+01      || longdy/dt = 4.83e-02  || dt = 3.48e+00
[[32m[1m INFO  [21m[0m] from nz = 30 and HCS
[[32m[1m INFO  [21m[0m] -----------------------------------------------------------------
[[32m[1m INFO  [21m[0m] Elapsed time: 1.17e+03 || Step number: 1900/30000
[[32m[1m INFO  [21m[0m] longdy = 3.33e+00      || longdy/dt = 8.86e-03  || dt = 6.87e+00
[[32m[1m INFO  [21m[0m] from nz = 27 and HCS
[[32m[1m INFO  [21m[0m] -----------------------------------------------------------------
[[32m[1m INFO  [21m[0m] Elapsed time: 2.16e+03 || Step number: 2000/30000
[[32m[1m INFO  [21m[0m] longdy = 3.95e+00      || longdy/dt = 4.05e-03  || dt = 1.94e+01
[[32m[1m INFO  [21m[0m] from nz = 13 and SO
[[32m[1m INFO  [21m[0m] -----------------------------------------------------------------
[[32m[1m INFO  [21m[0m] Elapsed time: 4.43e+03 || Step number: 2100/30000
[[32m[1m INFO  [21m[0m] longdy = 2.00e+03      || longdy/dt = 9.16e-01  || dt = 4.91e+01
[[32m[1m INFO  [21m[0m] from nz = 24 and CS
[[32m[1m INFO  [21m[0m] -----------------------------------------------------------------
[[32m[1m INFO  [21m[0m] Elapsed time: 9.20e+03 || Step number: 2200/30000
[[32m[1m INFO  [21m[0m] longdy = 5.17e+04      || longdy/dt = 1.14e+01  || dt = 7.81e+01
[[32m[1m INFO  [21m[0m] from nz = 26 and CS
[[32m[1m INFO  [21m[0m] -----------------------------------------------------------------
[[32m[1m INFO  [21m[0m] Elapsed time: 1.60e+04 || Step number: 2300/30000
[[32m[1m INFO  [21m[0m] longdy = 4.17e+04      || longdy/dt = 6.23e+00  || dt = 1.37e+02
[[32m[1m INFO  [21m[0m] from nz = 29 and CS
[[32m[1m INFO  [21m[0m] -----------------------------------------------------------------
[[32m[1m INFO  [21m[0m] Elapsed time: 4.39e+04 || Step number: 2400/30000
[[32m[1m INFO  [21m[0m] longdy = 3.21e+03      || longdy/dt = 1.49e-01  || dt = 1.02e+03
[[32m[1m INFO  [21m[0m] from nz = 33 and CS
[[32m[1m INFO  [21m[0m] -----------------------------------------------------------------
[[32m[1m INFO  [21m[0m] Elapsed time: 6.55e+04 || Step number: 2500/30000
[[32m[1m INFO  [21m[0m] longdy = 5.61e+00      || longdy/dt = 2.93e-04  || dt = 2.56e+03
[[32m[1m INFO  [21m[0m] from nz = 34 and CS
[[32m[1m INFO  [21m[0m] -----------------------------------------------------------------
[[32m[1m INFO  [21m[0m] Elapsed time: 2.09e+05 || Step number: 2600/30000
[[32m[1m INFO  [21m[0m] longdy = 3.02e+00      || longdy/dt = 2.93e-05  || dt = 3.05e+03
[[32m[1m INFO  [21m[0m] from nz = 4 and H2O2
[[32m[1m INFO  [21m[0m] -----------------------------------------------------------------
[[32m[1m INFO  [21m[0m] Elapsed time: 2.66e+05 || Step number: 2700/30000
[[32m[1m INFO  [21m[0m] longdy = 1.04e+00      || longdy/dt = 1.89e-05  || dt = 2.75e+03
[[32m[1m INFO  [21m[0m] from nz = 5 and H2O2
[[32m[1m INFO  [21m[0m] -----------------------------------------------------------------
[[93m[1m WARNING [21m[0m] Keep producing negative values! Clipping negative solutions and moving on!
[[32m[1m INFO  [21m[0m] Elapsed time: 3.91e+05 || Step number: 2800/30000
[[32m[1m INFO  [21m[0m] longdy = 2.90e+00      || longdy/dt = 2.31e-05  || dt = 1.63e-07
[[32m[1m INFO  [21m[0m] from nz = 6 and H2O2
[[32m[1m INFO  [21m[0m] -----------------------------------------------------------------
[[32m[1m INFO  [21m[0m] Elapsed time: 4.17e+05 || Step number: 2900/30000
[[32m[1m INFO  [21m[0m] longdy = 7.56e-01      || longdy/dt = 3.27e-05  || dt = 2.19e+03
[[32m[1m INFO  [21m[0m] from nz = 37 and NH2
[[32m[1m INFO  [21m[0m] -----------------------------------------------------------------
[[93m[1m WARNING [21m[0m] Keep producing negative values! Clipping negative solutions and moving on!
[[32m[1m INFO  [21m[0m] Elapsed time: 5.34e+05 || Step number: 3000/30000
[[32m[1m INFO  [21m[0m] longdy = 2.39e+01      || longdy/dt = 2.07e-04  || dt = 2.76e+03
[[32m[1m INFO  [21m[0m] from nz = 35 and CS
[[32m[1m INFO  [21m[0m] -----------------------------------------------------------------
[[32m[1m INFO  [21m[0m] Elapsed time: 5.94e+05 || Step number: 3100/30000
[[32m[1m INFO  [21m[0m] longdy = 6.19e+00      || longdy/dt = 1.10e-04  || dt = 4.23e+03
[[32m[1m INFO  [21m[0m] from nz = 38 and NH2
[[32m[1m INFO  [21m[0m] -----------------------------------------------------------------
[[32m[1m INFO  [21m[0m] Elapsed time: 7.33e+05 || Step number: 3200/30000
[[32m[1m INFO  [21m[0m] longdy = 4.83e+01      || longdy/dt = 3.61e-04  || dt = 5.12e+03
[[32m[1m INFO  [21m[0m] from nz = 37 and CS
[[32m[1m INFO  [21m[0m] -----------------------------------------------------------------
[[32m[1m INFO  [21m[0m] Elapsed time: 7.80e+05 || Step number: 3300/30000
[[32m[1m INFO  [21m[0m] longdy = 8.68e+00      || longdy/dt = 2.08e-04  || dt = 5.54e+03
[[32m[1m INFO  [21m[0m] from nz = 41 and NH2
[[32m[1m INFO  [21m[0m] -----------------------------------------------------------------
[[32m[1m INFO  [21m[0m] Elapsed time: 8.50e+05 || Step number: 3400/30000
[[32m[1m INFO  [21m[0m] longdy = 2.55e+00      || longdy/dt = 3.87e-05  || dt = 7.50e+03
[[32m[1m INFO  [21m[0m] from nz = 40 and CS
[[32m[1m INFO  [21m[0m] -----------------------------------------------------------------
[[32m[1m INFO  [21m[0m] Elapsed time: 9.50e+05 || Step number: 3500/30000
[[32m[1m INFO  [21m[0m] longdy = 3.89e+00      || longdy/dt = 4.00e-05  || dt = 3.14e+03
[[32m[1m INFO  [21m[0m] from nz = 44 and NH2
[[32m[1m INFO  [21m[0m] -----------------------------------------------------------------
[[32m[1m INFO  [21m[0m] Elapsed time: 1.02e+06 || Step number: 3600/30000
[[32m[1m INFO  [21m[0m] longdy = 3.72e+00      || longdy/dt = 5.28e-05  || dt = 3.99e+03
[[32m[1m INFO  [21m[0m] from nz = 46 and NH2
[[32m[1m INFO  [21m[0m] -----------------------------------------------------------------
[[32m[1m INFO  [21m[0m] Elapsed time: 1.17e+06 || Step number: 3700/30000
[[32m[1m INFO  [21m[0m] longdy = 1.85e+00      || longdy/dt = 1.28e-05  || dt = 5.04e+03
[[32m[1m INFO  [21m[0m] from nz = 47 and NH2
[[32m[1m INFO  [21m[0m] -----------------------------------------------------------------
[[32m[1m INFO  [21m[0m] Elapsed time: 1.26e+06 || Step number: 3800/30000
[[32m[1m INFO  [21m[0m] longdy = 1.03e+00      || longdy/dt = 1.10e-05  || dt = 4.74e+02
[[32m[1m INFO  [21m[0m] from nz = 48 and NH2
[[32m[1m INFO  [21m[0m] -----------------------------------------------------------------
[[32m[1m INFO  [21m[0m] Elapsed time: 1.46e+06 || Step number: 3900/30000
[[32m[1m INFO  [21m[0m] longdy = 7.36e-01      || longdy/dt = 3.75e-06  || dt = 9.85e+00
[[32m[1m INFO  [21m[0m] from nz = 36 and CH2
[[32m[1m INFO  [21m[0m] -----------------------------------------------------------------
[[32m[1m INFO  [21m[0m] Elapsed time: 1.90e+06 || Step number: 4000/30000
[[32m[1m INFO  [21m[0m] longdy = 5.70e-01      || longdy/dt = 1.44e-06  || dt = 6.51e+04
[[32m[1m INFO  [21m[0m] from nz = 36 and CH2
[[32m[1m INFO  [21m[0m] -----------------------------------------------------------------
[[32m[1m INFO  [21m[0m] Elapsed time: 3.00e+06 || Step number: 4100/30000
[[32m[1m INFO  [21m[0m] longdy = 3.49e-01      || longdy/dt = 3.30e-07  || dt = 6.79e+04
[[32m[1m INFO  [21m[0m] from nz = 20 and NH
[[32m[1m INFO  [21m[0m] -----------------------------------------------------------------
[[32m[1m INFO  [21m[0m] Elapsed time: 4.49e+06 || Step number: 4200/30000
[[32m[1m INFO  [21m[0m] longdy = 6.06e-02      || longdy/dt = 4.08e-08  || dt = 6.20e+02
[[32m[1m INFO  [21m[0m] from nz = 36 and CH2
[[32m[1m INFO  [21m[0m] -----------------------------------------------------------------
[[32m[1m INFO  [21m[0m] Integration successful with 4211 steps
[[32m[1m INFO  [21m[0m] long dy, long dydt = 0.019350226732271682, 1.4009879372241983e-08
[[32m[1m INFO  [21m[0m] Total atom loss:
[[32m[1m INFO  [21m[0m] H: 0.07715934033764822 
[[32m[1m INFO  [21m[0m] O: -0.2229874903150346 
[[32m[1m INFO  [21m[0m] C: 0.26338968359508824 
[[32m[1m INFO  [21m[0m] N: -0.2123245748708242 
[[32m[1m INFO  [21m[0m] S: 19.91687985891449 
[[32m[1m INFO  [21m[0m] ------ Live long and prosper \V/ ------
[[32m[1m INFO  [21m[0m]     done
Atmodeller initialized with double precision (float64)
[[93m[1m WARNING [21m[0m] The archive tar file does not exist: /data/rdc49-2/K218b_project/simulation_data/grid_H0_C3_N2_S0_fO22__from_batch10_case_000024__7_crash_atmos_chem_step_vulcan_chem_funs_race_syntax_error/data/data.tar
[[32m[1m INFO  [21m[0m] Observing the planet...
Loading PHOENIX star table in file '/data/rdc49-2/FWL_DATA/prt/input_data/stellar_spectra/phoenix/phoenix.startable.petitRADTRANS.h5'... Done.
