Atmodeller initialized with double precision (float64)
[[93m[1m WARNING [21m[0m] The archive tar file does not exist: /data/rdc49-2/K218b_project/simulation_data/grid_H2_C1_N3_S1_fO22__from_batch11_case_000029__7_crash_atmos_chem_step_vulcan_chem_funs_race_missing_symjac/data/data.tar
[[32m[1m INFO  [21m[0m] Running atmospheric chemistry...
[[32m[1m INFO  [21m[0m]     Using vulcan module, offline
[[32m[1m INFO  [21m[0m] Elements conserved in the network.
[[32m[1m INFO  [21m[0m] No duplicates in the network.
[[32m[1m INFO  [21m[0m] Elements conserved in the network.
[[32m[1m INFO  [21m[0m] No duplicates in the network.
[[32m[1m INFO  [21m[0m] Running VULCAN
[[93m[1m WARNING [21m[0m] P_b and P_t assgined in vulcan.cfg are out of range of the input. Constant extension is used.
[[32m[1m INFO  [21m[0m] Initializing with compositions from ASCII file /data/rdc49-2/K218b_project/simulation_data/grid_H2_C1_N3_S1_fO22__from_batch11_case_000029__7_crash_atmos_chem_step_vulcan_chem_funs_race_missing_symjac/offchem/vmrs.dat
[[32m[1m INFO  [21m[0m] Input stellar spectrum from 2.0 to 700.0
[[32m[1m INFO  [21m[0m] Using wavelength bins from 2.0 to 655.5
[[32m[1m INFO  [21m[0m] Include molecular diffusion.
[[32m[1m INFO  [21m[0m] Starting VULCAN integration with 1 threads...
[[93m[1m WARNING [21m[0m] Keep producing negative values! Clipping negative solutions and moving on!
[[93m[1m WARNING [21m[0m] Keep producing negative values! Clipping negative solutions and moving on!
[[93m[1m WARNING [21m[0m] Keep producing negative values! Clipping negative solutions and moving on!
[[93m[1m WARNING [21m[0m] Keep producing negative values! Clipping negative solutions and moving on!
[[93m[1m WARNING [21m[0m] Keep producing negative values! Clipping negative solutions and moving on!
[[93m[1m WARNING [21m[0m] Keep producing negative values! Clipping negative solutions and moving on!
[[93m[1m WARNING [21m[0m] Keep producing negative values! Clipping negative solutions and moving on!
[[93m[1m WARNING [21m[0m] Keep producing negative values! Clipping negative solutions and moving on!
[[93m[1m WARNING [21m[0m] Keep producing negative values! Clipping negative solutions and moving on!
[[93m[1m WARNING [21m[0m] Keep producing negative values! Clipping negative solutions and moving on!
[[93m[1m WARNING [21m[0m] Keep producing negative values! Clipping negative solutions and moving on!
[[93m[1m WARNING [21m[0m] Keep producing negative values! Clipping negative solutions and moving on!
[[93m[1m WARNING [21m[0m] Keep producing negative values! Clipping negative solutions and moving on!
[[93m[1m WARNING [21m[0m] Keep producing negative values! Clipping negative solutions and moving on!
[[32m[1m INFO  [21m[0m] Elapsed time: 6.76e-06 || Step number: 100/30000
[[32m[1m INFO  [21m[0m] longdy = 1.00e+00      || longdy/dt = 1.00e+00  || dt = 1.85e-07
[[32m[1m INFO  [21m[0m] from nz = 0 and OH
[[32m[1m INFO  [21m[0m] -----------------------------------------------------------------
[[32m[1m INFO  [21m[0m] Elapsed time: 4.98e-05 || Step number: 200/30000
[[32m[1m INFO  [21m[0m] longdy = 1.00e+00      || longdy/dt = 1.00e+00  || dt = 8.12e-07
[[32m[1m INFO  [21m[0m] from nz = 0 and OH
[[32m[1m INFO  [21m[0m] -----------------------------------------------------------------
[[32m[1m INFO  [21m[0m] Elapsed time: 3.10e-04 || Step number: 300/30000
[[32m[1m INFO  [21m[0m] longdy = 1.00e+00      || longdy/dt = 1.00e+00  || dt = 4.17e-06
[[32m[1m INFO  [21m[0m] from nz = 0 and OH
[[32m[1m INFO  [21m[0m] -----------------------------------------------------------------
[[32m[1m INFO  [21m[0m] Elapsed time: 1.84e-03 || Step number: 400/30000
[[32m[1m INFO  [21m[0m] longdy = 1.00e+00      || longdy/dt = 1.00e+00  || dt = 2.35e-05
[[32m[1m INFO  [21m[0m] from nz = 0 and OH
[[32m[1m INFO  [21m[0m] -----------------------------------------------------------------
[[32m[1m INFO  [21m[0m] Elapsed time: 1.09e-02 || Step number: 500/30000
[[32m[1m INFO  [21m[0m] longdy = 1.00e+00      || longdy/dt = 1.00e+00  || dt = 1.17e-04
[[32m[1m INFO  [21m[0m] from nz = 0 and OH
[[32m[1m INFO  [21m[0m] -----------------------------------------------------------------
[[32m[1m INFO  [21m[0m] Elapsed time: 6.42e-02 || Step number: 600/30000
[[32m[1m INFO  [21m[0m] longdy = 1.00e+00      || longdy/dt = 1.00e+00  || dt = 6.49e-04
[[32m[1m INFO  [21m[0m] from nz = 0 and OH
[[32m[1m INFO  [21m[0m] -----------------------------------------------------------------
[[32m[1m INFO  [21m[0m] Elapsed time: 3.45e-01 || Step number: 700/30000
[[32m[1m INFO  [21m[0m] longdy = 1.00e+00      || longdy/dt = 1.00e+00  || dt = 3.72e-03
[[32m[1m INFO  [21m[0m] from nz = 0 and OH
[[32m[1m INFO  [21m[0m] -----------------------------------------------------------------
[[32m[1m INFO  [21m[0m] Elapsed time: 1.59e+00 || Step number: 800/30000
[[32m[1m INFO  [21m[0m] longdy = 1.00e+00      || longdy/dt = 1.00e+00  || dt = 1.88e-02
[[32m[1m INFO  [21m[0m] from nz = 0 and OH
[[32m[1m INFO  [21m[0m] -----------------------------------------------------------------
[[32m[1m INFO  [21m[0m] Elapsed time: 5.36e+00 || Step number: 900/30000
[[32m[1m INFO  [21m[0m] longdy = 1.00e+00      || longdy/dt = 1.00e+00  || dt = 5.96e-02
[[32m[1m INFO  [21m[0m] from nz = 0 and OH
[[32m[1m INFO  [21m[0m] -----------------------------------------------------------------
[[32m[1m INFO  [21m[0m] Elapsed time: 1.45e+01 || Step number: 1000/30000
[[32m[1m INFO  [21m[0m] longdy = 1.00e+00      || longdy/dt = 1.00e+00  || dt = 1.29e-01
[[32m[1m INFO  [21m[0m] from nz = 0 and OH
[[32m[1m INFO  [21m[0m] -----------------------------------------------------------------
[[32m[1m INFO  [21m[0m] Elapsed time: 3.43e+01 || Step number: 1100/30000
[[32m[1m INFO  [21m[0m] longdy = 1.00e+00      || longdy/dt = 1.00e+00  || dt = 2.76e-01
[[32m[1m INFO  [21m[0m] from nz = 0 and OH
[[32m[1m INFO  [21m[0m] -----------------------------------------------------------------
[[32m[1m INFO  [21m[0m] Elapsed time: 7.11e+01 || Step number: 1200/30000
[[32m[1m INFO  [21m[0m] longdy = 1.00e+00      || longdy/dt = 1.00e+00  || dt = 5.32e-01
[[32m[1m INFO  [21m[0m] from nz = 0 and OH
[[32m[1m INFO  [21m[0m] -----------------------------------------------------------------
[[32m[1m INFO  [21m[0m] Elapsed time: 1.33e+02 || Step number: 1300/30000
[[32m[1m INFO  [21m[0m] longdy = 1.64e+01      || longdy/dt = 2.70e-01  || dt = 9.85e-01
[[32m[1m INFO  [21m[0m] from nz = 18 and O2
[[32m[1m INFO  [21m[0m] -----------------------------------------------------------------
[[32m[1m INFO  [21m[0m] Elapsed time: 2.40e+02 || Step number: 1400/30000
[[32m[1m INFO  [21m[0m] longdy = 5.62e+00      || longdy/dt = 5.35e-02  || dt = 1.77e+00
[[32m[1m INFO  [21m[0m] from nz = 18 and O2
[[32m[1m INFO  [21m[0m] -----------------------------------------------------------------
[[32m[1m INFO  [21m[0m] Elapsed time: 4.41e+02 || Step number: 1500/30000
[[32m[1m INFO  [21m[0m] longdy = 6.19e+00      || longdy/dt = 3.13e-02  || dt = 3.46e+00
[[32m[1m INFO  [21m[0m] from nz = 35 and HCS
[[32m[1m INFO  [21m[0m] -----------------------------------------------------------------
[[32m[1m INFO  [21m[0m] Elapsed time: 8.15e+02 || Step number: 1600/30000
[[32m[1m INFO  [21m[0m] longdy = 1.29e+01      || longdy/dt = 3.52e-02  || dt = 7.16e+00
[[32m[1m INFO  [21m[0m] from nz = 31 and HCS
[[32m[1m INFO  [21m[0m] -----------------------------------------------------------------
[[32m[1m INFO  [21m[0m] Elapsed time: 1.87e+03 || Step number: 1700/30000
[[32m[1m INFO  [21m[0m] longdy = 1.15e+01      || longdy/dt = 1.24e-02  || dt = 1.81e+01
[[32m[1m INFO  [21m[0m] from nz = 31 and CS
[[32m[1m INFO  [21m[0m] -----------------------------------------------------------------
[[32m[1m INFO  [21m[0m] Elapsed time: 3.45e+03 || Step number: 1800/30000
[[32m[1m INFO  [21m[0m] longdy = 1.20e+05      || longdy/dt = 7.77e+01  || dt = 3.49e+01
[[32m[1m INFO  [21m[0m] from nz = 26 and CS
[[32m[1m INFO  [21m[0m] -----------------------------------------------------------------
[[32m[1m INFO  [21m[0m] Elapsed time: 1.21e+04 || Step number: 1900/30000
[[32m[1m INFO  [21m[0m] longdy = 4.44e+01      || longdy/dt = 7.49e-03  || dt = 1.97e+02
[[32m[1m INFO  [21m[0m] from nz = 29 and CS
[[32m[1m INFO  [21m[0m] -----------------------------------------------------------------
[[32m[1m INFO  [21m[0m] Elapsed time: 4.37e+04 || Step number: 2000/30000
[[32m[1m INFO  [21m[0m] longdy = 1.23e+01      || longdy/dt = 5.73e-04  || dt = 3.97e+02
[[32m[1m INFO  [21m[0m] from nz = 31 and CS
[[32m[1m INFO  [21m[0m] -----------------------------------------------------------------
[[32m[1m INFO  [21m[0m] Elapsed time: 4.89e+04 || Step number: 2100/30000
[[32m[1m INFO  [21m[0m] longdy = 9.15e-01      || longdy/dt = 1.75e-04  || dt = 2.42e+01
[[32m[1m INFO  [21m[0m] from nz = 9 and C6H5
[[32m[1m INFO  [21m[0m] -----------------------------------------------------------------
[[32m[1m INFO  [21m[0m] Elapsed time: 5.19e+04 || Step number: 2200/30000
[[32m[1m INFO  [21m[0m] longdy = 7.49e-01      || longdy/dt = 2.54e-04  || dt = 1.37e+01
[[32m[1m INFO  [21m[0m] from nz = 10 and C6H6
[[32m[1m INFO  [21m[0m] -----------------------------------------------------------------
[[32m[1m INFO  [21m[0m] Elapsed time: 5.25e+04 || Step number: 2300/30000
[[32m[1m INFO  [21m[0m] longdy = 2.68e-01      || longdy/dt = 4.18e-04  || dt = 9.61e-02
[[32m[1m INFO  [21m[0m] from nz = 10 and C6H6
[[32m[1m INFO  [21m[0m] -----------------------------------------------------------------
[[32m[1m INFO  [21m[0m] Elapsed time: 5.31e+04 || Step number: 2400/30000
[[32m[1m INFO  [21m[0m] longdy = 2.54e-01      || longdy/dt = 4.18e-04  || dt = 3.57e-01
[[32m[1m INFO  [21m[0m] from nz = 10 and C6H6
[[32m[1m INFO  [21m[0m] -----------------------------------------------------------------
[[32m[1m INFO  [21m[0m] Elapsed time: 5.37e+04 || Step number: 2500/30000
[[32m[1m INFO  [21m[0m] longdy = 2.46e-01      || longdy/dt = 4.14e-04  || dt = 5.29e-01
[[32m[1m INFO  [21m[0m] from nz = 10 and C6H6
[[32m[1m INFO  [21m[0m] -----------------------------------------------------------------
[[32m[1m INFO  [21m[0m] Elapsed time: 5.44e+04 || Step number: 2600/30000
[[32m[1m INFO  [21m[0m] longdy = 2.85e-01      || longdy/dt = 3.96e-04  || dt = 1.16e+00
[[32m[1m INFO  [21m[0m] from nz = 10 and C6H6
[[32m[1m INFO  [21m[0m] -----------------------------------------------------------------
[[32m[1m INFO  [21m[0m] Elapsed time: 5.51e+04 || Step number: 2700/30000
[[32m[1m INFO  [21m[0m] longdy = 2.64e-01      || longdy/dt = 4.04e-04  || dt = 1.65e-01
[[32m[1m INFO  [21m[0m] from nz = 11 and C6H6
[[32m[1m INFO  [21m[0m] -----------------------------------------------------------------
[[32m[1m INFO  [21m[0m] Elapsed time: 5.57e+04 || Step number: 2800/30000
[[32m[1m INFO  [21m[0m] longdy = 2.56e-01      || longdy/dt = 4.07e-04  || dt = 1.40e+01
[[32m[1m INFO  [21m[0m] from nz = 11 and C6H6
[[32m[1m INFO  [21m[0m] -----------------------------------------------------------------
[[32m[1m INFO  [21m[0m] Elapsed time: 5.63e+04 || Step number: 2900/30000
[[32m[1m INFO  [21m[0m] longdy = 2.47e-01      || longdy/dt = 4.09e-04  || dt = 1.66e+01
[[32m[1m INFO  [21m[0m] from nz = 11 and C6H6
[[32m[1m INFO  [21m[0m] -----------------------------------------------------------------
[[32m[1m INFO  [21m[0m] Elapsed time: 5.69e+04 || Step number: 3000/30000
[[32m[1m INFO  [21m[0m] longdy = 2.32e-01      || longdy/dt = 4.13e-04  || dt = 5.75e+00
[[32m[1m INFO  [21m[0m] from nz = 12 and C6H6
[[32m[1m INFO  [21m[0m] -----------------------------------------------------------------
[[32m[1m INFO  [21m[0m] Elapsed time: 5.75e+04 || Step number: 3100/30000
[[32m[1m INFO  [21m[0m] longdy = 2.53e-01      || longdy/dt = 4.10e-04  || dt = 2.05e+01
[[32m[1m INFO  [21m[0m] from nz = 13 and C6H6
[[32m[1m INFO  [21m[0m] -----------------------------------------------------------------
[[32m[1m INFO  [21m[0m] Elapsed time: 5.81e+04 || Step number: 3200/30000
[[32m[1m INFO  [21m[0m] longdy = 2.54e-01      || longdy/dt = 4.14e-04  || dt = 1.18e+01
[[32m[1m INFO  [21m[0m] from nz = 13 and C6H6
[[32m[1m INFO  [21m[0m] -----------------------------------------------------------------
[[32m[1m INFO  [21m[0m] Elapsed time: 5.91e+04 || Step number: 3300/30000
[[32m[1m INFO  [21m[0m] longdy = 3.62e-01      || longdy/dt = 3.87e-04  || dt = 2.92e+01
[[32m[1m INFO  [21m[0m] from nz = 13 and C6H6
[[32m[1m INFO  [21m[0m] -----------------------------------------------------------------
[[32m[1m INFO  [21m[0m] Elapsed time: 6.03e+04 || Step number: 3400/30000
[[32m[1m INFO  [21m[0m] longdy = 4.39e-01      || longdy/dt = 3.67e-04  || dt = 2.64e+01
[[32m[1m INFO  [21m[0m] from nz = 14 and C6H6
[[32m[1m INFO  [21m[0m] -----------------------------------------------------------------
[[32m[1m INFO  [21m[0m] Elapsed time: 6.14e+04 || Step number: 3500/30000
[[32m[1m INFO  [21m[0m] longdy = 4.22e-01      || longdy/dt = 3.75e-04  || dt = 1.22e+01
[[32m[1m INFO  [21m[0m] from nz = 14 and C6H6
[[32m[1m INFO  [21m[0m] -----------------------------------------------------------------
[[32m[1m INFO  [21m[0m] Elapsed time: 6.34e+04 || Step number: 3600/30000
[[32m[1m INFO  [21m[0m] longdy = 6.05e-01      || longdy/dt = 3.18e-04  || dt = 4.92e+01
[[32m[1m INFO  [21m[0m] from nz = 15 and C6H6
[[32m[1m INFO  [21m[0m] -----------------------------------------------------------------
[[32m[1m INFO  [21m[0m] Elapsed time: 6.45e+04 || Step number: 3700/30000
[[32m[1m INFO  [21m[0m] longdy = 4.30e-01      || longdy/dt = 3.76e-04  || dt = 1.55e-01
[[32m[1m INFO  [21m[0m] from nz = 16 and C6H6
[[32m[1m INFO  [21m[0m] -----------------------------------------------------------------
[[32m[1m INFO  [21m[0m] Elapsed time: 6.61e+04 || Step number: 3800/30000
[[32m[1m INFO  [21m[0m] longdy = 5.33e-01      || longdy/dt = 3.44e-04  || dt = 4.08e+01
[[32m[1m INFO  [21m[0m] from nz = 16 and C6H6
[[32m[1m INFO  [21m[0m] -----------------------------------------------------------------
[[32m[1m INFO  [21m[0m] Elapsed time: 6.87e+04 || Step number: 3900/30000
[[32m[1m INFO  [21m[0m] longdy = 7.27e-01      || longdy/dt = 2.73e-04  || dt = 6.28e+00
[[32m[1m INFO  [21m[0m] from nz = 18 and C6H6
[[32m[1m INFO  [21m[0m] -----------------------------------------------------------------
[[32m[1m INFO  [21m[0m] Elapsed time: 7.38e+04 || Step number: 4000/30000
[[32m[1m INFO  [21m[0m] longdy = 9.66e-01      || longdy/dt = 1.99e-04  || dt = 2.16e+02
[[32m[1m INFO  [21m[0m] from nz = 33 and CS
[[32m[1m INFO  [21m[0m] -----------------------------------------------------------------
[[32m[1m INFO  [21m[0m] Elapsed time: 7.81e+04 || Step number: 4100/30000
[[32m[1m INFO  [21m[0m] longdy = 8.56e-01      || longdy/dt = 2.06e-04  || dt = 2.32e+02
[[32m[1m INFO  [21m[0m] from nz = 22 and C6H6
[[32m[1m INFO  [21m[0m] -----------------------------------------------------------------
[[32m[1m INFO  [21m[0m] Elapsed time: 8.04e+04 || Step number: 4200/30000
[[32m[1m INFO  [21m[0m] longdy = 6.52e-01      || longdy/dt = 2.86e-04  || dt = 4.41e+01
[[32m[1m INFO  [21m[0m] from nz = 25 and C6H6
[[32m[1m INFO  [21m[0m] -----------------------------------------------------------------
[[32m[1m INFO  [21m[0m] Elapsed time: 8.19e+04 || Step number: 4300/30000
[[32m[1m INFO  [21m[0m] longdy = 5.01e-01      || longdy/dt = 3.34e-04  || dt = 7.99e+01
[[32m[1m INFO  [21m[0m] from nz = 28 and C6H6
[[32m[1m INFO  [21m[0m] -----------------------------------------------------------------
[[32m[1m INFO  [21m[0m] Elapsed time: 9.09e+04 || Step number: 4400/30000
[[32m[1m INFO  [21m[0m] longdy = 5.88e+00      || longdy/dt = 6.55e-04  || dt = 2.57e-02
[[32m[1m INFO  [21m[0m] from nz = 34 and CS
[[32m[1m INFO  [21m[0m] -----------------------------------------------------------------
[[32m[1m INFO  [21m[0m] Elapsed time: 1.03e+05 || Step number: 4500/30000
[[32m[1m INFO  [21m[0m] longdy = 1.75e+02      || longdy/dt = 1.51e-02  || dt = 2.23e+02
[[32m[1m INFO  [21m[0m] from nz = 35 and CS
[[32m[1m INFO  [21m[0m] -----------------------------------------------------------------
[[32m[1m INFO  [21m[0m] Elapsed time: 1.13e+05 || Step number: 4600/30000
[[32m[1m INFO  [21m[0m] longdy = 2.36e+02      || longdy/dt = 2.25e-02  || dt = 2.64e+02
[[32m[1m INFO  [21m[0m] from nz = 38 and CS
[[32m[1m INFO  [21m[0m] -----------------------------------------------------------------
[[32m[1m INFO  [21m[0m] Elapsed time: 1.22e+05 || Step number: 4700/30000
[[32m[1m INFO  [21m[0m] longdy = 2.13e+01      || longdy/dt = 2.65e-03  || dt = 4.10e+02
[[32m[1m INFO  [21m[0m] from nz = 41 and CS
[[32m[1m INFO  [21m[0m] -----------------------------------------------------------------
[[32m[1m INFO  [21m[0m] Elapsed time: 1.28e+05 || Step number: 4800/30000
[[32m[1m INFO  [21m[0m] longdy = 2.32e+00      || longdy/dt = 4.29e-04  || dt = 5.30e+02
[[32m[1m INFO  [21m[0m] from nz = 43 and CS
[[32m[1m INFO  [21m[0m] -----------------------------------------------------------------
[[32m[1m INFO  [21m[0m] Elapsed time: 1.33e+05 || Step number: 4900/30000
[[32m[1m INFO  [21m[0m] longdy = 2.02e+00      || longdy/dt = 4.28e-04  || dt = 5.00e+02
[[32m[1m INFO  [21m[0m] from nz = 27 and H2O2
[[32m[1m INFO  [21m[0m] -----------------------------------------------------------------
[[32m[1m INFO  [21m[0m] Elapsed time: 1.38e+05 || Step number: 5000/30000
[[32m[1m INFO  [21m[0m] longdy = 2.48e+00      || longdy/dt = 4.71e-04  || dt = 5.51e+02
[[32m[1m INFO  [21m[0m] from nz = 24 and H2O2
[[32m[1m INFO  [21m[0m] -----------------------------------------------------------------
[[32m[1m INFO  [21m[0m] Elapsed time: 1.47e+05 || Step number: 5100/30000
[[32m[1m INFO  [21m[0m] longdy = 2.23e+00      || longdy/dt = 2.51e-04  || dt = 5.32e+02
[[32m[1m INFO  [21m[0m] from nz = 24 and H2O2
[[32m[1m INFO  [21m[0m] -----------------------------------------------------------------
[[32m[1m INFO  [21m[0m] Elapsed time: 1.58e+05 || Step number: 5200/30000
[[32m[1m INFO  [21m[0m] longdy = 6.95e-01      || longdy/dt = 6.50e-05  || dt = 4.93e+02
[[32m[1m INFO  [21m[0m] from nz = 47 and C3H3
[[32m[1m INFO  [21m[0m] -----------------------------------------------------------------
[[32m[1m INFO  [21m[0m] Elapsed time: 1.71e+05 || Step number: 5300/30000
[[32m[1m INFO  [21m[0m] longdy = 4.88e-01      || longdy/dt = 4.06e-05  || dt = 5.85e+02
[[32m[1m INFO  [21m[0m] from nz = 35 and NCO
[[32m[1m INFO  [21m[0m] -----------------------------------------------------------------
[[32m[1m INFO  [21m[0m] Elapsed time: 1.85e+05 || Step number: 5400/30000
[[32m[1m INFO  [21m[0m] longdy = 2.66e-01      || longdy/dt = 1.91e-05  || dt = 4.93e+02
[[32m[1m INFO  [21m[0m] from nz = 35 and NCO
[[32m[1m INFO  [21m[0m] -----------------------------------------------------------------
[[32m[1m INFO  [21m[0m] Elapsed time: 2.03e+05 || Step number: 5500/30000
[[32m[1m INFO  [21m[0m] longdy = 8.95e-02      || longdy/dt = 4.94e-06  || dt = 7.30e+02
[[32m[1m INFO  [21m[0m] from nz = 50 and C6H6
[[32m[1m INFO  [21m[0m] -----------------------------------------------------------------
[[32m[1m INFO  [21m[0m] Elapsed time: 2.37e+05 || Step number: 5600/30000
[[32m[1m INFO  [21m[0m] longdy = 6.94e-02      || longdy/dt = 2.10e-06  || dt = 7.09e+02
[[32m[1m INFO  [21m[0m] from nz = 35 and NCO
[[32m[1m INFO  [21m[0m] -----------------------------------------------------------------
[[32m[1m INFO  [21m[0m] Elapsed time: 2.75e+05 || Step number: 5700/30000
[[32m[1m INFO  [21m[0m] longdy = 2.74e-02      || longdy/dt = 7.18e-07  || dt = 7.75e+02
[[32m[1m INFO  [21m[0m] from nz = 21 and NH
[[32m[1m INFO  [21m[0m] -----------------------------------------------------------------
[[32m[1m INFO  [21m[0m] Elapsed time: 3.14e+05 || Step number: 5800/30000
[[32m[1m INFO  [21m[0m] longdy = 3.41e-03      || longdy/dt = 8.90e-08  || dt = 7.75e+02
[[32m[1m INFO  [21m[0m] from nz = 35 and NCO
[[32m[1m INFO  [21m[0m] -----------------------------------------------------------------
[[32m[1m INFO  [21m[0m] Elapsed time: 3.53e+05 || Step number: 5900/30000
[[32m[1m INFO  [21m[0m] longdy = 5.85e-04      || longdy/dt = 1.52e-08  || dt = 7.75e+02
[[32m[1m INFO  [21m[0m] from nz = 35 and NCO
[[32m[1m INFO  [21m[0m] -----------------------------------------------------------------
[[32m[1m INFO  [21m[0m] Integration successful with 5931 steps
[[32m[1m INFO  [21m[0m] long dy, long dydt = 0.0002615240133100947, 6.817799024460011e-09
[[32m[1m INFO  [21m[0m] Total atom loss:
[[32m[1m INFO  [21m[0m] H: 0.17943875240576487 
[[32m[1m INFO  [21m[0m] O: 0.08026146096266251 
[[32m[1m INFO  [21m[0m] C: 12.82312525067313 
[[32m[1m INFO  [21m[0m] N: 25.641782171207964 
[[32m[1m INFO  [21m[0m] S: 24.227658389903183 
[[32m[1m INFO  [21m[0m] ------ Live long and prosper \V/ ------
[[32m[1m INFO  [21m[0m]     done
Atmodeller initialized with double precision (float64)
[[93m[1m WARNING [21m[0m] The archive tar file does not exist: /data/rdc49-2/K218b_project/simulation_data/grid_H2_C1_N3_S1_fO22__from_batch11_case_000029__7_crash_atmos_chem_step_vulcan_chem_funs_race_missing_symjac/data/data.tar
[[32m[1m INFO  [21m[0m] Observing the planet...
Loading PHOENIX star table in file '/data/rdc49-2/FWL_DATA/prt/input_data/stellar_spectra/phoenix/phoenix.startable.petitRADTRANS.h5'... Done.
