Atmodeller initialized with double precision (float64)
[[93m[1m WARNING [21m[0m] The archive tar file does not exist: /data/rdc49-2/K218b_project/simulation_data/grid_H2_C1_N0_S1_fO23__from_batch15_case_000017__7_crash_atmos_chem_step_vulcan_chem_funs_race_syntax_error/data/data.tar
[[32m[1m INFO  [21m[0m] Running atmospheric chemistry...
[[32m[1m INFO  [21m[0m]     Using vulcan module, offline
[[32m[1m INFO  [21m[0m] Elements conserved in the network.
[[32m[1m INFO  [21m[0m] No duplicates in the network.
[[32m[1m INFO  [21m[0m] Elements conserved in the network.
[[32m[1m INFO  [21m[0m] No duplicates in the network.
[[32m[1m INFO  [21m[0m] Running VULCAN
[[32m[1m INFO  [21m[0m] Initializing with compositions from ASCII file /data/rdc49-2/K218b_project/simulation_data/grid_H2_C1_N0_S1_fO23__from_batch15_case_000017__7_crash_atmos_chem_step_vulcan_chem_funs_race_syntax_error/offchem/vmrs.dat
[[32m[1m INFO  [21m[0m] Input stellar spectrum from 2.0 to 700.0
[[32m[1m INFO  [21m[0m] Using wavelength bins from 2.0 to 655.5
[[32m[1m INFO  [21m[0m] Include molecular diffusion.
[[32m[1m INFO  [21m[0m] Starting VULCAN integration with 1 threads...
[[93m[1m WARNING [21m[0m] Keep producing negative values! Clipping negative solutions and moving on!
[[93m[1m WARNING [21m[0m] Keep producing negative values! Clipping negative solutions and moving on!
[[93m[1m WARNING [21m[0m] Keep producing negative values! Clipping negative solutions and moving on!
[[93m[1m WARNING [21m[0m] Keep producing negative values! Clipping negative solutions and moving on!
[[93m[1m WARNING [21m[0m] Keep producing negative values! Clipping negative solutions and moving on!
[[93m[1m WARNING [21m[0m] Keep producing negative values! Clipping negative solutions and moving on!
[[93m[1m WARNING [21m[0m] Keep producing negative values! Clipping negative solutions and moving on!
[[93m[1m WARNING [21m[0m] Keep producing negative values! Clipping negative solutions and moving on!
[[93m[1m WARNING [21m[0m] Keep producing negative values! Clipping negative solutions and moving on!
[[93m[1m WARNING [21m[0m] Keep producing negative values! Clipping negative solutions and moving on!
[[93m[1m WARNING [21m[0m] Keep producing negative values! Clipping negative solutions and moving on!
[[93m[1m WARNING [21m[0m] Keep producing negative values! Clipping negative solutions and moving on!
[[32m[1m INFO  [21m[0m] Elapsed time: 1.07e-05 || Step number: 100/30000
[[32m[1m INFO  [21m[0m] longdy = 1.00e+00      || longdy/dt = 1.00e+00  || dt = 3.04e-07
[[32m[1m INFO  [21m[0m] from nz = 0 and OH
[[32m[1m INFO  [21m[0m] -----------------------------------------------------------------
[[32m[1m INFO  [21m[0m] Elapsed time: 7.87e-05 || Step number: 200/30000
[[32m[1m INFO  [21m[0m] longdy = 1.00e+00      || longdy/dt = 1.00e+00  || dt = 1.24e-06
[[32m[1m INFO  [21m[0m] from nz = 0 and OH
[[32m[1m INFO  [21m[0m] -----------------------------------------------------------------
[[32m[1m INFO  [21m[0m] Elapsed time: 5.16e-04 || Step number: 300/30000
[[32m[1m INFO  [21m[0m] longdy = 1.00e+00      || longdy/dt = 1.00e+00  || dt = 1.37e-05
[[32m[1m INFO  [21m[0m] from nz = 0 and OH
[[32m[1m INFO  [21m[0m] -----------------------------------------------------------------
[[32m[1m INFO  [21m[0m] Elapsed time: 3.81e-03 || Step number: 400/30000
[[32m[1m INFO  [21m[0m] longdy = 1.00e+00      || longdy/dt = 1.00e+00  || dt = 1.20e-04
[[32m[1m INFO  [21m[0m] from nz = 0 and OH
[[32m[1m INFO  [21m[0m] -----------------------------------------------------------------
[[32m[1m INFO  [21m[0m] Elapsed time: 2.53e-02 || Step number: 500/30000
[[32m[1m INFO  [21m[0m] longdy = 1.00e+00      || longdy/dt = 1.00e+00  || dt = 6.38e-04
[[32m[1m INFO  [21m[0m] from nz = 0 and OH
[[32m[1m INFO  [21m[0m] -----------------------------------------------------------------
[[32m[1m INFO  [21m[0m] Elapsed time: 1.31e-01 || Step number: 600/30000
[[32m[1m INFO  [21m[0m] longdy = 1.00e+00      || longdy/dt = 1.00e+00  || dt = 3.08e-03
[[32m[1m INFO  [21m[0m] from nz = 0 and OH
[[32m[1m INFO  [21m[0m] -----------------------------------------------------------------
[[32m[1m INFO  [21m[0m] Elapsed time: 5.54e-01 || Step number: 700/30000
[[32m[1m INFO  [21m[0m] longdy = 1.00e+00      || longdy/dt = 1.00e+00  || dt = 1.11e-02
[[32m[1m INFO  [21m[0m] from nz = 0 and OH
[[32m[1m INFO  [21m[0m] -----------------------------------------------------------------
[[32m[1m INFO  [21m[0m] Elapsed time: 2.10e+00 || Step number: 800/30000
[[32m[1m INFO  [21m[0m] longdy = 1.00e+00      || longdy/dt = 1.00e+00  || dt = 2.62e-02
[[32m[1m INFO  [21m[0m] from nz = 0 and OH
[[32m[1m INFO  [21m[0m] -----------------------------------------------------------------
[[32m[1m INFO  [21m[0m] Elapsed time: 6.06e+00 || Step number: 900/30000
[[32m[1m INFO  [21m[0m] longdy = 1.00e+00      || longdy/dt = 1.00e+00  || dt = 6.04e-02
[[32m[1m INFO  [21m[0m] from nz = 0 and OH
[[32m[1m INFO  [21m[0m] -----------------------------------------------------------------
[[32m[1m INFO  [21m[0m] Elapsed time: 1.46e+01 || Step number: 1000/30000
[[32m[1m INFO  [21m[0m] longdy = 1.00e+00      || longdy/dt = 1.00e+00  || dt = 1.22e-01
[[32m[1m INFO  [21m[0m] from nz = 0 and OH
[[32m[1m INFO  [21m[0m] -----------------------------------------------------------------
[[32m[1m INFO  [21m[0m] Elapsed time: 3.25e+01 || Step number: 1100/30000
[[32m[1m INFO  [21m[0m] longdy = 1.00e+00      || longdy/dt = 1.00e+00  || dt = 2.52e-01
[[32m[1m INFO  [21m[0m] from nz = 0 and OH
[[32m[1m INFO  [21m[0m] -----------------------------------------------------------------
[[32m[1m INFO  [21m[0m] Elapsed time: 7.19e+01 || Step number: 1200/30000
[[32m[1m INFO  [21m[0m] longdy = 1.00e+00      || longdy/dt = 1.00e+00  || dt = 5.34e-01
[[32m[1m INFO  [21m[0m] from nz = 0 and OH
[[32m[1m INFO  [21m[0m] -----------------------------------------------------------------
[[32m[1m INFO  [21m[0m] Elapsed time: 1.41e+02 || Step number: 1300/30000
[[32m[1m INFO  [21m[0m] longdy = 1.68e+01      || longdy/dt = 2.46e-01  || dt = 1.02e+00
[[32m[1m INFO  [21m[0m] from nz = 18 and O2
[[32m[1m INFO  [21m[0m] -----------------------------------------------------------------
[[32m[1m INFO  [21m[0m] Elapsed time: 2.67e+02 || Step number: 1400/30000
[[32m[1m INFO  [21m[0m] longdy = 6.87e+00      || longdy/dt = 5.53e-02  || dt = 1.72e+00
[[32m[1m INFO  [21m[0m] from nz = 19 and O2
[[32m[1m INFO  [21m[0m] -----------------------------------------------------------------
[[32m[1m INFO  [21m[0m] Elapsed time: 5.17e+02 || Step number: 1500/30000
[[32m[1m INFO  [21m[0m] longdy = 8.01e+00      || longdy/dt = 3.27e-02  || dt = 4.62e+00
[[32m[1m INFO  [21m[0m] from nz = 22 and S4
[[32m[1m INFO  [21m[0m] -----------------------------------------------------------------
[[32m[1m INFO  [21m[0m] Elapsed time: 1.30e+03 || Step number: 1600/30000
[[32m[1m INFO  [21m[0m] longdy = 2.85e+02      || longdy/dt = 4.41e-01  || dt = 1.24e+01
[[32m[1m INFO  [21m[0m] from nz = 26 and CS
[[32m[1m INFO  [21m[0m] -----------------------------------------------------------------
[[32m[1m INFO  [21m[0m] Elapsed time: 3.99e+03 || Step number: 1700/30000
[[32m[1m INFO  [21m[0m] longdy = 3.53e+03      || longdy/dt = 1.79e+00  || dt = 5.44e+01
[[32m[1m INFO  [21m[0m] from nz = 29 and CS
[[32m[1m INFO  [21m[0m] -----------------------------------------------------------------
[[32m[1m INFO  [21m[0m] Elapsed time: 1.36e+04 || Step number: 1800/30000
[[32m[1m INFO  [21m[0m] longdy = 5.68e+02      || longdy/dt = 8.48e-02  || dt = 2.34e+02
[[32m[1m INFO  [21m[0m] from nz = 33 and CS
[[32m[1m INFO  [21m[0m] -----------------------------------------------------------------
[[32m[1m INFO  [21m[0m] Elapsed time: 2.10e+04 || Step number: 1900/30000
[[32m[1m INFO  [21m[0m] longdy = 1.11e+01      || longdy/dt = 1.53e-03  || dt = 1.73e+02
[[32m[1m INFO  [21m[0m] from nz = 35 and CS
[[32m[1m INFO  [21m[0m] -----------------------------------------------------------------
[[32m[1m INFO  [21m[0m] Elapsed time: 2.87e+04 || Step number: 2000/30000
[[32m[1m INFO  [21m[0m] longdy = 1.97e+00      || longdy/dt = 2.56e-04  || dt = 1.50e+01
[[32m[1m INFO  [21m[0m] from nz = 35 and CS
[[32m[1m INFO  [21m[0m] -----------------------------------------------------------------
[[32m[1m INFO  [21m[0m] Elapsed time: 3.85e+04 || Step number: 2100/30000
[[32m[1m INFO  [21m[0m] longdy = 9.20e-01      || longdy/dt = 9.68e-05  || dt = 5.66e+02
[[32m[1m INFO  [21m[0m] from nz = 4 and S8
[[32m[1m INFO  [21m[0m] -----------------------------------------------------------------
[[32m[1m INFO  [21m[0m] Elapsed time: 5.30e+04 || Step number: 2200/30000
[[32m[1m INFO  [21m[0m] longdy = 2.11e+00      || longdy/dt = 1.52e-04  || dt = 5.40e+02
[[32m[1m INFO  [21m[0m] from nz = 36 and CH2
[[32m[1m INFO  [21m[0m] -----------------------------------------------------------------
[[32m[1m INFO  [21m[0m] Elapsed time: 8.33e+04 || Step number: 2300/30000
[[32m[1m INFO  [21m[0m] longdy = 1.58e+01      || longdy/dt = 5.23e-04  || dt = 9.65e+01
[[32m[1m INFO  [21m[0m] from nz = 37 and CH2
[[32m[1m INFO  [21m[0m] -----------------------------------------------------------------
[[32m[1m INFO  [21m[0m] Elapsed time: 8.91e+04 || Step number: 2400/30000
[[32m[1m INFO  [21m[0m] longdy = 7.70e-01      || longdy/dt = 1.35e-04  || dt = 1.14e+02
[[32m[1m INFO  [21m[0m] from nz = 37 and CH2
[[32m[1m INFO  [21m[0m] -----------------------------------------------------------------
[[32m[1m INFO  [21m[0m] Elapsed time: 9.46e+04 || Step number: 2500/30000
[[32m[1m INFO  [21m[0m] longdy = 6.88e-01      || longdy/dt = 1.28e-04  || dt = 7.14e+01
[[32m[1m INFO  [21m[0m] from nz = 37 and CH2
[[32m[1m INFO  [21m[0m] -----------------------------------------------------------------
[[32m[1m INFO  [21m[0m] Elapsed time: 9.96e+04 || Step number: 2600/30000
[[32m[1m INFO  [21m[0m] longdy = 5.99e-01      || longdy/dt = 1.20e-04  || dt = 1.22e+01
[[32m[1m INFO  [21m[0m] from nz = 37 and CH2
[[32m[1m INFO  [21m[0m] -----------------------------------------------------------------
[[32m[1m INFO  [21m[0m] Elapsed time: 1.04e+05 || Step number: 2700/30000
[[32m[1m INFO  [21m[0m] longdy = 5.01e-01      || longdy/dt = 1.12e-04  || dt = 2.94e+02
[[32m[1m INFO  [21m[0m] from nz = 37 and CH2
[[32m[1m INFO  [21m[0m] -----------------------------------------------------------------
[[32m[1m INFO  [21m[0m] Elapsed time: 1.08e+05 || Step number: 2800/30000
[[32m[1m INFO  [21m[0m] longdy = 4.53e-01      || longdy/dt = 1.07e-04  || dt = 1.40e+02
[[32m[1m INFO  [21m[0m] from nz = 37 and CH2
[[32m[1m INFO  [21m[0m] -----------------------------------------------------------------
[[32m[1m INFO  [21m[0m] Elapsed time: 1.13e+05 || Step number: 2900/30000
[[32m[1m INFO  [21m[0m] longdy = 3.91e-01      || longdy/dt = 9.16e-05  || dt = 6.18e+00
[[32m[1m INFO  [21m[0m] from nz = 10 and C6H6
[[32m[1m INFO  [21m[0m] -----------------------------------------------------------------
[[32m[1m INFO  [21m[0m] Elapsed time: 1.20e+05 || Step number: 3000/30000
[[32m[1m INFO  [21m[0m] longdy = 6.01e-01      || longdy/dt = 8.57e-05  || dt = 5.90e+02
[[32m[1m INFO  [21m[0m] from nz = 38 and CH2
[[32m[1m INFO  [21m[0m] -----------------------------------------------------------------
[[32m[1m INFO  [21m[0m] Elapsed time: 2.03e+05 || Step number: 3100/30000
[[32m[1m INFO  [21m[0m] longdy = 5.68e+01      || longdy/dt = 6.92e-04  || dt = 1.17e+03
[[32m[1m INFO  [21m[0m] from nz = 38 and CS
[[32m[1m INFO  [21m[0m] -----------------------------------------------------------------
[[32m[1m INFO  [21m[0m] Elapsed time: 2.10e+05 || Step number: 3200/30000
[[32m[1m INFO  [21m[0m] longdy = 7.14e-01      || longdy/dt = 1.02e-04  || dt = 1.03e+00
[[32m[1m INFO  [21m[0m] from nz = 28 and S
[[32m[1m INFO  [21m[0m] -----------------------------------------------------------------
[[32m[1m INFO  [21m[0m] Elapsed time: 2.61e+05 || Step number: 3300/30000
[[32m[1m INFO  [21m[0m] longdy = 4.88e+01      || longdy/dt = 9.71e-04  || dt = 5.72e+02
[[32m[1m INFO  [21m[0m] from nz = 41 and CS
[[32m[1m INFO  [21m[0m] -----------------------------------------------------------------
[[32m[1m INFO  [21m[0m] Elapsed time: 2.82e+05 || Step number: 3400/30000
[[32m[1m INFO  [21m[0m] longdy = 2.22e+00      || longdy/dt = 1.10e-04  || dt = 2.16e+03
[[32m[1m INFO  [21m[0m] from nz = 43 and CS
[[32m[1m INFO  [21m[0m] -----------------------------------------------------------------
[[32m[1m INFO  [21m[0m] Elapsed time: 2.95e+05 || Step number: 3500/30000
[[32m[1m INFO  [21m[0m] longdy = 8.26e-01      || longdy/dt = 6.69e-05  || dt = 1.38e+01
[[32m[1m INFO  [21m[0m] from nz = 44 and CS
[[32m[1m INFO  [21m[0m] -----------------------------------------------------------------
[[32m[1m INFO  [21m[0m] Elapsed time: 3.06e+05 || Step number: 3600/30000
[[32m[1m INFO  [21m[0m] longdy = 6.52e-01      || longdy/dt = 5.95e-05  || dt = 9.33e+02
[[32m[1m INFO  [21m[0m] from nz = 39 and O
[[32m[1m INFO  [21m[0m] -----------------------------------------------------------------
[[32m[1m INFO  [21m[0m] Elapsed time: 3.20e+05 || Step number: 3700/30000
[[32m[1m INFO  [21m[0m] longdy = 7.59e-01      || longdy/dt = 5.52e-05  || dt = 3.09e+02
[[32m[1m INFO  [21m[0m] from nz = 39 and O
[[32m[1m INFO  [21m[0m] -----------------------------------------------------------------
[[32m[1m INFO  [21m[0m] Elapsed time: 3.37e+05 || Step number: 3800/30000
[[32m[1m INFO  [21m[0m] longdy = 7.83e-01      || longdy/dt = 4.68e-05  || dt = 6.83e+02
[[32m[1m INFO  [21m[0m] from nz = 40 and O
[[32m[1m INFO  [21m[0m] -----------------------------------------------------------------
[[32m[1m INFO  [21m[0m] Elapsed time: 3.51e+05 || Step number: 3900/30000
[[32m[1m INFO  [21m[0m] longdy = 4.67e-01      || longdy/dt = 3.37e-05  || dt = 5.23e+01
[[32m[1m INFO  [21m[0m] from nz = 40 and O
[[32m[1m INFO  [21m[0m] -----------------------------------------------------------------
[[32m[1m INFO  [21m[0m] Elapsed time: 3.62e+05 || Step number: 4000/30000
[[32m[1m INFO  [21m[0m] longdy = 2.76e-01      || longdy/dt = 2.74e-05  || dt = 5.53e+02
[[32m[1m INFO  [21m[0m] from nz = 37 and NCO
[[32m[1m INFO  [21m[0m] -----------------------------------------------------------------
[[32m[1m INFO  [21m[0m] Elapsed time: 3.76e+05 || Step number: 4100/30000
[[32m[1m INFO  [21m[0m] longdy = 2.76e-01      || longdy/dt = 1.95e-05  || dt = 2.96e+02
[[32m[1m INFO  [21m[0m] from nz = 26 and H2O2
[[32m[1m INFO  [21m[0m] -----------------------------------------------------------------
[[32m[1m INFO  [21m[0m] Elapsed time: 3.92e+05 || Step number: 4200/30000
[[32m[1m INFO  [21m[0m] longdy = 2.32e-01      || longdy/dt = 1.47e-05  || dt = 3.88e+01
[[32m[1m INFO  [21m[0m] from nz = 25 and H2O2
[[32m[1m INFO  [21m[0m] -----------------------------------------------------------------
[[32m[1m INFO  [21m[0m] Elapsed time: 4.07e+05 || Step number: 4300/30000
[[32m[1m INFO  [21m[0m] longdy = 1.91e-01      || longdy/dt = 1.27e-05  || dt = 6.07e+02
[[32m[1m INFO  [21m[0m] from nz = 36 and NCO
[[32m[1m INFO  [21m[0m] -----------------------------------------------------------------
[[32m[1m INFO  [21m[0m] Elapsed time: 4.23e+05 || Step number: 4400/30000
[[32m[1m INFO  [21m[0m] longdy = 1.62e-01      || longdy/dt = 1.07e-05  || dt = 5.45e+02
[[32m[1m INFO  [21m[0m] from nz = 36 and NCO
[[32m[1m INFO  [21m[0m] -----------------------------------------------------------------
[[32m[1m INFO  [21m[0m] Elapsed time: 4.42e+05 || Step number: 4500/30000
[[32m[1m INFO  [21m[0m] longdy = 1.47e-01      || longdy/dt = 7.78e-06  || dt = 2.64e+02
[[32m[1m INFO  [21m[0m] from nz = 50 and C6H6
[[32m[1m INFO  [21m[0m] -----------------------------------------------------------------
[[32m[1m INFO  [21m[0m] Elapsed time: 4.73e+05 || Step number: 4600/30000
[[32m[1m INFO  [21m[0m] longdy = 1.68e-01      || longdy/dt = 5.54e-06  || dt = 6.35e+02
[[32m[1m INFO  [21m[0m] from nz = 50 and C6H6
[[32m[1m INFO  [21m[0m] -----------------------------------------------------------------
[[32m[1m INFO  [21m[0m] Elapsed time: 5.15e+05 || Step number: 4700/30000
[[32m[1m INFO  [21m[0m] longdy = 1.45e-01      || longdy/dt = 3.46e-06  || dt = 4.85e+02
[[32m[1m INFO  [21m[0m] from nz = 50 and C6H6
[[32m[1m INFO  [21m[0m] -----------------------------------------------------------------
[[32m[1m INFO  [21m[0m] Elapsed time: 5.65e+05 || Step number: 4800/30000
[[32m[1m INFO  [21m[0m] longdy = 9.50e-02      || longdy/dt = 1.93e-06  || dt = 1.02e+03
[[32m[1m INFO  [21m[0m] from nz = 50 and C6H6
[[32m[1m INFO  [21m[0m] -----------------------------------------------------------------
[[32m[1m INFO  [21m[0m] Elapsed time: 6.12e+05 || Step number: 4900/30000
[[32m[1m INFO  [21m[0m] longdy = 4.75e-02      || longdy/dt = 1.03e-06  || dt = 1.31e+03
[[32m[1m INFO  [21m[0m] from nz = 50 and C6H6
[[32m[1m INFO  [21m[0m] -----------------------------------------------------------------
[[32m[1m INFO  [21m[0m] Elapsed time: 6.85e+05 || Step number: 5000/30000
[[32m[1m INFO  [21m[0m] longdy = 3.40e-02      || longdy/dt = 4.68e-07  || dt = 1.45e+03
[[32m[1m INFO  [21m[0m] from nz = 50 and C6H6
[[32m[1m INFO  [21m[0m] -----------------------------------------------------------------
[[32m[1m INFO  [21m[0m] Elapsed time: 7.58e+05 || Step number: 5100/30000
[[32m[1m INFO  [21m[0m] longdy = 1.25e-02      || longdy/dt = 1.75e-07  || dt = 1.45e+03
[[32m[1m INFO  [21m[0m] from nz = 50 and C6H6
[[32m[1m INFO  [21m[0m] -----------------------------------------------------------------
[[32m[1m INFO  [21m[0m] Integration successful with 5116 steps
[[32m[1m INFO  [21m[0m] long dy, long dydt = 0.010586239025556842, 1.4797757121512915e-07
[[32m[1m INFO  [21m[0m] Total atom loss:
[[32m[1m INFO  [21m[0m] H: 0.0009578725181248061 
[[32m[1m INFO  [21m[0m] O: -0.04790050360540149 
[[32m[1m INFO  [21m[0m] C: 7.63239252357432 
[[32m[1m INFO  [21m[0m] N: 14.078961504442669 
[[32m[1m INFO  [21m[0m] S: 11.348990545006147 
[[32m[1m INFO  [21m[0m] ------ Live long and prosper \V/ ------
[[32m[1m INFO  [21m[0m]     done
Atmodeller initialized with double precision (float64)
[[93m[1m WARNING [21m[0m] The archive tar file does not exist: /data/rdc49-2/K218b_project/simulation_data/grid_H2_C1_N0_S1_fO23__from_batch15_case_000017__7_crash_atmos_chem_step_vulcan_chem_funs_race_syntax_error/data/data.tar
[[32m[1m INFO  [21m[0m] Observing the planet...
Loading PHOENIX star table in file '/data/rdc49-2/FWL_DATA/prt/input_data/stellar_spectra/phoenix/phoenix.startable.petitRADTRANS.h5'... Done.
