Atmodeller initialized with double precision (float64)
[[93m[1m WARNING [21m[0m] The archive tar file does not exist: /data/rdc49-2/K218b_project/simulation_data/grid_H0_C3_N3_S2_fO22__from_batch10_case_000030__7_crash_atmos_chem_step_vulcan_chem_funs_race_syntax_error/data/data.tar
[[32m[1m INFO  [21m[0m] Running atmospheric chemistry...
[[32m[1m INFO  [21m[0m]     Using vulcan module, offline
[[32m[1m INFO  [21m[0m] Elements conserved in the network.
[[32m[1m INFO  [21m[0m] No duplicates in the network.
[[32m[1m INFO  [21m[0m] Elements conserved in the network.
[[32m[1m INFO  [21m[0m] No duplicates in the network.
[[32m[1m INFO  [21m[0m] Running VULCAN
[[93m[1m WARNING [21m[0m] P_b and P_t assgined in vulcan.cfg are out of range of the input. Constant extension is used.
[[32m[1m INFO  [21m[0m] Initializing with compositions from ASCII file /data/rdc49-2/K218b_project/simulation_data/grid_H0_C3_N3_S2_fO22__from_batch10_case_000030__7_crash_atmos_chem_step_vulcan_chem_funs_race_syntax_error/offchem/vmrs.dat
[[32m[1m INFO  [21m[0m] Input stellar spectrum from 2.0 to 700.0
[[32m[1m INFO  [21m[0m] Using wavelength bins from 2.0 to 655.5
[[32m[1m INFO  [21m[0m] Include molecular diffusion.
[[32m[1m INFO  [21m[0m] Starting VULCAN integration with 1 threads...
[[93m[1m WARNING [21m[0m] Keep producing negative values! Clipping negative solutions and moving on!
[[93m[1m WARNING [21m[0m] Keep producing negative values! Clipping negative solutions and moving on!
[[93m[1m WARNING [21m[0m] Keep producing negative values! Clipping negative solutions and moving on!
[[93m[1m WARNING [21m[0m] Keep producing negative values! Clipping negative solutions and moving on!
[[93m[1m WARNING [21m[0m] Keep producing negative values! Clipping negative solutions and moving on!
[[93m[1m WARNING [21m[0m] Keep producing negative values! Clipping negative solutions and moving on!
[[93m[1m WARNING [21m[0m] Keep producing negative values! Clipping negative solutions and moving on!
[[93m[1m WARNING [21m[0m] Keep producing negative values! Clipping negative solutions and moving on!
[[32m[1m INFO  [21m[0m] Elapsed time: 6.51e-06 || Step number: 100/30000
[[32m[1m INFO  [21m[0m] longdy = 1.00e+00      || longdy/dt = 1.00e+00  || dt = 1.51e-07
[[32m[1m INFO  [21m[0m] from nz = 0 and OH
[[32m[1m INFO  [21m[0m] -----------------------------------------------------------------
[[32m[1m INFO  [21m[0m] Elapsed time: 3.44e-05 || Step number: 200/30000
[[32m[1m INFO  [21m[0m] longdy = 1.00e+00      || longdy/dt = 1.00e+00  || dt = 5.53e-07
[[32m[1m INFO  [21m[0m] from nz = 0 and OH
[[32m[1m INFO  [21m[0m] -----------------------------------------------------------------
[[32m[1m INFO  [21m[0m] Elapsed time: 1.77e-04 || Step number: 300/30000
[[32m[1m INFO  [21m[0m] longdy = 1.00e+00      || longdy/dt = 1.00e+00  || dt = 3.05e-06
[[32m[1m INFO  [21m[0m] from nz = 0 and OH
[[32m[1m INFO  [21m[0m] -----------------------------------------------------------------
[[32m[1m INFO  [21m[0m] Elapsed time: 9.05e-04 || Step number: 400/30000
[[32m[1m INFO  [21m[0m] longdy = 1.00e+00      || longdy/dt = 1.00e+00  || dt = 1.63e-05
[[32m[1m INFO  [21m[0m] from nz = 0 and OH
[[32m[1m INFO  [21m[0m] -----------------------------------------------------------------
[[32m[1m INFO  [21m[0m] Elapsed time: 4.53e-03 || Step number: 500/30000
[[32m[1m INFO  [21m[0m] longdy = 1.00e+00      || longdy/dt = 1.00e+00  || dt = 8.01e-05
[[32m[1m INFO  [21m[0m] from nz = 0 and OH
[[32m[1m INFO  [21m[0m] -----------------------------------------------------------------
[[32m[1m INFO  [21m[0m] Elapsed time: 1.97e-02 || Step number: 600/30000
[[32m[1m INFO  [21m[0m] longdy = 1.00e+00      || longdy/dt = 1.00e+00  || dt = 3.47e-04
[[32m[1m INFO  [21m[0m] from nz = 0 and OH
[[32m[1m INFO  [21m[0m] -----------------------------------------------------------------
[[32m[1m INFO  [21m[0m] Elapsed time: 7.11e-02 || Step number: 700/30000
[[32m[1m INFO  [21m[0m] longdy = 1.00e+00      || longdy/dt = 1.00e+00  || dt = 1.16e-03
[[32m[1m INFO  [21m[0m] from nz = 0 and OH
[[32m[1m INFO  [21m[0m] -----------------------------------------------------------------
[[32m[1m INFO  [21m[0m] Elapsed time: 2.25e-01 || Step number: 800/30000
[[32m[1m INFO  [21m[0m] longdy = 1.00e+00      || longdy/dt = 1.00e+00  || dt = 3.35e-03
[[32m[1m INFO  [21m[0m] from nz = 0 and OH
[[32m[1m INFO  [21m[0m] -----------------------------------------------------------------
[[32m[1m INFO  [21m[0m] Elapsed time: 7.42e-01 || Step number: 900/30000
[[32m[1m INFO  [21m[0m] longdy = 1.00e+00      || longdy/dt = 1.00e+00  || dt = 9.09e-03
[[32m[1m INFO  [21m[0m] from nz = 0 and OH
[[32m[1m INFO  [21m[0m] -----------------------------------------------------------------
[[32m[1m INFO  [21m[0m] Elapsed time: 1.87e+00 || Step number: 1000/30000
[[32m[1m INFO  [21m[0m] longdy = 1.00e+00      || longdy/dt = 1.00e+00  || dt = 2.28e-02
[[32m[1m INFO  [21m[0m] from nz = 0 and OH
[[32m[1m INFO  [21m[0m] -----------------------------------------------------------------
[[32m[1m INFO  [21m[0m] Elapsed time: 4.26e+00 || Step number: 1100/30000
[[32m[1m INFO  [21m[0m] longdy = 1.00e+00      || longdy/dt = 1.00e+00  || dt = 4.06e-02
[[32m[1m INFO  [21m[0m] from nz = 0 and OH
[[32m[1m INFO  [21m[0m] -----------------------------------------------------------------
[[32m[1m INFO  [21m[0m] Elapsed time: 8.43e+00 || Step number: 1200/30000
[[32m[1m INFO  [21m[0m] longdy = 1.00e+00      || longdy/dt = 1.00e+00  || dt = 7.37e-02
[[32m[1m INFO  [21m[0m] from nz = 0 and OH
[[32m[1m INFO  [21m[0m] -----------------------------------------------------------------
[[32m[1m INFO  [21m[0m] Elapsed time: 1.58e+01 || Step number: 1300/30000
[[32m[1m INFO  [21m[0m] longdy = 1.00e+00      || longdy/dt = 1.00e+00  || dt = 1.21e-01
[[32m[1m INFO  [21m[0m] from nz = 0 and OH
[[32m[1m INFO  [21m[0m] -----------------------------------------------------------------
[[32m[1m INFO  [21m[0m] Elapsed time: 2.90e+01 || Step number: 1400/30000
[[32m[1m INFO  [21m[0m] longdy = 1.00e+00      || longdy/dt = 1.00e+00  || dt = 2.36e-01
[[32m[1m INFO  [21m[0m] from nz = 0 and OH
[[32m[1m INFO  [21m[0m] -----------------------------------------------------------------
[[32m[1m INFO  [21m[0m] Elapsed time: 5.31e+01 || Step number: 1500/30000
[[32m[1m INFO  [21m[0m] longdy = 1.00e+00      || longdy/dt = 1.00e+00  || dt = 3.98e-01
[[32m[1m INFO  [21m[0m] from nz = 0 and OH
[[32m[1m INFO  [21m[0m] -----------------------------------------------------------------
[[32m[1m INFO  [21m[0m] Elapsed time: 9.52e+01 || Step number: 1600/30000
[[32m[1m INFO  [21m[0m] longdy = 1.00e+00      || longdy/dt = 1.00e+00  || dt = 6.58e-01
[[32m[1m INFO  [21m[0m] from nz = 0 and OH
[[32m[1m INFO  [21m[0m] -----------------------------------------------------------------
[[32m[1m INFO  [21m[0m] Elapsed time: 1.71e+02 || Step number: 1700/30000
[[32m[1m INFO  [21m[0m] longdy = 9.64e+00      || longdy/dt = 1.29e-01  || dt = 1.17e+00
[[32m[1m INFO  [21m[0m] from nz = 16 and O2
[[32m[1m INFO  [21m[0m] -----------------------------------------------------------------
[[32m[1m INFO  [21m[0m] Elapsed time: 3.10e+02 || Step number: 1800/30000
[[32m[1m INFO  [21m[0m] longdy = 1.86e+01      || longdy/dt = 1.36e-01  || dt = 1.77e+00
[[32m[1m INFO  [21m[0m] from nz = 35 and HCS
[[32m[1m INFO  [21m[0m] -----------------------------------------------------------------
[[32m[1m INFO  [21m[0m] Elapsed time: 5.46e+02 || Step number: 1900/30000
[[32m[1m INFO  [21m[0m] longdy = 1.41e+01      || longdy/dt = 6.10e-02  || dt = 4.17e+00
[[32m[1m INFO  [21m[0m] from nz = 30 and HCS
[[32m[1m INFO  [21m[0m] -----------------------------------------------------------------
[[32m[1m INFO  [21m[0m] Elapsed time: 1.10e+03 || Step number: 2000/30000
[[32m[1m INFO  [21m[0m] longdy = 3.28e+01      || longdy/dt = 6.05e-02  || dt = 9.72e+00
[[32m[1m INFO  [21m[0m] from nz = 24 and CS
[[32m[1m INFO  [21m[0m] -----------------------------------------------------------------
[[32m[1m INFO  [21m[0m] Elapsed time: 2.31e+03 || Step number: 2100/30000
[[32m[1m INFO  [21m[0m] longdy = 2.00e+05      || longdy/dt = 1.74e+02  || dt = 1.96e+01
[[32m[1m INFO  [21m[0m] from nz = 26 and CS
[[32m[1m INFO  [21m[0m] -----------------------------------------------------------------
[[32m[1m INFO  [21m[0m] Elapsed time: 4.93e+03 || Step number: 2200/30000
[[32m[1m INFO  [21m[0m] longdy = 1.83e+07      || longdy/dt = 7.49e+03  || dt = 3.69e+01
[[32m[1m INFO  [21m[0m] from nz = 30 and CS
[[32m[1m INFO  [21m[0m] -----------------------------------------------------------------
[[32m[1m INFO  [21m[0m] Elapsed time: 9.40e+03 || Step number: 2300/30000
[[32m[1m INFO  [21m[0m] longdy = 7.77e+05      || longdy/dt = 1.77e+02  || dt = 7.60e+01
[[32m[1m INFO  [21m[0m] from nz = 34 and CS
[[32m[1m INFO  [21m[0m] -----------------------------------------------------------------
[[32m[1m INFO  [21m[0m] Elapsed time: 1.72e+04 || Step number: 2400/30000
[[32m[1m INFO  [21m[0m] longdy = 9.31e+03      || longdy/dt = 1.22e+00  || dt = 2.20e+02
[[32m[1m INFO  [21m[0m] from nz = 37 and CS
[[32m[1m INFO  [21m[0m] -----------------------------------------------------------------
[[32m[1m INFO  [21m[0m] Elapsed time: 3.86e+04 || Step number: 2500/30000
[[32m[1m INFO  [21m[0m] longdy = 5.79e+01      || longdy/dt = 2.99e-03  || dt = 1.79e-05
[[32m[1m INFO  [21m[0m] from nz = 41 and CS
[[32m[1m INFO  [21m[0m] -----------------------------------------------------------------
[[32m[1m INFO  [21m[0m] Elapsed time: 5.80e+04 || Step number: 2600/30000
[[32m[1m INFO  [21m[0m] longdy = 2.07e+00      || longdy/dt = 1.07e-04  || dt = 2.90e+01
[[32m[1m INFO  [21m[0m] from nz = 37 and CH2
[[32m[1m INFO  [21m[0m] -----------------------------------------------------------------
[[32m[1m INFO  [21m[0m] Elapsed time: 9.37e+04 || Step number: 2700/30000
[[32m[1m INFO  [21m[0m] longdy = 3.48e+00      || longdy/dt = 9.96e-05  || dt = 1.14e+03
[[32m[1m INFO  [21m[0m] from nz = 38 and CH2
[[32m[1m INFO  [21m[0m] -----------------------------------------------------------------
[[32m[1m INFO  [21m[0m] Elapsed time: 1.11e+05 || Step number: 2800/30000
[[32m[1m INFO  [21m[0m] longdy = 7.53e-01      || longdy/dt = 4.41e-05  || dt = 1.22e-01
[[32m[1m INFO  [21m[0m] from nz = 50 and S2O
[[32m[1m INFO  [21m[0m] -----------------------------------------------------------------
[[32m[1m INFO  [21m[0m] Elapsed time: 1.42e+05 || Step number: 2900/30000
[[32m[1m INFO  [21m[0m] longdy = 1.06e+00      || longdy/dt = 3.45e-05  || dt = 2.00e+00
[[32m[1m INFO  [21m[0m] from nz = 50 and S2O
[[32m[1m INFO  [21m[0m] -----------------------------------------------------------------
[[32m[1m INFO  [21m[0m] Elapsed time: 2.14e+05 || Step number: 3000/30000
[[32m[1m INFO  [21m[0m] longdy = 1.09e+00      || longdy/dt = 1.52e-05  || dt = 2.95e+02
[[32m[1m INFO  [21m[0m] from nz = 0 and S8
[[32m[1m INFO  [21m[0m] -----------------------------------------------------------------
[[32m[1m INFO  [21m[0m] Elapsed time: 4.04e+05 || Step number: 3100/30000
[[32m[1m INFO  [21m[0m] longdy = 1.28e+00      || longdy/dt = 6.76e-06  || dt = 1.24e+03
[[32m[1m INFO  [21m[0m] from nz = 17 and SO
[[32m[1m INFO  [21m[0m] -----------------------------------------------------------------
[[32m[1m INFO  [21m[0m] Elapsed time: 5.34e+05 || Step number: 3200/30000
[[32m[1m INFO  [21m[0m] longdy = 1.40e+00      || longdy/dt = 1.11e-05  || dt = 4.69e+03
[[32m[1m INFO  [21m[0m] from nz = 17 and SO
[[32m[1m INFO  [21m[0m] -----------------------------------------------------------------
[[32m[1m INFO  [21m[0m] Elapsed time: 6.19e+05 || Step number: 3300/30000
[[32m[1m INFO  [21m[0m] longdy = 9.79e-01      || longdy/dt = 1.18e-05  || dt = 1.58e+03
[[32m[1m INFO  [21m[0m] from nz = 17 and SO
[[32m[1m INFO  [21m[0m] -----------------------------------------------------------------
[[32m[1m INFO  [21m[0m] Elapsed time: 6.73e+05 || Step number: 3400/30000
[[32m[1m INFO  [21m[0m] longdy = 6.85e-01      || longdy/dt = 1.29e-05  || dt = 2.14e+03
[[32m[1m INFO  [21m[0m] from nz = 19 and NH
[[32m[1m INFO  [21m[0m] -----------------------------------------------------------------
[[32m[1m INFO  [21m[0m] Elapsed time: 7.21e+05 || Step number: 3500/30000
[[32m[1m INFO  [21m[0m] longdy = 5.32e-01      || longdy/dt = 1.11e-05  || dt = 1.23e+02
[[32m[1m INFO  [21m[0m] from nz = 19 and NH
[[32m[1m INFO  [21m[0m] -----------------------------------------------------------------
[[32m[1m INFO  [21m[0m] Elapsed time: 7.76e+05 || Step number: 3600/30000
[[32m[1m INFO  [21m[0m] longdy = 4.95e-01      || longdy/dt = 9.34e-06  || dt = 2.99e+03
[[32m[1m INFO  [21m[0m] from nz = 38 and C6H5
[[32m[1m INFO  [21m[0m] -----------------------------------------------------------------
[[32m[1m INFO  [21m[0m] Elapsed time: 8.21e+05 || Step number: 3700/30000
[[32m[1m INFO  [21m[0m] longdy = 5.65e-01      || longdy/dt = 1.27e-05  || dt = 8.33e+02
[[32m[1m INFO  [21m[0m] from nz = 20 and NH
[[32m[1m INFO  [21m[0m] -----------------------------------------------------------------
[[32m[1m INFO  [21m[0m] Elapsed time: 8.61e+05 || Step number: 3800/30000
[[32m[1m INFO  [21m[0m] longdy = 4.73e-01      || longdy/dt = 1.21e-05  || dt = 1.68e+03
[[32m[1m INFO  [21m[0m] from nz = 20 and NH
[[32m[1m INFO  [21m[0m] -----------------------------------------------------------------
[[32m[1m INFO  [21m[0m] Elapsed time: 8.98e+05 || Step number: 3900/30000
[[32m[1m INFO  [21m[0m] longdy = 4.03e-01      || longdy/dt = 1.11e-05  || dt = 8.23e+02
[[32m[1m INFO  [21m[0m] from nz = 20 and NH
[[32m[1m INFO  [21m[0m] -----------------------------------------------------------------
[[32m[1m INFO  [21m[0m] Elapsed time: 9.37e+05 || Step number: 4000/30000
[[32m[1m INFO  [21m[0m] longdy = 3.58e-01      || longdy/dt = 9.28e-06  || dt = 1.32e+02
[[32m[1m INFO  [21m[0m] from nz = 37 and C6H5
[[32m[1m INFO  [21m[0m] -----------------------------------------------------------------
[[32m[1m INFO  [21m[0m] Elapsed time: 9.79e+05 || Step number: 4100/30000
[[32m[1m INFO  [21m[0m] longdy = 3.53e-01      || longdy/dt = 8.47e-06  || dt = 8.23e+02
[[32m[1m INFO  [21m[0m] from nz = 20 and NH
[[32m[1m INFO  [21m[0m] -----------------------------------------------------------------
[[32m[1m INFO  [21m[0m] Elapsed time: 1.03e+06 || Step number: 4200/30000
[[32m[1m INFO  [21m[0m] longdy = 3.63e-01      || longdy/dt = 7.17e-06  || dt = 1.63e+02
[[32m[1m INFO  [21m[0m] from nz = 37 and C6H5
[[32m[1m INFO  [21m[0m] -----------------------------------------------------------------
[[32m[1m INFO  [21m[0m] Elapsed time: 1.08e+06 || Step number: 4300/30000
[[32m[1m INFO  [21m[0m] longdy = 3.91e-01      || longdy/dt = 8.58e-06  || dt = 4.25e+02
[[32m[1m INFO  [21m[0m] from nz = 21 and HNO
[[32m[1m INFO  [21m[0m] -----------------------------------------------------------------
[[32m[1m INFO  [21m[0m] Elapsed time: 1.12e+06 || Step number: 4400/30000
[[32m[1m INFO  [21m[0m] longdy = 3.04e-01      || longdy/dt = 6.29e-06  || dt = 1.06e+03
[[32m[1m INFO  [21m[0m] from nz = 21 and HNO
[[32m[1m INFO  [21m[0m] -----------------------------------------------------------------
[[32m[1m INFO  [21m[0m] Elapsed time: 1.17e+06 || Step number: 4500/30000
[[32m[1m INFO  [21m[0m] longdy = 2.69e-01      || longdy/dt = 5.59e-06  || dt = 9.23e+02
[[32m[1m INFO  [21m[0m] from nz = 21 and NH
[[32m[1m INFO  [21m[0m] -----------------------------------------------------------------
[[32m[1m INFO  [21m[0m] Elapsed time: 1.23e+06 || Step number: 4600/30000
[[32m[1m INFO  [21m[0m] longdy = 3.05e-01      || longdy/dt = 5.00e-06  || dt = 1.83e+02
[[32m[1m INFO  [21m[0m] from nz = 36 and C6H5
[[32m[1m INFO  [21m[0m] -----------------------------------------------------------------
[[32m[1m INFO  [21m[0m] Elapsed time: 1.29e+06 || Step number: 4700/30000
[[32m[1m INFO  [21m[0m] longdy = 2.44e-01      || longdy/dt = 4.67e-06  || dt = 1.47e+03
[[32m[1m INFO  [21m[0m] from nz = 22 and HNO
[[32m[1m INFO  [21m[0m] -----------------------------------------------------------------
[[32m[1m INFO  [21m[0m] Elapsed time: 1.34e+06 || Step number: 4800/30000
[[32m[1m INFO  [21m[0m] longdy = 1.95e-01      || longdy/dt = 3.84e-06  || dt = 1.31e+03
[[32m[1m INFO  [21m[0m] from nz = 36 and C6H5
[[32m[1m INFO  [21m[0m] -----------------------------------------------------------------
[[32m[1m INFO  [21m[0m] Elapsed time: 1.41e+06 || Step number: 4900/30000
[[32m[1m INFO  [21m[0m] longdy = 2.08e-01      || longdy/dt = 3.12e-06  || dt = 1.62e+03
[[32m[1m INFO  [21m[0m] from nz = 36 and C6H5
[[32m[1m INFO  [21m[0m] -----------------------------------------------------------------
[[32m[1m INFO  [21m[0m] Elapsed time: 1.48e+06 || Step number: 5000/30000
[[32m[1m INFO  [21m[0m] longdy = 1.94e-01      || longdy/dt = 2.57e-06  || dt = 6.49e+01
[[32m[1m INFO  [21m[0m] from nz = 36 and C6H5
[[32m[1m INFO  [21m[0m] -----------------------------------------------------------------
[[32m[1m INFO  [21m[0m] Elapsed time: 1.56e+06 || Step number: 5100/30000
[[32m[1m INFO  [21m[0m] longdy = 1.46e-01      || longdy/dt = 2.03e-06  || dt = 2.55e+03
[[32m[1m INFO  [21m[0m] from nz = 36 and C6H5
[[32m[1m INFO  [21m[0m] -----------------------------------------------------------------
[[32m[1m INFO  [21m[0m] Elapsed time: 1.66e+06 || Step number: 5200/30000
[[32m[1m INFO  [21m[0m] longdy = 1.60e-01      || longdy/dt = 1.57e-06  || dt = 9.13e+01
[[32m[1m INFO  [21m[0m] from nz = 36 and C6H5
[[32m[1m INFO  [21m[0m] -----------------------------------------------------------------
[[32m[1m INFO  [21m[0m] Elapsed time: 1.73e+06 || Step number: 5300/30000
[[32m[1m INFO  [21m[0m] longdy = 1.15e-01      || longdy/dt = 1.57e-06  || dt = 5.22e+02
[[32m[1m INFO  [21m[0m] from nz = 22 and HNO
[[32m[1m INFO  [21m[0m] -----------------------------------------------------------------
[[32m[1m INFO  [21m[0m] Elapsed time: 1.84e+06 || Step number: 5400/30000
[[32m[1m INFO  [21m[0m] longdy = 1.30e-01      || longdy/dt = 1.24e-06  || dt = 2.55e+02
[[32m[1m INFO  [21m[0m] from nz = 22 and HNO
[[32m[1m INFO  [21m[0m] -----------------------------------------------------------------
[[32m[1m INFO  [21m[0m] Elapsed time: 1.93e+06 || Step number: 5500/30000
[[32m[1m INFO  [21m[0m] longdy = 6.43e-02      || longdy/dt = 7.00e-07  || dt = 3.18e+03
[[32m[1m INFO  [21m[0m] from nz = 36 and C6H5
[[32m[1m INFO  [21m[0m] -----------------------------------------------------------------
[[32m[1m INFO  [21m[0m] Elapsed time: 2.09e+06 || Step number: 5600/30000
[[32m[1m INFO  [21m[0m] longdy = 7.15e-02      || longdy/dt = 4.40e-07  || dt = 3.73e+03
[[32m[1m INFO  [21m[0m] from nz = 36 and C6H5
[[32m[1m INFO  [21m[0m] -----------------------------------------------------------------
[[32m[1m INFO  [21m[0m] Integration successful with 5651 steps
[[32m[1m INFO  [21m[0m] long dy, long dydt = 0.0464438825296131, 3.178881727686791e-07
[[32m[1m INFO  [21m[0m] Total atom loss:
[[32m[1m INFO  [21m[0m] H: -0.05414394620094715 
[[32m[1m INFO  [21m[0m] O: 1.0585598233614786 
[[32m[1m INFO  [21m[0m] C: 0.08411039899447571 
[[32m[1m INFO  [21m[0m] N: 0.010709545414907422 
[[32m[1m INFO  [21m[0m] S: 2.7788430406455302 
[[32m[1m INFO  [21m[0m] ------ Live long and prosper \V/ ------
[[32m[1m INFO  [21m[0m]     done
Atmodeller initialized with double precision (float64)
[[93m[1m WARNING [21m[0m] The archive tar file does not exist: /data/rdc49-2/K218b_project/simulation_data/grid_H0_C3_N3_S2_fO22__from_batch10_case_000030__7_crash_atmos_chem_step_vulcan_chem_funs_race_syntax_error/data/data.tar
[[32m[1m INFO  [21m[0m] Observing the planet...
Loading PHOENIX star table in file '/data/rdc49-2/FWL_DATA/prt/input_data/stellar_spectra/phoenix/phoenix.startable.petitRADTRANS.h5'... Done.
