Atmodeller initialized with double precision (float64)
[[93m[1m WARNING [21m[0m] The archive tar file does not exist: /data/rdc49-2/K218b_project/simulation_data/grid_H1_C0_N2_S0_fO21__from_batch05_case_000040__7_crash_atmos_chem_step_vulcan_chem_funs_race_missing_symjac/data/data.tar
[[32m[1m INFO  [21m[0m] Running atmospheric chemistry...
[[32m[1m INFO  [21m[0m]     Using vulcan module, offline
[[32m[1m INFO  [21m[0m] Elements conserved in the network.
[[32m[1m INFO  [21m[0m] No duplicates in the network.
[[32m[1m INFO  [21m[0m] Elements conserved in the network.
[[32m[1m INFO  [21m[0m] No duplicates in the network.
[[32m[1m INFO  [21m[0m] Running VULCAN
[[32m[1m INFO  [21m[0m] Initializing with compositions from ASCII file /data/rdc49-2/K218b_project/simulation_data/grid_H1_C0_N2_S0_fO21__from_batch05_case_000040__7_crash_atmos_chem_step_vulcan_chem_funs_race_missing_symjac/offchem/vmrs.dat
[[32m[1m INFO  [21m[0m] Input stellar spectrum from 2.0 to 700.0
[[32m[1m INFO  [21m[0m] Using wavelength bins from 2.0 to 655.5
[[32m[1m INFO  [21m[0m] Include molecular diffusion.
[[32m[1m INFO  [21m[0m] Starting VULCAN integration with 1 threads...
[[93m[1m WARNING [21m[0m] Keep producing negative values! Clipping negative solutions and moving on!
[[93m[1m WARNING [21m[0m] Keep producing negative values! Clipping negative solutions and moving on!
[[93m[1m WARNING [21m[0m] Keep producing negative values! Clipping negative solutions and moving on!
[[93m[1m WARNING [21m[0m] Keep producing negative values! Clipping negative solutions and moving on!
[[93m[1m WARNING [21m[0m] Keep producing negative values! Clipping negative solutions and moving on!
[[93m[1m WARNING [21m[0m] Keep producing negative values! Clipping negative solutions and moving on!
[[93m[1m WARNING [21m[0m] Keep producing negative values! Clipping negative solutions and moving on!
[[93m[1m WARNING [21m[0m] Keep producing negative values! Clipping negative solutions and moving on!
[[93m[1m WARNING [21m[0m] Keep producing negative values! Clipping negative solutions and moving on!
[[93m[1m WARNING [21m[0m] Keep producing negative values! Clipping negative solutions and moving on!
[[93m[1m WARNING [21m[0m] Keep producing negative values! Clipping negative solutions and moving on!
[[93m[1m WARNING [21m[0m] Keep producing negative values! Clipping negative solutions and moving on!
[[93m[1m WARNING [21m[0m] Keep producing negative values! Clipping negative solutions and moving on!
[[32m[1m INFO  [21m[0m] Elapsed time: 5.73e-06 || Step number: 100/30000
[[32m[1m INFO  [21m[0m] longdy = 1.00e+00      || longdy/dt = 1.00e+00  || dt = 2.87e-07
[[32m[1m INFO  [21m[0m] from nz = 0 and OH
[[32m[1m INFO  [21m[0m] -----------------------------------------------------------------
[[32m[1m INFO  [21m[0m] Elapsed time: 6.69e-05 || Step number: 200/30000
[[32m[1m INFO  [21m[0m] longdy = 1.00e+00      || longdy/dt = 1.00e+00  || dt = 1.82e-06
[[32m[1m INFO  [21m[0m] from nz = 0 and OH
[[32m[1m INFO  [21m[0m] -----------------------------------------------------------------
[[32m[1m INFO  [21m[0m] Elapsed time: 5.45e-04 || Step number: 300/30000
[[32m[1m INFO  [21m[0m] longdy = 1.00e+00      || longdy/dt = 1.00e+00  || dt = 1.62e-05
[[32m[1m INFO  [21m[0m] from nz = 0 and OH
[[32m[1m INFO  [21m[0m] -----------------------------------------------------------------
[[32m[1m INFO  [21m[0m] Elapsed time: 3.40e-03 || Step number: 400/30000
[[32m[1m INFO  [21m[0m] longdy = 1.00e+00      || longdy/dt = 1.00e+00  || dt = 4.51e-05
[[32m[1m INFO  [21m[0m] from nz = 0 and OH
[[32m[1m INFO  [21m[0m] -----------------------------------------------------------------
[[32m[1m INFO  [21m[0m] Elapsed time: 2.77e-02 || Step number: 500/30000
[[32m[1m INFO  [21m[0m] longdy = 1.00e+00      || longdy/dt = 1.00e+00  || dt = 2.89e-04
[[32m[1m INFO  [21m[0m] from nz = 0 and OH
[[32m[1m INFO  [21m[0m] -----------------------------------------------------------------
[[32m[1m INFO  [21m[0m] Elapsed time: 1.97e-01 || Step number: 600/30000
[[32m[1m INFO  [21m[0m] longdy = 1.00e+00      || longdy/dt = 1.00e+00  || dt = 3.28e-03
[[32m[1m INFO  [21m[0m] from nz = 0 and OH
[[32m[1m INFO  [21m[0m] -----------------------------------------------------------------
[[32m[1m INFO  [21m[0m] Elapsed time: 1.09e+00 || Step number: 700/30000
[[32m[1m INFO  [21m[0m] longdy = 1.00e+00      || longdy/dt = 1.00e+00  || dt = 2.71e-02
[[32m[1m INFO  [21m[0m] from nz = 0 and OH
[[32m[1m INFO  [21m[0m] -----------------------------------------------------------------
[[32m[1m INFO  [21m[0m] Elapsed time: 5.67e+00 || Step number: 800/30000
[[32m[1m INFO  [21m[0m] longdy = 1.00e+00      || longdy/dt = 1.00e+00  || dt = 8.12e-02
[[32m[1m INFO  [21m[0m] from nz = 0 and OH
[[32m[1m INFO  [21m[0m] -----------------------------------------------------------------
[[32m[1m INFO  [21m[0m] Elapsed time: 1.88e+01 || Step number: 900/30000
[[32m[1m INFO  [21m[0m] longdy = 1.00e+00      || longdy/dt = 1.00e+00  || dt = 1.98e-01
[[32m[1m INFO  [21m[0m] from nz = 0 and OH
[[32m[1m INFO  [21m[0m] -----------------------------------------------------------------
[[32m[1m INFO  [21m[0m] Elapsed time: 4.79e+01 || Step number: 1000/30000
[[32m[1m INFO  [21m[0m] longdy = 1.00e+00      || longdy/dt = 1.00e+00  || dt = 4.09e-01
[[32m[1m INFO  [21m[0m] from nz = 0 and OH
[[32m[1m INFO  [21m[0m] -----------------------------------------------------------------
[[32m[1m INFO  [21m[0m] Elapsed time: 1.05e+02 || Step number: 1100/30000
[[32m[1m INFO  [21m[0m] longdy = 1.62e+01      || longdy/dt = 3.10e-01  || dt = 7.72e-01
[[32m[1m INFO  [21m[0m] from nz = 13 and O2
[[32m[1m INFO  [21m[0m] -----------------------------------------------------------------
[[32m[1m INFO  [21m[0m] Elapsed time: 2.05e+02 || Step number: 1200/30000
[[32m[1m INFO  [21m[0m] longdy = 7.94e+01      || longdy/dt = 8.04e-01  || dt = 1.55e+00
[[32m[1m INFO  [21m[0m] from nz = 44 and CH2
[[32m[1m INFO  [21m[0m] -----------------------------------------------------------------
[[32m[1m INFO  [21m[0m] Elapsed time: 3.57e+02 || Step number: 1300/30000
[[32m[1m INFO  [21m[0m] longdy = 3.90e+01      || longdy/dt = 2.61e-01  || dt = 2.49e+00
[[32m[1m INFO  [21m[0m] from nz = 42 and CH2
[[32m[1m INFO  [21m[0m] -----------------------------------------------------------------
[[32m[1m INFO  [21m[0m] Elapsed time: 5.66e+02 || Step number: 1400/30000
[[32m[1m INFO  [21m[0m] longdy = 1.76e+01      || longdy/dt = 8.59e-02  || dt = 3.60e+00
[[32m[1m INFO  [21m[0m] from nz = 40 and HCS
[[32m[1m INFO  [21m[0m] -----------------------------------------------------------------
[[32m[1m INFO  [21m[0m] Elapsed time: 8.02e+02 || Step number: 1500/30000
[[32m[1m INFO  [21m[0m] longdy = 9.16e+00      || longdy/dt = 3.94e-02  || dt = 3.72e+00
[[32m[1m INFO  [21m[0m] from nz = 38 and HCS
[[32m[1m INFO  [21m[0m] -----------------------------------------------------------------
[[32m[1m INFO  [21m[0m] Elapsed time: 1.14e+03 || Step number: 1600/30000
[[32m[1m INFO  [21m[0m] longdy = 4.78e+00      || longdy/dt = 1.46e-02  || dt = 5.02e+00
[[32m[1m INFO  [21m[0m] from nz = 35 and HCS
[[32m[1m INFO  [21m[0m] -----------------------------------------------------------------
[[32m[1m INFO  [21m[0m] Elapsed time: 1.63e+03 || Step number: 1700/30000
[[32m[1m INFO  [21m[0m] longdy = 1.05e+01      || longdy/dt = 2.15e-02  || dt = 7.06e+00
[[32m[1m INFO  [21m[0m] from nz = 33 and N
[[32m[1m INFO  [21m[0m] -----------------------------------------------------------------
[[32m[1m INFO  [21m[0m] Elapsed time: 2.37e+03 || Step number: 1800/30000
[[32m[1m INFO  [21m[0m] longdy = 6.05e+00      || longdy/dt = 8.33e-03  || dt = 1.04e+01
[[32m[1m INFO  [21m[0m] from nz = 33 and N
[[32m[1m INFO  [21m[0m] -----------------------------------------------------------------
[[32m[1m INFO  [21m[0m] Elapsed time: 3.59e+03 || Step number: 1900/30000
[[32m[1m INFO  [21m[0m] longdy = 2.46e+00      || longdy/dt = 2.04e-03  || dt = 2.09e+01
[[32m[1m INFO  [21m[0m] from nz = 15 and O2
[[32m[1m INFO  [21m[0m] -----------------------------------------------------------------
[[32m[1m INFO  [21m[0m] Elapsed time: 6.63e+03 || Step number: 2000/30000
[[32m[1m INFO  [21m[0m] longdy = 4.05e+00      || longdy/dt = 1.36e-03  || dt = 5.70e+01
[[32m[1m INFO  [21m[0m] from nz = 15 and O2
[[32m[1m INFO  [21m[0m] -----------------------------------------------------------------
[[32m[1m INFO  [21m[0m] Elapsed time: 1.35e+04 || Step number: 2100/30000
[[32m[1m INFO  [21m[0m] longdy = 3.30e+00      || longdy/dt = 4.93e-04  || dt = 1.20e+02
[[32m[1m INFO  [21m[0m] from nz = 15 and O2
[[32m[1m INFO  [21m[0m] -----------------------------------------------------------------
[[32m[1m INFO  [21m[0m] Elapsed time: 2.75e+04 || Step number: 2200/30000
[[32m[1m INFO  [21m[0m] longdy = 2.63e+00      || longdy/dt = 1.93e-04  || dt = 2.56e+02
[[32m[1m INFO  [21m[0m] from nz = 27 and NH
[[32m[1m INFO  [21m[0m] -----------------------------------------------------------------
[[32m[1m INFO  [21m[0m] Elapsed time: 6.00e+04 || Step number: 2300/30000
[[32m[1m INFO  [21m[0m] longdy = 6.68e+00      || longdy/dt = 2.26e-04  || dt = 9.21e+02
[[32m[1m INFO  [21m[0m] from nz = 19 and O2
[[32m[1m INFO  [21m[0m] -----------------------------------------------------------------
[[32m[1m INFO  [21m[0m] Elapsed time: 1.85e+05 || Step number: 2400/30000
[[32m[1m INFO  [21m[0m] longdy = 1.71e+00      || longdy/dt = 1.85e-05  || dt = 1.22e+01
[[32m[1m INFO  [21m[0m] from nz = 0 and C6H6
[[32m[1m INFO  [21m[0m] -----------------------------------------------------------------
[[32m[1m INFO  [21m[0m] Elapsed time: 2.71e+05 || Step number: 2500/30000
[[32m[1m INFO  [21m[0m] longdy = 9.50e-01      || longdy/dt = 1.10e-05  || dt = 1.06e+01
[[32m[1m INFO  [21m[0m] from nz = 6 and S4
[[32m[1m INFO  [21m[0m] -----------------------------------------------------------------
[[32m[1m INFO  [21m[0m] Elapsed time: 3.08e+05 || Step number: 2600/30000
[[32m[1m INFO  [21m[0m] longdy = 6.42e-01      || longdy/dt = 1.78e-05  || dt = 1.56e+03
[[32m[1m INFO  [21m[0m] from nz = 7 and S4
[[32m[1m INFO  [21m[0m] -----------------------------------------------------------------
[[32m[1m INFO  [21m[0m] Elapsed time: 3.41e+05 || Step number: 2700/30000
[[32m[1m INFO  [21m[0m] longdy = 5.44e-01      || longdy/dt = 1.63e-05  || dt = 5.62e-01
[[32m[1m INFO  [21m[0m] from nz = 7 and S4
[[32m[1m INFO  [21m[0m] -----------------------------------------------------------------
[[32m[1m INFO  [21m[0m] Elapsed time: 3.54e+05 || Step number: 2800/30000
[[32m[1m INFO  [21m[0m] longdy = 7.74e-01      || longdy/dt = 6.12e-05  || dt = 1.22e+01
[[32m[1m INFO  [21m[0m] from nz = 12 and C4H2
[[32m[1m INFO  [21m[0m] -----------------------------------------------------------------
[[32m[1m INFO  [21m[0m] Elapsed time: 3.86e+05 || Step number: 2900/30000
[[32m[1m INFO  [21m[0m] longdy = 4.76e-01      || longdy/dt = 1.53e-05  || dt = 7.09e+02
[[32m[1m INFO  [21m[0m] from nz = 10 and S3
[[32m[1m INFO  [21m[0m] -----------------------------------------------------------------
[[32m[1m INFO  [21m[0m] Elapsed time: 4.18e+05 || Step number: 3000/30000
[[32m[1m INFO  [21m[0m] longdy = 4.67e-01      || longdy/dt = 1.45e-05  || dt = 1.23e+01
[[32m[1m INFO  [21m[0m] from nz = 11 and S3
[[32m[1m INFO  [21m[0m] -----------------------------------------------------------------
[[32m[1m INFO  [21m[0m] Elapsed time: 7.35e+05 || Step number: 3100/30000
[[32m[1m INFO  [21m[0m] longdy = 6.43e+01      || longdy/dt = 2.06e-04  || dt = 5.10e+03
[[32m[1m INFO  [21m[0m] from nz = 48 and C
[[32m[1m INFO  [21m[0m] -----------------------------------------------------------------
[[32m[1m INFO  [21m[0m] Elapsed time: 7.60e+05 || Step number: 3200/30000
[[32m[1m INFO  [21m[0m] longdy = 1.92e+01      || longdy/dt = 7.71e-04  || dt = 1.71e+02
[[32m[1m INFO  [21m[0m] from nz = 42 and NH2
[[32m[1m INFO  [21m[0m] -----------------------------------------------------------------
[[32m[1m INFO  [21m[0m] Elapsed time: 7.85e+05 || Step number: 3300/30000
[[32m[1m INFO  [21m[0m] longdy = 7.80e-01      || longdy/dt = 3.09e-05  || dt = 1.22e+01
[[32m[1m INFO  [21m[0m] from nz = 42 and NH2
[[32m[1m INFO  [21m[0m] -----------------------------------------------------------------
[[32m[1m INFO  [21m[0m] Elapsed time: 8.05e+05 || Step number: 3400/30000
[[32m[1m INFO  [21m[0m] longdy = 7.50e-01      || longdy/dt = 3.85e-05  || dt = 1.24e+01
[[32m[1m INFO  [21m[0m] from nz = 42 and NH2
[[32m[1m INFO  [21m[0m] -----------------------------------------------------------------
[[32m[1m INFO  [21m[0m] Elapsed time: 8.68e+05 || Step number: 3500/30000
[[32m[1m INFO  [21m[0m] longdy = 1.42e+02      || longdy/dt = 2.27e-03  || dt = 1.12e+03
[[32m[1m INFO  [21m[0m] from nz = 41 and N
[[32m[1m INFO  [21m[0m] -----------------------------------------------------------------
[[32m[1m INFO  [21m[0m] Elapsed time: 9.88e+05 || Step number: 3600/30000
[[32m[1m INFO  [21m[0m] longdy = 1.95e+02      || longdy/dt = 1.63e-03  || dt = 5.66e-01
[[32m[1m INFO  [21m[0m] from nz = 46 and N
[[32m[1m INFO  [21m[0m] -----------------------------------------------------------------
[[32m[1m INFO  [21m[0m] Elapsed time: 9.88e+05 || Step number: 3700/30000
[[32m[1m INFO  [21m[0m] longdy = 4.22e+00      || longdy/dt = 1.21e-02  || dt = 1.23e+01
[[32m[1m INFO  [21m[0m] from nz = 44 and NH2
[[32m[1m INFO  [21m[0m] -----------------------------------------------------------------
[[32m[1m INFO  [21m[0m] Elapsed time: 1.05e+06 || Step number: 3800/30000
[[32m[1m INFO  [21m[0m] longdy = 1.41e+00      || longdy/dt = 2.49e-05  || dt = 7.49e+03
[[32m[1m INFO  [21m[0m] from nz = 49 and N
[[32m[1m INFO  [21m[0m] -----------------------------------------------------------------
[[32m[1m INFO  [21m[0m] Elapsed time: 1.09e+06 || Step number: 3900/30000
[[32m[1m INFO  [21m[0m] longdy = 1.21e+00      || longdy/dt = 2.92e-05  || dt = 5.66e-01
[[32m[1m INFO  [21m[0m] from nz = 45 and NH2
[[32m[1m INFO  [21m[0m] -----------------------------------------------------------------
[[32m[1m INFO  [21m[0m] Elapsed time: 1.20e+06 || Step number: 4000/30000
[[32m[1m INFO  [21m[0m] longdy = 1.76e+00      || longdy/dt = 1.71e-05  || dt = 3.77e+03
[[32m[1m INFO  [21m[0m] from nz = 39 and CH3
[[32m[1m INFO  [21m[0m] -----------------------------------------------------------------
[[32m[1m INFO  [21m[0m] Elapsed time: 1.28e+06 || Step number: 4100/30000
[[32m[1m INFO  [21m[0m] longdy = 1.52e+00      || longdy/dt = 1.89e-05  || dt = 1.28e+01
[[32m[1m INFO  [21m[0m] from nz = 45 and NH2
[[32m[1m INFO  [21m[0m] -----------------------------------------------------------------
[[32m[1m INFO  [21m[0m] Elapsed time: 1.31e+06 || Step number: 4200/30000
[[32m[1m INFO  [21m[0m] longdy = 1.00e+00      || longdy/dt = 3.00e-05  || dt = 1.44e-03
[[32m[1m INFO  [21m[0m] from nz = 11 and C4H2
[[32m[1m INFO  [21m[0m] -----------------------------------------------------------------
[[32m[1m INFO  [21m[0m] Elapsed time: 1.35e+06 || Step number: 4300/30000
[[32m[1m INFO  [21m[0m] longdy = 1.00e+00      || longdy/dt = 2.56e-05  || dt = 2.03e-03
[[32m[1m INFO  [21m[0m] from nz = 12 and C4H2
[[32m[1m INFO  [21m[0m] -----------------------------------------------------------------
[[32m[1m INFO  [21m[0m] Elapsed time: 1.35e+06 || Step number: 4400/30000
[[32m[1m INFO  [21m[0m] longdy = 1.61e-01      || longdy/dt = 6.25e-04  || dt = 1.23e+01
[[32m[1m INFO  [21m[0m] from nz = 46 and NH2
[[32m[1m INFO  [21m[0m] -----------------------------------------------------------------
[[32m[1m INFO  [21m[0m] Elapsed time: 1.42e+06 || Step number: 4500/30000
[[32m[1m INFO  [21m[0m] longdy = 4.55e-01      || longdy/dt = 5.94e-06  || dt = 1.09e-03
[[32m[1m INFO  [21m[0m] from nz = 40 and CH3
[[32m[1m INFO  [21m[0m] -----------------------------------------------------------------
[[32m[1m INFO  [21m[0m] Elapsed time: 1.47e+06 || Step number: 4600/30000
[[32m[1m INFO  [21m[0m] longdy = 3.14e-01      || longdy/dt = 7.32e-06  || dt = 5.67e-01
[[32m[1m INFO  [21m[0m] from nz = 46 and NH2
[[32m[1m INFO  [21m[0m] -----------------------------------------------------------------
[[32m[1m INFO  [21m[0m] Elapsed time: 1.50e+06 || Step number: 4700/30000
[[32m[1m INFO  [21m[0m] longdy = 1.00e+00      || longdy/dt = 2.72e-05  || dt = 5.74e-01
[[32m[1m INFO  [21m[0m] from nz = 12 and C4H2
[[32m[1m INFO  [21m[0m] -----------------------------------------------------------------
[[32m[1m INFO  [21m[0m] Elapsed time: 1.54e+06 || Step number: 4800/30000
[[32m[1m INFO  [21m[0m] longdy = 1.30e-01      || longdy/dt = 5.43e-06  || dt = 1.63e+04
[[32m[1m INFO  [21m[0m] from nz = 33 and CS
[[32m[1m INFO  [21m[0m] -----------------------------------------------------------------
[[32m[1m INFO  [21m[0m] Elapsed time: 1.58e+06 || Step number: 4900/30000
[[32m[1m INFO  [21m[0m] longdy = 1.72e-01      || longdy/dt = 3.89e-06  || dt = 1.23e+01
[[32m[1m INFO  [21m[0m] from nz = 24 and C4H5
[[32m[1m INFO  [21m[0m] -----------------------------------------------------------------
[[32m[1m INFO  [21m[0m] Elapsed time: 1.61e+06 || Step number: 5000/30000
[[32m[1m INFO  [21m[0m] longdy = 9.80e-01      || longdy/dt = 3.59e-05  || dt = 1.26e-02
[[32m[1m INFO  [21m[0m] from nz = 12 and C4H2
[[32m[1m INFO  [21m[0m] -----------------------------------------------------------------
[[32m[1m INFO  [21m[0m] Elapsed time: 1.62e+06 || Step number: 5100/30000
[[32m[1m INFO  [21m[0m] longdy = 1.87e-01      || longdy/dt = 1.61e-05  || dt = 5.81e-01
[[32m[1m INFO  [21m[0m] from nz = 12 and C4H2
[[32m[1m INFO  [21m[0m] -----------------------------------------------------------------
[[32m[1m INFO  [21m[0m] Elapsed time: 1.67e+06 || Step number: 5200/30000
[[32m[1m INFO  [21m[0m] longdy = 9.98e-01      || longdy/dt = 2.18e-05  || dt = 9.50e-03
[[32m[1m INFO  [21m[0m] from nz = 11 and C4H2
[[32m[1m INFO  [21m[0m] -----------------------------------------------------------------
[[32m[1m INFO  [21m[0m] Elapsed time: 1.69e+06 || Step number: 5300/30000
[[32m[1m INFO  [21m[0m] longdy = 9.91e-02      || longdy/dt = 5.32e-06  || dt = 1.46e-03
[[32m[1m INFO  [21m[0m] from nz = 33 and CS
[[32m[1m INFO  [21m[0m] -----------------------------------------------------------------
[[32m[1m INFO  [21m[0m] Elapsed time: 1.73e+06 || Step number: 5400/30000
[[32m[1m INFO  [21m[0m] longdy = 1.17e-01      || longdy/dt = 2.74e-06  || dt = 1.23e+01
[[32m[1m INFO  [21m[0m] from nz = 15 and C3H4
[[32m[1m INFO  [21m[0m] -----------------------------------------------------------------
[[32m[1m INFO  [21m[0m] Elapsed time: 1.74e+06 || Step number: 5500/30000
[[32m[1m INFO  [21m[0m] longdy = 5.55e-02      || longdy/dt = 4.24e-06  || dt = 1.23e+01
[[32m[1m INFO  [21m[0m] from nz = 33 and CS
[[32m[1m INFO  [21m[0m] -----------------------------------------------------------------
[[32m[1m INFO  [21m[0m] Elapsed time: 1.77e+06 || Step number: 5600/30000
[[32m[1m INFO  [21m[0m] longdy = 8.03e-02      || longdy/dt = 2.49e-06  || dt = 5.67e-01
[[32m[1m INFO  [21m[0m] from nz = 15 and C3H4
[[32m[1m INFO  [21m[0m] -----------------------------------------------------------------
[[32m[1m INFO  [21m[0m] Elapsed time: 1.82e+06 || Step number: 5700/30000
[[32m[1m INFO  [21m[0m] longdy = 9.55e-02      || longdy/dt = 2.65e-06  || dt = 1.15e+04
[[32m[1m INFO  [21m[0m] from nz = 33 and CS
[[32m[1m INFO  [21m[0m] -----------------------------------------------------------------
[[32m[1m INFO  [21m[0m] Elapsed time: 1.85e+06 || Step number: 5800/30000
[[32m[1m INFO  [21m[0m] longdy = 6.40e-02      || longdy/dt = 2.07e-06  || dt = 3.31e-05
[[32m[1m INFO  [21m[0m] from nz = 15 and C3H4
[[32m[1m INFO  [21m[0m] -----------------------------------------------------------------
[[32m[1m INFO  [21m[0m] Elapsed time: 1.88e+06 || Step number: 5900/30000
[[32m[1m INFO  [21m[0m] longdy = 6.38e-02      || longdy/dt = 2.13e-06  || dt = 5.68e-01
[[32m[1m INFO  [21m[0m] from nz = 33 and CS
[[32m[1m INFO  [21m[0m] -----------------------------------------------------------------
[[32m[1m INFO  [21m[0m] Elapsed time: 1.98e+06 || Step number: 6000/30000
[[32m[1m INFO  [21m[0m] longdy = 1.00e+00      || longdy/dt = 1.01e-05  || dt = 5.70e-01
[[32m[1m INFO  [21m[0m] from nz = 12 and C4H2
[[32m[1m INFO  [21m[0m] -----------------------------------------------------------------
[[32m[1m INFO  [21m[0m] Elapsed time: 2.00e+06 || Step number: 6100/30000
[[32m[1m INFO  [21m[0m] longdy = 7.24e-02      || longdy/dt = 3.07e-06  || dt = 1.68e-02
[[32m[1m INFO  [21m[0m] from nz = 33 and CS
[[32m[1m INFO  [21m[0m] -----------------------------------------------------------------
[[32m[1m INFO  [21m[0m] Elapsed time: 2.02e+06 || Step number: 6200/30000
[[32m[1m INFO  [21m[0m] longdy = 3.61e-02      || longdy/dt = 1.63e-06  || dt = 1.23e+01
[[32m[1m INFO  [21m[0m] from nz = 36 and CH2
[[32m[1m INFO  [21m[0m] -----------------------------------------------------------------
[[32m[1m INFO  [21m[0m] Elapsed time: 2.09e+06 || Step number: 6300/30000
[[32m[1m INFO  [21m[0m] longdy = 7.67e-02      || longdy/dt = 1.22e-06  || dt = 5.70e+03
[[32m[1m INFO  [21m[0m] from nz = 14 and C3H4
[[32m[1m INFO  [21m[0m] -----------------------------------------------------------------
[[32m[1m INFO  [21m[0m] Elapsed time: 2.11e+06 || Step number: 6400/30000
[[32m[1m INFO  [21m[0m] longdy = 2.54e-02      || longdy/dt = 1.66e-06  || dt = 7.27e+03
[[32m[1m INFO  [21m[0m] from nz = 33 and CS
[[32m[1m INFO  [21m[0m] -----------------------------------------------------------------
[[32m[1m INFO  [21m[0m] Elapsed time: 2.17e+06 || Step number: 6500/30000
[[32m[1m INFO  [21m[0m] longdy = 7.48e-01      || longdy/dt = 1.27e-05  || dt = 2.86e+01
[[32m[1m INFO  [21m[0m] from nz = 13 and C3H4
[[32m[1m INFO  [21m[0m] -----------------------------------------------------------------
[[32m[1m INFO  [21m[0m] Elapsed time: 2.18e+06 || Step number: 6600/30000
[[32m[1m INFO  [21m[0m] longdy = 3.81e-01      || longdy/dt = 2.69e-05  || dt = 3.15e+03
[[32m[1m INFO  [21m[0m] from nz = 13 and C3H4
[[32m[1m INFO  [21m[0m] -----------------------------------------------------------------
[[32m[1m INFO  [21m[0m] Elapsed time: 2.23e+06 || Step number: 6700/30000
[[32m[1m INFO  [21m[0m] longdy = 1.00e+00      || longdy/dt = 2.22e-05  || dt = 3.58e-03
[[32m[1m INFO  [21m[0m] from nz = 12 and C4H2
[[32m[1m INFO  [21m[0m] -----------------------------------------------------------------
[[32m[1m INFO  [21m[0m] Elapsed time: 2.33e+06 || Step number: 6800/30000
[[32m[1m INFO  [21m[0m] longdy = 7.62e-02      || longdy/dt = 7.68e-07  || dt = 4.50e-01
[[32m[1m INFO  [21m[0m] from nz = 23 and C4H2
[[32m[1m INFO  [21m[0m] -----------------------------------------------------------------
[[32m[1m INFO  [21m[0m] Elapsed time: 2.35e+06 || Step number: 6900/30000
[[32m[1m INFO  [21m[0m] longdy = 4.69e-02      || longdy/dt = 2.45e-06  || dt = 2.48e+01
[[32m[1m INFO  [21m[0m] from nz = 33 and CS
[[32m[1m INFO  [21m[0m] -----------------------------------------------------------------
[[32m[1m INFO  [21m[0m] Elapsed time: 2.40e+06 || Step number: 7000/30000
[[32m[1m INFO  [21m[0m] longdy = 3.61e-02      || longdy/dt = 6.30e-07  || dt = 5.66e-01
[[32m[1m INFO  [21m[0m] from nz = 22 and C4H2
[[32m[1m INFO  [21m[0m] -----------------------------------------------------------------
[[32m[1m INFO  [21m[0m] Elapsed time: 2.46e+06 || Step number: 7100/30000
[[32m[1m INFO  [21m[0m] longdy = 3.02e-02      || longdy/dt = 5.43e-07  || dt = 8.75e+03
[[32m[1m INFO  [21m[0m] from nz = 22 and C4H2
[[32m[1m INFO  [21m[0m] -----------------------------------------------------------------
[[32m[1m INFO  [21m[0m] Elapsed time: 2.53e+06 || Step number: 7200/30000
[[32m[1m INFO  [21m[0m] longdy = 3.21e-02      || longdy/dt = 4.74e-07  || dt = 1.14e+00
[[32m[1m INFO  [21m[0m] from nz = 22 and C4H2
[[32m[1m INFO  [21m[0m] -----------------------------------------------------------------
[[32m[1m INFO  [21m[0m] Integration successful with 7261 steps
[[32m[1m INFO  [21m[0m] long dy, long dydt = 0.03166153139763774, 3.991778973353223e-07
[[32m[1m INFO  [21m[0m] Total atom loss:
[[32m[1m INFO  [21m[0m] H: 0.013713719359132423 
[[32m[1m INFO  [21m[0m] O: -0.03749050362601774 
[[32m[1m INFO  [21m[0m] C: 9.989125752503034 
[[32m[1m INFO  [21m[0m] N: 0.845411288279162 
[[32m[1m INFO  [21m[0m] S: 31.548477075191837 
[[32m[1m INFO  [21m[0m] ------ Live long and prosper \V/ ------
[[32m[1m INFO  [21m[0m]     done
Atmodeller initialized with double precision (float64)
[[93m[1m WARNING [21m[0m] The archive tar file does not exist: /data/rdc49-2/K218b_project/simulation_data/grid_H1_C0_N2_S0_fO21__from_batch05_case_000040__7_crash_atmos_chem_step_vulcan_chem_funs_race_missing_symjac/data/data.tar
[[32m[1m INFO  [21m[0m] Observing the planet...
Loading PHOENIX star table in file '/data/rdc49-2/FWL_DATA/prt/input_data/stellar_spectra/phoenix/phoenix.startable.petitRADTRANS.h5'... Done.
