[juliapkg] Waiting for lock on /data/rdc49-2/anaconda3/envs/proteus/julia_env/lock.pid to be freed. This normally means that another process is resolving. If you know that no other process is resolving, delete this file to proceed.
Atmodeller initialized with double precision (float64)
[[93m[1m WARNING [21m[0m] The archive tar file does not exist: /data/rdc49-2/K218b_project/simulation_data/grid_H0_C3_N0_S0_fO22__from_batch10_case_000016__7_crash_atmos_chem_step_vulcan_chem_funs_race_syntax_error/data/data.tar
[[32m[1m INFO  [21m[0m] Running atmospheric chemistry...
[[32m[1m INFO  [21m[0m]     Using vulcan module, offline
[[32m[1m INFO  [21m[0m] Elements conserved in the network.
[[32m[1m INFO  [21m[0m] No duplicates in the network.
[[32m[1m INFO  [21m[0m] Elements conserved in the network.
[[32m[1m INFO  [21m[0m] No duplicates in the network.
[[32m[1m INFO  [21m[0m] Running VULCAN
[[32m[1m INFO  [21m[0m] Initializing with compositions from ASCII file /data/rdc49-2/K218b_project/simulation_data/grid_H0_C3_N0_S0_fO22__from_batch10_case_000016__7_crash_atmos_chem_step_vulcan_chem_funs_race_syntax_error/offchem/vmrs.dat
[[32m[1m INFO  [21m[0m] Input stellar spectrum from 2.0 to 700.0
[[32m[1m INFO  [21m[0m] Using wavelength bins from 2.0 to 655.5
[[32m[1m INFO  [21m[0m] Include molecular diffusion.
[[32m[1m INFO  [21m[0m] Starting VULCAN integration with 1 threads...
[[93m[1m WARNING [21m[0m] Keep producing negative values! Clipping negative solutions and moving on!
[[93m[1m WARNING [21m[0m] Keep producing negative values! Clipping negative solutions and moving on!
[[93m[1m WARNING [21m[0m] Keep producing negative values! Clipping negative solutions and moving on!
[[93m[1m WARNING [21m[0m] Keep producing negative values! Clipping negative solutions and moving on!
[[93m[1m WARNING [21m[0m] Keep producing negative values! Clipping negative solutions and moving on!
[[93m[1m WARNING [21m[0m] Keep producing negative values! Clipping negative solutions and moving on!
[[93m[1m WARNING [21m[0m] Keep producing negative values! Clipping negative solutions and moving on!
[[93m[1m WARNING [21m[0m] Keep producing negative values! Clipping negative solutions and moving on!
[[93m[1m WARNING [21m[0m] Keep producing negative values! Clipping negative solutions and moving on!
[[93m[1m WARNING [21m[0m] Keep producing negative values! Clipping negative solutions and moving on!
[[93m[1m WARNING [21m[0m] Keep producing negative values! Clipping negative solutions and moving on!
[[93m[1m WARNING [21m[0m] Keep producing negative values! Clipping negative solutions and moving on!
[[93m[1m WARNING [21m[0m] Keep producing negative values! Clipping negative solutions and moving on!
[[93m[1m WARNING [21m[0m] Keep producing negative values! Clipping negative solutions and moving on!
[[93m[1m WARNING [21m[0m] Keep producing negative values! Clipping negative solutions and moving on!
[[93m[1m WARNING [21m[0m] Keep producing negative values! Clipping negative solutions and moving on!
[[93m[1m WARNING [21m[0m] Keep producing negative values! Clipping negative solutions and moving on!
[[93m[1m WARNING [21m[0m] Keep producing negative values! Clipping negative solutions and moving on!
[[93m[1m WARNING [21m[0m] Keep producing negative values! Clipping negative solutions and moving on!
[[93m[1m WARNING [21m[0m] Keep producing negative values! Clipping negative solutions and moving on!
[[93m[1m WARNING [21m[0m] Keep producing negative values! Clipping negative solutions and moving on!
[[93m[1m WARNING [21m[0m] Keep producing negative values! Clipping negative solutions and moving on!
[[32m[1m INFO  [21m[0m] Elapsed time: 2.27e-06 || Step number: 100/30000
[[32m[1m INFO  [21m[0m] longdy = 1.00e+00      || longdy/dt = 1.00e+00  || dt = 1.43e-08
[[32m[1m INFO  [21m[0m] from nz = 0 and OH
[[32m[1m INFO  [21m[0m] -----------------------------------------------------------------
[[93m[1m WARNING [21m[0m] Keep producing negative values! Clipping negative solutions and moving on!
[[93m[1m WARNING [21m[0m] Keep producing negative values! Clipping negative solutions and moving on!
[[93m[1m WARNING [21m[0m] Keep producing negative values! Clipping negative solutions and moving on!
[[93m[1m WARNING [21m[0m] Keep producing negative values! Clipping negative solutions and moving on!
[[93m[1m WARNING [21m[0m] Keep producing negative values! Clipping negative solutions and moving on!
[[93m[1m WARNING [21m[0m] Keep producing negative values! Clipping negative solutions and moving on!
[[93m[1m WARNING [21m[0m] Keep producing negative values! Clipping negative solutions and moving on!
[[32m[1m INFO  [21m[0m] Elapsed time: 4.25e-06 || Step number: 200/30000
[[32m[1m INFO  [21m[0m] longdy = 1.00e+00      || longdy/dt = 1.00e+00  || dt = 1.00e-08
[[32m[1m INFO  [21m[0m] from nz = 0 and OH
[[32m[1m INFO  [21m[0m] -----------------------------------------------------------------
[[93m[1m WARNING [21m[0m] Keep producing negative values! Clipping negative solutions and moving on!
[[93m[1m WARNING [21m[0m] Keep producing negative values! Clipping negative solutions and moving on!
[[93m[1m WARNING [21m[0m] Keep producing negative values! Clipping negative solutions and moving on!
[[93m[1m WARNING [21m[0m] Keep producing negative values! Clipping negative solutions and moving on!
[[93m[1m WARNING [21m[0m] Keep producing negative values! Clipping negative solutions and moving on!
[[32m[1m INFO  [21m[0m] Elapsed time: 6.53e-06 || Step number: 300/30000
[[32m[1m INFO  [21m[0m] longdy = 1.00e+00      || longdy/dt = 1.00e+00  || dt = 4.00e-08
[[32m[1m INFO  [21m[0m] from nz = 0 and OH
[[32m[1m INFO  [21m[0m] -----------------------------------------------------------------
[[93m[1m WARNING [21m[0m] Keep producing negative values! Clipping negative solutions and moving on!
[[93m[1m WARNING [21m[0m] Keep producing negative values! Clipping negative solutions and moving on!
[[93m[1m WARNING [21m[0m] Keep producing negative values! Clipping negative solutions and moving on!
[[93m[1m WARNING [21m[0m] Keep producing negative values! Clipping negative solutions and moving on!
[[93m[1m WARNING [21m[0m] Keep producing negative values! Clipping negative solutions and moving on!
[[93m[1m WARNING [21m[0m] Keep producing negative values! Clipping negative solutions and moving on!
[[93m[1m WARNING [21m[0m] Keep producing negative values! Clipping negative solutions and moving on!
[[93m[1m WARNING [21m[0m] Keep producing negative values! Clipping negative solutions and moving on!
[[93m[1m WARNING [21m[0m] Keep producing negative values! Clipping negative solutions and moving on!
[[32m[1m INFO  [21m[0m] Elapsed time: 8.79e-06 || Step number: 400/30000
[[32m[1m INFO  [21m[0m] longdy = 1.00e+00      || longdy/dt = 1.00e+00  || dt = 2.57e-08
[[32m[1m INFO  [21m[0m] from nz = 0 and OH
[[32m[1m INFO  [21m[0m] -----------------------------------------------------------------
[[93m[1m WARNING [21m[0m] Keep producing negative values! Clipping negative solutions and moving on!
[[93m[1m WARNING [21m[0m] Keep producing negative values! Clipping negative solutions and moving on!
[[93m[1m WARNING [21m[0m] Keep producing negative values! Clipping negative solutions and moving on!
[[93m[1m WARNING [21m[0m] Keep producing negative values! Clipping negative solutions and moving on!
[[93m[1m WARNING [21m[0m] Keep producing negative values! Clipping negative solutions and moving on!
[[93m[1m WARNING [21m[0m] Keep producing negative values! Clipping negative solutions and moving on!
[[93m[1m WARNING [21m[0m] Keep producing negative values! Clipping negative solutions and moving on!
[[93m[1m WARNING [21m[0m] Keep producing negative values! Clipping negative solutions and moving on!
[[93m[1m WARNING [21m[0m] Keep producing negative values! Clipping negative solutions and moving on!
[[93m[1m WARNING [21m[0m] Keep producing negative values! Clipping negative solutions and moving on!
[[93m[1m WARNING [21m[0m] Keep producing negative values! Clipping negative solutions and moving on!
[[32m[1m INFO  [21m[0m] Elapsed time: 1.14e-05 || Step number: 500/30000
[[32m[1m INFO  [21m[0m] longdy = 1.00e+00      || longdy/dt = 1.00e+00  || dt = 6.77e-08
[[32m[1m INFO  [21m[0m] from nz = 0 and OH
[[32m[1m INFO  [21m[0m] -----------------------------------------------------------------
[[93m[1m WARNING [21m[0m] Keep producing negative values! Clipping negative solutions and moving on!
[[93m[1m WARNING [21m[0m] Keep producing negative values! Clipping negative solutions and moving on!
[[93m[1m WARNING [21m[0m] Keep producing negative values! Clipping negative solutions and moving on!
[[93m[1m WARNING [21m[0m] Keep producing negative values! Clipping negative solutions and moving on!
[[93m[1m WARNING [21m[0m] Keep producing negative values! Clipping negative solutions and moving on!
[[93m[1m WARNING [21m[0m] Keep producing negative values! Clipping negative solutions and moving on!
[[93m[1m WARNING [21m[0m] Keep producing negative values! Clipping negative solutions and moving on!
[[93m[1m WARNING [21m[0m] Keep producing negative values! Clipping negative solutions and moving on!
[[93m[1m WARNING [21m[0m] Keep producing negative values! Clipping negative solutions and moving on!
[[93m[1m WARNING [21m[0m] Keep producing negative values! Clipping negative solutions and moving on!
[[32m[1m INFO  [21m[0m] Elapsed time: 1.41e-05 || Step number: 600/30000
[[32m[1m INFO  [21m[0m] longdy = 1.00e+00      || longdy/dt = 1.00e+00  || dt = 3.44e-08
[[32m[1m INFO  [21m[0m] from nz = 0 and OH
[[32m[1m INFO  [21m[0m] -----------------------------------------------------------------
[[93m[1m WARNING [21m[0m] Keep producing negative values! Clipping negative solutions and moving on!
[[93m[1m WARNING [21m[0m] Keep producing negative values! Clipping negative solutions and moving on!
[[93m[1m WARNING [21m[0m] Keep producing negative values! Clipping negative solutions and moving on!
[[93m[1m WARNING [21m[0m] Keep producing negative values! Clipping negative solutions and moving on!
[[93m[1m WARNING [21m[0m] Keep producing negative values! Clipping negative solutions and moving on!
[[93m[1m WARNING [21m[0m] Keep producing negative values! Clipping negative solutions and moving on!
[[93m[1m WARNING [21m[0m] Keep producing negative values! Clipping negative solutions and moving on!
[[93m[1m WARNING [21m[0m] Keep producing negative values! Clipping negative solutions and moving on!
[[93m[1m WARNING [21m[0m] Keep producing negative values! Clipping negative solutions and moving on!
[[93m[1m WARNING [21m[0m] Keep producing negative values! Clipping negative solutions and moving on!
[[32m[1m INFO  [21m[0m] Elapsed time: 1.77e-05 || Step number: 700/30000
[[32m[1m INFO  [21m[0m] longdy = 1.00e+00      || longdy/dt = 1.00e+00  || dt = 5.81e-08
[[32m[1m INFO  [21m[0m] from nz = 0 and OH
[[32m[1m INFO  [21m[0m] -----------------------------------------------------------------
[[93m[1m WARNING [21m[0m] Keep producing negative values! Clipping negative solutions and moving on!
[[93m[1m WARNING [21m[0m] Keep producing negative values! Clipping negative solutions and moving on!
[[93m[1m WARNING [21m[0m] Keep producing negative values! Clipping negative solutions and moving on!
[[93m[1m WARNING [21m[0m] Keep producing negative values! Clipping negative solutions and moving on!
[[32m[1m INFO  [21m[0m] Elapsed time: 2.60e-05 || Step number: 800/30000
[[32m[1m INFO  [21m[0m] longdy = 1.00e+00      || longdy/dt = 1.00e+00  || dt = 2.07e-07
[[32m[1m INFO  [21m[0m] from nz = 0 and OH
[[32m[1m INFO  [21m[0m] -----------------------------------------------------------------
[[93m[1m WARNING [21m[0m] Keep producing negative values! Clipping negative solutions and moving on!
[[32m[1m INFO  [21m[0m] Elapsed time: 1.20e-04 || Step number: 900/30000
[[32m[1m INFO  [21m[0m] longdy = 1.00e+00      || longdy/dt = 1.00e+00  || dt = 2.18e-06
[[32m[1m INFO  [21m[0m] from nz = 0 and OH
[[32m[1m INFO  [21m[0m] -----------------------------------------------------------------
[[32m[1m INFO  [21m[0m] Elapsed time: 7.66e-04 || Step number: 1000/30000
[[32m[1m INFO  [21m[0m] longdy = 1.00e+00      || longdy/dt = 1.00e+00  || dt = 1.49e-05
[[32m[1m INFO  [21m[0m] from nz = 0 and OH
[[32m[1m INFO  [21m[0m] -----------------------------------------------------------------
[[32m[1m INFO  [21m[0m] Elapsed time: 4.93e-03 || Step number: 1100/30000
[[32m[1m INFO  [21m[0m] longdy = 1.00e+00      || longdy/dt = 1.00e+00  || dt = 9.46e-05
[[32m[1m INFO  [21m[0m] from nz = 0 and OH
[[32m[1m INFO  [21m[0m] -----------------------------------------------------------------
[[32m[1m INFO  [21m[0m] Elapsed time: 2.85e-02 || Step number: 1200/30000
[[32m[1m INFO  [21m[0m] longdy = 1.00e+00      || longdy/dt = 1.00e+00  || dt = 3.88e-04
[[32m[1m INFO  [21m[0m] from nz = 0 and OH
[[32m[1m INFO  [21m[0m] -----------------------------------------------------------------
[[32m[1m INFO  [21m[0m] Elapsed time: 1.56e-01 || Step number: 1300/30000
[[32m[1m INFO  [21m[0m] longdy = 1.00e+00      || longdy/dt = 1.00e+00  || dt = 1.86e-03
[[32m[1m INFO  [21m[0m] from nz = 0 and OH
[[32m[1m INFO  [21m[0m] -----------------------------------------------------------------
[[32m[1m INFO  [21m[0m] Elapsed time: 8.51e-01 || Step number: 1400/30000
[[32m[1m INFO  [21m[0m] longdy = 1.00e+00      || longdy/dt = 1.00e+00  || dt = 1.00e-02
[[32m[1m INFO  [21m[0m] from nz = 0 and OH
[[32m[1m INFO  [21m[0m] -----------------------------------------------------------------
[[32m[1m INFO  [21m[0m] Elapsed time: 3.21e+00 || Step number: 1500/30000
[[32m[1m INFO  [21m[0m] longdy = 1.00e+00      || longdy/dt = 1.00e+00  || dt = 3.91e-02
[[32m[1m INFO  [21m[0m] from nz = 0 and OH
[[32m[1m INFO  [21m[0m] -----------------------------------------------------------------
[[32m[1m INFO  [21m[0m] Elapsed time: 8.96e+00 || Step number: 1600/30000
[[32m[1m INFO  [21m[0m] longdy = 1.00e+00      || longdy/dt = 1.00e+00  || dt = 8.37e-02
[[32m[1m INFO  [21m[0m] from nz = 0 and OH
[[32m[1m INFO  [21m[0m] -----------------------------------------------------------------
[[32m[1m INFO  [21m[0m] Elapsed time: 2.10e+01 || Step number: 1700/30000
[[32m[1m INFO  [21m[0m] longdy = 1.00e+00      || longdy/dt = 1.00e+00  || dt = 1.66e-01
[[32m[1m INFO  [21m[0m] from nz = 0 and OH
[[32m[1m INFO  [21m[0m] -----------------------------------------------------------------
[[32m[1m INFO  [21m[0m] Elapsed time: 4.24e+01 || Step number: 1800/30000
[[32m[1m INFO  [21m[0m] longdy = 1.00e+00      || longdy/dt = 1.00e+00  || dt = 2.42e-01
[[32m[1m INFO  [21m[0m] from nz = 0 and OH
[[32m[1m INFO  [21m[0m] -----------------------------------------------------------------
[[32m[1m INFO  [21m[0m] Elapsed time: 7.72e+01 || Step number: 1900/30000
[[32m[1m INFO  [21m[0m] longdy = 1.00e+00      || longdy/dt = 1.00e+00  || dt = 4.43e-01
[[32m[1m INFO  [21m[0m] from nz = 0 and OH
[[32m[1m INFO  [21m[0m] -----------------------------------------------------------------
[[32m[1m INFO  [21m[0m] Elapsed time: 1.40e+02 || Step number: 2000/30000
[[32m[1m INFO  [21m[0m] longdy = 1.49e+01      || longdy/dt = 2.40e-01  || dt = 8.68e-01
[[32m[1m INFO  [21m[0m] from nz = 41 and NH
[[32m[1m INFO  [21m[0m] -----------------------------------------------------------------
[[32m[1m INFO  [21m[0m] Elapsed time: 2.29e+02 || Step number: 2100/30000
[[32m[1m INFO  [21m[0m] longdy = 2.26e+01      || longdy/dt = 2.58e-01  || dt = 1.22e+00
[[32m[1m INFO  [21m[0m] from nz = 37 and HCS
[[32m[1m INFO  [21m[0m] -----------------------------------------------------------------
[[32m[1m INFO  [21m[0m] Elapsed time: 3.30e+02 || Step number: 2200/30000
[[32m[1m INFO  [21m[0m] longdy = 1.41e+01      || longdy/dt = 1.41e-01  || dt = 1.57e+00
[[32m[1m INFO  [21m[0m] from nz = 35 and HCS
[[32m[1m INFO  [21m[0m] -----------------------------------------------------------------
[[32m[1m INFO  [21m[0m] Elapsed time: 4.70e+02 || Step number: 2300/30000
[[32m[1m INFO  [21m[0m] longdy = 1.46e+01      || longdy/dt = 1.06e-01  || dt = 2.17e+00
[[32m[1m INFO  [21m[0m] from nz = 33 and HCS
[[32m[1m INFO  [21m[0m] -----------------------------------------------------------------
[[32m[1m INFO  [21m[0m] Elapsed time: 6.72e+02 || Step number: 2400/30000
[[32m[1m INFO  [21m[0m] longdy = 1.34e+01      || longdy/dt = 6.73e-02  || dt = 3.07e+00
[[32m[1m INFO  [21m[0m] from nz = 31 and HCS
[[32m[1m INFO  [21m[0m] -----------------------------------------------------------------
[[32m[1m INFO  [21m[0m] Elapsed time: 9.69e+02 || Step number: 2500/30000
[[32m[1m INFO  [21m[0m] longdy = 6.65e+00      || longdy/dt = 2.27e-02  || dt = 4.87e+00
[[32m[1m INFO  [21m[0m] from nz = 29 and HCS
[[32m[1m INFO  [21m[0m] -----------------------------------------------------------------
[[32m[1m INFO  [21m[0m] Elapsed time: 1.61e+03 || Step number: 2600/30000
[[32m[1m INFO  [21m[0m] longdy = 2.56e+00      || longdy/dt = 4.07e-03  || dt = 1.30e+01
[[32m[1m INFO  [21m[0m] from nz = 13 and SO
[[32m[1m INFO  [21m[0m] -----------------------------------------------------------------
[[32m[1m INFO  [21m[0m] Elapsed time: 3.41e+03 || Step number: 2700/30000
[[32m[1m INFO  [21m[0m] longdy = 2.39e+02      || longdy/dt = 1.42e-01  || dt = 4.05e+01
[[32m[1m INFO  [21m[0m] from nz = 23 and CS
[[32m[1m INFO  [21m[0m] -----------------------------------------------------------------
[[32m[1m INFO  [21m[0m] Elapsed time: 7.20e+03 || Step number: 2800/30000
[[32m[1m INFO  [21m[0m] longdy = 3.07e+04      || longdy/dt = 8.63e+00  || dt = 7.02e+01
[[32m[1m INFO  [21m[0m] from nz = 25 and CS
[[32m[1m INFO  [21m[0m] -----------------------------------------------------------------
[[32m[1m INFO  [21m[0m] Elapsed time: 9.19e+03 || Step number: 2900/30000
[[32m[1m INFO  [21m[0m] longdy = 9.65e+01      || longdy/dt = 5.03e-02  || dt = 7.69e+01
[[32m[1m INFO  [21m[0m] from nz = 27 and CS
[[32m[1m INFO  [21m[0m] -----------------------------------------------------------------
[[32m[1m INFO  [21m[0m] Elapsed time: 1.65e+04 || Step number: 3000/30000
[[32m[1m INFO  [21m[0m] longdy = 5.93e+04      || longdy/dt = 8.17e+00  || dt = 1.06e+02
[[32m[1m INFO  [21m[0m] from nz = 29 and CS
[[32m[1m INFO  [21m[0m] -----------------------------------------------------------------
[[32m[1m INFO  [21m[0m] Elapsed time: 3.45e+04 || Step number: 3100/30000
[[32m[1m INFO  [21m[0m] longdy = 2.03e+04      || longdy/dt = 1.20e+00  || dt = 6.37e+02
[[32m[1m INFO  [21m[0m] from nz = 32 and CS
[[32m[1m INFO  [21m[0m] -----------------------------------------------------------------
[[32m[1m INFO  [21m[0m] Elapsed time: 7.18e+04 || Step number: 3200/30000
[[32m[1m INFO  [21m[0m] longdy = 4.68e+01      || longdy/dt = 1.32e-03  || dt = 6.49e+02
[[32m[1m INFO  [21m[0m] from nz = 34 and CS
[[32m[1m INFO  [21m[0m] -----------------------------------------------------------------
[[93m[1m WARNING [21m[0m] Keep producing negative values! Clipping negative solutions and moving on!
[[93m[1m WARNING [21m[0m] Keep producing negative values! Clipping negative solutions and moving on!
[[32m[1m INFO  [21m[0m] Elapsed time: 8.87e+04 || Step number: 3300/30000
[[32m[1m INFO  [21m[0m] longdy = 8.02e-01      || longdy/dt = 4.74e-05  || dt = 3.20e-07
[[32m[1m INFO  [21m[0m] from nz = 4 and S4
[[32m[1m INFO  [21m[0m] -----------------------------------------------------------------
[[93m[1m WARNING [21m[0m] Keep producing negative values! Clipping negative solutions and moving on!
[[93m[1m WARNING [21m[0m] Keep producing negative values! Clipping negative solutions and moving on!
[[32m[1m INFO  [21m[0m] Elapsed time: 9.19e+04 || Step number: 3400/30000
[[32m[1m INFO  [21m[0m] longdy = 2.41e-01      || longdy/dt = 7.61e-05  || dt = 1.00e-08
[[32m[1m INFO  [21m[0m] from nz = 4 and S4
[[32m[1m INFO  [21m[0m] -----------------------------------------------------------------
[[93m[1m WARNING [21m[0m] Keep producing negative values! Clipping negative solutions and moving on!
[[32m[1m INFO  [21m[0m] Elapsed time: 9.72e+04 || Step number: 3500/30000
[[32m[1m INFO  [21m[0m] longdy = 3.55e-01      || longdy/dt = 6.74e-05  || dt = 8.45e+01
[[32m[1m INFO  [21m[0m] from nz = 4 and S4
[[32m[1m INFO  [21m[0m] -----------------------------------------------------------------
[[93m[1m WARNING [21m[0m] Keep producing negative values! Clipping negative solutions and moving on!
[[93m[1m WARNING [21m[0m] Keep producing negative values! Clipping negative solutions and moving on!
[[32m[1m INFO  [21m[0m] Elapsed time: 1.04e+05 || Step number: 3600/30000
[[32m[1m INFO  [21m[0m] longdy = 3.97e-01      || longdy/dt = 6.13e-05  || dt = 1.34e+00
[[32m[1m INFO  [21m[0m] from nz = 4 and S4
[[32m[1m INFO  [21m[0m] -----------------------------------------------------------------
[[93m[1m WARNING [21m[0m] Keep producing negative values! Clipping negative solutions and moving on!
[[93m[1m WARNING [21m[0m] Keep producing negative values! Clipping negative solutions and moving on!
[[32m[1m INFO  [21m[0m] Elapsed time: 1.06e+05 || Step number: 3700/30000
[[32m[1m INFO  [21m[0m] longdy = 1.57e-01      || longdy/dt = 6.85e-05  || dt = 1.78e+02
[[32m[1m INFO  [21m[0m] from nz = 4 and S4
[[32m[1m INFO  [21m[0m] -----------------------------------------------------------------
[[93m[1m WARNING [21m[0m] Keep producing negative values! Clipping negative solutions and moving on!
[[93m[1m WARNING [21m[0m] Keep producing negative values! Clipping negative solutions and moving on!
[[93m[1m WARNING [21m[0m] Keep producing negative values! Clipping negative solutions and moving on!
[[32m[1m INFO  [21m[0m] Elapsed time: 1.10e+05 || Step number: 3800/30000
[[32m[1m INFO  [21m[0m] longdy = 2.36e-01      || longdy/dt = 6.65e-05  || dt = 8.19e-05
[[32m[1m INFO  [21m[0m] from nz = 5 and S4
[[32m[1m INFO  [21m[0m] -----------------------------------------------------------------
[[93m[1m WARNING [21m[0m] Keep producing negative values! Clipping negative solutions and moving on!
[[93m[1m WARNING [21m[0m] Keep producing negative values! Clipping negative solutions and moving on!
[[32m[1m INFO  [21m[0m] Elapsed time: 1.16e+05 || Step number: 3900/30000
[[32m[1m INFO  [21m[0m] longdy = 3.80e-01      || longdy/dt = 5.85e-05  || dt = 1.02e-05
[[32m[1m INFO  [21m[0m] from nz = 5 and S4
[[32m[1m INFO  [21m[0m] -----------------------------------------------------------------
[[93m[1m WARNING [21m[0m] Keep producing negative values! Clipping negative solutions and moving on!
[[93m[1m WARNING [21m[0m] Keep producing negative values! Clipping negative solutions and moving on!
[[32m[1m INFO  [21m[0m] Elapsed time: 1.20e+05 || Step number: 4000/30000
[[32m[1m INFO  [21m[0m] longdy = 2.28e-01      || longdy/dt = 6.28e-05  || dt = 1.05e-02
[[32m[1m INFO  [21m[0m] from nz = 5 and S4
[[32m[1m INFO  [21m[0m] -----------------------------------------------------------------
[[93m[1m WARNING [21m[0m] Keep producing negative values! Clipping negative solutions and moving on!
[[93m[1m WARNING [21m[0m] Keep producing negative values! Clipping negative solutions and moving on!
[[32m[1m INFO  [21m[0m] Elapsed time: 1.25e+05 || Step number: 4100/30000
[[32m[1m INFO  [21m[0m] longdy = 2.92e-01      || longdy/dt = 5.85e-05  || dt = 1.37e+02
[[32m[1m INFO  [21m[0m] from nz = 5 and S4
[[32m[1m INFO  [21m[0m] -----------------------------------------------------------------
[[93m[1m WARNING [21m[0m] Keep producing negative values! Clipping negative solutions and moving on!
[[93m[1m WARNING [21m[0m] Keep producing negative values! Clipping negative solutions and moving on!
[[93m[1m WARNING [21m[0m] Keep producing negative values! Clipping negative solutions and moving on!
[[32m[1m INFO  [21m[0m] Elapsed time: 1.29e+05 || Step number: 4200/30000
[[32m[1m INFO  [21m[0m] longdy = 2.43e-01      || longdy/dt = 5.84e-05  || dt = 2.56e-06
[[32m[1m INFO  [21m[0m] from nz = 5 and S4
[[32m[1m INFO  [21m[0m] -----------------------------------------------------------------
[[93m[1m WARNING [21m[0m] Keep producing negative values! Clipping negative solutions and moving on!
[[93m[1m WARNING [21m[0m] Keep producing negative values! Clipping negative solutions and moving on!
[[32m[1m INFO  [21m[0m] Elapsed time: 1.36e+05 || Step number: 4300/30000
[[32m[1m INFO  [21m[0m] longdy = 3.65e-01      || longdy/dt = 5.16e-05  || dt = 2.62e-03
[[32m[1m INFO  [21m[0m] from nz = 5 and S4
[[32m[1m INFO  [21m[0m] -----------------------------------------------------------------
[[93m[1m WARNING [21m[0m] Keep producing negative values! Clipping negative solutions and moving on!
[[93m[1m WARNING [21m[0m] Keep producing negative values! Clipping negative solutions and moving on!
[[32m[1m INFO  [21m[0m] Elapsed time: 1.41e+05 || Step number: 4400/30000
[[32m[1m INFO  [21m[0m] longdy = 2.66e-01      || longdy/dt = 5.28e-05  || dt = 2.15e+01
[[32m[1m INFO  [21m[0m] from nz = 5 and S4
[[32m[1m INFO  [21m[0m] -----------------------------------------------------------------
[[93m[1m WARNING [21m[0m] Keep producing negative values! Clipping negative solutions and moving on!
[[93m[1m WARNING [21m[0m] Keep producing negative values! Clipping negative solutions and moving on!
[[32m[1m INFO  [21m[0m] Elapsed time: 1.49e+05 || Step number: 4500/30000
[[32m[1m INFO  [21m[0m] longdy = 3.74e-01      || longdy/dt = 4.66e-05  || dt = 2.15e+01
[[32m[1m INFO  [21m[0m] from nz = 5 and S4
[[32m[1m INFO  [21m[0m] -----------------------------------------------------------------
[[93m[1m WARNING [21m[0m] Keep producing negative values! Clipping negative solutions and moving on!
[[93m[1m WARNING [21m[0m] Keep producing negative values! Clipping negative solutions and moving on!
[[93m[1m WARNING [21m[0m] Keep producing negative values! Clipping negative solutions and moving on!
[[32m[1m INFO  [21m[0m] Elapsed time: 1.58e+05 || Step number: 4600/30000
[[32m[1m INFO  [21m[0m] longdy = 4.06e-01      || longdy/dt = 4.52e-05  || dt = 2.00e-08
[[32m[1m INFO  [21m[0m] from nz = 6 and S4
[[32m[1m INFO  [21m[0m] -----------------------------------------------------------------
[[93m[1m WARNING [21m[0m] Keep producing negative values! Clipping negative solutions and moving on!
[[93m[1m WARNING [21m[0m] Keep producing negative values! Clipping negative solutions and moving on!
[[32m[1m INFO  [21m[0m] Elapsed time: 1.65e+05 || Step number: 4700/30000
[[32m[1m INFO  [21m[0m] longdy = 3.30e-01      || longdy/dt = 4.60e-05  || dt = 6.38e-04
[[32m[1m INFO  [21m[0m] from nz = 6 and S4
[[32m[1m INFO  [21m[0m] -----------------------------------------------------------------
[[93m[1m WARNING [21m[0m] Keep producing negative values! Clipping negative solutions and moving on!
[[93m[1m WARNING [21m[0m] Keep producing negative values! Clipping negative solutions and moving on!
[[32m[1m INFO  [21m[0m] Elapsed time: 1.78e+05 || Step number: 4800/30000
[[32m[1m INFO  [21m[0m] longdy = 4.89e-01      || longdy/dt = 3.86e-05  || dt = 2.10e-02
[[32m[1m INFO  [21m[0m] from nz = 6 and S4
[[32m[1m INFO  [21m[0m] -----------------------------------------------------------------
[[93m[1m WARNING [21m[0m] Keep producing negative values! Clipping negative solutions and moving on!
[[93m[1m WARNING [21m[0m] Keep producing negative values! Clipping negative solutions and moving on!
[[32m[1m INFO  [21m[0m] Elapsed time: 1.83e+05 || Step number: 4900/30000
[[32m[1m INFO  [21m[0m] longdy = 2.10e-01      || longdy/dt = 4.51e-05  || dt = 2.29e+02
[[32m[1m INFO  [21m[0m] from nz = 6 and S4
[[32m[1m INFO  [21m[0m] -----------------------------------------------------------------
[[93m[1m WARNING [21m[0m] Keep producing negative values! Clipping negative solutions and moving on!
[[93m[1m WARNING [21m[0m] Keep producing negative values! Clipping negative solutions and moving on!
[[32m[1m INFO  [21m[0m] Elapsed time: 2.07e+05 || Step number: 5000/30000
[[32m[1m INFO  [21m[0m] longdy = 6.87e-01      || longdy/dt = 2.87e-05  || dt = 5.37e+00
[[32m[1m INFO  [21m[0m] from nz = 7 and S4
[[32m[1m INFO  [21m[0m] -----------------------------------------------------------------
[[32m[1m INFO  [21m[0m] Elapsed time: 2.59e+05 || Step number: 5100/30000
[[32m[1m INFO  [21m[0m] longdy = 9.26e-01      || longdy/dt = 1.82e-05  || dt = 2.32e+03
[[32m[1m INFO  [21m[0m] from nz = 5 and H2O2
[[32m[1m INFO  [21m[0m] -----------------------------------------------------------------
[[93m[1m WARNING [21m[0m] Keep producing negative values! Clipping negative solutions and moving on!
[[93m[1m WARNING [21m[0m] Keep producing negative values! Clipping negative solutions and moving on!
[[32m[1m INFO  [21m[0m] Elapsed time: 3.00e+05 || Step number: 5200/30000
[[32m[1m INFO  [21m[0m] longdy = 7.77e-01      || longdy/dt = 1.91e-05  || dt = 2.05e-05
[[32m[1m INFO  [21m[0m] from nz = 8 and S4
[[32m[1m INFO  [21m[0m] -----------------------------------------------------------------
[[93m[1m WARNING [21m[0m] Keep producing negative values! Clipping negative solutions and moving on!
[[32m[1m INFO  [21m[0m] Elapsed time: 3.56e+05 || Step number: 5300/30000
[[32m[1m INFO  [21m[0m] longdy = 8.42e-01      || longdy/dt = 1.57e-05  || dt = 2.87e+03
[[32m[1m INFO  [21m[0m] from nz = 7 and H2O2
[[32m[1m INFO  [21m[0m] -----------------------------------------------------------------
[[32m[1m INFO  [21m[0m] Elapsed time: 4.46e+05 || Step number: 5400/30000
[[32m[1m INFO  [21m[0m] longdy = 5.66e+00      || longdy/dt = 6.30e-05  || dt = 9.70e+00
[[32m[1m INFO  [21m[0m] from nz = 35 and CS
[[32m[1m INFO  [21m[0m] -----------------------------------------------------------------
[[32m[1m INFO  [21m[0m] Elapsed time: 4.84e+05 || Step number: 5500/30000
[[32m[1m INFO  [21m[0m] longdy = 2.22e+00      || longdy/dt = 5.88e-05  || dt = 4.79e+02
[[32m[1m INFO  [21m[0m] from nz = 35 and CS
[[32m[1m INFO  [21m[0m] -----------------------------------------------------------------
[[32m[1m INFO  [21m[0m] Elapsed time: 5.30e+05 || Step number: 5600/30000
[[32m[1m INFO  [21m[0m] longdy = 3.87e+00      || longdy/dt = 8.28e-05  || dt = 3.17e+02
[[32m[1m INFO  [21m[0m] from nz = 36 and CS
[[32m[1m INFO  [21m[0m] -----------------------------------------------------------------
[[32m[1m INFO  [21m[0m] Elapsed time: 5.55e+05 || Step number: 5700/30000
[[32m[1m INFO  [21m[0m] longdy = 1.38e+00      || longdy/dt = 5.71e-05  || dt = 3.91e+02
[[32m[1m INFO  [21m[0m] from nz = 36 and CS
[[32m[1m INFO  [21m[0m] -----------------------------------------------------------------
[[32m[1m INFO  [21m[0m] Elapsed time: 5.90e+05 || Step number: 5800/30000
[[32m[1m INFO  [21m[0m] longdy = 2.44e+00      || longdy/dt = 6.95e-05  || dt = 5.40e+01
[[32m[1m INFO  [21m[0m] from nz = 36 and CS
[[32m[1m INFO  [21m[0m] -----------------------------------------------------------------
[[32m[1m INFO  [21m[0m] Elapsed time: 6.10e+05 || Step number: 5900/30000
[[32m[1m INFO  [21m[0m] longdy = 9.17e-01      || longdy/dt = 4.74e-05  || dt = 8.32e+02
[[32m[1m INFO  [21m[0m] from nz = 37 and CS
[[32m[1m INFO  [21m[0m] -----------------------------------------------------------------
[[32m[1m INFO  [21m[0m] Elapsed time: 6.31e+05 || Step number: 6000/30000
[[32m[1m INFO  [21m[0m] longdy = 1.03e+00      || longdy/dt = 4.92e-05  || dt = 2.15e+02
[[32m[1m INFO  [21m[0m] from nz = 37 and CS
[[32m[1m INFO  [21m[0m] -----------------------------------------------------------------
[[32m[1m INFO  [21m[0m] Elapsed time: 6.49e+05 || Step number: 6100/30000
[[32m[1m INFO  [21m[0m] longdy = 7.91e-01      || longdy/dt = 4.32e-05  || dt = 3.65e+02
[[32m[1m INFO  [21m[0m] from nz = 37 and CS
[[32m[1m INFO  [21m[0m] -----------------------------------------------------------------
[[32m[1m INFO  [21m[0m] Elapsed time: 6.65e+05 || Step number: 6200/30000
[[32m[1m INFO  [21m[0m] longdy = 6.00e-01      || longdy/dt = 3.82e-05  || dt = 4.42e+02
[[32m[1m INFO  [21m[0m] from nz = 38 and CS
[[32m[1m INFO  [21m[0m] -----------------------------------------------------------------
[[32m[1m INFO  [21m[0m] Elapsed time: 6.83e+05 || Step number: 6300/30000
[[32m[1m INFO  [21m[0m] longdy = 6.55e-01      || longdy/dt = 3.86e-05  || dt = 4.08e+02
[[32m[1m INFO  [21m[0m] from nz = 38 and CS
[[32m[1m INFO  [21m[0m] -----------------------------------------------------------------
[[32m[1m INFO  [21m[0m] Elapsed time: 6.94e+05 || Step number: 6400/30000
[[32m[1m INFO  [21m[0m] longdy = 3.79e-01      || longdy/dt = 3.29e-05  || dt = 2.59e+01
[[32m[1m INFO  [21m[0m] from nz = 38 and CS
[[32m[1m INFO  [21m[0m] -----------------------------------------------------------------
[[32m[1m INFO  [21m[0m] Elapsed time: 7.08e+05 || Step number: 6500/30000
[[32m[1m INFO  [21m[0m] longdy = 4.39e-01      || longdy/dt = 3.30e-05  || dt = 2.20e+02
[[32m[1m INFO  [21m[0m] from nz = 38 and CS
[[32m[1m INFO  [21m[0m] -----------------------------------------------------------------
[[32m[1m INFO  [21m[0m] Elapsed time: 7.18e+05 || Step number: 6600/30000
[[32m[1m INFO  [21m[0m] longdy = 3.70e-01      || longdy/dt = 3.49e-05  || dt = 1.34e+02
[[32m[1m INFO  [21m[0m] from nz = 43 and OH
[[32m[1m INFO  [21m[0m] -----------------------------------------------------------------
[[32m[1m INFO  [21m[0m] Elapsed time: 7.27e+05 || Step number: 6700/30000
[[32m[1m INFO  [21m[0m] longdy = 2.92e-01      || longdy/dt = 3.38e-05  || dt = 3.51e+02
[[32m[1m INFO  [21m[0m] from nz = 44 and OH
[[32m[1m INFO  [21m[0m] -----------------------------------------------------------------
[[32m[1m INFO  [21m[0m] Elapsed time: 7.40e+05 || Step number: 6800/30000
[[32m[1m INFO  [21m[0m] longdy = 3.53e-01      || longdy/dt = 2.86e-05  || dt = 3.02e+02
[[32m[1m INFO  [21m[0m] from nz = 39 and CS
[[32m[1m INFO  [21m[0m] -----------------------------------------------------------------
[[32m[1m INFO  [21m[0m] Elapsed time: 7.48e+05 || Step number: 6900/30000
[[32m[1m INFO  [21m[0m] longdy = 2.85e-01      || longdy/dt = 3.43e-05  || dt = 1.71e+02
[[32m[1m INFO  [21m[0m] from nz = 44 and OH
[[32m[1m INFO  [21m[0m] -----------------------------------------------------------------
[[32m[1m INFO  [21m[0m] Elapsed time: 7.59e+05 || Step number: 7000/30000
[[32m[1m INFO  [21m[0m] longdy = 2.63e-01      || longdy/dt = 2.57e-05  || dt = 1.40e+02
[[32m[1m INFO  [21m[0m] from nz = 39 and CS
[[32m[1m INFO  [21m[0m] -----------------------------------------------------------------
[[32m[1m INFO  [21m[0m] Elapsed time: 7.69e+05 || Step number: 7100/30000
[[32m[1m INFO  [21m[0m] longdy = 2.57e-01      || longdy/dt = 2.59e-05  || dt = 3.16e+02
[[32m[1m INFO  [21m[0m] from nz = 44 and NH2
[[32m[1m INFO  [21m[0m] -----------------------------------------------------------------
[[32m[1m INFO  [21m[0m] Elapsed time: 7.78e+05 || Step number: 7200/30000
[[32m[1m INFO  [21m[0m] longdy = 2.59e-01      || longdy/dt = 2.72e-05  || dt = 1.59e+02
[[32m[1m INFO  [21m[0m] from nz = 44 and NH2
[[32m[1m INFO  [21m[0m] -----------------------------------------------------------------
[[32m[1m INFO  [21m[0m] Elapsed time: 7.87e+05 || Step number: 7300/30000
[[32m[1m INFO  [21m[0m] longdy = 2.04e-01      || longdy/dt = 2.47e-05  || dt = 5.83e+01
[[32m[1m INFO  [21m[0m] from nz = 45 and NH2
[[32m[1m INFO  [21m[0m] -----------------------------------------------------------------
[[32m[1m INFO  [21m[0m] Elapsed time: 7.93e+05 || Step number: 7400/30000
[[32m[1m INFO  [21m[0m] longdy = 1.73e-01      || longdy/dt = 2.63e-05  || dt = 1.34e+02
[[32m[1m INFO  [21m[0m] from nz = 45 and NH2
[[32m[1m INFO  [21m[0m] -----------------------------------------------------------------
[[32m[1m INFO  [21m[0m] Elapsed time: 8.01e+05 || Step number: 7500/30000
[[32m[1m INFO  [21m[0m] longdy = 1.69e-01      || longdy/dt = 2.20e-05  || dt = 6.92e+01
[[32m[1m INFO  [21m[0m] from nz = 36 and C6H5
[[32m[1m INFO  [21m[0m] -----------------------------------------------------------------
[[32m[1m INFO  [21m[0m] Elapsed time: 8.09e+05 || Step number: 7600/30000
[[32m[1m INFO  [21m[0m] longdy = 1.76e-01      || longdy/dt = 2.28e-05  || dt = 6.97e+01
[[32m[1m INFO  [21m[0m] from nz = 45 and NH2
[[32m[1m INFO  [21m[0m] -----------------------------------------------------------------
[[32m[1m INFO  [21m[0m] Elapsed time: 8.16e+05 || Step number: 7700/30000
[[32m[1m INFO  [21m[0m] longdy = 1.73e-01      || longdy/dt = 2.61e-05  || dt = 6.82e+01
[[32m[1m INFO  [21m[0m] from nz = 45 and NH2
[[32m[1m INFO  [21m[0m] -----------------------------------------------------------------
[[32m[1m INFO  [21m[0m] Elapsed time: 8.22e+05 || Step number: 7800/30000
[[32m[1m INFO  [21m[0m] longdy = 1.52e-01      || longdy/dt = 2.35e-05  || dt = 2.75e+02
[[32m[1m INFO  [21m[0m] from nz = 45 and NH2
[[32m[1m INFO  [21m[0m] -----------------------------------------------------------------
[[32m[1m INFO  [21m[0m] Elapsed time: 8.28e+05 || Step number: 7900/30000
[[32m[1m INFO  [21m[0m] longdy = 1.47e-01      || longdy/dt = 2.53e-05  || dt = 4.62e+01
[[32m[1m INFO  [21m[0m] from nz = 45 and NH2
[[32m[1m INFO  [21m[0m] -----------------------------------------------------------------
[[32m[1m INFO  [21m[0m] Elapsed time: 8.34e+05 || Step number: 8000/30000
[[32m[1m INFO  [21m[0m] longdy = 1.32e-01      || longdy/dt = 2.20e-05  || dt = 9.67e+01
[[32m[1m INFO  [21m[0m] from nz = 45 and NH2
[[32m[1m INFO  [21m[0m] -----------------------------------------------------------------
[[32m[1m INFO  [21m[0m] Elapsed time: 8.40e+05 || Step number: 8100/30000
[[32m[1m INFO  [21m[0m] longdy = 1.26e-01      || longdy/dt = 2.02e-05  || dt = 1.38e+01
[[32m[1m INFO  [21m[0m] from nz = 36 and C6H5
[[32m[1m INFO  [21m[0m] -----------------------------------------------------------------
[[32m[1m INFO  [21m[0m] Elapsed time: 8.47e+05 || Step number: 8200/30000
[[32m[1m INFO  [21m[0m] longdy = 1.27e-01      || longdy/dt = 1.98e-05  || dt = 3.27e+01
[[32m[1m INFO  [21m[0m] from nz = 36 and C6H5
[[32m[1m INFO  [21m[0m] -----------------------------------------------------------------
[[32m[1m INFO  [21m[0m] Elapsed time: 8.52e+05 || Step number: 8300/30000
[[32m[1m INFO  [21m[0m] longdy = 1.21e-01      || longdy/dt = 2.19e-05  || dt = 6.85e+01
[[32m[1m INFO  [21m[0m] from nz = 46 and NH2
[[32m[1m INFO  [21m[0m] -----------------------------------------------------------------
[[32m[1m INFO  [21m[0m] Elapsed time: 8.57e+05 || Step number: 8400/30000
[[32m[1m INFO  [21m[0m] longdy = 1.04e-01      || longdy/dt = 2.14e-05  || dt = 1.71e+02
[[32m[1m INFO  [21m[0m] from nz = 46 and NH2
[[32m[1m INFO  [21m[0m] -----------------------------------------------------------------
[[32m[1m INFO  [21m[0m] Elapsed time: 8.64e+05 || Step number: 8500/30000
[[32m[1m INFO  [21m[0m] longdy = 1.32e-01      || longdy/dt = 2.08e-05  || dt = 3.15e+01
[[32m[1m INFO  [21m[0m] from nz = 36 and C6H5
[[32m[1m INFO  [21m[0m] -----------------------------------------------------------------
[[32m[1m INFO  [21m[0m] Elapsed time: 8.69e+05 || Step number: 8600/30000
[[32m[1m INFO  [21m[0m] longdy = 1.17e-01      || longdy/dt = 2.42e-05  || dt = 5.07e+01
[[32m[1m INFO  [21m[0m] from nz = 46 and NH2
[[32m[1m INFO  [21m[0m] -----------------------------------------------------------------
[[32m[1m INFO  [21m[0m] Elapsed time: 8.75e+05 || Step number: 8700/30000
[[32m[1m INFO  [21m[0m] longdy = 1.32e-01      || longdy/dt = 2.03e-05  || dt = 3.00e+00
[[32m[1m INFO  [21m[0m] from nz = 36 and C6H5
[[32m[1m INFO  [21m[0m] -----------------------------------------------------------------
[[32m[1m INFO  [21m[0m] Elapsed time: 8.79e+05 || Step number: 8800/30000
[[32m[1m INFO  [21m[0m] longdy = 1.16e-01      || longdy/dt = 2.62e-05  || dt = 5.22e+01
[[32m[1m INFO  [21m[0m] from nz = 46 and NH2
[[32m[1m INFO  [21m[0m] -----------------------------------------------------------------
[[32m[1m INFO  [21m[0m] Elapsed time: 8.85e+05 || Step number: 8900/30000
[[32m[1m INFO  [21m[0m] longdy = 1.14e-01      || longdy/dt = 2.02e-05  || dt = 7.55e+01
[[32m[1m INFO  [21m[0m] from nz = 36 and C6H5
[[32m[1m INFO  [21m[0m] -----------------------------------------------------------------
[[32m[1m INFO  [21m[0m] Elapsed time: 8.90e+05 || Step number: 9000/30000
[[32m[1m INFO  [21m[0m] longdy = 1.01e-01      || longdy/dt = 2.19e-05  || dt = 1.85e+02
[[32m[1m INFO  [21m[0m] from nz = 46 and NH2
[[32m[1m INFO  [21m[0m] -----------------------------------------------------------------
[[32m[1m INFO  [21m[0m] Elapsed time: 8.94e+05 || Step number: 9100/30000
[[32m[1m INFO  [21m[0m] longdy = 8.31e-02      || longdy/dt = 1.99e-05  || dt = 5.92e+01
[[32m[1m INFO  [21m[0m] from nz = 46 and NH2
[[32m[1m INFO  [21m[0m] -----------------------------------------------------------------
[[32m[1m INFO  [21m[0m] Elapsed time: 9.00e+05 || Step number: 9200/30000
[[32m[1m INFO  [21m[0m] longdy = 1.19e-01      || longdy/dt = 2.09e-05  || dt = 6.06e+01
[[32m[1m INFO  [21m[0m] from nz = 35 and C6H5
[[32m[1m INFO  [21m[0m] -----------------------------------------------------------------
[[32m[1m INFO  [21m[0m] Elapsed time: 9.04e+05 || Step number: 9300/30000
[[32m[1m INFO  [21m[0m] longdy = 7.89e-02      || longdy/dt = 1.92e-05  || dt = 6.48e+01
[[32m[1m INFO  [21m[0m] from nz = 47 and NH2
[[32m[1m INFO  [21m[0m] -----------------------------------------------------------------
[[32m[1m INFO  [21m[0m] Elapsed time: 9.09e+05 || Step number: 9400/30000
[[32m[1m INFO  [21m[0m] longdy = 1.02e-01      || longdy/dt = 2.07e-05  || dt = 5.13e+01
[[32m[1m INFO  [21m[0m] from nz = 35 and C6H5
[[32m[1m INFO  [21m[0m] -----------------------------------------------------------------
[[32m[1m INFO  [21m[0m] Elapsed time: 9.16e+05 || Step number: 9500/30000
[[32m[1m INFO  [21m[0m] longdy = 1.29e-01      || longdy/dt = 1.98e-05  || dt = 1.97e+01
[[32m[1m INFO  [21m[0m] from nz = 35 and C6H5
[[32m[1m INFO  [21m[0m] -----------------------------------------------------------------
[[32m[1m INFO  [21m[0m] Elapsed time: 9.19e+05 || Step number: 9600/30000
[[32m[1m INFO  [21m[0m] longdy = 8.56e-02      || longdy/dt = 2.21e-05  || dt = 3.94e+01
[[32m[1m INFO  [21m[0m] from nz = 47 and NH2
[[32m[1m INFO  [21m[0m] -----------------------------------------------------------------
[[32m[1m INFO  [21m[0m] Elapsed time: 9.24e+05 || Step number: 9700/30000
[[32m[1m INFO  [21m[0m] longdy = 9.05e-02      || longdy/dt = 2.05e-05  || dt = 5.81e+01
[[32m[1m INFO  [21m[0m] from nz = 35 and C6H5
[[32m[1m INFO  [21m[0m] -----------------------------------------------------------------
[[32m[1m INFO  [21m[0m] Elapsed time: 9.29e+05 || Step number: 9800/30000
[[32m[1m INFO  [21m[0m] longdy = 8.93e-02      || longdy/dt = 1.96e-05  || dt = 1.14e+02
[[32m[1m INFO  [21m[0m] from nz = 35 and C6H5
[[32m[1m INFO  [21m[0m] -----------------------------------------------------------------
[[32m[1m INFO  [21m[0m] Elapsed time: 9.33e+05 || Step number: 9900/30000
[[32m[1m INFO  [21m[0m] longdy = 9.08e-02      || longdy/dt = 1.99e-05  || dt = 5.62e+01
[[32m[1m INFO  [21m[0m] from nz = 35 and C6H5
[[32m[1m INFO  [21m[0m] -----------------------------------------------------------------
[[32m[1m INFO  [21m[0m] Elapsed time: 9.39e+05 || Step number: 10000/30000
[[32m[1m INFO  [21m[0m] longdy = 1.12e-01      || longdy/dt = 1.94e-05  || dt = 3.07e+01
[[32m[1m INFO  [21m[0m] from nz = 35 and C6H5
[[32m[1m INFO  [21m[0m] -----------------------------------------------------------------
[[32m[1m INFO  [21m[0m] Elapsed time: 9.42e+05 || Step number: 10100/30000
[[32m[1m INFO  [21m[0m] longdy = 6.95e-02      || longdy/dt = 2.18e-05  || dt = 5.34e+01
[[32m[1m INFO  [21m[0m] from nz = 47 and NH2
[[32m[1m INFO  [21m[0m] -----------------------------------------------------------------
[[32m[1m INFO  [21m[0m] Elapsed time: 9.46e+05 || Step number: 10200/30000
[[32m[1m INFO  [21m[0m] longdy = 8.49e-02      || longdy/dt = 2.02e-05  || dt = 6.68e+01
[[32m[1m INFO  [21m[0m] from nz = 35 and C6H5
[[32m[1m INFO  [21m[0m] -----------------------------------------------------------------
[[32m[1m INFO  [21m[0m] Elapsed time: 9.52e+05 || Step number: 10300/30000
[[32m[1m INFO  [21m[0m] longdy = 1.04e-01      || longdy/dt = 1.96e-05  || dt = 2.50e+01
[[32m[1m INFO  [21m[0m] from nz = 35 and C6H5
[[32m[1m INFO  [21m[0m] -----------------------------------------------------------------
[[32m[1m INFO  [21m[0m] Elapsed time: 9.55e+05 || Step number: 10400/30000
[[32m[1m INFO  [21m[0m] longdy = 6.26e-02      || longdy/dt = 1.80e-05  || dt = 6.46e+01
[[32m[1m INFO  [21m[0m] from nz = 35 and C6H5
[[32m[1m INFO  [21m[0m] -----------------------------------------------------------------
[[32m[1m INFO  [21m[0m] Elapsed time: 9.59e+05 || Step number: 10500/30000
[[32m[1m INFO  [21m[0m] longdy = 7.83e-02      || longdy/dt = 1.95e-05  || dt = 3.92e+01
[[32m[1m INFO  [21m[0m] from nz = 35 and C6H5
[[32m[1m INFO  [21m[0m] -----------------------------------------------------------------
[[32m[1m INFO  [21m[0m] Elapsed time: 9.63e+05 || Step number: 10600/30000
[[32m[1m INFO  [21m[0m] longdy = 6.53e-02      || longdy/dt = 1.90e-05  || dt = 2.93e+01
[[32m[1m INFO  [21m[0m] from nz = 35 and C6H5
[[32m[1m INFO  [21m[0m] -----------------------------------------------------------------
[[32m[1m INFO  [21m[0m] Elapsed time: 9.66e+05 || Step number: 10700/30000
[[32m[1m INFO  [21m[0m] longdy = 6.61e-02      || longdy/dt = 1.90e-05  || dt = 2.87e+01
[[32m[1m INFO  [21m[0m] from nz = 35 and C6H5
[[32m[1m INFO  [21m[0m] -----------------------------------------------------------------
[[32m[1m INFO  [21m[0m] Elapsed time: 9.72e+05 || Step number: 10800/30000
[[32m[1m INFO  [21m[0m] longdy = 1.02e-01      || longdy/dt = 1.86e-05  || dt = 6.38e+01
[[32m[1m INFO  [21m[0m] from nz = 35 and C6H5
[[32m[1m INFO  [21m[0m] -----------------------------------------------------------------
[[32m[1m INFO  [21m[0m] Elapsed time: 9.77e+05 || Step number: 10900/30000
[[32m[1m INFO  [21m[0m] longdy = 9.80e-02      || longdy/dt = 1.88e-05  || dt = 1.07e+02
[[32m[1m INFO  [21m[0m] from nz = 35 and C6H5
[[32m[1m INFO  [21m[0m] -----------------------------------------------------------------
[[32m[1m INFO  [21m[0m] Elapsed time: 9.81e+05 || Step number: 11000/30000
[[32m[1m INFO  [21m[0m] longdy = 6.87e-02      || longdy/dt = 1.81e-05  || dt = 2.61e+02
[[32m[1m INFO  [21m[0m] from nz = 35 and C6H5
[[32m[1m INFO  [21m[0m] -----------------------------------------------------------------
[[32m[1m INFO  [21m[0m] Elapsed time: 9.86e+05 || Step number: 11100/30000
[[32m[1m INFO  [21m[0m] longdy = 8.11e-02      || longdy/dt = 1.84e-05  || dt = 2.70e+02
[[32m[1m INFO  [21m[0m] from nz = 35 and C6H5
[[32m[1m INFO  [21m[0m] -----------------------------------------------------------------
[[32m[1m INFO  [21m[0m] Elapsed time: 9.94e+05 || Step number: 11200/30000
[[32m[1m INFO  [21m[0m] longdy = 1.41e-01      || longdy/dt = 1.80e-05  || dt = 2.11e+02
[[32m[1m INFO  [21m[0m] from nz = 35 and C6H5
[[32m[1m INFO  [21m[0m] -----------------------------------------------------------------
[[32m[1m INFO  [21m[0m] Elapsed time: 1.00e+06 || Step number: 11300/30000
[[32m[1m INFO  [21m[0m] longdy = 1.50e-01      || longdy/dt = 1.66e-05  || dt = 1.76e+02
[[32m[1m INFO  [21m[0m] from nz = 35 and C6H5
[[32m[1m INFO  [21m[0m] -----------------------------------------------------------------
[[32m[1m INFO  [21m[0m] Elapsed time: 1.01e+06 || Step number: 11400/30000
[[32m[1m INFO  [21m[0m] longdy = 1.80e-01      || longdy/dt = 1.63e-05  || dt = 3.00e+02
[[32m[1m INFO  [21m[0m] from nz = 35 and C6H5
[[32m[1m INFO  [21m[0m] -----------------------------------------------------------------
[[32m[1m INFO  [21m[0m] Elapsed time: 1.03e+06 || Step number: 11500/30000
[[32m[1m INFO  [21m[0m] longdy = 2.02e-01      || longdy/dt = 1.55e-05  || dt = 4.74e+02
[[32m[1m INFO  [21m[0m] from nz = 35 and C6H5
[[32m[1m INFO  [21m[0m] -----------------------------------------------------------------
[[32m[1m INFO  [21m[0m] Elapsed time: 1.04e+06 || Step number: 11600/30000
[[32m[1m INFO  [21m[0m] longdy = 1.78e-01      || longdy/dt = 1.50e-05  || dt = 2.51e+02
[[32m[1m INFO  [21m[0m] from nz = 35 and C6H5
[[32m[1m INFO  [21m[0m] -----------------------------------------------------------------
[[32m[1m INFO  [21m[0m] Elapsed time: 1.06e+06 || Step number: 11700/30000
[[32m[1m INFO  [21m[0m] longdy = 2.28e-01      || longdy/dt = 1.41e-05  || dt = 2.17e+02
[[32m[1m INFO  [21m[0m] from nz = 35 and C6H5
[[32m[1m INFO  [21m[0m] -----------------------------------------------------------------
[[32m[1m INFO  [21m[0m] Elapsed time: 1.07e+06 || Step number: 11800/30000
[[32m[1m INFO  [21m[0m] longdy = 2.22e-01      || longdy/dt = 1.33e-05  || dt = 3.94e+02
[[32m[1m INFO  [21m[0m] from nz = 35 and C6H5
[[32m[1m INFO  [21m[0m] -----------------------------------------------------------------
[[32m[1m INFO  [21m[0m] Elapsed time: 1.09e+06 || Step number: 11900/30000
[[32m[1m INFO  [21m[0m] longdy = 2.03e-01      || longdy/dt = 1.27e-05  || dt = 4.40e+02
[[32m[1m INFO  [21m[0m] from nz = 35 and C6H5
[[32m[1m INFO  [21m[0m] -----------------------------------------------------------------
[[32m[1m INFO  [21m[0m] Elapsed time: 1.10e+06 || Step number: 12000/30000
[[32m[1m INFO  [21m[0m] longdy = 1.86e-01      || longdy/dt = 1.20e-05  || dt = 8.87e+01
[[32m[1m INFO  [21m[0m] from nz = 35 and C6H5
[[32m[1m INFO  [21m[0m] -----------------------------------------------------------------
[[32m[1m INFO  [21m[0m] Elapsed time: 1.13e+06 || Step number: 12100/30000
[[32m[1m INFO  [21m[0m] longdy = 2.43e-01      || longdy/dt = 1.15e-05  || dt = 4.91e+02
[[32m[1m INFO  [21m[0m] from nz = 36 and CH2
[[32m[1m INFO  [21m[0m] -----------------------------------------------------------------
[[32m[1m INFO  [21m[0m] Elapsed time: 1.14e+06 || Step number: 12200/30000
[[32m[1m INFO  [21m[0m] longdy = 1.72e-01      || longdy/dt = 1.20e-05  || dt = 2.65e+02
[[32m[1m INFO  [21m[0m] from nz = 36 and CH2
[[32m[1m INFO  [21m[0m] -----------------------------------------------------------------
[[32m[1m INFO  [21m[0m] Elapsed time: 1.16e+06 || Step number: 12300/30000
[[32m[1m INFO  [21m[0m] longdy = 2.41e-01      || longdy/dt = 1.06e-05  || dt = 2.81e+02
[[32m[1m INFO  [21m[0m] from nz = 36 and CH2
[[32m[1m INFO  [21m[0m] -----------------------------------------------------------------
[[32m[1m INFO  [21m[0m] Elapsed time: 1.18e+06 || Step number: 12400/30000
[[32m[1m INFO  [21m[0m] longdy = 1.69e-01      || longdy/dt = 1.10e-05  || dt = 1.10e+02
[[32m[1m INFO  [21m[0m] from nz = 36 and CH2
[[32m[1m INFO  [21m[0m] -----------------------------------------------------------------
[[32m[1m INFO  [21m[0m] Elapsed time: 1.20e+06 || Step number: 12500/30000
[[32m[1m INFO  [21m[0m] longdy = 2.12e-01      || longdy/dt = 9.72e-06  || dt = 1.54e+02
[[32m[1m INFO  [21m[0m] from nz = 36 and CH2
[[32m[1m INFO  [21m[0m] -----------------------------------------------------------------
[[32m[1m INFO  [21m[0m] Elapsed time: 1.22e+06 || Step number: 12600/30000
[[32m[1m INFO  [21m[0m] longdy = 1.76e-01      || longdy/dt = 9.53e-06  || dt = 2.12e+02
[[32m[1m INFO  [21m[0m] from nz = 36 and CH2
[[32m[1m INFO  [21m[0m] -----------------------------------------------------------------
[[32m[1m INFO  [21m[0m] Elapsed time: 1.24e+06 || Step number: 12700/30000
[[32m[1m INFO  [21m[0m] longdy = 1.86e-01      || longdy/dt = 8.86e-06  || dt = 6.37e+02
[[32m[1m INFO  [21m[0m] from nz = 36 and CH2
[[32m[1m INFO  [21m[0m] -----------------------------------------------------------------
[[32m[1m INFO  [21m[0m] Elapsed time: 1.26e+06 || Step number: 12800/30000
[[32m[1m INFO  [21m[0m] longdy = 1.83e-01      || longdy/dt = 7.92e-06  || dt = 2.15e+02
[[32m[1m INFO  [21m[0m] from nz = 36 and CH2
[[32m[1m INFO  [21m[0m] -----------------------------------------------------------------
[[32m[1m INFO  [21m[0m] Elapsed time: 1.29e+06 || Step number: 12900/30000
[[32m[1m INFO  [21m[0m] longdy = 1.75e-01      || longdy/dt = 7.37e-06  || dt = 3.49e+02
[[32m[1m INFO  [21m[0m] from nz = 36 and CH2
[[32m[1m INFO  [21m[0m] -----------------------------------------------------------------
[[32m[1m INFO  [21m[0m] Elapsed time: 1.32e+06 || Step number: 13000/30000
[[32m[1m INFO  [21m[0m] longdy = 1.92e-01      || longdy/dt = 6.56e-06  || dt = 2.90e+02
[[32m[1m INFO  [21m[0m] from nz = 36 and CH2
[[32m[1m INFO  [21m[0m] -----------------------------------------------------------------
[[32m[1m INFO  [21m[0m] Elapsed time: 1.34e+06 || Step number: 13100/30000
[[32m[1m INFO  [21m[0m] longdy = 1.47e-01      || longdy/dt = 5.83e-06  || dt = 2.91e+00
[[32m[1m INFO  [21m[0m] from nz = 36 and CH2
[[32m[1m INFO  [21m[0m] -----------------------------------------------------------------
[[32m[1m INFO  [21m[0m] Elapsed time: 1.37e+06 || Step number: 13200/30000
[[32m[1m INFO  [21m[0m] longdy = 1.53e-01      || longdy/dt = 5.49e-06  || dt = 4.92e+02
[[32m[1m INFO  [21m[0m] from nz = 36 and CH2
[[32m[1m INFO  [21m[0m] -----------------------------------------------------------------
[[32m[1m INFO  [21m[0m] Elapsed time: 1.41e+06 || Step number: 13300/30000
[[32m[1m INFO  [21m[0m] longdy = 1.54e-01      || longdy/dt = 4.60e-06  || dt = 5.68e+02
[[32m[1m INFO  [21m[0m] from nz = 36 and CH2
[[32m[1m INFO  [21m[0m] -----------------------------------------------------------------
[[32m[1m INFO  [21m[0m] Elapsed time: 1.43e+06 || Step number: 13400/30000
[[32m[1m INFO  [21m[0m] longdy = 1.18e-01      || longdy/dt = 4.14e-06  || dt = 7.23e+02
[[32m[1m INFO  [21m[0m] from nz = 36 and CH2
[[32m[1m INFO  [21m[0m] -----------------------------------------------------------------
[[32m[1m INFO  [21m[0m] Elapsed time: 1.47e+06 || Step number: 13500/30000
[[32m[1m INFO  [21m[0m] longdy = 1.36e-01      || longdy/dt = 3.57e-06  || dt = 5.39e+02
[[32m[1m INFO  [21m[0m] from nz = 36 and CH2
[[32m[1m INFO  [21m[0m] -----------------------------------------------------------------
[[32m[1m INFO  [21m[0m] Elapsed time: 1.52e+06 || Step number: 13600/30000
[[32m[1m INFO  [21m[0m] longdy = 1.33e-01      || longdy/dt = 2.96e-06  || dt = 3.90e+02
[[32m[1m INFO  [21m[0m] from nz = 36 and CH2
[[32m[1m INFO  [21m[0m] -----------------------------------------------------------------
[[32m[1m INFO  [21m[0m] Elapsed time: 1.57e+06 || Step number: 13700/30000
[[32m[1m INFO  [21m[0m] longdy = 1.31e-01      || longdy/dt = 2.52e-06  || dt = 3.42e+01
[[32m[1m INFO  [21m[0m] from nz = 36 and CH2
[[32m[1m INFO  [21m[0m] -----------------------------------------------------------------
[[32m[1m INFO  [21m[0m] Elapsed time: 1.63e+06 || Step number: 13800/30000
[[32m[1m INFO  [21m[0m] longdy = 1.16e-01      || longdy/dt = 2.03e-06  || dt = 2.85e+01
[[32m[1m INFO  [21m[0m] from nz = 36 and CH2
[[32m[1m INFO  [21m[0m] -----------------------------------------------------------------
[[32m[1m INFO  [21m[0m] Elapsed time: 1.68e+06 || Step number: 13900/30000
[[32m[1m INFO  [21m[0m] longdy = 9.48e-02      || longdy/dt = 1.65e-06  || dt = 1.44e+03
[[32m[1m INFO  [21m[0m] from nz = 36 and CH2
[[32m[1m INFO  [21m[0m] -----------------------------------------------------------------
[[32m[1m INFO  [21m[0m] Elapsed time: 1.81e+06 || Step number: 14000/30000
[[32m[1m INFO  [21m[0m] longdy = 1.40e-01      || longdy/dt = 1.09e-06  || dt = 2.71e+03
[[32m[1m INFO  [21m[0m] from nz = 36 and CH2
[[32m[1m INFO  [21m[0m] -----------------------------------------------------------------
[[32m[1m INFO  [21m[0m] Elapsed time: 1.98e+06 || Step number: 14100/30000
[[32m[1m INFO  [21m[0m] longdy = 1.12e-01      || longdy/dt = 6.78e-07  || dt = 3.14e+03
[[32m[1m INFO  [21m[0m] from nz = 36 and CH2
[[32m[1m INFO  [21m[0m] -----------------------------------------------------------------
[[32m[1m INFO  [21m[0m] Elapsed time: 2.79e+06 || Step number: 14200/30000
[[32m[1m INFO  [21m[0m] longdy = 1.42e-01      || longdy/dt = 1.82e-07  || dt = 2.80e+04
[[32m[1m INFO  [21m[0m] from nz = 34 and C6H5
[[32m[1m INFO  [21m[0m] -----------------------------------------------------------------
[[32m[1m INFO  [21m[0m] Integration successful with 14283 steps
[[32m[1m INFO  [21m[0m] long dy, long dydt = 0.049654672540060674, 4.331021292282163e-08
[[32m[1m INFO  [21m[0m] Total atom loss:
[[32m[1m INFO  [21m[0m] H: 0.07749803266827242 
[[32m[1m INFO  [21m[0m] O: -0.22418194025926444 
[[32m[1m INFO  [21m[0m] C: 0.264837867988102 
[[32m[1m INFO  [21m[0m] N: -0.2126432319506639 
[[32m[1m INFO  [21m[0m] S: 20.098679068490796 
[[32m[1m INFO  [21m[0m] ------ Live long and prosper \V/ ------
[[32m[1m INFO  [21m[0m]     done
Atmodeller initialized with double precision (float64)
[[93m[1m WARNING [21m[0m] The archive tar file does not exist: /data/rdc49-2/K218b_project/simulation_data/grid_H0_C3_N0_S0_fO22__from_batch10_case_000016__7_crash_atmos_chem_step_vulcan_chem_funs_race_syntax_error/data/data.tar
[[32m[1m INFO  [21m[0m] Observing the planet...
Loading PHOENIX star table in file '/data/rdc49-2/FWL_DATA/prt/input_data/stellar_spectra/phoenix/phoenix.startable.petitRADTRANS.h5'... Done.
