[juliapkg] Waiting for lock on /data/rdc49-2/anaconda3/envs/proteus/julia_env/lock.pid to be freed. This normally means that another process is resolving. If you know that no other process is resolving, delete this file to proceed.
Atmodeller initialized with double precision (float64)
[[93m[1m WARNING [21m[0m] The archive tar file does not exist: /data/rdc49-2/K218b_project/simulation_data/grid_H0_C2_N0_S0_fO23__from_batch14_case_000000__7_crash_atmos_chem_step_vulcan_chem_funs_race_missing_symjac/data/data.tar
[[32m[1m INFO  [21m[0m] Running atmospheric chemistry...
[[32m[1m INFO  [21m[0m]     Using vulcan module, offline
[[32m[1m INFO  [21m[0m] Elements conserved in the network.
[[32m[1m INFO  [21m[0m] No duplicates in the network.
[[32m[1m INFO  [21m[0m] Elements conserved in the network.
[[32m[1m INFO  [21m[0m] No duplicates in the network.
[[32m[1m INFO  [21m[0m] Running VULCAN
[[93m[1m WARNING [21m[0m] P_b and P_t assgined in vulcan.cfg are out of range of the input. Constant extension is used.
[[32m[1m INFO  [21m[0m] Initializing with compositions from ASCII file /data/rdc49-2/K218b_project/simulation_data/grid_H0_C2_N0_S0_fO23__from_batch14_case_000000__7_crash_atmos_chem_step_vulcan_chem_funs_race_missing_symjac/offchem/vmrs.dat
[[32m[1m INFO  [21m[0m] Input stellar spectrum from 2.0 to 700.0
[[32m[1m INFO  [21m[0m] Using wavelength bins from 2.0 to 655.5
[[32m[1m INFO  [21m[0m] Include molecular diffusion.
[[32m[1m INFO  [21m[0m] Starting VULCAN integration with 1 threads...
[[93m[1m WARNING [21m[0m] Keep producing negative values! Clipping negative solutions and moving on!
[[93m[1m WARNING [21m[0m] Keep producing negative values! Clipping negative solutions and moving on!
[[93m[1m WARNING [21m[0m] Keep producing negative values! Clipping negative solutions and moving on!
[[93m[1m WARNING [21m[0m] Keep producing negative values! Clipping negative solutions and moving on!
[[93m[1m WARNING [21m[0m] Keep producing negative values! Clipping negative solutions and moving on!
[[93m[1m WARNING [21m[0m] Keep producing negative values! Clipping negative solutions and moving on!
[[93m[1m WARNING [21m[0m] Keep producing negative values! Clipping negative solutions and moving on!
[[93m[1m WARNING [21m[0m] Keep producing negative values! Clipping negative solutions and moving on!
[[93m[1m WARNING [21m[0m] Keep producing negative values! Clipping negative solutions and moving on!
[[93m[1m WARNING [21m[0m] Keep producing negative values! Clipping negative solutions and moving on!
[[93m[1m WARNING [21m[0m] Keep producing negative values! Clipping negative solutions and moving on!
[[93m[1m WARNING [21m[0m] Keep producing negative values! Clipping negative solutions and moving on!
[[93m[1m WARNING [21m[0m] Keep producing negative values! Clipping negative solutions and moving on!
[[32m[1m INFO  [21m[0m] Elapsed time: 9.78e-06 || Step number: 100/30000
[[32m[1m INFO  [21m[0m] longdy = 1.00e+00      || longdy/dt = 1.00e+00  || dt = 2.82e-07
[[32m[1m INFO  [21m[0m] from nz = 0 and OH
[[32m[1m INFO  [21m[0m] -----------------------------------------------------------------
[[32m[1m INFO  [21m[0m] Elapsed time: 5.71e-05 || Step number: 200/30000
[[32m[1m INFO  [21m[0m] longdy = 1.00e+00      || longdy/dt = 1.00e+00  || dt = 9.86e-07
[[32m[1m INFO  [21m[0m] from nz = 0 and OH
[[32m[1m INFO  [21m[0m] -----------------------------------------------------------------
[[32m[1m INFO  [21m[0m] Elapsed time: 3.42e-04 || Step number: 300/30000
[[32m[1m INFO  [21m[0m] longdy = 1.00e+00      || longdy/dt = 1.00e+00  || dt = 6.56e-06
[[32m[1m INFO  [21m[0m] from nz = 0 and OH
[[32m[1m INFO  [21m[0m] -----------------------------------------------------------------
[[32m[1m INFO  [21m[0m] Elapsed time: 2.30e-03 || Step number: 400/30000
[[32m[1m INFO  [21m[0m] longdy = 1.00e+00      || longdy/dt = 1.00e+00  || dt = 4.29e-05
[[32m[1m INFO  [21m[0m] from nz = 0 and OH
[[32m[1m INFO  [21m[0m] -----------------------------------------------------------------
[[32m[1m INFO  [21m[0m] Elapsed time: 1.59e-02 || Step number: 500/30000
[[32m[1m INFO  [21m[0m] longdy = 1.00e+00      || longdy/dt = 1.00e+00  || dt = 2.94e-04
[[32m[1m INFO  [21m[0m] from nz = 0 and OH
[[32m[1m INFO  [21m[0m] -----------------------------------------------------------------
[[32m[1m INFO  [21m[0m] Elapsed time: 1.02e-01 || Step number: 600/30000
[[32m[1m INFO  [21m[0m] longdy = 1.00e+00      || longdy/dt = 1.00e+00  || dt = 2.17e-03
[[32m[1m INFO  [21m[0m] from nz = 0 and OH
[[32m[1m INFO  [21m[0m] -----------------------------------------------------------------
[[32m[1m INFO  [21m[0m] Elapsed time: 5.96e-01 || Step number: 700/30000
[[32m[1m INFO  [21m[0m] longdy = 1.00e+00      || longdy/dt = 1.00e+00  || dt = 1.00e-02
[[32m[1m INFO  [21m[0m] from nz = 0 and OH
[[32m[1m INFO  [21m[0m] -----------------------------------------------------------------
[[32m[1m INFO  [21m[0m] Elapsed time: 2.35e+00 || Step number: 800/30000
[[32m[1m INFO  [21m[0m] longdy = 1.00e+00      || longdy/dt = 1.00e+00  || dt = 2.79e-02
[[32m[1m INFO  [21m[0m] from nz = 0 and OH
[[32m[1m INFO  [21m[0m] -----------------------------------------------------------------
[[32m[1m INFO  [21m[0m] Elapsed time: 6.72e+00 || Step number: 900/30000
[[32m[1m INFO  [21m[0m] longdy = 1.00e+00      || longdy/dt = 1.00e+00  || dt = 6.29e-02
[[32m[1m INFO  [21m[0m] from nz = 0 and OH
[[32m[1m INFO  [21m[0m] -----------------------------------------------------------------
[[32m[1m INFO  [21m[0m] Elapsed time: 1.59e+01 || Step number: 1000/30000
[[32m[1m INFO  [21m[0m] longdy = 1.00e+00      || longdy/dt = 1.00e+00  || dt = 1.27e-01
[[32m[1m INFO  [21m[0m] from nz = 0 and OH
[[32m[1m INFO  [21m[0m] -----------------------------------------------------------------
[[32m[1m INFO  [21m[0m] Elapsed time: 3.43e+01 || Step number: 1100/30000
[[32m[1m INFO  [21m[0m] longdy = 1.00e+00      || longdy/dt = 1.00e+00  || dt = 2.48e-01
[[32m[1m INFO  [21m[0m] from nz = 0 and OH
[[32m[1m INFO  [21m[0m] -----------------------------------------------------------------
[[32m[1m INFO  [21m[0m] Elapsed time: 6.73e+01 || Step number: 1200/30000
[[32m[1m INFO  [21m[0m] longdy = 1.00e+00      || longdy/dt = 1.00e+00  || dt = 4.44e-01
[[32m[1m INFO  [21m[0m] from nz = 0 and OH
[[32m[1m INFO  [21m[0m] -----------------------------------------------------------------
[[32m[1m INFO  [21m[0m] Elapsed time: 1.30e+02 || Step number: 1300/30000
[[32m[1m INFO  [21m[0m] longdy = 7.43e+00      || longdy/dt = 1.21e-01  || dt = 8.65e-01
[[32m[1m INFO  [21m[0m] from nz = 17 and O2
[[32m[1m INFO  [21m[0m] -----------------------------------------------------------------
[[32m[1m INFO  [21m[0m] Elapsed time: 2.26e+02 || Step number: 1400/30000
[[32m[1m INFO  [21m[0m] longdy = 6.79e+00      || longdy/dt = 7.19e-02  || dt = 1.38e+00
[[32m[1m INFO  [21m[0m] from nz = 35 and HCS
[[32m[1m INFO  [21m[0m] -----------------------------------------------------------------
[[32m[1m INFO  [21m[0m] Elapsed time: 3.76e+02 || Step number: 1500/30000
[[32m[1m INFO  [21m[0m] longdy = 1.14e+01      || longdy/dt = 7.71e-02  || dt = 2.35e+00
[[32m[1m INFO  [21m[0m] from nz = 33 and HCS
[[32m[1m INFO  [21m[0m] -----------------------------------------------------------------
[[32m[1m INFO  [21m[0m] Elapsed time: 6.26e+02 || Step number: 1600/30000
[[32m[1m INFO  [21m[0m] longdy = 3.20e+01      || longdy/dt = 1.30e-01  || dt = 3.56e+00
[[32m[1m INFO  [21m[0m] from nz = 30 and HCS
[[32m[1m INFO  [21m[0m] -----------------------------------------------------------------
[[32m[1m INFO  [21m[0m] Elapsed time: 1.13e+03 || Step number: 1700/30000
[[32m[1m INFO  [21m[0m] longdy = 2.62e+01      || longdy/dt = 5.25e-02  || dt = 1.06e+01
[[32m[1m INFO  [21m[0m] from nz = 28 and HCS
[[32m[1m INFO  [21m[0m] -----------------------------------------------------------------
[[32m[1m INFO  [21m[0m] Elapsed time: 2.69e+03 || Step number: 1800/30000
[[32m[1m INFO  [21m[0m] longdy = 3.96e+04      || longdy/dt = 2.99e+01  || dt = 2.75e+01
[[32m[1m INFO  [21m[0m] from nz = 27 and CS
[[32m[1m INFO  [21m[0m] -----------------------------------------------------------------
[[32m[1m INFO  [21m[0m] Elapsed time: 5.18e+03 || Step number: 1900/30000
[[32m[1m INFO  [21m[0m] longdy = 6.92e+04      || longdy/dt = 2.82e+01  || dt = 4.21e+01
[[32m[1m INFO  [21m[0m] from nz = 30 and CS
[[32m[1m INFO  [21m[0m] -----------------------------------------------------------------
[[32m[1m INFO  [21m[0m] Elapsed time: 1.08e+04 || Step number: 2000/30000
[[32m[1m INFO  [21m[0m] longdy = 1.01e+05      || longdy/dt = 1.88e+01  || dt = 1.43e+02
[[32m[1m INFO  [21m[0m] from nz = 33 and CS
[[32m[1m INFO  [21m[0m] -----------------------------------------------------------------
[[32m[1m INFO  [21m[0m] Elapsed time: 9.04e+04 || Step number: 2100/30000
[[32m[1m INFO  [21m[0m] longdy = 3.72e+00      || longdy/dt = 8.23e-05  || dt = 3.97e+03
[[32m[1m INFO  [21m[0m] from nz = 17 and C4H2
[[32m[1m INFO  [21m[0m] -----------------------------------------------------------------
[[32m[1m INFO  [21m[0m] Elapsed time: 1.67e+05 || Step number: 2200/30000
[[32m[1m INFO  [21m[0m] longdy = 3.18e+00      || longdy/dt = 4.31e-05  || dt = 5.38e+03
[[32m[1m INFO  [21m[0m] from nz = 19 and C4H2
[[32m[1m INFO  [21m[0m] -----------------------------------------------------------------
[[32m[1m INFO  [21m[0m] Elapsed time: 2.94e+05 || Step number: 2300/30000
[[32m[1m INFO  [21m[0m] longdy = 1.84e+00      || longdy/dt = 1.56e-05  || dt = 1.00e+04
[[32m[1m INFO  [21m[0m] from nz = 41 and C6H5
[[32m[1m INFO  [21m[0m] -----------------------------------------------------------------
[[32m[1m INFO  [21m[0m] Elapsed time: 4.31e+05 || Step number: 2400/30000
[[32m[1m INFO  [21m[0m] longdy = 4.62e+00      || longdy/dt = 3.39e-05  || dt = 1.90e+03
[[32m[1m INFO  [21m[0m] from nz = 37 and CS
[[32m[1m INFO  [21m[0m] -----------------------------------------------------------------
[[32m[1m INFO  [21m[0m] Elapsed time: 1.20e+06 || Step number: 2500/30000
[[32m[1m INFO  [21m[0m] longdy = 1.11e+01      || longdy/dt = 1.89e-05  || dt = 2.63e+04
[[32m[1m INFO  [21m[0m] from nz = 40 and CS
[[32m[1m INFO  [21m[0m] -----------------------------------------------------------------
[[32m[1m INFO  [21m[0m] Elapsed time: 1.24e+06 || Step number: 2600/30000
[[32m[1m INFO  [21m[0m] longdy = 8.96e+00      || longdy/dt = 2.46e-04  || dt = 1.65e+04
[[32m[1m INFO  [21m[0m] from nz = 41 and NH2
[[32m[1m INFO  [21m[0m] -----------------------------------------------------------------
[[32m[1m INFO  [21m[0m] Elapsed time: 1.92e+06 || Step number: 2700/30000
[[32m[1m INFO  [21m[0m] longdy = 1.85e-01      || longdy/dt = 2.78e-07  || dt = 1.82e+04
[[32m[1m INFO  [21m[0m] from nz = 40 and C6H5
[[32m[1m INFO  [21m[0m] -----------------------------------------------------------------
[[32m[1m INFO  [21m[0m] Elapsed time: 4.28e+06 || Step number: 2800/30000
[[32m[1m INFO  [21m[0m] longdy = 1.93e-02      || longdy/dt = 9.07e-09  || dt = 1.71e+04
[[32m[1m INFO  [21m[0m] from nz = 20 and H2O2
[[32m[1m INFO  [21m[0m] -----------------------------------------------------------------
[[32m[1m INFO  [21m[0m] Integration successful with 2886 steps
[[32m[1m INFO  [21m[0m] long dy, long dydt = 0.009432077448152795, 4.066236832889494e-09
[[32m[1m INFO  [21m[0m] Total atom loss:
[[32m[1m INFO  [21m[0m] H: -0.024627147749430697 
[[32m[1m INFO  [21m[0m] O: -0.003952967982082183 
[[32m[1m INFO  [21m[0m] C: 0.1276838484556329 
[[32m[1m INFO  [21m[0m] N: 0.00019209908766998135 
[[32m[1m INFO  [21m[0m] S: 2.2749778179031734 
[[32m[1m INFO  [21m[0m] ------ Live long and prosper \V/ ------
[[32m[1m INFO  [21m[0m]     done
Atmodeller initialized with double precision (float64)
[[93m[1m WARNING [21m[0m] The archive tar file does not exist: /data/rdc49-2/K218b_project/simulation_data/grid_H0_C2_N0_S0_fO23__from_batch14_case_000000__7_crash_atmos_chem_step_vulcan_chem_funs_race_missing_symjac/data/data.tar
[[32m[1m INFO  [21m[0m] Observing the planet...
Loading PHOENIX star table in file '/data/rdc49-2/FWL_DATA/prt/input_data/stellar_spectra/phoenix/phoenix.startable.petitRADTRANS.h5'... Done.
