Atmodeller initialized with double precision (float64)
[[93m[1m WARNING [21m[0m] The archive tar file does not exist: /data/rdc49-2/K218b_project/simulation_data/grid_H2_C1_N2_S1_fO23__from_batch15_case_000025__7_crash_atmos_chem_step_vulcan_chem_funs_race_syntax_error/data/data.tar
[[32m[1m INFO  [21m[0m] Running atmospheric chemistry...
[[32m[1m INFO  [21m[0m]     Using vulcan module, offline
[[32m[1m INFO  [21m[0m] Elements conserved in the network.
[[32m[1m INFO  [21m[0m] No duplicates in the network.
[[32m[1m INFO  [21m[0m] Elements conserved in the network.
[[32m[1m INFO  [21m[0m] No duplicates in the network.
[[32m[1m INFO  [21m[0m] Running VULCAN
[[93m[1m WARNING [21m[0m] P_b and P_t assgined in vulcan.cfg are out of range of the input. Constant extension is used.
[[32m[1m INFO  [21m[0m] Initializing with compositions from ASCII file /data/rdc49-2/K218b_project/simulation_data/grid_H2_C1_N2_S1_fO23__from_batch15_case_000025__7_crash_atmos_chem_step_vulcan_chem_funs_race_syntax_error/offchem/vmrs.dat
[[32m[1m INFO  [21m[0m] Input stellar spectrum from 2.0 to 700.0
[[32m[1m INFO  [21m[0m] Using wavelength bins from 2.0 to 655.5
[[32m[1m INFO  [21m[0m] Include molecular diffusion.
[[32m[1m INFO  [21m[0m] Starting VULCAN integration with 1 threads...
[[93m[1m WARNING [21m[0m] Keep producing negative values! Clipping negative solutions and moving on!
[[93m[1m WARNING [21m[0m] Keep producing negative values! Clipping negative solutions and moving on!
[[93m[1m WARNING [21m[0m] Keep producing negative values! Clipping negative solutions and moving on!
[[93m[1m WARNING [21m[0m] Keep producing negative values! Clipping negative solutions and moving on!
[[93m[1m WARNING [21m[0m] Keep producing negative values! Clipping negative solutions and moving on!
[[93m[1m WARNING [21m[0m] Keep producing negative values! Clipping negative solutions and moving on!
[[93m[1m WARNING [21m[0m] Keep producing negative values! Clipping negative solutions and moving on!
[[93m[1m WARNING [21m[0m] Keep producing negative values! Clipping negative solutions and moving on!
[[93m[1m WARNING [21m[0m] Keep producing negative values! Clipping negative solutions and moving on!
[[93m[1m WARNING [21m[0m] Keep producing negative values! Clipping negative solutions and moving on!
[[93m[1m WARNING [21m[0m] Keep producing negative values! Clipping negative solutions and moving on!
[[93m[1m WARNING [21m[0m] Keep producing negative values! Clipping negative solutions and moving on!
[[32m[1m INFO  [21m[0m] Elapsed time: 1.07e-05 || Step number: 100/30000
[[32m[1m INFO  [21m[0m] longdy = 1.00e+00      || longdy/dt = 1.00e+00  || dt = 3.04e-07
[[32m[1m INFO  [21m[0m] from nz = 0 and OH
[[32m[1m INFO  [21m[0m] -----------------------------------------------------------------
[[32m[1m INFO  [21m[0m] Elapsed time: 7.87e-05 || Step number: 200/30000
[[32m[1m INFO  [21m[0m] longdy = 1.00e+00      || longdy/dt = 1.00e+00  || dt = 1.24e-06
[[32m[1m INFO  [21m[0m] from nz = 0 and OH
[[32m[1m INFO  [21m[0m] -----------------------------------------------------------------
[[32m[1m INFO  [21m[0m] Elapsed time: 5.14e-04 || Step number: 300/30000
[[32m[1m INFO  [21m[0m] longdy = 1.00e+00      || longdy/dt = 1.00e+00  || dt = 1.36e-05
[[32m[1m INFO  [21m[0m] from nz = 0 and OH
[[32m[1m INFO  [21m[0m] -----------------------------------------------------------------
[[32m[1m INFO  [21m[0m] Elapsed time: 3.79e-03 || Step number: 400/30000
[[32m[1m INFO  [21m[0m] longdy = 1.00e+00      || longdy/dt = 1.00e+00  || dt = 1.20e-04
[[32m[1m INFO  [21m[0m] from nz = 0 and OH
[[32m[1m INFO  [21m[0m] -----------------------------------------------------------------
[[32m[1m INFO  [21m[0m] Elapsed time: 2.52e-02 || Step number: 500/30000
[[32m[1m INFO  [21m[0m] longdy = 1.00e+00      || longdy/dt = 1.00e+00  || dt = 6.35e-04
[[32m[1m INFO  [21m[0m] from nz = 0 and OH
[[32m[1m INFO  [21m[0m] -----------------------------------------------------------------
[[32m[1m INFO  [21m[0m] Elapsed time: 1.30e-01 || Step number: 600/30000
[[32m[1m INFO  [21m[0m] longdy = 1.00e+00      || longdy/dt = 1.00e+00  || dt = 3.06e-03
[[32m[1m INFO  [21m[0m] from nz = 0 and OH
[[32m[1m INFO  [21m[0m] -----------------------------------------------------------------
[[32m[1m INFO  [21m[0m] Elapsed time: 5.51e-01 || Step number: 700/30000
[[32m[1m INFO  [21m[0m] longdy = 1.00e+00      || longdy/dt = 1.00e+00  || dt = 1.10e-02
[[32m[1m INFO  [21m[0m] from nz = 0 and OH
[[32m[1m INFO  [21m[0m] -----------------------------------------------------------------
[[32m[1m INFO  [21m[0m] Elapsed time: 2.09e+00 || Step number: 800/30000
[[32m[1m INFO  [21m[0m] longdy = 1.00e+00      || longdy/dt = 1.00e+00  || dt = 2.61e-02
[[32m[1m INFO  [21m[0m] from nz = 0 and OH
[[32m[1m INFO  [21m[0m] -----------------------------------------------------------------
[[32m[1m INFO  [21m[0m] Elapsed time: 6.01e+00 || Step number: 900/30000
[[32m[1m INFO  [21m[0m] longdy = 1.00e+00      || longdy/dt = 1.00e+00  || dt = 5.99e-02
[[32m[1m INFO  [21m[0m] from nz = 0 and OH
[[32m[1m INFO  [21m[0m] -----------------------------------------------------------------
[[32m[1m INFO  [21m[0m] Elapsed time: 1.44e+01 || Step number: 1000/30000
[[32m[1m INFO  [21m[0m] longdy = 1.00e+00      || longdy/dt = 1.00e+00  || dt = 1.19e-01
[[32m[1m INFO  [21m[0m] from nz = 0 and OH
[[32m[1m INFO  [21m[0m] -----------------------------------------------------------------
[[32m[1m INFO  [21m[0m] Elapsed time: 3.20e+01 || Step number: 1100/30000
[[32m[1m INFO  [21m[0m] longdy = 1.00e+00      || longdy/dt = 1.00e+00  || dt = 2.46e-01
[[32m[1m INFO  [21m[0m] from nz = 0 and OH
[[32m[1m INFO  [21m[0m] -----------------------------------------------------------------
[[32m[1m INFO  [21m[0m] Elapsed time: 7.08e+01 || Step number: 1200/30000
[[32m[1m INFO  [21m[0m] longdy = 1.00e+00      || longdy/dt = 1.00e+00  || dt = 5.24e-01
[[32m[1m INFO  [21m[0m] from nz = 0 and OH
[[32m[1m INFO  [21m[0m] -----------------------------------------------------------------
[[32m[1m INFO  [21m[0m] Elapsed time: 1.39e+02 || Step number: 1300/30000
[[32m[1m INFO  [21m[0m] longdy = 1.74e+01      || longdy/dt = 2.58e-01  || dt = 1.00e+00
[[32m[1m INFO  [21m[0m] from nz = 18 and O2
[[32m[1m INFO  [21m[0m] -----------------------------------------------------------------
[[32m[1m INFO  [21m[0m] Elapsed time: 2.64e+02 || Step number: 1400/30000
[[32m[1m INFO  [21m[0m] longdy = 6.82e+00      || longdy/dt = 5.54e-02  || dt = 1.69e+00
[[32m[1m INFO  [21m[0m] from nz = 19 and O2
[[32m[1m INFO  [21m[0m] -----------------------------------------------------------------
[[32m[1m INFO  [21m[0m] Elapsed time: 5.08e+02 || Step number: 1500/30000
[[32m[1m INFO  [21m[0m] longdy = 7.72e+00      || longdy/dt = 3.22e-02  || dt = 4.51e+00
[[32m[1m INFO  [21m[0m] from nz = 22 and S4
[[32m[1m INFO  [21m[0m] -----------------------------------------------------------------
[[32m[1m INFO  [21m[0m] Elapsed time: 1.26e+03 || Step number: 1600/30000
[[32m[1m INFO  [21m[0m] longdy = 4.34e+02      || longdy/dt = 6.96e-01  || dt = 1.38e+01
[[32m[1m INFO  [21m[0m] from nz = 25 and CS
[[32m[1m INFO  [21m[0m] -----------------------------------------------------------------
[[32m[1m INFO  [21m[0m] Elapsed time: 3.16e+03 || Step number: 1700/30000
[[32m[1m INFO  [21m[0m] longdy = 1.14e+04      || longdy/dt = 7.35e+00  || dt = 3.79e+01
[[32m[1m INFO  [21m[0m] from nz = 28 and CS
[[32m[1m INFO  [21m[0m] -----------------------------------------------------------------
[[32m[1m INFO  [21m[0m] Elapsed time: 1.14e+04 || Step number: 1800/30000
[[32m[1m INFO  [21m[0m] longdy = 8.51e+02      || longdy/dt = 1.51e-01  || dt = 1.74e+02
[[32m[1m INFO  [21m[0m] from nz = 33 and CS
[[32m[1m INFO  [21m[0m] -----------------------------------------------------------------
[[32m[1m INFO  [21m[0m] Elapsed time: 2.03e+04 || Step number: 1900/30000
[[32m[1m INFO  [21m[0m] longdy = 3.77e+01      || longdy/dt = 4.29e-03  || dt = 2.38e+02
[[32m[1m INFO  [21m[0m] from nz = 34 and CS
[[32m[1m INFO  [21m[0m] -----------------------------------------------------------------
[[32m[1m INFO  [21m[0m] Elapsed time: 2.82e+04 || Step number: 2000/30000
[[32m[1m INFO  [21m[0m] longdy = 2.22e+00      || longdy/dt = 2.90e-04  || dt = 3.98e+02
[[32m[1m INFO  [21m[0m] from nz = 35 and CS
[[32m[1m INFO  [21m[0m] -----------------------------------------------------------------
[[32m[1m INFO  [21m[0m] Elapsed time: 3.65e+04 || Step number: 2100/30000
[[32m[1m INFO  [21m[0m] longdy = 9.00e-01      || longdy/dt = 1.10e-04  || dt = 1.98e+02
[[32m[1m INFO  [21m[0m] from nz = 4 and S8
[[32m[1m INFO  [21m[0m] -----------------------------------------------------------------
[[32m[1m INFO  [21m[0m] Elapsed time: 5.06e+04 || Step number: 2200/30000
[[32m[1m INFO  [21m[0m] longdy = 2.10e+00      || longdy/dt = 1.49e-04  || dt = 4.13e+00
[[32m[1m INFO  [21m[0m] from nz = 36 and CH2
[[32m[1m INFO  [21m[0m] -----------------------------------------------------------------
[[32m[1m INFO  [21m[0m] Elapsed time: 7.87e+04 || Step number: 2300/30000
[[32m[1m INFO  [21m[0m] longdy = 1.24e+01      || longdy/dt = 4.40e-04  || dt = 3.63e+00
[[32m[1m INFO  [21m[0m] from nz = 37 and CH2
[[32m[1m INFO  [21m[0m] -----------------------------------------------------------------
[[32m[1m INFO  [21m[0m] Elapsed time: 8.66e+04 || Step number: 2400/30000
[[32m[1m INFO  [21m[0m] longdy = 1.23e+00      || longdy/dt = 1.56e-04  || dt = 6.12e+01
[[32m[1m INFO  [21m[0m] from nz = 37 and CH2
[[32m[1m INFO  [21m[0m] -----------------------------------------------------------------
[[32m[1m INFO  [21m[0m] Elapsed time: 9.19e+04 || Step number: 2500/30000
[[32m[1m INFO  [21m[0m] longdy = 6.87e-01      || longdy/dt = 1.30e-04  || dt = 1.31e+00
[[32m[1m INFO  [21m[0m] from nz = 37 and CH2
[[32m[1m INFO  [21m[0m] -----------------------------------------------------------------
[[32m[1m INFO  [21m[0m] Elapsed time: 9.76e+04 || Step number: 2600/30000
[[32m[1m INFO  [21m[0m] longdy = 7.00e-01      || longdy/dt = 1.27e-04  || dt = 2.12e+02
[[32m[1m INFO  [21m[0m] from nz = 37 and CH2
[[32m[1m INFO  [21m[0m] -----------------------------------------------------------------
[[32m[1m INFO  [21m[0m] Elapsed time: 1.02e+05 || Step number: 2700/30000
[[32m[1m INFO  [21m[0m] longdy = 4.70e-01      || longdy/dt = 1.14e-04  || dt = 8.97e+01
[[32m[1m INFO  [21m[0m] from nz = 37 and CH2
[[32m[1m INFO  [21m[0m] -----------------------------------------------------------------
[[32m[1m INFO  [21m[0m] Elapsed time: 1.06e+05 || Step number: 2800/30000
[[32m[1m INFO  [21m[0m] longdy = 4.91e-01      || longdy/dt = 1.10e-04  || dt = 1.25e+02
[[32m[1m INFO  [21m[0m] from nz = 37 and CH2
[[32m[1m INFO  [21m[0m] -----------------------------------------------------------------
[[32m[1m INFO  [21m[0m] Elapsed time: 1.11e+05 || Step number: 2900/30000
[[32m[1m INFO  [21m[0m] longdy = 4.54e-01      || longdy/dt = 8.85e-05  || dt = 7.96e+00
[[32m[1m INFO  [21m[0m] from nz = 10 and C6H6
[[32m[1m INFO  [21m[0m] -----------------------------------------------------------------
[[32m[1m INFO  [21m[0m] Elapsed time: 1.19e+05 || Step number: 3000/30000
[[32m[1m INFO  [21m[0m] longdy = 6.27e-01      || longdy/dt = 8.77e-05  || dt = 7.00e+02
[[32m[1m INFO  [21m[0m] from nz = 38 and CH2
[[32m[1m INFO  [21m[0m] -----------------------------------------------------------------
[[32m[1m INFO  [21m[0m] Elapsed time: 1.96e+05 || Step number: 3100/30000
[[32m[1m INFO  [21m[0m] longdy = 4.32e+01      || longdy/dt = 5.69e-04  || dt = 1.13e+03
[[32m[1m INFO  [21m[0m] from nz = 38 and CS
[[32m[1m INFO  [21m[0m] -----------------------------------------------------------------
[[32m[1m INFO  [21m[0m] Elapsed time: 2.48e+05 || Step number: 3200/30000
[[32m[1m INFO  [21m[0m] longdy = 4.58e+01      || longdy/dt = 9.03e-04  || dt = 1.58e+03
[[32m[1m INFO  [21m[0m] from nz = 41 and CS
[[32m[1m INFO  [21m[0m] -----------------------------------------------------------------
[[32m[1m INFO  [21m[0m] Elapsed time: 2.72e+05 || Step number: 3300/30000
[[32m[1m INFO  [21m[0m] longdy = 4.01e+00      || longdy/dt = 1.65e-04  || dt = 1.55e-01
[[32m[1m INFO  [21m[0m] from nz = 43 and CS
[[32m[1m INFO  [21m[0m] -----------------------------------------------------------------
[[32m[1m INFO  [21m[0m] Elapsed time: 2.82e+05 || Step number: 3400/30000
[[32m[1m INFO  [21m[0m] longdy = 9.97e-01      || longdy/dt = 1.08e-04  || dt = 4.60e-01
[[32m[1m INFO  [21m[0m] from nz = 17 and C4H2
[[32m[1m INFO  [21m[0m] -----------------------------------------------------------------
[[32m[1m INFO  [21m[0m] Elapsed time: 2.96e+05 || Step number: 3500/30000
[[32m[1m INFO  [21m[0m] longdy = 1.02e+00      || longdy/dt = 7.21e-05  || dt = 2.24e+00
[[32m[1m INFO  [21m[0m] from nz = 44 and CS
[[32m[1m INFO  [21m[0m] -----------------------------------------------------------------
[[32m[1m INFO  [21m[0m] Elapsed time: 3.10e+05 || Step number: 3600/30000
[[32m[1m INFO  [21m[0m] longdy = 9.00e-01      || longdy/dt = 6.25e-05  || dt = 1.17e+02
[[32m[1m INFO  [21m[0m] from nz = 44 and CS
[[32m[1m INFO  [21m[0m] -----------------------------------------------------------------
[[32m[1m INFO  [21m[0m] Elapsed time: 3.21e+05 || Step number: 3700/30000
[[32m[1m INFO  [21m[0m] longdy = 4.94e-01      || longdy/dt = 4.64e-05  || dt = 1.06e+01
[[32m[1m INFO  [21m[0m] from nz = 39 and O
[[32m[1m INFO  [21m[0m] -----------------------------------------------------------------
[[32m[1m INFO  [21m[0m] Elapsed time: 3.37e+05 || Step number: 3800/30000
[[32m[1m INFO  [21m[0m] longdy = 6.41e-01      || longdy/dt = 4.09e-05  || dt = 4.46e+02
[[32m[1m INFO  [21m[0m] from nz = 40 and O
[[32m[1m INFO  [21m[0m] -----------------------------------------------------------------
[[32m[1m INFO  [21m[0m] Elapsed time: 3.55e+05 || Step number: 3900/30000
[[32m[1m INFO  [21m[0m] longdy = 5.44e-01      || longdy/dt = 3.09e-05  || dt = 8.27e+02
[[32m[1m INFO  [21m[0m] from nz = 40 and O
[[32m[1m INFO  [21m[0m] -----------------------------------------------------------------
[[32m[1m INFO  [21m[0m] Elapsed time: 3.80e+05 || Step number: 4000/30000
[[32m[1m INFO  [21m[0m] longdy = 4.66e-01      || longdy/dt = 1.91e-05  || dt = 1.02e+03
[[32m[1m INFO  [21m[0m] from nz = 45 and CS
[[32m[1m INFO  [21m[0m] -----------------------------------------------------------------
[[32m[1m INFO  [21m[0m] Elapsed time: 3.96e+05 || Step number: 4100/30000
[[32m[1m INFO  [21m[0m] longdy = 3.41e-01      || longdy/dt = 2.16e-05  || dt = 4.74e+02
[[32m[1m INFO  [21m[0m] from nz = 35 and NCO
[[32m[1m INFO  [21m[0m] -----------------------------------------------------------------
[[32m[1m INFO  [21m[0m] Elapsed time: 4.25e+05 || Step number: 4200/30000
[[32m[1m INFO  [21m[0m] longdy = 2.59e-01      || longdy/dt = 9.15e-06  || dt = 9.78e+02
[[32m[1m INFO  [21m[0m] from nz = 50 and C6H6
[[32m[1m INFO  [21m[0m] -----------------------------------------------------------------
[[32m[1m INFO  [21m[0m] Elapsed time: 4.55e+05 || Step number: 4300/30000
[[32m[1m INFO  [21m[0m] longdy = 1.92e-01      || longdy/dt = 6.52e-06  || dt = 9.21e+02
[[32m[1m INFO  [21m[0m] from nz = 35 and NCO
[[32m[1m INFO  [21m[0m] -----------------------------------------------------------------
[[32m[1m INFO  [21m[0m] Elapsed time: 4.91e+05 || Step number: 4400/30000
[[32m[1m INFO  [21m[0m] longdy = 1.50e-01      || longdy/dt = 4.24e-06  || dt = 9.41e+02
[[32m[1m INFO  [21m[0m] from nz = 50 and C6H6
[[32m[1m INFO  [21m[0m] -----------------------------------------------------------------
[[32m[1m INFO  [21m[0m] Elapsed time: 5.28e+05 || Step number: 4500/30000
[[32m[1m INFO  [21m[0m] longdy = 9.80e-02      || longdy/dt = 2.67e-06  || dt = 1.38e+03
[[32m[1m INFO  [21m[0m] from nz = 50 and C6H6
[[32m[1m INFO  [21m[0m] -----------------------------------------------------------------
[[32m[1m INFO  [21m[0m] Elapsed time: 5.74e+05 || Step number: 4600/30000
[[32m[1m INFO  [21m[0m] longdy = 7.00e-02      || longdy/dt = 1.54e-06  || dt = 1.01e+03
[[32m[1m INFO  [21m[0m] from nz = 50 and C6H6
[[32m[1m INFO  [21m[0m] -----------------------------------------------------------------
[[32m[1m INFO  [21m[0m] Elapsed time: 6.34e+05 || Step number: 4700/30000
[[32m[1m INFO  [21m[0m] longdy = 5.82e-02      || longdy/dt = 9.85e-07  || dt = 1.25e+03
[[32m[1m INFO  [21m[0m] from nz = 21 and HNO
[[32m[1m INFO  [21m[0m] -----------------------------------------------------------------
[[32m[1m INFO  [21m[0m] Elapsed time: 6.94e+05 || Step number: 4800/30000
[[32m[1m INFO  [21m[0m] longdy = 2.00e-02      || longdy/dt = 3.38e-07  || dt = 1.20e+03
[[32m[1m INFO  [21m[0m] from nz = 50 and C6H6
[[32m[1m INFO  [21m[0m] -----------------------------------------------------------------
[[32m[1m INFO  [21m[0m] Integration successful with 4886 steps
[[32m[1m INFO  [21m[0m] long dy, long dydt = 0.009837393520483396, 1.661526729215499e-07
[[32m[1m INFO  [21m[0m] Total atom loss:
[[32m[1m INFO  [21m[0m] H: -0.00043591118951267317 
[[32m[1m INFO  [21m[0m] O: -0.05095017912469743 
[[32m[1m INFO  [21m[0m] C: 7.6719063904756055 
[[32m[1m INFO  [21m[0m] N: 14.893821322099939 
[[32m[1m INFO  [21m[0m] S: 11.200757419824415 
[[32m[1m INFO  [21m[0m] ------ Live long and prosper \V/ ------
[[32m[1m INFO  [21m[0m]     done
Atmodeller initialized with double precision (float64)
[[93m[1m WARNING [21m[0m] The archive tar file does not exist: /data/rdc49-2/K218b_project/simulation_data/grid_H2_C1_N2_S1_fO23__from_batch15_case_000025__7_crash_atmos_chem_step_vulcan_chem_funs_race_syntax_error/data/data.tar
[[32m[1m INFO  [21m[0m] Observing the planet...
Loading PHOENIX star table in file '/data/rdc49-2/FWL_DATA/prt/input_data/stellar_spectra/phoenix/phoenix.startable.petitRADTRANS.h5'... Done.
