Atmodeller initialized with double precision (float64)
[[93m[1m WARNING [21m[0m] The archive tar file does not exist: /data/rdc49-2/K218b_project/simulation_data/grid_H1_C1_N3_S3_fO22__from_batch09_case_000063__7_crash_atmos_chem_step_vulcan_chem_funs_race_syntax_error/data/data.tar
[[32m[1m INFO  [21m[0m] Running atmospheric chemistry...
[[32m[1m INFO  [21m[0m]     Using vulcan module, offline
[[32m[1m INFO  [21m[0m] Elements conserved in the network.
[[32m[1m INFO  [21m[0m] No duplicates in the network.
[[32m[1m INFO  [21m[0m] Elements conserved in the network.
[[32m[1m INFO  [21m[0m] No duplicates in the network.
[[32m[1m INFO  [21m[0m] Running VULCAN
[[32m[1m INFO  [21m[0m] Initializing with compositions from ASCII file /data/rdc49-2/K218b_project/simulation_data/grid_H1_C1_N3_S3_fO22__from_batch09_case_000063__7_crash_atmos_chem_step_vulcan_chem_funs_race_syntax_error/offchem/vmrs.dat
[[32m[1m INFO  [21m[0m] Input stellar spectrum from 2.0 to 700.0
[[32m[1m INFO  [21m[0m] Using wavelength bins from 2.0 to 655.5
[[32m[1m INFO  [21m[0m] Include molecular diffusion.
[[32m[1m INFO  [21m[0m] Starting VULCAN integration with 1 threads...
[[93m[1m WARNING [21m[0m] Keep producing negative values! Clipping negative solutions and moving on!
[[93m[1m WARNING [21m[0m] Keep producing negative values! Clipping negative solutions and moving on!
[[93m[1m WARNING [21m[0m] Keep producing negative values! Clipping negative solutions and moving on!
[[93m[1m WARNING [21m[0m] Keep producing negative values! Clipping negative solutions and moving on!
[[93m[1m WARNING [21m[0m] Keep producing negative values! Clipping negative solutions and moving on!
[[93m[1m WARNING [21m[0m] Keep producing negative values! Clipping negative solutions and moving on!
[[93m[1m WARNING [21m[0m] Keep producing negative values! Clipping negative solutions and moving on!
[[93m[1m WARNING [21m[0m] Keep producing negative values! Clipping negative solutions and moving on!
[[32m[1m INFO  [21m[0m] Elapsed time: 3.82e-02 || Step number: 100/30000
[[32m[1m INFO  [21m[0m] longdy = 1.00e+00      || longdy/dt = 1.00e+00  || dt = 6.22e-03
[[32m[1m INFO  [21m[0m] from nz = 0 and OH
[[32m[1m INFO  [21m[0m] -----------------------------------------------------------------
[[32m[1m INFO  [21m[0m] Elapsed time: 1.65e+01 || Step number: 200/30000
[[32m[1m INFO  [21m[0m] longdy = 1.00e+00      || longdy/dt = 1.00e+00  || dt = 3.88e-01
[[32m[1m INFO  [21m[0m] from nz = 0 and OH
[[32m[1m INFO  [21m[0m] -----------------------------------------------------------------
[[32m[1m INFO  [21m[0m] Elapsed time: 1.80e+02 || Step number: 300/30000
[[32m[1m INFO  [21m[0m] longdy = 1.41e+01      || longdy/dt = 1.59e-01  || dt = 4.61e+00
[[32m[1m INFO  [21m[0m] from nz = 19 and S8
[[32m[1m INFO  [21m[0m] -----------------------------------------------------------------
[[32m[1m INFO  [21m[0m] Elapsed time: 1.70e+03 || Step number: 400/30000
[[32m[1m INFO  [21m[0m] longdy = 1.14e+04      || longdy/dt = 1.35e+01  || dt = 7.59e-01
[[32m[1m INFO  [21m[0m] from nz = 28 and CS
[[32m[1m INFO  [21m[0m] -----------------------------------------------------------------
[[32m[1m INFO  [21m[0m] Elapsed time: 8.55e+03 || Step number: 500/30000
[[32m[1m INFO  [21m[0m] longdy = 5.25e+04      || longdy/dt = 1.25e+01  || dt = 1.80e-01
[[32m[1m INFO  [21m[0m] from nz = 35 and CS
[[32m[1m INFO  [21m[0m] -----------------------------------------------------------------
[[32m[1m INFO  [21m[0m] Elapsed time: 4.26e+04 || Step number: 600/30000
[[32m[1m INFO  [21m[0m] longdy = 4.13e+01      || longdy/dt = 2.02e-03  || dt = 1.58e+03
[[32m[1m INFO  [21m[0m] from nz = 22 and S8
[[32m[1m INFO  [21m[0m] -----------------------------------------------------------------
[[32m[1m INFO  [21m[0m] Elapsed time: 1.02e+05 || Step number: 700/30000
[[32m[1m INFO  [21m[0m] longdy = 8.37e+01      || longdy/dt = 1.67e-03  || dt = 1.89e+03
[[32m[1m INFO  [21m[0m] from nz = 17 and HC3N
[[32m[1m INFO  [21m[0m] -----------------------------------------------------------------
[[32m[1m INFO  [21m[0m] Elapsed time: 1.49e+05 || Step number: 800/30000
[[32m[1m INFO  [21m[0m] longdy = 2.26e+00      || longdy/dt = 4.89e-05  || dt = 3.46e+01
[[32m[1m INFO  [21m[0m] from nz = 36 and CH2
[[32m[1m INFO  [21m[0m] -----------------------------------------------------------------
[[32m[1m INFO  [21m[0m] Elapsed time: 2.26e+05 || Step number: 900/30000
[[32m[1m INFO  [21m[0m] longdy = 9.51e-01      || longdy/dt = 1.22e-05  || dt = 3.61e-01
[[32m[1m INFO  [21m[0m] from nz = 12 and C4H2
[[32m[1m INFO  [21m[0m] -----------------------------------------------------------------
[[32m[1m INFO  [21m[0m] Elapsed time: 2.96e+05 || Step number: 1000/30000
[[32m[1m INFO  [21m[0m] longdy = 6.30e+00      || longdy/dt = 9.09e-05  || dt = 1.73e+01
[[32m[1m INFO  [21m[0m] from nz = 12 and C4H2
[[32m[1m INFO  [21m[0m] -----------------------------------------------------------------
[[32m[1m INFO  [21m[0m] Elapsed time: 3.64e+05 || Step number: 1100/30000
[[32m[1m INFO  [21m[0m] longdy = 5.04e-01      || longdy/dt = 7.62e-06  || dt = 2.52e+03
[[32m[1m INFO  [21m[0m] from nz = 10 and HC3N
[[32m[1m INFO  [21m[0m] -----------------------------------------------------------------
[[32m[1m INFO  [21m[0m] Elapsed time: 4.45e+05 || Step number: 1200/30000
[[32m[1m INFO  [21m[0m] longdy = 1.01e+00      || longdy/dt = 1.30e-05  || dt = 3.60e+03
[[32m[1m INFO  [21m[0m] from nz = 10 and HC3N
[[32m[1m INFO  [21m[0m] -----------------------------------------------------------------
[[32m[1m INFO  [21m[0m] Elapsed time: 5.00e+05 || Step number: 1300/30000
[[32m[1m INFO  [21m[0m] longdy = 1.99e+01      || longdy/dt = 3.60e-04  || dt = 6.08e+01
[[32m[1m INFO  [21m[0m] from nz = 11 and C4H2
[[32m[1m INFO  [21m[0m] -----------------------------------------------------------------
[[32m[1m INFO  [21m[0m] Elapsed time: 5.73e+05 || Step number: 1400/30000
[[32m[1m INFO  [21m[0m] longdy = 7.68e-01      || longdy/dt = 1.09e-05  || dt = 3.27e+03
[[32m[1m INFO  [21m[0m] from nz = 13 and HC3N
[[32m[1m INFO  [21m[0m] -----------------------------------------------------------------
[[32m[1m INFO  [21m[0m] Elapsed time: 6.51e+05 || Step number: 1500/30000
[[32m[1m INFO  [21m[0m] longdy = 6.09e-01      || longdy/dt = 7.83e-06  || dt = 1.65e+02
[[32m[1m INFO  [21m[0m] from nz = 10 and HC3N
[[32m[1m INFO  [21m[0m] -----------------------------------------------------------------
[[32m[1m INFO  [21m[0m] Integration successful with 1549 steps
[[32m[1m INFO  [21m[0m] long dy, long dydt = 0.026750217134749493, 3.396994304746985e-07
[[32m[1m INFO  [21m[0m] Total atom loss:
[[32m[1m INFO  [21m[0m] H: -0.0004943447612657374 
[[32m[1m INFO  [21m[0m] O: -0.0004943505596398079 
[[32m[1m INFO  [21m[0m] C: -0.0004943636470984907 
[[32m[1m INFO  [21m[0m] N: -0.0004957876738398418 
[[32m[1m INFO  [21m[0m] S: -0.0004766539332852941 
[[32m[1m INFO  [21m[0m] ------ Live long and prosper \V/ ------
[[32m[1m INFO  [21m[0m]     done
Atmodeller initialized with double precision (float64)
[[93m[1m WARNING [21m[0m] The archive tar file does not exist: /data/rdc49-2/K218b_project/simulation_data/grid_H1_C1_N3_S3_fO22__from_batch09_case_000063__7_crash_atmos_chem_step_vulcan_chem_funs_race_syntax_error/data/data.tar
[[32m[1m INFO  [21m[0m] Observing the planet...
Loading PHOENIX star table in file '/data/rdc49-2/FWL_DATA/prt/input_data/stellar_spectra/phoenix/phoenix.startable.petitRADTRANS.h5'... Done.
